../Libs/NMEA2000/src/N2kTimer.h:87:13:bool N2kHasElapsed(uint32_t, uint32_t, uint32_t)	24	static
../Libs/NMEA2000/src/NMEA2000.h:102:12:void tNMEA2000::tProductInformation::Set(const char*, short unsigned int, const char*, const char*, const char*, unsigned char, short unsigned int, unsigned char)	24	static
../Libs/NMEA2000/src/NMEA2000.h:147:5:tNMEA2000::tDeviceInformation::tDeviceInformation()	16	static
../Libs/NMEA2000/src/NMEA2000.h:149:14:uint32_t tNMEA2000::tDeviceInformation::GetUniqueNumber() const	16	static
../Libs/NMEA2000/src/NMEA2000.h:151:14:uint16_t tNMEA2000::tDeviceInformation::GetManufacturerCode() const	16	static
../Libs/NMEA2000/src/NMEA2000.h:165:14:uint64_t tNMEA2000::tDeviceInformation::GetName() const	16	static
../Libs/NMEA2000/src/NMEA2000.h:166:10:void tNMEA2000::tDeviceInformation::SetName(uint64_t)	24	static
../Libs/NMEA2000/src/NMEA2000.h:167:17:bool tNMEA2000::tDeviceInformation::IsSame(uint64_t)	24	static
../Libs/NMEA2000/src/NMEA2000.h:177:7:tNMEA2000::tDevice::tDevice(uint64_t, uint8_t)	24	static
../Libs/NMEA2000/src/NMEA2000.h:178:15:tNMEA2000::tDevice::~tDevice()	16	static
../Libs/NMEA2000/src/NMEA2000.h:178:15:virtual tNMEA2000::tDevice::~tDevice()	16	static
../Libs/NMEA2000/src/NMEA2000.h:179:15:uint8_t tNMEA2000::tDevice::GetSource() const	16	static
../Libs/NMEA2000/src/NMEA2000.h:181:21:long unsigned int tNMEA2000::tDevice::GetCreateTime() const	16	static
../Libs/NMEA2000/src/NMEA2000.h:184:23:uint64_t tNMEA2000::tDevice::GetName() const	16	static
../Libs/NMEA2000/src/NMEA2000.h:185:19:bool tNMEA2000::tDevice::IsSame(uint64_t)	24	static
../Libs/NMEA2000/src/NMEA2000.h:186:23:uint32_t tNMEA2000::tDevice::GetUniqueNumber() const	16	static
../Libs/NMEA2000/src/NMEA2000.h:187:23:uint16_t tNMEA2000::tDevice::GetManufacturerCode() const	16	static
../Libs/NMEA2000/src/NMEA2000.h:207:28:virtual const char* tNMEA2000::tDevice::GetManufacturerInformation() const	16	static
../Libs/NMEA2000/src/NMEA2000.h:208:28:virtual const char* tNMEA2000::tDevice::GetInstallationDescription1() const	16	static
../Libs/NMEA2000/src/NMEA2000.h:209:28:virtual const char* tNMEA2000::tDevice::GetInstallationDescription2() const	16	static
../Libs/NMEA2000/src/NMEA2000.h:211:37:virtual const long unsigned int* tNMEA2000::tDevice::GetTransmitPGNs() const	16	static
../Libs/NMEA2000/src/NMEA2000.h:212:37:virtual const long unsigned int* tNMEA2000::tDevice::GetReceivePGNs() const	16	static
../Libs/NMEA2000/src/NMEA2000.h:223:18:tNMEA2000* tNMEA2000::tMsgHandler::GetNMEA2000()	16	static
../Libs/NMEA2000/src/NMEA2000.h:225:7:tNMEA2000::tMsgHandler::tMsgHandler(long unsigned int, tNMEA2000*)	24	static
../Libs/NMEA2000/src/NMEA2000.h:229:15:tNMEA2000::tMsgHandler::~tMsgHandler()	16	static
../Libs/NMEA2000/src/NMEA2000.h:229:15:virtual tNMEA2000::tMsgHandler::~tMsgHandler()	16	static
../Libs/NMEA2000/src/NMEA2000.h:811:13:void SetN2kPGNISORequest(tN2kMsg&, uint8_t, long unsigned int)	24	static
../Libs/NMEA2000/src/N2kDeviceList.h:74:14:void tN2kDeviceList::tInternalDevice::SetSource(uint8_t)	16	static
../Libs/NMEA2000/src/N2kDeviceList.h:77:14:void tN2kDeviceList::tInternalDevice::SetDeviceInformation(uint64_t)	24	static
../Libs/NMEA2000/src/N2kDeviceList.h:80:14:void tN2kDeviceList::tInternalDevice::SetProductInformation(const char*, short unsigned int, const char*, const char*, const char*, unsigned char, short unsigned int, unsigned char)	48	static
../Libs/NMEA2000/src/N2kDeviceList.h:92:14:bool tN2kDeviceList::tInternalDevice::HasProductInformation() const	16	static
../Libs/NMEA2000/src/N2kDeviceList.h:93:24:virtual short unsigned int tN2kDeviceList::tInternalDevice::GetN2kVersion() const	16	static
../Libs/NMEA2000/src/N2kDeviceList.h:94:24:virtual short unsigned int tN2kDeviceList::tInternalDevice::GetProductCode() const	16	static
../Libs/NMEA2000/src/N2kDeviceList.h:95:22:virtual const char* tN2kDeviceList::tInternalDevice::GetModelID() const	16	static
../Libs/NMEA2000/src/N2kDeviceList.h:96:22:virtual const char* tN2kDeviceList::tInternalDevice::GetSwCode() const	16	static
../Libs/NMEA2000/src/N2kDeviceList.h:97:22:virtual const char* tN2kDeviceList::tInternalDevice::GetModelVersion() const	16	static
../Libs/NMEA2000/src/N2kDeviceList.h:98:22:virtual const char* tN2kDeviceList::tInternalDevice::GetModelSerialCode() const	16	static
../Libs/NMEA2000/src/N2kDeviceList.h:99:24:virtual short unsigned int tN2kDeviceList::tInternalDevice::GetCertificationLevel() const	16	static
../Libs/NMEA2000/src/N2kDeviceList.h:100:24:virtual short unsigned int tN2kDeviceList::tInternalDevice::GetLoadEquivalency() const	16	static
../Libs/NMEA2000/src/N2kDeviceList.h:104:22:virtual const char* tN2kDeviceList::tInternalDevice::GetManufacturerInformation() const	16	static
../Libs/NMEA2000/src/N2kDeviceList.h:105:22:virtual const char* tN2kDeviceList::tInternalDevice::GetInstallationDescription1() const	16	static
../Libs/NMEA2000/src/N2kDeviceList.h:106:22:virtual const char* tN2kDeviceList::tInternalDevice::GetInstallationDescription2() const	16	static
../Libs/NMEA2000/src/N2kDeviceList.h:109:16:char* tN2kDeviceList::tInternalDevice::GetManufacturerInformation()	16	static
../Libs/NMEA2000/src/N2kDeviceList.h:110:16:char* tN2kDeviceList::tInternalDevice::GetInstallationDescription1()	16	static
../Libs/NMEA2000/src/N2kDeviceList.h:111:16:char* tN2kDeviceList::tInternalDevice::GetInstallationDescription2()	16	static
../Libs/NMEA2000/src/N2kDeviceList.h:113:31:virtual const long unsigned int* tN2kDeviceList::tInternalDevice::GetTransmitPGNs() const	16	static
../Libs/NMEA2000/src/N2kDeviceList.h:114:31:virtual const long unsigned int* tN2kDeviceList::tInternalDevice::GetReceivePGNs() const	16	static
../Libs/NMEA2000/src/N2kDeviceList.h:118:14:bool tN2kDeviceList::tInternalDevice::ShouldRequestName()	16	static
../Libs/NMEA2000/src/N2kDeviceList.h:119:14:void tN2kDeviceList::tInternalDevice::SetNameRequested()	16	static
../Libs/NMEA2000/src/N2kDeviceList.h:121:14:void tN2kDeviceList::tInternalDevice::ClearProductInformationLoaded()	16	static
../Libs/NMEA2000/src/N2kDeviceList.h:123:14:bool tN2kDeviceList::tInternalDevice::ShouldRequestProductInformation()	16	static
../Libs/NMEA2000/src/N2kDeviceList.h:124:14:bool tN2kDeviceList::tInternalDevice::ReadyForRequestProductInformation()	24	static
../Libs/NMEA2000/src/N2kDeviceList.h:125:14:void tN2kDeviceList::tInternalDevice::SetProductInformationRequested()	16	static
../Libs/NMEA2000/src/N2kDeviceList.h:126:14:bool tN2kDeviceList::tInternalDevice::IsSameProductInformation(tNMEA2000::tProductInformation&)	16	static
../Libs/NMEA2000/src/N2kDeviceList.h:133:14:void tN2kDeviceList::tInternalDevice::ClearConfigurationInformationLoaded()	16	static
../Libs/NMEA2000/src/N2kDeviceList.h:134:14:bool tN2kDeviceList::tInternalDevice::ShouldRequestConfigurationInformation()	16	static
../Libs/NMEA2000/src/N2kDeviceList.h:135:14:bool tN2kDeviceList::tInternalDevice::ReadyForRequestConfigurationInformation()	24	static
../Libs/NMEA2000/src/N2kDeviceList.h:136:14:void tN2kDeviceList::tInternalDevice::SetConfigurationInformationRequested()	16	static
../Libs/NMEA2000/src/N2kDeviceList.h:138:14:void tN2kDeviceList::tInternalDevice::ClearPGNListLoaded()	16	static
../Libs/NMEA2000/src/N2kDeviceList.h:139:14:bool tN2kDeviceList::tInternalDevice::ShouldRequestPGNList()	16	static
../Libs/NMEA2000/src/N2kDeviceList.h:140:14:void tN2kDeviceList::tInternalDevice::SetPGNListRequested()	16	static
../Libs/NMEA2000/src/N2kDeviceList.h:141:14:bool tN2kDeviceList::tInternalDevice::ReadyForRequestPGNList()	24	static
../Libs/NMEA2000/src/N2kDeviceList.cpp:40:1:tN2kDeviceList::tN2kDeviceList(tNMEA2000*)	24	static
../Libs/NMEA2000/src/N2kDeviceList.cpp:48:35:tN2kDeviceList::tInternalDevice* tN2kDeviceList::LocalFindDeviceBySource(uint8_t) const	16	static
../Libs/NMEA2000/src/N2kDeviceList.cpp:55:35:tN2kDeviceList::tInternalDevice* tN2kDeviceList::LocalFindDeviceByName(uint64_t) const	32	static
../Libs/NMEA2000/src/N2kDeviceList.cpp:66:35:tN2kDeviceList::tInternalDevice* tN2kDeviceList::LocalFindDeviceByIDs(uint16_t, uint32_t) const	32	static
../Libs/NMEA2000/src/N2kDeviceList.cpp:81:35:tN2kDeviceList::tInternalDevice* tN2kDeviceList::LocalFindDeviceByProduct(uint16_t, uint16_t, uint8_t) const	32	static
../Libs/NMEA2000/src/N2kDeviceList.cpp:98:6:bool tN2kDeviceList::RequestProductInformation(uint8_t)	280	static
../Libs/NMEA2000/src/N2kDeviceList.cpp:106:6:bool tN2kDeviceList::RequestConfigurationInformation(uint8_t)	280	static
../Libs/NMEA2000/src/N2kDeviceList.cpp:114:6:bool tN2kDeviceList::RequestSupportedPGNList(uint8_t)	280	static
../Libs/NMEA2000/src/N2kDeviceList.cpp:122:6:bool tN2kDeviceList::RequestIsoAddressClaim(uint8_t)	280	static
../Libs/NMEA2000/src/N2kDeviceList.cpp:130:6:virtual void tN2kDeviceList::HandleMsg(const tN2kMsg&)	24	static
../Libs/NMEA2000/src/N2kDeviceList.cpp:165:6:void tN2kDeviceList::HandleOther(const tN2kMsg&)	32	static
../Libs/NMEA2000/src/N2kDeviceList.cpp:235:6:void tN2kDeviceList::AddDevice(uint8_t)	32	static
../Libs/NMEA2000/src/N2kDeviceList.cpp:243:6:void tN2kDeviceList::SaveDevice(tN2kDeviceList::tInternalDevice*, uint8_t)	24	static
../Libs/NMEA2000/src/N2kDeviceList.cpp:252:6:void tN2kDeviceList::HandleIsoAddressClaim(const tN2kMsg&)	56	static
../Libs/NMEA2000/src/N2kDeviceList.cpp:314:6:void tN2kDeviceList::HandleProductInformation(const tN2kMsg&)	208	static
../Libs/NMEA2000/src/N2kDeviceList.cpp:342:6:void tN2kDeviceList::HandleConfigurationInformation(const tN2kMsg&)	64	static
../Libs/NMEA2000/src/N2kDeviceList.cpp:373:6:void tN2kDeviceList::HandleSupportedPGNList(const tN2kMsg&)	40	static
../Libs/NMEA2000/src/N2kDeviceList.cpp:401:9:uint8_t tN2kDeviceList::Count() const	24	static
../Libs/NMEA2000/src/N2kDeviceList.cpp:412:1:tN2kDeviceList::tInternalDevice::tInternalDevice(uint64_t, uint8_t)	32	static
../Libs/NMEA2000/src/N2kDeviceList.cpp:423:1:tN2kDeviceList::tInternalDevice::~tInternalDevice()	16	static
../Libs/NMEA2000/src/N2kDeviceList.cpp:423:1:virtual tN2kDeviceList::tInternalDevice::~tInternalDevice()	16	static
../Libs/NMEA2000/src/N2kDeviceList.cpp:430:8:char* tN2kDeviceList::tInternalDevice::InitConfigurationInformation(size_t&, size_t&, size_t&)	32	static
../Libs/NMEA2000/src/N2kDeviceList.cpp:459:17:long unsigned int* tN2kDeviceList::tInternalDevice::InitTransmitPGNs(uint8_t)	16	static
../Libs/NMEA2000/src/N2kDeviceList.cpp:467:17:long unsigned int* tN2kDeviceList::tInternalDevice::InitReceivePGNs(uint8_t)	16	static
../Libs/NMEA2000/src/N2kDeviceList.h:36:7:tN2kDeviceList::~tN2kDeviceList()	16	static
../Libs/NMEA2000/src/N2kDeviceList.h:36:7:virtual tN2kDeviceList::~tN2kDeviceList()	16	static
