/Users/minoseigenheer/Library/CloudStorage/OneDrive-BitterandReal/Bitter and Real/PROJECTEN/programeren/Embedded projects/EMUS_NMEA2000_gateway/STM32 CAN gateway/STM32_NMEA2000_CAN_gateway_hardware/STM32CubeIDE NMEA2000 battery example/Libs/NMEA2000/src/N2kTimer.h:132:8:void tN2kSyncScheduler::UpdateNextTime()	24	static
../Core/Src/project.cpp:160:6:void OnN2kOpen()	8	static
../Core/Src/project.cpp:120:6:void SendN2kBatteryMessages()	328	static
../Core/Src/project.cpp:173:6:void myCppProcessInit()	32	static
../Core/Src/project.cpp:212:6:void myCppProcess()	8	static
../Core/Src/project.cpp:225:1:cpp)	8	static
