../Core/Src/stm32f1xx_hal_msp.c:66:6:HAL_MspInit	8	static
../Core/Src/stm32f1xx_hal_msp.c:92:6:HAL_ADC_MspInit	40	static
../Core/Src/stm32f1xx_hal_msp.c:144:6:HAL_ADC_MspDeInit	8	static
../Core/Src/stm32f1xx_hal_msp.c:179:6:HAL_CAN_MspInit	48	static
../Core/Src/stm32f1xx_hal_msp.c:264:6:HAL_CAN_MspDeInit	8	static
../Core/Src/stm32f1xx_hal_msp.c:324:6:HAL_TIM_Base_MspInit	16	static
../Core/Src/stm32f1xx_hal_msp.c:354:6:HAL_TIM_MspPostInit	32	static
../Core/Src/stm32f1xx_hal_msp.c:386:6:HAL_TIM_Base_MspDeInit	0	static
