/Users/minoseigenheer/Library/CloudStorage/OneDrive-BitterandReal/Bitter and Real/PROJECTEN/programeren/Embedded projects/NMEA2000/NMEA2000/src/NMEA2000.h:431:10:bool tNMEA2000::IsInitialized()	16	static
/Users/minoseigenheer/Library/CloudStorage/OneDrive-BitterandReal/Bitter and Real/PROJECTEN/programeren/Embedded projects/NMEA2000/NMEA2000/src/NMEA2000.h:522:18:virtual void tNMEA2000::SetN2kCANSendFrameBufSize(uint16_t)	16	static
/Users/minoseigenheer/Library/CloudStorage/OneDrive-BitterandReal/Bitter and Real/PROJECTEN/programeren/Embedded projects/NMEA2000/NMEA2000/src/NMEA2000.h:526:18:virtual void tNMEA2000::SetN2kCANReceiveFrameBufSize(uint16_t)	16	static
/Users/minoseigenheer/Library/CloudStorage/OneDrive-BitterandReal/Bitter and Real/PROJECTEN/programeren/Embedded projects/NMEA2000/NMEA2000_STM32/NMEA2000_STM32.cpp:46:1:tNMEA2000_STM32::tNMEA2000_STM32(CAN_HandleTypeDef*)	16	static
/Users/minoseigenheer/Library/CloudStorage/OneDrive-BitterandReal/Bitter and Real/PROJECTEN/programeren/Embedded projects/NMEA2000/NMEA2000_STM32/NMEA2000_STM32.cpp:57:6:virtual bool tNMEA2000_STM32::CANOpen()	32	static
/Users/minoseigenheer/Library/CloudStorage/OneDrive-BitterandReal/Bitter and Real/PROJECTEN/programeren/Embedded projects/NMEA2000/NMEA2000_STM32/NMEA2000_STM32.cpp:87:6:virtual bool tNMEA2000_STM32::CANSendFrame(long unsigned int, unsigned char, const unsigned char*, bool)	40	static
/Users/minoseigenheer/Library/CloudStorage/OneDrive-BitterandReal/Bitter and Real/PROJECTEN/programeren/Embedded projects/NMEA2000/NMEA2000_STM32/NMEA2000_STM32.cpp:128:6:virtual bool tNMEA2000_STM32::CANGetFrame(long unsigned int&, unsigned char&, unsigned char*)	32	static
/Users/minoseigenheer/Library/CloudStorage/OneDrive-BitterandReal/Bitter and Real/PROJECTEN/programeren/Embedded projects/NMEA2000/NMEA2000_STM32/NMEA2000_STM32.cpp:150:6:virtual void tNMEA2000_STM32::InitCANFrameBuffers()	24	static
/Users/minoseigenheer/Library/CloudStorage/OneDrive-BitterandReal/Bitter and Real/PROJECTEN/programeren/Embedded projects/NMEA2000/NMEA2000_STM32/NMEA2000_STM32.cpp:174:6:bool tNMEA2000_STM32::CANwriteTxMailbox(long unsigned int, unsigned char, const unsigned char*, bool)	24	static
/Users/minoseigenheer/Library/CloudStorage/OneDrive-BitterandReal/Bitter and Real/PROJECTEN/programeren/Embedded projects/NMEA2000/NMEA2000_STM32/NMEA2000_STM32.cpp:203:6:bool tNMEA2000_STM32::sendFromTxRing(uint8_t)	32	static
/Users/minoseigenheer/Library/CloudStorage/OneDrive-BitterandReal/Bitter and Real/PROJECTEN/programeren/Embedded projects/NMEA2000/NMEA2000_STM32/NMEA2000_STM32.cpp:216:6:void tNMEA2000_STM32::CANreadRxMailbox(CAN_HandleTypeDef*)	24	static
/Users/minoseigenheer/Library/CloudStorage/OneDrive-BitterandReal/Bitter and Real/PROJECTEN/programeren/Embedded projects/NMEA2000/NMEA2000_STM32/NMEA2000_STM32.cpp:248:19:HAL_StatusTypeDef tNMEA2000_STM32::N2kCAN_Init()	40	static
/Users/minoseigenheer/Library/CloudStorage/OneDrive-BitterandReal/Bitter and Real/PROJECTEN/programeren/Embedded projects/NMEA2000/NMEA2000_STM32/NMEA2000_STM32.cpp:337:19:HAL_StatusTypeDef tNMEA2000_STM32::SetN2kCANFilter(CAN_HandleTypeDef*, bool, uint32_t, uint32_t, uint32_t)	80	static
/Users/minoseigenheer/Library/CloudStorage/OneDrive-BitterandReal/Bitter and Real/PROJECTEN/programeren/Embedded projects/NMEA2000/NMEA2000_STM32/NMEA2000_STM32.cpp:404:6:void HAL_CAN_RxFifo1MsgPendingCallback(CAN_HandleTypeDef*)	16	static
/Users/minoseigenheer/Library/CloudStorage/OneDrive-BitterandReal/Bitter and Real/PROJECTEN/programeren/Embedded projects/NMEA2000/NMEA2000_STM32/NMEA2000_STM32.cpp:413:6:void delay(uint32_t)	16	static
/Users/minoseigenheer/Library/CloudStorage/OneDrive-BitterandReal/Bitter and Real/PROJECTEN/programeren/Embedded projects/NMEA2000/NMEA2000_STM32/NMEA2000_STM32.cpp:419:10:uint32_t millis()	8	static
/Users/minoseigenheer/Library/CloudStorage/OneDrive-BitterandReal/Bitter and Real/PROJECTEN/programeren/Embedded projects/NMEA2000/NMEA2000/src/RingBuffer.tpp:143:6:bool tPriorityRingBuffer<T>::isEmpty(uint8_t) const [with T = tNMEA2000_STM32::CAN_message_t]	16	static
/Users/minoseigenheer/Library/CloudStorage/OneDrive-BitterandReal/Bitter and Real/PROJECTEN/programeren/Embedded projects/NMEA2000/NMEA2000/src/RingBuffer.tpp:189:4:T* tPriorityRingBuffer<T>::getAddRef(uint8_t) [with T = tNMEA2000_STM32::CAN_message_t]	24	static
/Users/minoseigenheer/Library/CloudStorage/OneDrive-BitterandReal/Bitter and Real/PROJECTEN/programeren/Embedded projects/NMEA2000/NMEA2000/src/RingBuffer.tpp:255:10:const T* tPriorityRingBuffer<T>::getReadRef(uint8_t*) [with T = tNMEA2000_STM32::CAN_message_t]	24	static
/Users/minoseigenheer/Library/CloudStorage/OneDrive-BitterandReal/Bitter and Real/PROJECTEN/programeren/Embedded projects/NMEA2000/NMEA2000/src/RingBuffer.h:125:12:uint16_t tPriorityRingBuffer<T>::getSize() const [with T = tNMEA2000_STM32::CAN_message_t]	16	static
/Users/minoseigenheer/Library/CloudStorage/OneDrive-BitterandReal/Bitter and Real/PROJECTEN/programeren/Embedded projects/NMEA2000/NMEA2000/src/RingBuffer.tpp:136:1:tPriorityRingBuffer<T>::~tPriorityRingBuffer() [with T = tNMEA2000_STM32::CAN_message_t]	16	static
/Users/minoseigenheer/Library/CloudStorage/OneDrive-BitterandReal/Bitter and Real/PROJECTEN/programeren/Embedded projects/NMEA2000/NMEA2000/src/RingBuffer.tpp:136:1:tPriorityRingBuffer<T>::~tPriorityRingBuffer() [with T = tNMEA2000_STM32::CAN_message_t]	16	static
/Users/minoseigenheer/Library/CloudStorage/OneDrive-BitterandReal/Bitter and Real/PROJECTEN/programeren/Embedded projects/NMEA2000/NMEA2000_STM32/NMEA2000_STM32.hpp:91:14:constexpr tNMEA2000_STM32::CAN_message_t::<unnamed struct>::<constructor>()	16	static
/Users/minoseigenheer/Library/CloudStorage/OneDrive-BitterandReal/Bitter and Real/PROJECTEN/programeren/Embedded projects/NMEA2000/NMEA2000_STM32/NMEA2000_STM32.hpp:87:12:constexpr tNMEA2000_STM32::CAN_message_t::CAN_message_t()	16	static
/Users/minoseigenheer/Library/CloudStorage/OneDrive-BitterandReal/Bitter and Real/PROJECTEN/programeren/Embedded projects/NMEA2000/NMEA2000/src/RingBuffer.h:102:10:tPriorityRingBuffer<tNMEA2000_STM32::CAN_message_t>::tValueSlot::tValueSlot()	16	static
/Users/minoseigenheer/Library/CloudStorage/OneDrive-BitterandReal/Bitter and Real/PROJECTEN/programeren/Embedded projects/NMEA2000/NMEA2000/src/RingBuffer.tpp:125:1:tPriorityRingBuffer<T>::tPriorityRingBuffer(uint16_t, uint8_t) [with T = tNMEA2000_STM32::CAN_message_t]	32	static
/Users/minoseigenheer/Library/CloudStorage/OneDrive-BitterandReal/Bitter and Real/PROJECTEN/programeren/Embedded projects/NMEA2000/NMEA2000/src/RingBuffer.tpp:226:10:const T* tPriorityRingBuffer<T>::getReadRef(uint8_t) [with T = tNMEA2000_STM32::CAN_message_t]	24	static
/Users/minoseigenheer/Library/CloudStorage/OneDrive-BitterandReal/Bitter and Real/PROJECTEN/programeren/Embedded projects/NMEA2000/NMEA2000/src/RingBuffer.tpp:160:6:void tPriorityRingBuffer<T>::clean() [with T = tNMEA2000_STM32::CAN_message_t]	16	static
/Users/minoseigenheer/Library/CloudStorage/OneDrive-BitterandReal/Bitter and Real/PROJECTEN/programeren/Embedded projects/NMEA2000/NMEA2000/src/RingBuffer.h:111:5:tPriorityRingBuffer<T>::tPriorityRef::tPriorityRef() [with T = tNMEA2000_STM32::CAN_message_t]	16	static
