/Users/minoseigenheer/Library/CloudStorage/OneDrive-BitterandReal/Bitter and Real/PROJECTEN/programeren/Embedded projects/EMUS_NMEA2000_gateway/STM32 CAN gateway/STM32_NMEA2000_CAN_gateway_hardware/STM32CubeIDE NMEA2000 battery example/Libs/NMEA2000/src/NMEA2000.h:1162:10:bool tNMEA2000::IsInitialized()	16	static
/Users/minoseigenheer/Library/CloudStorage/OneDrive-BitterandReal/Bitter and Real/PROJECTEN/programeren/Embedded projects/EMUS_NMEA2000_gateway/STM32 CAN gateway/STM32_NMEA2000_CAN_gateway_hardware/STM32CubeIDE NMEA2000 battery example/Libs/NMEA2000/src/NMEA2000.h:1739:18:virtual void tNMEA2000::SetN2kCANSendFrameBufSize(uint16_t)	16	static
/Users/minoseigenheer/Library/CloudStorage/OneDrive-BitterandReal/Bitter and Real/PROJECTEN/programeren/Embedded projects/EMUS_NMEA2000_gateway/STM32 CAN gateway/STM32_NMEA2000_CAN_gateway_hardware/STM32CubeIDE NMEA2000 battery example/Libs/NMEA2000/src/NMEA2000.h:1750:18:virtual void tNMEA2000::SetN2kCANReceiveFrameBufSize(uint16_t)	16	static
/Applications/STM32CubeIDE.app/Contents/Eclipse/plugins/com.st.stm32cube.ide.mcu.externaltools.gnu-tools-for-stm32.10.3-2021.10.macos64_1.0.0.202111181127/tools/arm-none-eabi/include/c++/10.3.1/bits/stl_vector.h:128:14:std::_Vector_base<tSTM32_CAN*, std::allocator<tSTM32_CAN*> >::_Vector_impl::~_Vector_impl()	16	static
/Applications/STM32CubeIDE.app/Contents/Eclipse/plugins/com.st.stm32cube.ide.mcu.externaltools.gnu-tools-for-stm32.10.3-2021.10.macos64_1.0.0.202111181127/tools/arm-none-eabi/include/c++/10.3.1/bits/stl_vector.h:288:7:std::_Vector_base<_Tp, _Alloc>::_Vector_base() [with _Tp = tSTM32_CAN*; _Alloc = std::allocator<tSTM32_CAN*>]	16	static
/Applications/STM32CubeIDE.app/Contents/Eclipse/plugins/com.st.stm32cube.ide.mcu.externaltools.gnu-tools-for-stm32.10.3-2021.10.macos64_1.0.0.202111181127/tools/arm-none-eabi/include/c++/10.3.1/bits/stl_vector.h:487:7:std::vector<_Tp, _Alloc>::vector() [with _Tp = tSTM32_CAN*; _Alloc = std::allocator<tSTM32_CAN*>]	16	static
../Libs/NMEA2000_STM32/NMEA2000_STM32.cpp:44:1:tNMEA2000_STM32::tNMEA2000_STM32(CAN_HandleTypeDef*)	16	static
../Libs/NMEA2000_STM32/NMEA2000_STM32.cpp:50:1:tNMEA2000_STM32::~tNMEA2000_STM32()	16	static
../Libs/NMEA2000_STM32/NMEA2000_STM32.cpp:50:1:virtual tNMEA2000_STM32::~tNMEA2000_STM32()	16	static
../Libs/NMEA2000_STM32/NMEA2000_STM32.cpp:54:6:virtual bool tNMEA2000_STM32::CANOpen()	32	static
../Libs/NMEA2000_STM32/NMEA2000_STM32.cpp:65:6:virtual bool tNMEA2000_STM32::CANSendFrame(long unsigned int, unsigned char, const unsigned char*, bool)	32	static
../Libs/NMEA2000_STM32/NMEA2000_STM32.cpp:69:6:virtual bool tNMEA2000_STM32::CANGetFrame(long unsigned int&, unsigned char&, unsigned char*)	24	static
../Libs/NMEA2000_STM32/NMEA2000_STM32.cpp:76:6:void delay(uint32_t)	16	static
../Libs/NMEA2000_STM32/NMEA2000_STM32.cpp:80:10:uint32_t millis()	8	static
../Libs/NMEA2000_STM32/NMEA2000_STM32.cpp:85:5:int write(char*, int)	16	static
/Applications/STM32CubeIDE.app/Contents/Eclipse/plugins/com.st.stm32cube.ide.mcu.externaltools.gnu-tools-for-stm32.10.3-2021.10.macos64_1.0.0.202111181127/tools/arm-none-eabi/include/c++/10.3.1/bits/stl_vector.h:131:2:std::_Vector_base<_Tp, _Alloc>::_Vector_impl::_Vector_impl() [with _Tp = tSTM32_CAN*; _Alloc = std::allocator<tSTM32_CAN*>]	16	static
/Applications/STM32CubeIDE.app/Contents/Eclipse/plugins/com.st.stm32cube.ide.mcu.externaltools.gnu-tools-for-stm32.10.3-2021.10.macos64_1.0.0.202111181127/tools/arm-none-eabi/include/c++/10.3.1/bits/allocator.h:182:7:std::allocator< <template-parameter-1-1> >::~allocator() [with _Tp = tSTM32_CAN*]	16	static
/Applications/STM32CubeIDE.app/Contents/Eclipse/plugins/com.st.stm32cube.ide.mcu.externaltools.gnu-tools-for-stm32.10.3-2021.10.macos64_1.0.0.202111181127/tools/arm-none-eabi/include/c++/10.3.1/bits/stl_vector.h:333:7:std::_Vector_base<_Tp, _Alloc>::~_Vector_base() [with _Tp = tSTM32_CAN*; _Alloc = std::allocator<tSTM32_CAN*>]	16	static
/Applications/STM32CubeIDE.app/Contents/Eclipse/plugins/com.st.stm32cube.ide.mcu.externaltools.gnu-tools-for-stm32.10.3-2021.10.macos64_1.0.0.202111181127/tools/arm-none-eabi/include/c++/10.3.1/bits/allocator.h:164:7:std::allocator< <template-parameter-1-1> >::allocator() [with _Tp = tSTM32_CAN*]	16	static
/Applications/STM32CubeIDE.app/Contents/Eclipse/plugins/com.st.stm32cube.ide.mcu.externaltools.gnu-tools-for-stm32.10.3-2021.10.macos64_1.0.0.202111181127/tools/arm-none-eabi/include/c++/10.3.1/bits/stl_vector.h:97:2:std::_Vector_base<_Tp, _Alloc>::_Vector_impl_data::_Vector_impl_data() [with _Tp = tSTM32_CAN*; _Alloc = std::allocator<tSTM32_CAN*>]	16	static
/Applications/STM32CubeIDE.app/Contents/Eclipse/plugins/com.st.stm32cube.ide.mcu.externaltools.gnu-tools-for-stm32.10.3-2021.10.macos64_1.0.0.202111181127/tools/arm-none-eabi/include/c++/10.3.1/ext/new_allocator.h:89:7:__gnu_cxx::new_allocator<_Tp>::~new_allocator() [with _Tp = tSTM32_CAN*]	16	static
/Applications/STM32CubeIDE.app/Contents/Eclipse/plugins/com.st.stm32cube.ide.mcu.externaltools.gnu-tools-for-stm32.10.3-2021.10.macos64_1.0.0.202111181127/tools/arm-none-eabi/include/c++/10.3.1/bits/stl_vector.h:350:7:void std::_Vector_base<_Tp, _Alloc>::_M_deallocate(std::_Vector_base<_Tp, _Alloc>::pointer, std::size_t) [with _Tp = tSTM32_CAN*; _Alloc = std::allocator<tSTM32_CAN*>]	24	static
/Applications/STM32CubeIDE.app/Contents/Eclipse/plugins/com.st.stm32cube.ide.mcu.externaltools.gnu-tools-for-stm32.10.3-2021.10.macos64_1.0.0.202111181127/tools/arm-none-eabi/include/c++/10.3.1/ext/new_allocator.h:79:7:__gnu_cxx::new_allocator<_Tp>::new_allocator() [with _Tp = tSTM32_CAN*]	16	static
/Applications/STM32CubeIDE.app/Contents/Eclipse/plugins/com.st.stm32cube.ide.mcu.externaltools.gnu-tools-for-stm32.10.3-2021.10.macos64_1.0.0.202111181127/tools/arm-none-eabi/include/c++/10.3.1/bits/alloc_traits.h:491:7:static void std::allocator_traits<std::allocator<_Tp1> >::deallocate(std::allocator_traits<std::allocator<_Tp1> >::allocator_type&, std::allocator_traits<std::allocator<_Tp1> >::pointer, std::allocator_traits<std::allocator<_Tp1> >::size_type) [with _Tp = tSTM32_CAN*]	24	static
/Applications/STM32CubeIDE.app/Contents/Eclipse/plugins/com.st.stm32cube.ide.mcu.externaltools.gnu-tools-for-stm32.10.3-2021.10.macos64_1.0.0.202111181127/tools/arm-none-eabi/include/c++/10.3.1/ext/new_allocator.h:126:7:void __gnu_cxx::new_allocator<_Tp>::deallocate(_Tp*, __gnu_cxx::new_allocator<_Tp>::size_type) [with _Tp = tSTM32_CAN*]	24	static
../Libs/NMEA2000_STM32/NMEA2000_STM32.cpp:87:1:void __static_initialization_and_destruction_0(int, int)	16	static
/Applications/STM32CubeIDE.app/Contents/Eclipse/plugins/com.st.stm32cube.ide.mcu.externaltools.gnu-tools-for-stm32.10.3-2021.10.macos64_1.0.0.202111181127/tools/arm-none-eabi/include/c++/10.3.1/bits/stl_vector.h:678:7:std::vector<_Tp, _Alloc>::~vector() [with _Tp = tSTM32_CAN*; _Alloc = std::allocator<tSTM32_CAN*>]	24	static
/Applications/STM32CubeIDE.app/Contents/Eclipse/plugins/com.st.stm32cube.ide.mcu.externaltools.gnu-tools-for-stm32.10.3-2021.10.macos64_1.0.0.202111181127/tools/arm-none-eabi/include/c++/10.3.1/bits/stl_vector.h:276:7:std::_Vector_base<_Tp, _Alloc>::_Tp_alloc_type& std::_Vector_base<_Tp, _Alloc>::_M_get_Tp_allocator() [with _Tp = tSTM32_CAN*; _Alloc = std::allocator<tSTM32_CAN*>]	16	static
/Applications/STM32CubeIDE.app/Contents/Eclipse/plugins/com.st.stm32cube.ide.mcu.externaltools.gnu-tools-for-stm32.10.3-2021.10.macos64_1.0.0.202111181127/tools/arm-none-eabi/include/c++/10.3.1/bits/alloc_traits.h:735:5:void std::_Destroy(_ForwardIterator, _ForwardIterator, std::allocator<_T2>&) [with _ForwardIterator = tSTM32_CAN**; _Tp = tSTM32_CAN*]	24	static
/Applications/STM32CubeIDE.app/Contents/Eclipse/plugins/com.st.stm32cube.ide.mcu.externaltools.gnu-tools-for-stm32.10.3-2021.10.macos64_1.0.0.202111181127/tools/arm-none-eabi/include/c++/10.3.1/bits/stl_construct.h:171:5:void std::_Destroy(_ForwardIterator, _ForwardIterator) [with _ForwardIterator = tSTM32_CAN**]	16	static
/Applications/STM32CubeIDE.app/Contents/Eclipse/plugins/com.st.stm32cube.ide.mcu.externaltools.gnu-tools-for-stm32.10.3-2021.10.macos64_1.0.0.202111181127/tools/arm-none-eabi/include/c++/10.3.1/bits/stl_construct.h:161:9:static void std::_Destroy_aux<true>::__destroy(_ForwardIterator, _ForwardIterator) [with _ForwardIterator = tSTM32_CAN**]	16	static
../Libs/NMEA2000_STM32/NMEA2000_STM32.cpp:87:1:cpp)	8	static
../Libs/NMEA2000_STM32/NMEA2000_STM32.cpp:87:1:cpp)	8	static
