/Users/minoseigenheer/Library/CloudStorage/OneDrive-BitterandReal/Bitter and Real/PROJECTEN/programeren/Embedded projects/EMUS_NMEA2000_gateway/STM32CubeIDE EMUS NMEA2000 gateway/Libs/NMEA2000_minimal/NMEA2000.hpp:522:18:virtual void tNMEA2000::SetN2kCANSendFrameBufSize(uint16_t)	0	static
/Users/minoseigenheer/Library/CloudStorage/OneDrive-BitterandReal/Bitter and Real/PROJECTEN/programeren/Embedded projects/EMUS_NMEA2000_gateway/STM32CubeIDE EMUS NMEA2000 gateway/Libs/NMEA2000_minimal/NMEA2000.hpp:526:18:virtual void tNMEA2000::SetN2kCANReceiveFrameBufSize(uint16_t)	0	static
/Users/minoseigenheer/Library/CloudStorage/OneDrive-BitterandReal/Bitter and Real/PROJECTEN/programeren/Embedded projects/EMUS_NMEA2000_gateway/STM32CubeIDE EMUS NMEA2000 gateway/Libs/NMEA2000_minimal/RingBuffer.tpp:136:1:tPriorityRingBuffer<T>::~tPriorityRingBuffer() [with T = tNMEA2000_STM32::CAN_message_t]	8	static
/Users/minoseigenheer/Library/CloudStorage/OneDrive-BitterandReal/Bitter and Real/PROJECTEN/programeren/Embedded projects/EMUS_NMEA2000_gateway/STM32CubeIDE EMUS NMEA2000 gateway/Libs/NMEA2000_minimal/RingBuffer.tpp:136:1:tPriorityRingBuffer<T>::~tPriorityRingBuffer() [with T = tNMEA2000_STM32::CAN_message_t]	8	static
/Users/minoseigenheer/Library/CloudStorage/OneDrive-BitterandReal/Bitter and Real/PROJECTEN/programeren/Embedded projects/NMEA2000/NMEA2000_STM32/NMEA2000_STM32.cpp:46:1:tNMEA2000_STM32::tNMEA2000_STM32(CAN_HandleTypeDef*)	16	static
/Users/minoseigenheer/Library/CloudStorage/OneDrive-BitterandReal/Bitter and Real/PROJECTEN/programeren/Embedded projects/NMEA2000/NMEA2000_STM32/NMEA2000_STM32.cpp:172:6:bool tNMEA2000_STM32::CANwriteTxMailbox(long unsigned int, unsigned char, const unsigned char*, bool)	16	static
/Users/minoseigenheer/Library/CloudStorage/OneDrive-BitterandReal/Bitter and Real/PROJECTEN/programeren/Embedded projects/NMEA2000/NMEA2000_STM32/NMEA2000_STM32.cpp:246:19:HAL_StatusTypeDef tNMEA2000_STM32::N2kCAN_Init()	16	static
/Users/minoseigenheer/Library/CloudStorage/OneDrive-BitterandReal/Bitter and Real/PROJECTEN/programeren/Embedded projects/NMEA2000/NMEA2000_STM32/NMEA2000_STM32.cpp:315:19:HAL_StatusTypeDef tNMEA2000_STM32::SetN2kCANFilter(CAN_HandleTypeDef*, bool, uint32_t, uint32_t, uint32_t)	56	static
/Users/minoseigenheer/Library/CloudStorage/OneDrive-BitterandReal/Bitter and Real/PROJECTEN/programeren/Embedded projects/NMEA2000/NMEA2000_STM32/NMEA2000_STM32.cpp:57:6:virtual bool tNMEA2000_STM32::CANOpen()	24	static
/Users/minoseigenheer/Library/CloudStorage/OneDrive-BitterandReal/Bitter and Real/PROJECTEN/programeren/Embedded projects/NMEA2000/NMEA2000_STM32/NMEA2000_STM32.cpp:430:6:void delay(uint32_t)	0	static
/Users/minoseigenheer/Library/CloudStorage/OneDrive-BitterandReal/Bitter and Real/PROJECTEN/programeren/Embedded projects/NMEA2000/NMEA2000_STM32/NMEA2000_STM32.cpp:436:10:uint32_t millis()	0	static
/Users/minoseigenheer/Library/CloudStorage/OneDrive-BitterandReal/Bitter and Real/PROJECTEN/programeren/Embedded projects/EMUS_NMEA2000_gateway/STM32CubeIDE EMUS NMEA2000 gateway/Libs/NMEA2000_minimal/RingBuffer.tpp:189:4:T* tPriorityRingBuffer<T>::getAddRef(uint8_t) [with T = tNMEA2000_STM32::CAN_message_t]	20	static
/Users/minoseigenheer/Library/CloudStorage/OneDrive-BitterandReal/Bitter and Real/PROJECTEN/programeren/Embedded projects/NMEA2000/NMEA2000_STM32/NMEA2000_STM32.cpp:214:6:void tNMEA2000_STM32::CANreadTxMailbox(CAN_HandleTypeDef*)	16	static
/Users/minoseigenheer/Library/CloudStorage/OneDrive-BitterandReal/Bitter and Real/PROJECTEN/programeren/Embedded projects/NMEA2000/NMEA2000_STM32/NMEA2000_STM32.cpp:421:6:void HAL_CAN_RxFifo1MsgPendingCallback(CAN_HandleTypeDef*)	0	static
/Users/minoseigenheer/Library/CloudStorage/OneDrive-BitterandReal/Bitter and Real/PROJECTEN/programeren/Embedded projects/EMUS_NMEA2000_gateway/STM32CubeIDE EMUS NMEA2000 gateway/Libs/NMEA2000_minimal/RingBuffer.tpp:125:1:tPriorityRingBuffer<T>::tPriorityRingBuffer(uint16_t, uint8_t) [with T = tNMEA2000_STM32::CAN_message_t]	16	static
/Users/minoseigenheer/Library/CloudStorage/OneDrive-BitterandReal/Bitter and Real/PROJECTEN/programeren/Embedded projects/NMEA2000/NMEA2000_STM32/NMEA2000_STM32.cpp:148:6:virtual void tNMEA2000_STM32::InitCANFrameBuffers()	16	static
/Users/minoseigenheer/Library/CloudStorage/OneDrive-BitterandReal/Bitter and Real/PROJECTEN/programeren/Embedded projects/EMUS_NMEA2000_gateway/STM32CubeIDE EMUS NMEA2000 gateway/Libs/NMEA2000_minimal/RingBuffer.tpp:226:10:const T* tPriorityRingBuffer<T>::getReadRef(uint8_t) [with T = tNMEA2000_STM32::CAN_message_t]	20	static
/Users/minoseigenheer/Library/CloudStorage/OneDrive-BitterandReal/Bitter and Real/PROJECTEN/programeren/Embedded projects/NMEA2000/NMEA2000_STM32/NMEA2000_STM32.cpp:126:6:virtual bool tNMEA2000_STM32::CANGetFrame(long unsigned int&, unsigned char&, unsigned char*)	24	static
/Users/minoseigenheer/Library/CloudStorage/OneDrive-BitterandReal/Bitter and Real/PROJECTEN/programeren/Embedded projects/NMEA2000/NMEA2000_STM32/NMEA2000_STM32.cpp:201:6:bool tNMEA2000_STM32::sendFromTxRing(uint8_t)	16	static
/Users/minoseigenheer/Library/CloudStorage/OneDrive-BitterandReal/Bitter and Real/PROJECTEN/programeren/Embedded projects/NMEA2000/NMEA2000_STM32/NMEA2000_STM32.cpp:85:6:virtual bool tNMEA2000_STM32::CANSendFrame(long unsigned int, unsigned char, const unsigned char*, bool)	32	static
