Archive member included to satisfy reference by file (symbol)

/Applications/STM32CubeIDE.app/Contents/Eclipse/plugins/com.st.stm32cube.ide.mcu.externaltools.gnu-tools-for-stm32.10.3-2021.10.macos64_1.0.0.202111181127/tools/bin/../lib/gcc/arm-none-eabi/10.3.1/../../../../arm-none-eabi/lib/thumb/v7-m/nofp/libstdc++_nano.a(del_ops.o)
                              ./Libs/NMEA2000_STM32/NMEA2000_STM32.o (operator delete(void*, unsigned int))
/Applications/STM32CubeIDE.app/Contents/Eclipse/plugins/com.st.stm32cube.ide.mcu.externaltools.gnu-tools-for-stm32.10.3-2021.10.macos64_1.0.0.202111181127/tools/bin/../lib/gcc/arm-none-eabi/10.3.1/../../../../arm-none-eabi/lib/thumb/v7-m/nofp/libstdc++_nano.a(del_opv.o)
                              ./Libs/NMEA2000_STM32/NMEA2000_STM32.o (operator delete[](void*))
/Applications/STM32CubeIDE.app/Contents/Eclipse/plugins/com.st.stm32cube.ide.mcu.externaltools.gnu-tools-for-stm32.10.3-2021.10.macos64_1.0.0.202111181127/tools/bin/../lib/gcc/arm-none-eabi/10.3.1/../../../../arm-none-eabi/lib/thumb/v7-m/nofp/libstdc++_nano.a(new_op.o)
                              ./Core/Src/project.o (operator new(unsigned int))
/Applications/STM32CubeIDE.app/Contents/Eclipse/plugins/com.st.stm32cube.ide.mcu.externaltools.gnu-tools-for-stm32.10.3-2021.10.macos64_1.0.0.202111181127/tools/bin/../lib/gcc/arm-none-eabi/10.3.1/../../../../arm-none-eabi/lib/thumb/v7-m/nofp/libstdc++_nano.a(new_opv.o)
                              ./Libs/NMEA2000_STM32/NMEA2000_STM32.o (operator new[](unsigned int))
/Applications/STM32CubeIDE.app/Contents/Eclipse/plugins/com.st.stm32cube.ide.mcu.externaltools.gnu-tools-for-stm32.10.3-2021.10.macos64_1.0.0.202111181127/tools/bin/../lib/gcc/arm-none-eabi/10.3.1/../../../../arm-none-eabi/lib/thumb/v7-m/nofp/libstdc++_nano.a(pure.o)
                              ./Libs/NMEA2000_minimal/N2kDeviceList.o (__cxa_pure_virtual)
/Applications/STM32CubeIDE.app/Contents/Eclipse/plugins/com.st.stm32cube.ide.mcu.externaltools.gnu-tools-for-stm32.10.3-2021.10.macos64_1.0.0.202111181127/tools/bin/../lib/gcc/arm-none-eabi/10.3.1/../../../../arm-none-eabi/lib/thumb/v7-m/nofp/libstdc++_nano.a(del_op.o)
                              /Applications/STM32CubeIDE.app/Contents/Eclipse/plugins/com.st.stm32cube.ide.mcu.externaltools.gnu-tools-for-stm32.10.3-2021.10.macos64_1.0.0.202111181127/tools/bin/../lib/gcc/arm-none-eabi/10.3.1/../../../../arm-none-eabi/lib/thumb/v7-m/nofp/libstdc++_nano.a(del_ops.o) (operator delete(void*))
/Applications/STM32CubeIDE.app/Contents/Eclipse/plugins/com.st.stm32cube.ide.mcu.externaltools.gnu-tools-for-stm32.10.3-2021.10.macos64_1.0.0.202111181127/tools/bin/../lib/gcc/arm-none-eabi/10.3.1/../../../../arm-none-eabi/lib/thumb/v7-m/nofp/libstdc++_nano.a(eh_terminate.o)
                              /Applications/STM32CubeIDE.app/Contents/Eclipse/plugins/com.st.stm32cube.ide.mcu.externaltools.gnu-tools-for-stm32.10.3-2021.10.macos64_1.0.0.202111181127/tools/bin/../lib/gcc/arm-none-eabi/10.3.1/../../../../arm-none-eabi/lib/thumb/v7-m/nofp/libstdc++_nano.a(pure.o) (std::terminate())
/Applications/STM32CubeIDE.app/Contents/Eclipse/plugins/com.st.stm32cube.ide.mcu.externaltools.gnu-tools-for-stm32.10.3-2021.10.macos64_1.0.0.202111181127/tools/bin/../lib/gcc/arm-none-eabi/10.3.1/../../../../arm-none-eabi/lib/thumb/v7-m/nofp/libstdc++_nano.a(eh_unex_handler.o)
                              /Applications/STM32CubeIDE.app/Contents/Eclipse/plugins/com.st.stm32cube.ide.mcu.externaltools.gnu-tools-for-stm32.10.3-2021.10.macos64_1.0.0.202111181127/tools/bin/../lib/gcc/arm-none-eabi/10.3.1/../../../../arm-none-eabi/lib/thumb/v7-m/nofp/libstdc++_nano.a(eh_terminate.o) (__cxxabiv1::__unexpected_handler)
/Applications/STM32CubeIDE.app/Contents/Eclipse/plugins/com.st.stm32cube.ide.mcu.externaltools.gnu-tools-for-stm32.10.3-2021.10.macos64_1.0.0.202111181127/tools/bin/../lib/gcc/arm-none-eabi/10.3.1/../../../../arm-none-eabi/lib/thumb/v7-m/nofp/libstdc++_nano.a(new_handler.o)
                              /Applications/STM32CubeIDE.app/Contents/Eclipse/plugins/com.st.stm32cube.ide.mcu.externaltools.gnu-tools-for-stm32.10.3-2021.10.macos64_1.0.0.202111181127/tools/bin/../lib/gcc/arm-none-eabi/10.3.1/../../../../arm-none-eabi/lib/thumb/v7-m/nofp/libstdc++_nano.a(new_op.o) (std::get_new_handler())
/Applications/STM32CubeIDE.app/Contents/Eclipse/plugins/com.st.stm32cube.ide.mcu.externaltools.gnu-tools-for-stm32.10.3-2021.10.macos64_1.0.0.202111181127/tools/bin/../lib/gcc/arm-none-eabi/10.3.1/../../../../arm-none-eabi/lib/thumb/v7-m/nofp/libstdc++_nano.a(eh_term_handler.o)
                              /Applications/STM32CubeIDE.app/Contents/Eclipse/plugins/com.st.stm32cube.ide.mcu.externaltools.gnu-tools-for-stm32.10.3-2021.10.macos64_1.0.0.202111181127/tools/bin/../lib/gcc/arm-none-eabi/10.3.1/../../../../arm-none-eabi/lib/thumb/v7-m/nofp/libstdc++_nano.a(eh_terminate.o) (__cxxabiv1::__terminate_handler)
[...]
Memory Configuration

Name             Origin             Length             Attributes
RAM              0x0000000020000000 0x0000000000010000 xrw
FLASH            0x0000000008000000 0x0000000000020000 xr
*default*        0x0000000000000000 0xffffffffffffffff

Linker script and memory map

LOAD /Applications/STM32CubeIDE.app/Contents/Eclipse/plugins/com.st.stm32cube.ide.mcu.externaltools.gnu-tools-for-stm32.10.3-2021.10.macos64_1.0.0.202111181127/tools/bin/../lib/gcc/arm-none-eabi/10.3.1/thumb/v7-m/nofp/crti.o
LOAD /Applications/STM32CubeIDE.app/Contents/Eclipse/plugins/com.st.stm32cube.ide.mcu.externaltools.gnu-tools-for-stm32.10.3-2021.10.macos64_1.0.0.202111181127/tools/bin/../lib/gcc/arm-none-eabi/10.3.1/thumb/v7-m/nofp/crtbegin.o
LOAD /Applications/STM32CubeIDE.app/Contents/Eclipse/plugins/com.st.stm32cube.ide.mcu.externaltools.gnu-tools-for-stm32.10.3-2021.10.macos64_1.0.0.202111181127/tools/bin/../lib/gcc/arm-none-eabi/10.3.1/../../../../arm-none-eabi/lib/thumb/v7-m/nofp/crt0.o
LOAD ./Core/Src/cpp_link.o
LOAD ./Core/Src/eeprom.o
LOAD ./Core/Src/main.o
LOAD ./Core/Src/project.o
LOAD ./Core/Src/stm32f1xx_hal_msp.o
LOAD ./Core/Src/stm32f1xx_it.o
LOAD ./Core/Src/syscalls.o
LOAD ./Core/Src/sysmem.o
LOAD ./Core/Src/system_stm32f1xx.o
LOAD ./Core/Startup/startup_stm32f105rbtx.o
LOAD ./Drivers/STM32F1xx_HAL_Driver/Src/stm32f1xx_hal.o
LOAD ./Drivers/STM32F1xx_HAL_Driver/Src/stm32f1xx_hal_adc.o
LOAD ./Drivers/STM32F1xx_HAL_Driver/Src/stm32f1xx_hal_adc_ex.o
LOAD ./Drivers/STM32F1xx_HAL_Driver/Src/stm32f1xx_hal_can.o
LOAD ./Drivers/STM32F1xx_HAL_Driver/Src/stm32f1xx_hal_cortex.o
LOAD ./Drivers/STM32F1xx_HAL_Driver/Src/stm32f1xx_hal_dma.o
LOAD ./Drivers/STM32F1xx_HAL_Driver/Src/stm32f1xx_hal_exti.o
LOAD ./Drivers/STM32F1xx_HAL_Driver/Src/stm32f1xx_hal_flash.o
LOAD ./Drivers/STM32F1xx_HAL_Driver/Src/stm32f1xx_hal_flash_ex.o
LOAD ./Drivers/STM32F1xx_HAL_Driver/Src/stm32f1xx_hal_gpio.o
LOAD ./Drivers/STM32F1xx_HAL_Driver/Src/stm32f1xx_hal_gpio_ex.o
LOAD ./Drivers/STM32F1xx_HAL_Driver/Src/stm32f1xx_hal_pcd.o
LOAD ./Drivers/STM32F1xx_HAL_Driver/Src/stm32f1xx_hal_pcd_ex.o
LOAD ./Drivers/STM32F1xx_HAL_Driver/Src/stm32f1xx_hal_pwr.o
LOAD ./Drivers/STM32F1xx_HAL_Driver/Src/stm32f1xx_hal_rcc.o
LOAD ./Drivers/STM32F1xx_HAL_Driver/Src/stm32f1xx_hal_rcc_ex.o
LOAD ./Drivers/STM32F1xx_HAL_Driver/Src/stm32f1xx_hal_tim.o
LOAD ./Drivers/STM32F1xx_HAL_Driver/Src/stm32f1xx_hal_tim_ex.o
LOAD ./Drivers/STM32F1xx_HAL_Driver/Src/stm32f1xx_ll_usb.o
LOAD ./Libs/NMEA2000_STM32/NMEA2000_STM32.o
LOAD ./Libs/NMEA2000_minimal/N2kDeviceList.o
LOAD ./Libs/NMEA2000_minimal/N2kGroupFunction.o
LOAD ./Libs/NMEA2000_minimal/N2kGroupFunctionDefaultHandlers.o
LOAD ./Libs/NMEA2000_minimal/N2kMaretron.o
LOAD ./Libs/NMEA2000_minimal/N2kMessages.o
LOAD ./Libs/NMEA2000_minimal/N2kMsg.o
LOAD ./Libs/NMEA2000_minimal/N2kStream.o
LOAD ./Libs/NMEA2000_minimal/N2kTimer.o
LOAD ./Libs/NMEA2000_minimal/NMEA2000.o
LOAD ./Middlewares/ST/STM32_USB_Device_Library/Class/DFU/Src/usbd_dfu.o
LOAD ./Middlewares/ST/STM32_USB_Device_Library/Core/Src/usbd_core.o
LOAD ./Middlewares/ST/STM32_USB_Device_Library/Core/Src/usbd_ctlreq.o
LOAD ./Middlewares/ST/STM32_USB_Device_Library/Core/Src/usbd_ioreq.o
LOAD ./USB_DEVICE/App/usb_device.o
LOAD ./USB_DEVICE/App/usbd_desc.o
LOAD ./USB_DEVICE/App/usbd_dfu_if.o
LOAD ./USB_DEVICE/Target/usbd_conf.o
START GROUP
LOAD /Applications/STM32CubeIDE.app/Contents/Eclipse/plugins/com.st.stm32cube.ide.mcu.externaltools.gnu-tools-for-stm32.10.3-2021.10.macos64_1.0.0.202111181127/tools/bin/../lib/gcc/arm-none-eabi/10.3.1/../../../../arm-none-eabi/lib/thumb/v7-m/nofp/libstdc++_nano.a
LOAD /Applications/STM32CubeIDE.app/Contents/Eclipse/plugins/com.st.stm32cube.ide.mcu.externaltools.gnu-tools-for-stm32.10.3-2021.10.macos64_1.0.0.202111181127/tools/bin/../lib/gcc/arm-none-eabi/10.3.1/../../../../arm-none-eabi/lib/thumb/v7-m/nofp/libsupc++_nano.a
END GROUP
LOAD /Applications/STM32CubeIDE.app/Contents/Eclipse/plugins/com.st.stm32cube.ide.mcu.externaltools.gnu-tools-for-stm32.10.3-2021.10.macos64_1.0.0.202111181127/tools/bin/../lib/gcc/arm-none-eabi/10.3.1/../../../../arm-none-eabi/lib/thumb/v7-m/nofp/libstdc++_nano.a
LOAD /Applications/STM32CubeIDE.app/Contents/Eclipse/plugins/com.st.stm32cube.ide.mcu.externaltools.gnu-tools-for-stm32.10.3-2021.10.macos64_1.0.0.202111181127/tools/bin/../lib/gcc/arm-none-eabi/10.3.1/../../../../arm-none-eabi/lib/thumb/v7-m/nofp/libm.a
LOAD /Applications/STM32CubeIDE.app/Contents/Eclipse/plugins/com.st.stm32cube.ide.mcu.externaltools.gnu-tools-for-stm32.10.3-2021.10.macos64_1.0.0.202111181127/tools/bin/../lib/gcc/arm-none-eabi/10.3.1/../../../../arm-none-eabi/lib/thumb/v7-m/nofp/libc_nano.a
START GROUP
LOAD /Applications/STM32CubeIDE.app/Contents/Eclipse/plugins/com.st.stm32cube.ide.mcu.externaltools.gnu-tools-for-stm32.10.3-2021.10.macos64_1.0.0.202111181127/tools/bin/../lib/gcc/arm-none-eabi/10.3.1/thumb/v7-m/nofp/libgcc.a
LOAD /Applications/STM32CubeIDE.app/Contents/Eclipse/plugins/com.st.stm32cube.ide.mcu.externaltools.gnu-tools-for-stm32.10.3-2021.10.macos64_1.0.0.202111181127/tools/bin/../lib/gcc/arm-none-eabi/10.3.1/../../../../arm-none-eabi/lib/thumb/v7-m/nofp/libc_nano.a
END GROUP
START GROUP
LOAD /Applications/STM32CubeIDE.app/Contents/Eclipse/plugins/com.st.stm32cube.ide.mcu.externaltools.gnu-tools-for-stm32.10.3-2021.10.macos64_1.0.0.202111181127/tools/bin/../lib/gcc/arm-none-eabi/10.3.1/thumb/v7-m/nofp/libgcc.a
LOAD /Applications/STM32CubeIDE.app/Contents/Eclipse/plugins/com.st.stm32cube.ide.mcu.externaltools.gnu-tools-for-stm32.10.3-2021.10.macos64_1.0.0.202111181127/tools/bin/../lib/gcc/arm-none-eabi/10.3.1/../../../../arm-none-eabi/lib/thumb/v7-m/nofp/libc_nano.a
LOAD /Applications/STM32CubeIDE.app/Contents/Eclipse/plugins/com.st.stm32cube.ide.mcu.externaltools.gnu-tools-for-stm32.10.3-2021.10.macos64_1.0.0.202111181127/tools/bin/../lib/gcc/arm-none-eabi/10.3.1/../../../../arm-none-eabi/lib/thumb/v7-m/nofp/libnosys.a
END GROUP
START GROUP
LOAD /Applications/STM32CubeIDE.app/Contents/Eclipse/plugins/com.st.stm32cube.ide.mcu.externaltools.gnu-tools-for-stm32.10.3-2021.10.macos64_1.0.0.202111181127/tools/bin/../lib/gcc/arm-none-eabi/10.3.1/thumb/v7-m/nofp/libgcc.a
LOAD /Applications/STM32CubeIDE.app/Contents/Eclipse/plugins/com.st.stm32cube.ide.mcu.externaltools.gnu-tools-for-stm32.10.3-2021.10.macos64_1.0.0.202111181127/tools/bin/../lib/gcc/arm-none-eabi/10.3.1/../../../../arm-none-eabi/lib/thumb/v7-m/nofp/libc_nano.a
LOAD /Applications/STM32CubeIDE.app/Contents/Eclipse/plugins/com.st.stm32cube.ide.mcu.externaltools.gnu-tools-for-stm32.10.3-2021.10.macos64_1.0.0.202111181127/tools/bin/../lib/gcc/arm-none-eabi/10.3.1/../../../../arm-none-eabi/lib/thumb/v7-m/nofp/libnosys.a
END GROUP
LOAD /Applications/STM32CubeIDE.app/Contents/Eclipse/plugins/com.st.stm32cube.ide.mcu.externaltools.gnu-tools-for-stm32.10.3-2021.10.macos64_1.0.0.202111181127/tools/bin/../lib/gcc/arm-none-eabi/10.3.1/thumb/v7-m/nofp/crtend.o
LOAD /Applications/STM32CubeIDE.app/Contents/Eclipse/plugins/com.st.stm32cube.ide.mcu.externaltools.gnu-tools-for-stm32.10.3-2021.10.macos64_1.0.0.202111181127/tools/bin/../lib/gcc/arm-none-eabi/10.3.1/thumb/v7-m/nofp/crtn.o
                0x0000000020010000                _estack = (ORIGIN (RAM) + LENGTH (RAM))
                0x0000000000000200                _Min_Heap_Size = 0x200
                0x0000000000000400                _Min_Stack_Size = 0x400

.isr_vector     0x0000000008000000      0x1e4
                0x0000000008000000                . = ALIGN (0x4)
 *(.isr_vector)
 .isr_vector    0x0000000008000000      0x1e4 ./Core/Startup/startup_stm32f105rbtx.o
                0x0000000008000000                g_pfnVectors
                0x00000000080001e4                . = ALIGN (0x4)

.text           0x00000000080001e8     0xc4b4
                0x00000000080001e8                . = ALIGN (0x4)
 *(.text)
 .text          0x00000000080001e8       0x40 /Applications/STM32CubeIDE.app/Contents/Eclipse/plugins/com.st.stm32cube.ide.mcu.externaltools.gnu-tools-for-stm32.10.3-2021.10.macos64_1.0.0.202111181127/tools/bin/../lib/gcc/arm-none-eabi/10.3.1/thumb/v7-m/nofp/crtbegin.o
 .text          0x0000000008000228       0x14 /Applications/STM32CubeIDE.app/Contents/Eclipse/plugins/com.st.stm32cube.ide.mcu.externaltools.gnu-tools-for-stm32.10.3-2021.10.macos64_1.0.0.202111181127/tools/bin/../lib/gcc/arm-none-eabi/10.3.1/../../../../arm-none-eabi/lib/thumb/v7-m/nofp/libc_nano.a(lib_a-strcmp.o)
                0x0000000008000228                strcmp
 .text          0x000000000800023c       0x10 /Applications/STM32CubeIDE.app/Contents/Eclipse/plugins/com.st.stm32cube.ide.mcu.externaltools.gnu-tools-for-stm32.10.3-2021.10.macos64_1.0.0.202111181127/tools/bin/../lib/gcc/arm-none-eabi/10.3.1/../../../../arm-none-eabi/lib/thumb/v7-m/nofp/libc_nano.a(lib_a-strlen.o)
                0x000000000800023c                strlen
 .text          0x000000000800024c      0x378 /Applications/STM32CubeIDE.app/Contents/Eclipse/plugins/com.st.stm32cube.ide.mcu.externaltools.gnu-tools-for-stm32.10.3-2021.10.macos64_1.0.0.202111181127/tools/bin/../lib/gcc/arm-none-eabi/10.3.1/thumb/v7-m/nofp/libgcc.a(_arm_addsubdf3.o)
                0x000000000800024c                __aeabi_drsub
                0x0000000008000254                __subdf3
                0x0000000008000254                __aeabi_dsub
                0x0000000008000258                __aeabi_dadd
                0x0000000008000258                __adddf3
                0x00000000080004d0                __aeabi_ui2d
                0x00000000080004d0                __floatunsidf
                0x00000000080004f0                __floatsidf
                0x00000000080004f0                __aeabi_i2d
                0x0000000008000514                __extendsfdf2
                0x0000000008000514                __aeabi_f2d
                0x0000000008000558                __aeabi_ul2d
                0x0000000008000558                __floatundidf
                0x0000000008000568                __aeabi_l2d
                0x0000000008000568                __floatdidf
 .text          0x00000000080005c4      0x424 /Applications/STM32CubeIDE.app/Contents/Eclipse/plugins/com.st.stm32cube.ide.mcu.externaltools.gnu-tools-for-stm32.10.3-2021.10.macos64_1.0.0.202111181127/tools/bin/../lib/gcc/arm-none-eabi/10.3.1/thumb/v7-m/nofp/libgcc.a(_arm_muldivdf3.o)
                0x00000000080005c4                __aeabi_dmul
                0x00000000080005c4                __muldf3
                0x0000000008000818                __aeabi_ddiv
                0x0000000008000818                __divdf3
 .text          0x00000000080009e8      0x110 /Applications/STM32CubeIDE.app/Contents/Eclipse/plugins/com.st.stm32cube.ide.mcu.externaltools.gnu-tools-for-stm32.10.3-2021.10.macos64_1.0.0.202111181127/tools/bin/../lib/gcc/arm-none-eabi/10.3.1/thumb/v7-m/nofp/libgcc.a(_arm_cmpdf2.o)
                0x00000000080009e8                __gedf2
                0x00000000080009e8                __gtdf2
                0x00000000080009f0                __ledf2
                0x00000000080009f0                __ltdf2
                0x00000000080009f8                __cmpdf2
                0x00000000080009f8                __eqdf2
                0x00000000080009f8                __nedf2
                0x0000000008000a74                __aeabi_cdrcmple
                0x0000000008000a84                __aeabi_cdcmple
                0x0000000008000a84                __aeabi_cdcmpeq
                0x0000000008000a94                __aeabi_dcmpeq
                0x0000000008000aa8                __aeabi_dcmplt
                0x0000000008000abc                __aeabi_dcmple
                0x0000000008000ad0                __aeabi_dcmpge
                0x0000000008000ae4                __aeabi_dcmpgt
 .text          0x0000000008000af8       0x50 /Applications/STM32CubeIDE.app/Contents/Eclipse/plugins/com.st.stm32cube.ide.mcu.externaltools.gnu-tools-for-stm32.10.3-2021.10.macos64_1.0.0.202111181127/tools/bin/../lib/gcc/arm-none-eabi/10.3.1/thumb/v7-m/nofp/libgcc.a(_arm_fixdfsi.o)
                0x0000000008000af8                __fixdfsi
                0x0000000008000af8                __aeabi_d2iz
 .text          0x0000000008000b48       0x40 /Applications/STM32CubeIDE.app/Contents/Eclipse/plugins/com.st.stm32cube.ide.mcu.externaltools.gnu-tools-for-stm32.10.3-2021.10.macos64_1.0.0.202111181127/tools/bin/../lib/gcc/arm-none-eabi/10.3.1/thumb/v7-m/nofp/libgcc.a(_arm_fixunsdfsi.o)
                0x0000000008000b48                __fixunsdfsi
                0x0000000008000b48                __aeabi_d2uiz
 .text          0x0000000008000b88       0xa0 /Applications/STM32CubeIDE.app/Contents/Eclipse/plugins/com.st.stm32cube.ide.mcu.externaltools.gnu-tools-for-stm32.10.3-2021.10.macos64_1.0.0.202111181127/tools/bin/../lib/gcc/arm-none-eabi/10.3.1/thumb/v7-m/nofp/libgcc.a(_arm_truncdfsf2.o)
                0x0000000008000b88                __aeabi_d2f
                0x0000000008000b88                __truncdfsf2
 .text          0x0000000008000c28      0x21c /Applications/STM32CubeIDE.app/Contents/Eclipse/plugins/com.st.stm32cube.ide.mcu.externaltools.gnu-tools-for-stm32.10.3-2021.10.macos64_1.0.0.202111181127/tools/bin/../lib/gcc/arm-none-eabi/10.3.1/thumb/v7-m/nofp/libgcc.a(_arm_addsubsf3.o)
                0x0000000008000c28                __aeabi_frsub
                0x0000000008000c30                __aeabi_fsub
                0x0000000008000c30                __subsf3
                0x0000000008000c34                __aeabi_fadd
                0x0000000008000c34                __addsf3
                0x0000000008000d94                __aeabi_ui2f
                0x0000000008000d94                __floatunsisf
                0x0000000008000d9c                __floatsisf
                0x0000000008000d9c                __aeabi_i2f
                0x0000000008000db8                __aeabi_ul2f
                0x0000000008000db8                __floatundisf
                0x0000000008000dc8                __aeabi_l2f
                0x0000000008000dc8                __floatdisf
 .text          0x0000000008000e44      0x2a0 /Applications/STM32CubeIDE.app/Contents/Eclipse/plugins/com.st.stm32cube.ide.mcu.externaltools.gnu-tools-for-stm32.10.3-2021.10.macos64_1.0.0.202111181127/tools/bin/../lib/gcc/arm-none-eabi/10.3.1/thumb/v7-m/nofp/libgcc.a(_arm_muldivsf3.o)
                0x0000000008000e44                __mulsf3
                0x0000000008000e44                __aeabi_fmul
                0x0000000008000fac                __divsf3
                0x0000000008000fac                __aeabi_fdiv
 .text          0x00000000080010e4       0xec /Applications/STM32CubeIDE.app/Contents/Eclipse/plugins/com.st.stm32cube.ide.mcu.externaltools.gnu-tools-for-stm32.10.3-2021.10.macos64_1.0.0.202111181127/tools/bin/../lib/gcc/arm-none-eabi/10.3.1/thumb/v7-m/nofp/libgcc.a(_arm_cmpsf2.o)
                0x00000000080010e4                __gesf2
                0x00000000080010e4                __gtsf2
                0x00000000080010ec                __ltsf2
                0x00000000080010ec                __lesf2
                0x00000000080010f4                __nesf2
                0x00000000080010f4                __eqsf2
                0x00000000080010f4                __cmpsf2
                0x0000000008001154                __aeabi_cfrcmple
                0x000000000800115c                __aeabi_cfcmpeq
                0x000000000800115c                __aeabi_cfcmple
                0x000000000800116c                __aeabi_fcmpeq
                0x0000000008001180                __aeabi_fcmplt
                0x0000000008001194                __aeabi_fcmple
                0x00000000080011a8                __aeabi_fcmpge
                0x00000000080011bc                __aeabi_fcmpgt
 .text          0x00000000080011d0       0x30 /Applications/STM32CubeIDE.app/Contents/Eclipse/plugins/com.st.stm32cube.ide.mcu.externaltools.gnu-tools-for-stm32.10.3-2021.10.macos64_1.0.0.202111181127/tools/bin/../lib/gcc/arm-none-eabi/10.3.1/thumb/v7-m/nofp/libgcc.a(_aeabi_uldivmod.o)
                0x00000000080011d0                __aeabi_uldivmod
 .text          0x0000000008001200      0x2d4 /Applications/STM32CubeIDE.app/Contents/Eclipse/plugins/com.st.stm32cube.ide.mcu.externaltools.gnu-tools-for-stm32.10.3-2021.10.macos64_1.0.0.202111181127/tools/bin/../lib/gcc/arm-none-eabi/10.3.1/thumb/v7-m/nofp/libgcc.a(_udivmoddi4.o)
                0x0000000008001200                __udivmoddi4
 .text          0x00000000080014d4        0x4 /Applications/STM32CubeIDE.app/Contents/Eclipse/plugins/com.st.stm32cube.ide.mcu.externaltools.gnu-tools-for-stm32.10.3-2021.10.macos64_1.0.0.202111181127/tools/bin/../lib/gcc/arm-none-eabi/10.3.1/thumb/v7-m/nofp/libgcc.a(_dvmd_tls.o)
                0x00000000080014d4                __aeabi_ldiv0
                0x00000000080014d4                __aeabi_idiv0
 *(.text*)
 .text.cpp_link
                0x00000000080014d8        0xe ./Core/Src/cpp_link.o
                0x00000000080014d8                cpp_link
 *fill*         0x00000000080014e6        0x2 
 .text.EE_VerifyPageFullyErased
                0x00000000080014e8       0x24 ./Core/Src/eeprom.o
 .text.EE_VerifyPageFullWriteVariable
                0x000000000800150c       0x7c ./Core/Src/eeprom.o
 .text.EE_Format
                0x0000000008001588       0x5c ./Core/Src/eeprom.o
 .text.EE_ReadVariable
                0x00000000080015e4       0x54 ./Core/Src/eeprom.o
                0x00000000080015e4                EE_ReadVariable
 .text.EE_Init  0x0000000008001638      0x178 ./Core/Src/eeprom.o
                0x0000000008001638                EE_Init
 .text.SystemClock_Config
                0x00000000080017b0       0x88 ./Core/Src/main.o
                0x00000000080017b0                SystemClock_Config
 .text.startup.main
                0x0000000008001838      0x28c ./Core/Src/main.o
                0x0000000008001838                main
 .text.Error_Handler
                0x0000000008001ac4        0x4 ./Core/Src/main.o
                0x0000000008001ac4                Error_Handler
 .text._Z18Overall_Parametersv
                0x0000000008001ac8        0xc ./Core/Src/project.o
                0x0000000008001ac8                Overall_Parameters()
 .text._Z16Diagnostic_Codesv
                0x0000000008001ad4        0xc ./Core/Src/project.o
                0x0000000008001ad4                Diagnostic_Codes()
 .text._Z26Battery_Voltage_Parametersv
                0x0000000008001ae0        0xc ./Core/Src/project.o
                0x0000000008001ae0                Battery_Voltage_Parameters()
 .text._Z34Cell_Module_Temperature_Parametersv
                0x0000000008001aec        0xc ./Core/Src/project.o
                0x0000000008001aec                Cell_Module_Temperature_Parameters()
 .text._Z26State_Of_Charge_Parametersv
                0x0000000008001af8       0x10 ./Core/Src/project.o
                0x0000000008001af8                State_Of_Charge_Parameters()
 .text._Z17Energy_Parametersv
                0x0000000008001b08       0x10 ./Core/Src/project.o
                0x0000000008001b08                Energy_Parameters()
 .text._ZN17tN2kSyncScheduler6IsTimeEv
                0x0000000008001b18       0x18 ./Core/Src/project.o
                0x0000000008001b18                tN2kSyncScheduler::IsTime()
 .text._ZN17tN2kSyncScheduler14UpdateNextTimeEv
                0x0000000008001b30       0x64 ./Core/Src/project.o
                0x0000000008001b30                tN2kSyncScheduler::UpdateNextTime()
 .text._Z9OnN2kOpenv
                0x0000000008001b94       0x2c ./Core/Src/project.o
                0x0000000008001b94                OnN2kOpen()
 .text._Z8PowerAvgv
                0x0000000008001bc0       0x30 ./Core/Src/project.o
                0x0000000008001bc0                PowerAvg()
 .text._Z16SecondsRemainingv
                0x0000000008001bf0       0x78 ./Core/Src/project.o
                0x0000000008001bf0                SecondsRemaining()
 .text._Z14N2kChargeStatev
                0x0000000008001c68       0x2c ./Core/Src/project.o
                0x0000000008001c68                N2kChargeState()
 .text._Z16N2kChargerEnablev
                0x0000000008001c94        0xc ./Core/Src/project.o
                0x0000000008001c94                N2kChargerEnable()
 .text._Z19resetEmusParametersv
                0x0000000008001ca0      0x128 ./Core/Src/project.o
                0x0000000008001ca0                resetEmusParameters()
 .text._Z15sendEmusRequestv
                0x0000000008001dc8       0x98 ./Core/Src/project.o
                0x0000000008001dc8                sendEmusRequest()
 .text.HAL_CAN_RxFifo0MsgPendingCallback
                0x0000000008001e60      0x208 ./Core/Src/project.o
                0x0000000008001e60                HAL_CAN_RxFifo0MsgPendingCallback
 .text.HAL_ADC_ConvCpltCallback
                0x0000000008002068       0x18 ./Core/Src/project.o
                0x0000000008002068                HAL_ADC_ConvCpltCallback
 .text._Z15GetInternalTempt
                0x0000000008002080       0x68 ./Core/Src/project.o
                0x0000000008002080                GetInternalTemp(unsigned short)
 .text._Z10GetVoltaget
                0x00000000080020e8       0x38 ./Core/Src/project.o
                0x00000000080020e8                GetVoltage(unsigned short)
 .text._Z22CANSendSoftwareVersionv
                0x0000000008002120       0x74 ./Core/Src/project.o
                0x0000000008002120                CANSendSoftwareVersion()
 .text._Z11NextFadeValv
                0x0000000008002194       0x58 ./Core/Src/project.o
                0x0000000008002194                NextFadeVal()
 .text._Z15GammaCorrectionh
                0x00000000080021ec       0x24 ./Core/Src/project.o
                0x00000000080021ec                GammaCorrection(unsigned char)
 .text._Z12breathingLEDv
                0x0000000008002210      0x1a0 ./Core/Src/project.o
                0x0000000008002210                breathingLED()
 .text.HAL_TIM_PeriodElapsedCallback
                0x00000000080023b0       0x10 ./Core/Src/project.o
                0x00000000080023b0                HAL_TIM_PeriodElapsedCallback
 .text._Z12SetCANFilterP19__CAN_HandleTypeDefbmmm
                0x00000000080023c0       0x80 ./Core/Src/project.o
                0x00000000080023c0                SetCANFilter(__CAN_HandleTypeDef*, bool, unsigned long, unsigned long, unsigned long)
 .text._Z22SendN2kBatteryMessagesv
                0x0000000008002440      0x260 ./Core/Src/project.o
                0x0000000008002440                SendN2kBatteryMessages()
 .text._Z16myCppProcessInitv
                0x00000000080026a0      0x158 ./Core/Src/project.o
                0x00000000080026a0                myCppProcessInit()
 .text._Z12myCppProcessv
                0x00000000080027f8       0x90 ./Core/Src/project.o
                0x00000000080027f8                myCppProcess()
 .text.startup._GLOBAL__sub_I_Loop100msTimestamp
                0x0000000008002888       0x84 ./Core/Src/project.o
 .text.HAL_MspInit
                0x000000000800290c       0x44 ./Core/Src/stm32f1xx_hal_msp.o
                0x000000000800290c                HAL_MspInit
 .text.HAL_ADC_MspInit
                0x0000000008002950       0xa8 ./Core/Src/stm32f1xx_hal_msp.o
                0x0000000008002950                HAL_ADC_MspInit
 .text.HAL_CAN_MspInit
                0x00000000080029f8      0x148 ./Core/Src/stm32f1xx_hal_msp.o
                0x00000000080029f8                HAL_CAN_MspInit
 .text.HAL_TIM_Base_MspInit
                0x0000000008002b40       0x60 ./Core/Src/stm32f1xx_hal_msp.o
                0x0000000008002b40                HAL_TIM_Base_MspInit
 .text.HAL_TIM_MspPostInit
                0x0000000008002ba0       0x4c ./Core/Src/stm32f1xx_hal_msp.o
                0x0000000008002ba0                HAL_TIM_MspPostInit
 .text.NMI_Handler
                0x0000000008002bec        0x2 ./Core/Src/stm32f1xx_it.o
                0x0000000008002bec                NMI_Handler
 .text.HardFault_Handler
                0x0000000008002bee        0x2 ./Core/Src/stm32f1xx_it.o
                0x0000000008002bee                HardFault_Handler
 .text.MemManage_Handler
                0x0000000008002bf0        0x2 ./Core/Src/stm32f1xx_it.o
                0x0000000008002bf0                MemManage_Handler
 .text.BusFault_Handler
                0x0000000008002bf2        0x2 ./Core/Src/stm32f1xx_it.o
                0x0000000008002bf2                BusFault_Handler
 .text.UsageFault_Handler
                0x0000000008002bf4        0x2 ./Core/Src/stm32f1xx_it.o
                0x0000000008002bf4                UsageFault_Handler
 .text.SVC_Handler
                0x0000000008002bf6        0x2 ./Core/Src/stm32f1xx_it.o
                0x0000000008002bf6                SVC_Handler
 .text.DebugMon_Handler
                0x0000000008002bf8        0x2 ./Core/Src/stm32f1xx_it.o
                0x0000000008002bf8                DebugMon_Handler
 .text.PendSV_Handler
                0x0000000008002bfa        0x2 ./Core/Src/stm32f1xx_it.o
                0x0000000008002bfa                PendSV_Handler
 .text.SysTick_Handler
                0x0000000008002bfc        0x4 ./Core/Src/stm32f1xx_it.o
                0x0000000008002bfc                SysTick_Handler
 .text.DMA1_Channel1_IRQHandler
                0x0000000008002c00        0xc ./Core/Src/stm32f1xx_it.o
                0x0000000008002c00                DMA1_Channel1_IRQHandler
 .text.ADC1_2_IRQHandler
                0x0000000008002c0c        0xc ./Core/Src/stm32f1xx_it.o
                0x0000000008002c0c                ADC1_2_IRQHandler
 .text.CAN1_TX_IRQHandler
                0x0000000008002c18        0xc ./Core/Src/stm32f1xx_it.o
                0x0000000008002c18                CAN1_TX_IRQHandler
 .text.CAN1_RX0_IRQHandler
                0x0000000008002c24        0x4 ./Core/Src/stm32f1xx_it.o
                0x0000000008002c24                CAN1_RX0_IRQHandler
 .text.TIM2_IRQHandler
                0x0000000008002c28        0xc ./Core/Src/stm32f1xx_it.o
                0x0000000008002c28                TIM2_IRQHandler
 .text.CAN2_TX_IRQHandler
                0x0000000008002c34        0xc ./Core/Src/stm32f1xx_it.o
                0x0000000008002c34                CAN2_TX_IRQHandler
 .text.CAN2_RX1_IRQHandler
                0x0000000008002c40        0x4 ./Core/Src/stm32f1xx_it.o
                0x0000000008002c40                CAN2_RX1_IRQHandler
 .text.OTG_FS_IRQHandler
                0x0000000008002c44        0xc ./Core/Src/stm32f1xx_it.o
                0x0000000008002c44                OTG_FS_IRQHandler
 .text._getpid  0x0000000008002c50        0x4 ./Core/Src/syscalls.o
                0x0000000008002c50                _getpid
 .text._kill    0x0000000008002c54       0x10 ./Core/Src/syscalls.o
                0x0000000008002c54                _kill
 .text._exit    0x0000000008002c64        0xc ./Core/Src/syscalls.o
                0x0000000008002c64                _exit
 .text._sbrk    0x0000000008002c70       0x40 ./Core/Src/sysmem.o
                0x0000000008002c70                _sbrk
 .text.SystemInit
                0x0000000008002cb0        0x2 ./Core/Src/system_stm32f1xx.o
                0x0000000008002cb0                SystemInit
 *fill*         0x0000000008002cb2        0x2 
 .text.Reset_Handler
                0x0000000008002cb4       0x48 ./Core/Startup/startup_stm32f105rbtx.o
                0x0000000008002cb4                Reset_Handler
 .text.Default_Handler
                0x0000000008002cfc        0x2 ./Core/Startup/startup_stm32f105rbtx.o
                0x0000000008002cfc                DMA2_Channel3_IRQHandler
                0x0000000008002cfc                EXTI2_IRQHandler
                0x0000000008002cfc                TIM1_CC_IRQHandler
                0x0000000008002cfc                TIM6_IRQHandler
                0x0000000008002cfc                PVD_IRQHandler
                0x0000000008002cfc                EXTI3_IRQHandler
                0x0000000008002cfc                EXTI0_IRQHandler
                0x0000000008002cfc                I2C2_EV_IRQHandler
                0x0000000008002cfc                CAN2_SCE_IRQHandler
                0x0000000008002cfc                SPI1_IRQHandler
                0x0000000008002cfc                TAMPER_IRQHandler
                0x0000000008002cfc                CAN2_RX0_IRQHandler
                0x0000000008002cfc                DMA2_Channel2_IRQHandler
                0x0000000008002cfc                DMA1_Channel4_IRQHandler
                0x0000000008002cfc                USART3_IRQHandler
                0x0000000008002cfc                RTC_IRQHandler
                0x0000000008002cfc                DMA1_Channel7_IRQHandler
                0x0000000008002cfc                CAN1_RX1_IRQHandler
                0x0000000008002cfc                UART5_IRQHandler
                0x0000000008002cfc                TIM4_IRQHandler
                0x0000000008002cfc                DMA2_Channel1_IRQHandler
                0x0000000008002cfc                I2C1_EV_IRQHandler
                0x0000000008002cfc                DMA1_Channel6_IRQHandler
                0x0000000008002cfc                UART4_IRQHandler
                0x0000000008002cfc                DMA2_Channel4_IRQHandler
                0x0000000008002cfc                TIM3_IRQHandler
                0x0000000008002cfc                RCC_IRQHandler
                0x0000000008002cfc                TIM1_TRG_COM_IRQHandler
                0x0000000008002cfc                Default_Handler
                0x0000000008002cfc                EXTI15_10_IRQHandler
                0x0000000008002cfc                TIM7_IRQHandler
                0x0000000008002cfc                TIM5_IRQHandler
                0x0000000008002cfc                EXTI9_5_IRQHandler
                0x0000000008002cfc                SPI2_IRQHandler
                0x0000000008002cfc                DMA2_Channel5_IRQHandler
                0x0000000008002cfc                DMA1_Channel5_IRQHandler
                0x0000000008002cfc                EXTI4_IRQHandler
                0x0000000008002cfc                DMA1_Channel3_IRQHandler
                0x0000000008002cfc                TIM1_UP_IRQHandler
                0x0000000008002cfc                WWDG_IRQHandler
                0x0000000008002cfc                OTG_FS_WKUP_IRQHandler
                0x0000000008002cfc                TIM1_BRK_IRQHandler
                0x0000000008002cfc                EXTI1_IRQHandler
                0x0000000008002cfc                USART2_IRQHandler
                0x0000000008002cfc                I2C2_ER_IRQHandler
                0x0000000008002cfc                DMA1_Channel2_IRQHandler
                0x0000000008002cfc                CAN1_SCE_IRQHandler
                0x0000000008002cfc                FLASH_IRQHandler
                0x0000000008002cfc                USART1_IRQHandler
                0x0000000008002cfc                SPI3_IRQHandler
                0x0000000008002cfc                I2C1_ER_IRQHandler
                0x0000000008002cfc                RTC_Alarm_IRQHandler
 *fill*         0x0000000008002cfe        0x2 
 .text.HAL_InitTick
                0x0000000008002d00       0x48 ./Drivers/STM32F1xx_HAL_Driver/Src/stm32f1xx_hal.o
                0x0000000008002d00                HAL_InitTick
 .text.HAL_Init
                0x0000000008002d48       0x24 ./Drivers/STM32F1xx_HAL_Driver/Src/stm32f1xx_hal.o
                0x0000000008002d48                HAL_Init
 .text.HAL_IncTick
                0x0000000008002d6c       0x18 ./Drivers/STM32F1xx_HAL_Driver/Src/stm32f1xx_hal.o
                0x0000000008002d6c                HAL_IncTick
 .text.HAL_GetTick
                0x0000000008002d84        0xc ./Drivers/STM32F1xx_HAL_Driver/Src/stm32f1xx_hal.o
                0x0000000008002d84                HAL_GetTick
 .text.HAL_Delay
                0x0000000008002d90       0x24 ./Drivers/STM32F1xx_HAL_Driver/Src/stm32f1xx_hal.o
                0x0000000008002d90                HAL_Delay
 .text.ADC_DMAConvCplt
                0x0000000008002db4       0x4e ./Drivers/STM32F1xx_HAL_Driver/Src/stm32f1xx_hal_adc.o
                0x0000000008002db4                ADC_DMAConvCplt
 .text.HAL_ADC_ConvHalfCpltCallback
                0x0000000008002e02        0x2 ./Drivers/STM32F1xx_HAL_Driver/Src/stm32f1xx_hal_adc.o
                0x0000000008002e02                HAL_ADC_ConvHalfCpltCallback
 .text.ADC_DMAHalfConvCplt
                0x0000000008002e04        0xa ./Drivers/STM32F1xx_HAL_Driver/Src/stm32f1xx_hal_adc.o
                0x0000000008002e04                ADC_DMAHalfConvCplt
 .text.HAL_ADC_LevelOutOfWindowCallback
                0x0000000008002e0e        0x2 ./Drivers/STM32F1xx_HAL_Driver/Src/stm32f1xx_hal_adc.o
                0x0000000008002e0e                HAL_ADC_LevelOutOfWindowCallback
 .text.HAL_ADC_IRQHandler
                0x0000000008002e10       0xec ./Drivers/STM32F1xx_HAL_Driver/Src/stm32f1xx_hal_adc.o
                0x0000000008002e10                HAL_ADC_IRQHandler
 .text.HAL_ADC_ErrorCallback
                0x0000000008002efc        0x2 ./Drivers/STM32F1xx_HAL_Driver/Src/stm32f1xx_hal_adc.o
                0x0000000008002efc                HAL_ADC_ErrorCallback
 .text.ADC_DMAError
                0x0000000008002efe       0x1a ./Drivers/STM32F1xx_HAL_Driver/Src/stm32f1xx_hal_adc.o
                0x0000000008002efe                ADC_DMAError
 .text.HAL_ADC_ConfigChannel
                0x0000000008002f18       0xfc ./Drivers/STM32F1xx_HAL_Driver/Src/stm32f1xx_hal_adc.o
                0x0000000008002f18                HAL_ADC_ConfigChannel
 .text.ADC_Enable
                0x0000000008003014       0x78 ./Drivers/STM32F1xx_HAL_Driver/Src/stm32f1xx_hal_adc.o
                0x0000000008003014                ADC_Enable
 .text.HAL_ADC_Start_IT
                0x000000000800308c       0xcc ./Drivers/STM32F1xx_HAL_Driver/Src/stm32f1xx_hal_adc.o
                0x000000000800308c                HAL_ADC_Start_IT
 .text.HAL_ADC_Start_DMA
                0x0000000008003158      0x11c ./Drivers/STM32F1xx_HAL_Driver/Src/stm32f1xx_hal_adc.o
                0x0000000008003158                HAL_ADC_Start_DMA
 .text.ADC_ConversionStop_Disable
                0x0000000008003274       0x4c ./Drivers/STM32F1xx_HAL_Driver/Src/stm32f1xx_hal_adc.o
                0x0000000008003274                ADC_ConversionStop_Disable
 .text.HAL_ADC_Init
                0x00000000080032c0       0xfc ./Drivers/STM32F1xx_HAL_Driver/Src/stm32f1xx_hal_adc.o
                0x00000000080032c0                HAL_ADC_Init
 .text.HAL_ADCEx_Calibration_Start
                0x00000000080033bc       0xe0 ./Drivers/STM32F1xx_HAL_Driver/Src/stm32f1xx_hal_adc_ex.o
                0x00000000080033bc                HAL_ADCEx_Calibration_Start
 .text.HAL_ADCEx_InjectedConvCpltCallback
                0x000000000800349c        0x2 ./Drivers/STM32F1xx_HAL_Driver/Src/stm32f1xx_hal_adc_ex.o
                0x000000000800349c                HAL_ADCEx_InjectedConvCpltCallback
 .text.HAL_CAN_Init
                0x000000000800349e       0xf6 ./Drivers/STM32F1xx_HAL_Driver/Src/stm32f1xx_hal_can.o
                0x000000000800349e                HAL_CAN_Init
 .text.HAL_CAN_ConfigFilter
                0x0000000008003594      0x110 ./Drivers/STM32F1xx_HAL_Driver/Src/stm32f1xx_hal_can.o
                0x0000000008003594                HAL_CAN_ConfigFilter
 .text.HAL_CAN_Start
                0x00000000080036a4       0x5c ./Drivers/STM32F1xx_HAL_Driver/Src/stm32f1xx_hal_can.o
                0x00000000080036a4                HAL_CAN_Start
 .text.HAL_CAN_AddTxMessage
                0x0000000008003700       0x9c ./Drivers/STM32F1xx_HAL_Driver/Src/stm32f1xx_hal_can.o
                0x0000000008003700                HAL_CAN_AddTxMessage
 .text.HAL_CAN_GetTxMailboxesFreeLevel
                0x000000000800379c       0x28 ./Drivers/STM32F1xx_HAL_Driver/Src/stm32f1xx_hal_can.o
                0x000000000800379c                HAL_CAN_GetTxMailboxesFreeLevel
 .text.HAL_CAN_GetRxMessage
                0x00000000080037c4       0xee ./Drivers/STM32F1xx_HAL_Driver/Src/stm32f1xx_hal_can.o
                0x00000000080037c4                HAL_CAN_GetRxMessage
 .text.HAL_CAN_ActivateNotification
                0x00000000080038b2       0x22 ./Drivers/STM32F1xx_HAL_Driver/Src/stm32f1xx_hal_can.o
                0x00000000080038b2                HAL_CAN_ActivateNotification
 .text.HAL_CAN_DeactivateNotification
                0x00000000080038d4       0x24 ./Drivers/STM32F1xx_HAL_Driver/Src/stm32f1xx_hal_can.o
                0x00000000080038d4                HAL_CAN_DeactivateNotification
 .text.HAL_CAN_TxMailbox0CompleteCallback
                0x00000000080038f8        0x2 ./Drivers/STM32F1xx_HAL_Driver/Src/stm32f1xx_hal_can.o
                0x00000000080038f8                HAL_CAN_TxMailbox0CompleteCallback
 .text.HAL_CAN_TxMailbox1CompleteCallback
                0x00000000080038fa        0x2 ./Drivers/STM32F1xx_HAL_Driver/Src/stm32f1xx_hal_can.o
                0x00000000080038fa                HAL_CAN_TxMailbox1CompleteCallback
 .text.HAL_CAN_TxMailbox2CompleteCallback
                0x00000000080038fc        0x2 ./Drivers/STM32F1xx_HAL_Driver/Src/stm32f1xx_hal_can.o
                0x00000000080038fc                HAL_CAN_TxMailbox2CompleteCallback
 .text.HAL_CAN_TxMailbox0AbortCallback
                0x00000000080038fe        0x2 ./Drivers/STM32F1xx_HAL_Driver/Src/stm32f1xx_hal_can.o
                0x00000000080038fe                HAL_CAN_TxMailbox0AbortCallback
 .text.HAL_CAN_TxMailbox1AbortCallback
                0x0000000008003900        0x2 ./Drivers/STM32F1xx_HAL_Driver/Src/stm32f1xx_hal_can.o
                0x0000000008003900                HAL_CAN_TxMailbox1AbortCallback
 .text.HAL_CAN_TxMailbox2AbortCallback
                0x0000000008003902        0x2 ./Drivers/STM32F1xx_HAL_Driver/Src/stm32f1xx_hal_can.o
                0x0000000008003902                HAL_CAN_TxMailbox2AbortCallback
 .text.HAL_CAN_RxFifo0FullCallback
                0x0000000008003904        0x2 ./Drivers/STM32F1xx_HAL_Driver/Src/stm32f1xx_hal_can.o
                0x0000000008003904                HAL_CAN_RxFifo0FullCallback
 .text.HAL_CAN_RxFifo1FullCallback
                0x0000000008003906        0x2 ./Drivers/STM32F1xx_HAL_Driver/Src/stm32f1xx_hal_can.o
                0x0000000008003906                HAL_CAN_RxFifo1FullCallback
 .text.HAL_CAN_SleepCallback
                0x0000000008003908        0x2 ./Drivers/STM32F1xx_HAL_Driver/Src/stm32f1xx_hal_can.o
                0x0000000008003908                HAL_CAN_SleepCallback
 .text.HAL_CAN_WakeUpFromRxMsgCallback
                0x000000000800390a        0x2 ./Drivers/STM32F1xx_HAL_Driver/Src/stm32f1xx_hal_can.o
                0x000000000800390a                HAL_CAN_WakeUpFromRxMsgCallback
 .text.HAL_CAN_ErrorCallback
                0x000000000800390c        0x2 ./Drivers/STM32F1xx_HAL_Driver/Src/stm32f1xx_hal_can.o
                0x000000000800390c                HAL_CAN_ErrorCallback
 .text.HAL_CAN_IRQHandler
                0x000000000800390e      0x1fc ./Drivers/STM32F1xx_HAL_Driver/Src/stm32f1xx_hal_can.o
                0x000000000800390e                HAL_CAN_IRQHandler
 *fill*         0x0000000008003b0a        0x2 
 .text.HAL_NVIC_SetPriorityGrouping
                0x0000000008003b0c       0x24 ./Drivers/STM32F1xx_HAL_Driver/Src/stm32f1xx_hal_cortex.o
                0x0000000008003b0c                HAL_NVIC_SetPriorityGrouping
 .text.HAL_NVIC_SetPriority
                0x0000000008003b30       0x64 ./Drivers/STM32F1xx_HAL_Driver/Src/stm32f1xx_hal_cortex.o
                0x0000000008003b30                HAL_NVIC_SetPriority
 .text.HAL_NVIC_EnableIRQ
                0x0000000008003b94       0x1c ./Drivers/STM32F1xx_HAL_Driver/Src/stm32f1xx_hal_cortex.o
                0x0000000008003b94                HAL_NVIC_EnableIRQ
 .text.HAL_SYSTICK_Config
                0x0000000008003bb0       0x28 ./Drivers/STM32F1xx_HAL_Driver/Src/stm32f1xx_hal_cortex.o
                0x0000000008003bb0                HAL_SYSTICK_Config
 .text.HAL_DMA_Init
                0x0000000008003bd8       0x7c ./Drivers/STM32F1xx_HAL_Driver/Src/stm32f1xx_hal_dma.o
                0x0000000008003bd8                HAL_DMA_Init
 .text.HAL_DMA_Start_IT
                0x0000000008003c54       0x78 ./Drivers/STM32F1xx_HAL_Driver/Src/stm32f1xx_hal_dma.o
                0x0000000008003c54                HAL_DMA_Start_IT
 .text.HAL_DMA_IRQHandler
                0x0000000008003ccc      0x27c ./Drivers/STM32F1xx_HAL_Driver/Src/stm32f1xx_hal_dma.o
                0x0000000008003ccc                HAL_DMA_IRQHandler
 .text.FLASH_SetErrorCode
                0x0000000008003f48       0x50 ./Drivers/STM32F1xx_HAL_Driver/Src/stm32f1xx_hal_flash.o
 .text.HAL_FLASH_Unlock
                0x0000000008003f98       0x24 ./Drivers/STM32F1xx_HAL_Driver/Src/stm32f1xx_hal_flash.o
                0x0000000008003f98                HAL_FLASH_Unlock
 .text.FLASH_WaitForLastOperation
                0x0000000008003fbc       0x54 ./Drivers/STM32F1xx_HAL_Driver/Src/stm32f1xx_hal_flash.o
                0x0000000008003fbc                FLASH_WaitForLastOperation
 .text.HAL_FLASH_Program
                0x0000000008004010       0xa0 ./Drivers/STM32F1xx_HAL_Driver/Src/stm32f1xx_hal_flash.o
                0x0000000008004010                HAL_FLASH_Program
 .text.FLASH_PageErase
                0x00000000080040b0       0x24 ./Drivers/STM32F1xx_HAL_Driver/Src/stm32f1xx_hal_flash_ex.o
                0x00000000080040b0                FLASH_PageErase
 .text.HAL_FLASHEx_Erase
                0x00000000080040d4       0xa8 ./Drivers/STM32F1xx_HAL_Driver/Src/stm32f1xx_hal_flash_ex.o
                0x00000000080040d4                HAL_FLASHEx_Erase
 .text.HAL_GPIO_Init
                0x000000000800417c      0x1b4 ./Drivers/STM32F1xx_HAL_Driver/Src/stm32f1xx_hal_gpio.o
                0x000000000800417c                HAL_GPIO_Init
 .text.HAL_PCD_Init
                0x0000000008004330      0x10a ./Drivers/STM32F1xx_HAL_Driver/Src/stm32f1xx_hal_pcd.o
                0x0000000008004330                HAL_PCD_Init
 .text.HAL_PCD_Start
                0x000000000800443a       0x2a ./Drivers/STM32F1xx_HAL_Driver/Src/stm32f1xx_hal_pcd.o
                0x000000000800443a                HAL_PCD_Start
 .text.HAL_PCD_Stop
                0x0000000008004464       0x32 ./Drivers/STM32F1xx_HAL_Driver/Src/stm32f1xx_hal_pcd.o
                0x0000000008004464                HAL_PCD_Stop
 *fill*         0x0000000008004496        0x2 
 .text.HAL_PCD_IRQHandler
                0x0000000008004498      0x498 ./Drivers/STM32F1xx_HAL_Driver/Src/stm32f1xx_hal_pcd.o
                0x0000000008004498                HAL_PCD_IRQHandler
 .text.HAL_PCD_SetAddress
                0x0000000008004930       0x28 ./Drivers/STM32F1xx_HAL_Driver/Src/stm32f1xx_hal_pcd.o
                0x0000000008004930                HAL_PCD_SetAddress
 .text.HAL_PCD_EP_Open
                0x0000000008004958       0x66 ./Drivers/STM32F1xx_HAL_Driver/Src/stm32f1xx_hal_pcd.o
                0x0000000008004958                HAL_PCD_EP_Open
 .text.HAL_PCD_EP_Receive
                0x00000000080049be       0x3a ./Drivers/STM32F1xx_HAL_Driver/Src/stm32f1xx_hal_pcd.o
                0x00000000080049be                HAL_PCD_EP_Receive
 .text.HAL_PCD_EP_Transmit
                0x00000000080049f8       0x36 ./Drivers/STM32F1xx_HAL_Driver/Src/stm32f1xx_hal_pcd.o
                0x00000000080049f8                HAL_PCD_EP_Transmit
 .text.HAL_PCD_EP_SetStall
                0x0000000008004a2e       0x6e ./Drivers/STM32F1xx_HAL_Driver/Src/stm32f1xx_hal_pcd.o
                0x0000000008004a2e                HAL_PCD_EP_SetStall
 .text.HAL_PCD_EP_ClrStall
                0x0000000008004a9c       0x62 ./Drivers/STM32F1xx_HAL_Driver/Src/stm32f1xx_hal_pcd.o
                0x0000000008004a9c                HAL_PCD_EP_ClrStall
 .text.HAL_PCDEx_SetTxFiFo
                0x0000000008004afe       0x40 ./Drivers/STM32F1xx_HAL_Driver/Src/stm32f1xx_hal_pcd_ex.o
                0x0000000008004afe                HAL_PCDEx_SetTxFiFo
 .text.HAL_PCDEx_SetRxFiFo
                0x0000000008004b3e        0x8 ./Drivers/STM32F1xx_HAL_Driver/Src/stm32f1xx_hal_pcd_ex.o
                0x0000000008004b3e                HAL_PCDEx_SetRxFiFo
 *fill*         0x0000000008004b46        0x2 
 .text.HAL_RCC_OscConfig
                0x0000000008004b48      0x3fc ./Drivers/STM32F1xx_HAL_Driver/Src/stm32f1xx_hal_rcc.o
                0x0000000008004b48                HAL_RCC_OscConfig
 .text.HAL_RCC_GetSysClockFreq
                0x0000000008004f44       0xc8 ./Drivers/STM32F1xx_HAL_Driver/Src/stm32f1xx_hal_rcc.o
                0x0000000008004f44                HAL_RCC_GetSysClockFreq
 .text.HAL_RCC_ClockConfig
                0x000000000800500c      0x138 ./Drivers/STM32F1xx_HAL_Driver/Src/stm32f1xx_hal_rcc.o
                0x000000000800500c                HAL_RCC_ClockConfig
 .text.HAL_RCC_GetHCLKFreq
                0x0000000008005144        0xc ./Drivers/STM32F1xx_HAL_Driver/Src/stm32f1xx_hal_rcc.o
                0x0000000008005144                HAL_RCC_GetHCLKFreq
 .text.HAL_RCC_GetPCLK1Freq
                0x0000000008005150       0x20 ./Drivers/STM32F1xx_HAL_Driver/Src/stm32f1xx_hal_rcc.o
                0x0000000008005150                HAL_RCC_GetPCLK1Freq
 .text.HAL_RCC_GetPCLK2Freq
                0x0000000008005170       0x20 ./Drivers/STM32F1xx_HAL_Driver/Src/stm32f1xx_hal_rcc.o
                0x0000000008005170                HAL_RCC_GetPCLK2Freq
 .text.HAL_RCCEx_PeriphCLKConfig
                0x0000000008005190      0x17c ./Drivers/STM32F1xx_HAL_Driver/Src/stm32f1xx_hal_rcc_ex.o
                0x0000000008005190                HAL_RCCEx_PeriphCLKConfig
 .text.HAL_RCCEx_GetPeriphCLKFreq
                0x000000000800530c      0x184 ./Drivers/STM32F1xx_HAL_Driver/Src/stm32f1xx_hal_rcc_ex.o
                0x000000000800530c                HAL_RCCEx_GetPeriphCLKFreq
 .text.TIM_OC1_SetConfig
                0x0000000008005490       0x50 ./Drivers/STM32F1xx_HAL_Driver/Src/stm32f1xx_hal_tim.o
 .text.TIM_OC3_SetConfig
                0x00000000080054e0       0x54 ./Drivers/STM32F1xx_HAL_Driver/Src/stm32f1xx_hal_tim.o
 .text.TIM_OC4_SetConfig
                0x0000000008005534       0x44 ./Drivers/STM32F1xx_HAL_Driver/Src/stm32f1xx_hal_tim.o
 .text.HAL_TIM_Base_Start_IT
                0x0000000008005578       0x5c ./Drivers/STM32F1xx_HAL_Driver/Src/stm32f1xx_hal_tim.o
                0x0000000008005578                HAL_TIM_Base_Start_IT
 .text.HAL_TIM_PWM_MspInit
                0x00000000080055d4        0x2 ./Drivers/STM32F1xx_HAL_Driver/Src/stm32f1xx_hal_tim.o
                0x00000000080055d4                HAL_TIM_PWM_MspInit
 .text.HAL_TIM_OC_DelayElapsedCallback
                0x00000000080055d6        0x2 ./Drivers/STM32F1xx_HAL_Driver/Src/stm32f1xx_hal_tim.o
                0x00000000080055d6                HAL_TIM_OC_DelayElapsedCallback
 .text.HAL_TIM_IC_CaptureCallback
                0x00000000080055d8        0x2 ./Drivers/STM32F1xx_HAL_Driver/Src/stm32f1xx_hal_tim.o
                0x00000000080055d8                HAL_TIM_IC_CaptureCallback
 .text.HAL_TIM_PWM_PulseFinishedCallback
                0x00000000080055da        0x2 ./Drivers/STM32F1xx_HAL_Driver/Src/stm32f1xx_hal_tim.o
                0x00000000080055da                HAL_TIM_PWM_PulseFinishedCallback
 .text.HAL_TIM_TriggerCallback
                0x00000000080055dc        0x2 ./Drivers/STM32F1xx_HAL_Driver/Src/stm32f1xx_hal_tim.o
                0x00000000080055dc                HAL_TIM_TriggerCallback
 .text.HAL_TIM_IRQHandler
                0x00000000080055de      0x144 ./Drivers/STM32F1xx_HAL_Driver/Src/stm32f1xx_hal_tim.o
                0x00000000080055de                HAL_TIM_IRQHandler
 *fill*         0x0000000008005722        0x2 
 .text.TIM_Base_SetConfig
                0x0000000008005724       0x80 ./Drivers/STM32F1xx_HAL_Driver/Src/stm32f1xx_hal_tim.o
                0x0000000008005724                TIM_Base_SetConfig
 .text.HAL_TIM_Base_Init
                0x00000000080057a4       0x58 ./Drivers/STM32F1xx_HAL_Driver/Src/stm32f1xx_hal_tim.o
                0x00000000080057a4                HAL_TIM_Base_Init
 .text.HAL_TIM_PWM_Init
                0x00000000080057fc       0x58 ./Drivers/STM32F1xx_HAL_Driver/Src/stm32f1xx_hal_tim.o
                0x00000000080057fc                HAL_TIM_PWM_Init
 .text.TIM_OC2_SetConfig
                0x0000000008005854       0x58 ./Drivers/STM32F1xx_HAL_Driver/Src/stm32f1xx_hal_tim.o
                0x0000000008005854                TIM_OC2_SetConfig
 .text.HAL_TIM_PWM_ConfigChannel
                0x00000000080058ac       0xb6 ./Drivers/STM32F1xx_HAL_Driver/Src/stm32f1xx_hal_tim.o
                0x00000000080058ac                HAL_TIM_PWM_ConfigChannel
 .text.TIM_ETR_SetConfig
                0x0000000008005962       0x14 ./Drivers/STM32F1xx_HAL_Driver/Src/stm32f1xx_hal_tim.o
                0x0000000008005962                TIM_ETR_SetConfig
 .text.HAL_TIM_ConfigClockSource
                0x0000000008005976      0x128 ./Drivers/STM32F1xx_HAL_Driver/Src/stm32f1xx_hal_tim.o
                0x0000000008005976                HAL_TIM_ConfigClockSource
 .text.TIM_CCxChannelCmd
                0x0000000008005a9e       0x1c ./Drivers/STM32F1xx_HAL_Driver/Src/stm32f1xx_hal_tim.o
                0x0000000008005a9e                TIM_CCxChannelCmd
 *fill*         0x0000000008005aba        0x2 
 .text.HAL_TIM_OC_Start
                0x0000000008005abc       0xac ./Drivers/STM32F1xx_HAL_Driver/Src/stm32f1xx_hal_tim.o
                0x0000000008005abc                HAL_TIM_OC_Start
 .text.HAL_TIM_PWM_Start
                0x0000000008005b68        0x4 ./Drivers/STM32F1xx_HAL_Driver/Src/stm32f1xx_hal_tim.o
                0x0000000008005b68                HAL_TIM_PWM_Start
 .text.HAL_TIMEx_MasterConfigSynchronization
                0x0000000008005b6c       0x64 ./Drivers/STM32F1xx_HAL_Driver/Src/stm32f1xx_hal_tim_ex.o
                0x0000000008005b6c                HAL_TIMEx_MasterConfigSynchronization
 .text.HAL_TIMEx_CommutCallback
                0x0000000008005bd0        0x2 ./Drivers/STM32F1xx_HAL_Driver/Src/stm32f1xx_hal_tim_ex.o
                0x0000000008005bd0                HAL_TIMEx_CommutCallback
 .text.HAL_TIMEx_BreakCallback
                0x0000000008005bd2        0x2 ./Drivers/STM32F1xx_HAL_Driver/Src/stm32f1xx_hal_tim_ex.o
                0x0000000008005bd2                HAL_TIMEx_BreakCallback
 .text.USB_CoreInit
                0x0000000008005bd4       0x50 ./Drivers/STM32F1xx_HAL_Driver/Src/stm32f1xx_ll_usb.o
                0x0000000008005bd4                USB_CoreInit
 .text.USB_SetTurnaroundTime
                0x0000000008005c24       0xe0 ./Drivers/STM32F1xx_HAL_Driver/Src/stm32f1xx_ll_usb.o
                0x0000000008005c24                USB_SetTurnaroundTime
 .text.USB_EnableGlobalInt
                0x0000000008005d04        0xc ./Drivers/STM32F1xx_HAL_Driver/Src/stm32f1xx_ll_usb.o
                0x0000000008005d04                USB_EnableGlobalInt
 .text.USB_DisableGlobalInt
                0x0000000008005d10        0xc ./Drivers/STM32F1xx_HAL_Driver/Src/stm32f1xx_ll_usb.o
                0x0000000008005d10                USB_DisableGlobalInt
 .text.USB_SetCurrentMode
                0x0000000008005d1c       0x5c ./Drivers/STM32F1xx_HAL_Driver/Src/stm32f1xx_ll_usb.o
                0x0000000008005d1c                USB_SetCurrentMode
 .text.USB_FlushTxFifo
                0x0000000008005d78       0x24 ./Drivers/STM32F1xx_HAL_Driver/Src/stm32f1xx_ll_usb.o
                0x0000000008005d78                USB_FlushTxFifo
 .text.USB_FlushRxFifo
                0x0000000008005d9c       0x20 ./Drivers/STM32F1xx_HAL_Driver/Src/stm32f1xx_ll_usb.o
                0x0000000008005d9c                USB_FlushRxFifo
 .text.USB_SetDevSpeed
                0x0000000008005dbc        0xe ./Drivers/STM32F1xx_HAL_Driver/Src/stm32f1xx_ll_usb.o
                0x0000000008005dbc                USB_SetDevSpeed
 *fill*         0x0000000008005dca        0x2 
 .text.USB_DevInit
                0x0000000008005dcc      0x130 ./Drivers/STM32F1xx_HAL_Driver/Src/stm32f1xx_ll_usb.o
                0x0000000008005dcc                USB_DevInit
 .text.USB_GetDevSpeed
                0x0000000008005efc       0x14 ./Drivers/STM32F1xx_HAL_Driver/Src/stm32f1xx_ll_usb.o
                0x0000000008005efc                USB_GetDevSpeed
 .text.USB_ActivateEndpoint
                0x0000000008005f10       0x7c ./Drivers/STM32F1xx_HAL_Driver/Src/stm32f1xx_ll_usb.o
                0x0000000008005f10                USB_ActivateEndpoint
 .text.USB_EP0StartXfer
                0x0000000008005f8c       0xc4 ./Drivers/STM32F1xx_HAL_Driver/Src/stm32f1xx_ll_usb.o
                0x0000000008005f8c                USB_EP0StartXfer
 .text.USB_WritePacket
                0x0000000008006050       0x1e ./Drivers/STM32F1xx_HAL_Driver/Src/stm32f1xx_ll_usb.o
                0x0000000008006050                USB_WritePacket
 *fill*         0x000000000800606e        0x2 
 .text.USB_EPStartXfer
                0x0000000008006070      0x164 ./Drivers/STM32F1xx_HAL_Driver/Src/stm32f1xx_ll_usb.o
                0x0000000008006070                USB_EPStartXfer
 .text.USB_ReadPacket
                0x00000000080061d4       0x40 ./Drivers/STM32F1xx_HAL_Driver/Src/stm32f1xx_ll_usb.o
                0x00000000080061d4                USB_ReadPacket
 .text.USB_EPSetStall
                0x0000000008006214       0x56 ./Drivers/STM32F1xx_HAL_Driver/Src/stm32f1xx_ll_usb.o
                0x0000000008006214                USB_EPSetStall
 .text.USB_EPClearStall
                0x000000000800626a       0x52 ./Drivers/STM32F1xx_HAL_Driver/Src/stm32f1xx_ll_usb.o
                0x000000000800626a                USB_EPClearStall
 .text.USB_SetDevAddress
                0x00000000080062bc       0x20 ./Drivers/STM32F1xx_HAL_Driver/Src/stm32f1xx_ll_usb.o
                0x00000000080062bc                USB_SetDevAddress
 .text.USB_DevConnect
                0x00000000080062dc       0x1c ./Drivers/STM32F1xx_HAL_Driver/Src/stm32f1xx_ll_usb.o
                0x00000000080062dc                USB_DevConnect
 .text.USB_DevDisconnect
                0x00000000080062f8       0x1c ./Drivers/STM32F1xx_HAL_Driver/Src/stm32f1xx_ll_usb.o
                0x00000000080062f8                USB_DevDisconnect
 .text.USB_ReadInterrupts
                0x0000000008006314        0x8 ./Drivers/STM32F1xx_HAL_Driver/Src/stm32f1xx_ll_usb.o
                0x0000000008006314                USB_ReadInterrupts
 .text.USB_ReadDevAllOutEpInterrupt
                0x000000000800631c       0x10 ./Drivers/STM32F1xx_HAL_Driver/Src/stm32f1xx_ll_usb.o
                0x000000000800631c                USB_ReadDevAllOutEpInterrupt
 .text.USB_ReadDevAllInEpInterrupt
                0x000000000800632c       0x10 ./Drivers/STM32F1xx_HAL_Driver/Src/stm32f1xx_ll_usb.o
                0x000000000800632c                USB_ReadDevAllInEpInterrupt
 .text.USB_ReadDevOutEPInterrupt
                0x000000000800633c       0x12 ./Drivers/STM32F1xx_HAL_Driver/Src/stm32f1xx_ll_usb.o
                0x000000000800633c                USB_ReadDevOutEPInterrupt
 .text.USB_ReadDevInEPInterrupt
                0x000000000800634e       0x24 ./Drivers/STM32F1xx_HAL_Driver/Src/stm32f1xx_ll_usb.o
                0x000000000800634e                USB_ReadDevInEPInterrupt
 .text.USB_GetMode
                0x0000000008006372        0x8 ./Drivers/STM32F1xx_HAL_Driver/Src/stm32f1xx_ll_usb.o
                0x0000000008006372                USB_GetMode
 .text.USB_ActivateSetup
                0x000000000800637a       0x20 ./Drivers/STM32F1xx_HAL_Driver/Src/stm32f1xx_ll_usb.o
                0x000000000800637a                USB_ActivateSetup
 *fill*         0x000000000800639a        0x2 
 .text.USB_EP0_OutStart
                0x000000000800639c       0x38 ./Drivers/STM32F1xx_HAL_Driver/Src/stm32f1xx_ll_usb.o
                0x000000000800639c                USB_EP0_OutStart
 .text._ZN9tNMEA200025SetN2kCANSendFrameBufSizeEt
                0x00000000080063d4        0xa ./Libs/NMEA2000_STM32/NMEA2000_STM32.o
                0x00000000080063d4                tNMEA2000::SetN2kCANSendFrameBufSize(unsigned short)
 .text._ZN9tNMEA200028SetN2kCANReceiveFrameBufSizeEt
                0x00000000080063de        0xa ./Libs/NMEA2000_STM32/NMEA2000_STM32.o
                0x00000000080063de                tNMEA2000::SetN2kCANReceiveFrameBufSize(unsigned short)
 .text._ZN19tPriorityRingBufferIN15tNMEA2000_STM3213CAN_message_tEED2Ev
                0x00000000080063e8       0x20 ./Libs/NMEA2000_STM32/NMEA2000_STM32.o
                0x00000000080063e8                tPriorityRingBuffer<tNMEA2000_STM32::CAN_message_t>::~tPriorityRingBuffer()
                0x00000000080063e8                tPriorityRingBuffer<tNMEA2000_STM32::CAN_message_t>::~tPriorityRingBuffer()
 .text._ZN19tPriorityRingBufferIN15tNMEA2000_STM3213CAN_message_tEED0Ev
                0x0000000008006408       0x14 ./Libs/NMEA2000_STM32/NMEA2000_STM32.o
                0x0000000008006408                tPriorityRingBuffer<tNMEA2000_STM32::CAN_message_t>::~tPriorityRingBuffer()
 .text._ZN15tNMEA2000_STM32C2EP19__CAN_HandleTypeDef
                0x000000000800641c       0x30 ./Libs/NMEA2000_STM32/NMEA2000_STM32.o
                0x000000000800641c                tNMEA2000_STM32::tNMEA2000_STM32(__CAN_HandleTypeDef*)
                0x000000000800641c                tNMEA2000_STM32::tNMEA2000_STM32(__CAN_HandleTypeDef*)
 .text._ZN15tNMEA2000_STM3217CANwriteTxMailboxEmhPKhb
                0x000000000800644c       0x4c ./Libs/NMEA2000_STM32/NMEA2000_STM32.o
                0x000000000800644c                tNMEA2000_STM32::CANwriteTxMailbox(unsigned long, unsigned char, unsigned char const*, bool)
 .text._ZN15tNMEA2000_STM3211N2kCAN_InitEv
                0x0000000008006498       0x9c ./Libs/NMEA2000_STM32/NMEA2000_STM32.o
                0x0000000008006498                tNMEA2000_STM32::N2kCAN_Init()
 .text._ZN15tNMEA2000_STM3215SetN2kCANFilterEP19__CAN_HandleTypeDefbmmm
                0x0000000008006534       0x84 ./Libs/NMEA2000_STM32/NMEA2000_STM32.o
                0x0000000008006534                tNMEA2000_STM32::SetN2kCANFilter(__CAN_HandleTypeDef*, bool, unsigned long, unsigned long, unsigned long)
 .text._ZN15tNMEA2000_STM327CANOpenEv
                0x00000000080065b8       0x48 ./Libs/NMEA2000_STM32/NMEA2000_STM32.o
                0x00000000080065b8                tNMEA2000_STM32::CANOpen()
 .text._Z6millisv
                0x0000000008006600        0x4 ./Libs/NMEA2000_STM32/NMEA2000_STM32.o
                0x0000000008006600                millis()
 .text._ZN19tPriorityRingBufferIN15tNMEA2000_STM3213CAN_message_tEE9getAddRefEh
                0x0000000008006604       0x70 ./Libs/NMEA2000_STM32/NMEA2000_STM32.o
                0x0000000008006604                tPriorityRingBuffer<tNMEA2000_STM32::CAN_message_t>::getAddRef(unsigned char)
 .text._ZN15tNMEA2000_STM3216CANreadTxMailboxEP19__CAN_HandleTypeDef
                0x0000000008006674       0x6a ./Libs/NMEA2000_STM32/NMEA2000_STM32.o
                0x0000000008006674                tNMEA2000_STM32::CANreadTxMailbox(__CAN_HandleTypeDef*)
 *fill*         0x00000000080066de        0x2 
 .text.HAL_CAN_RxFifo1MsgPendingCallback
                0x00000000080066e0       0x10 ./Libs/NMEA2000_STM32/NMEA2000_STM32.o
                0x00000000080066e0                HAL_CAN_RxFifo1MsgPendingCallback
 .text._ZN19tPriorityRingBufferIN15tNMEA2000_STM3213CAN_message_tEEC2Eth
                0x00000000080066f0       0x88 ./Libs/NMEA2000_STM32/NMEA2000_STM32.o
                0x00000000080066f0                tPriorityRingBuffer<tNMEA2000_STM32::CAN_message_t>::tPriorityRingBuffer(unsigned short, unsigned char)
                0x00000000080066f0                tPriorityRingBuffer<tNMEA2000_STM32::CAN_message_t>::tPriorityRingBuffer(unsigned short, unsigned char)
 .text._ZN15tNMEA2000_STM3219InitCANFrameBuffersEv
                0x0000000008006778       0xa2 ./Libs/NMEA2000_STM32/NMEA2000_STM32.o
                0x0000000008006778                tNMEA2000_STM32::InitCANFrameBuffers()
 .text._ZN19tPriorityRingBufferIN15tNMEA2000_STM3213CAN_message_tEE10getReadRefEh
                0x000000000800681a       0x84 ./Libs/NMEA2000_STM32/NMEA2000_STM32.o
                0x000000000800681a                tPriorityRingBuffer<tNMEA2000_STM32::CAN_message_t>::getReadRef(unsigned char)
 .text._ZN15tNMEA2000_STM3211CANGetFrameERmRhPh
                0x000000000800689e       0x6a ./Libs/NMEA2000_STM32/NMEA2000_STM32.o
                0x000000000800689e                tNMEA2000_STM32::CANGetFrame(unsigned long&, unsigned char&, unsigned char*)
 .text._ZN15tNMEA2000_STM3214sendFromTxRingEh
                0x0000000008006908       0x24 ./Libs/NMEA2000_STM32/NMEA2000_STM32.o
                0x0000000008006908                tNMEA2000_STM32::sendFromTxRing(unsigned char)
 .text._ZN15tNMEA2000_STM3212CANSendFrameEmhPKhb
                0x000000000800692c       0x86 ./Libs/NMEA2000_STM32/NMEA2000_STM32.o
                0x000000000800692c                tNMEA2000_STM32::CANSendFrame(unsigned long, unsigned char, unsigned char const*, bool)
 .text._ZN24tN2kGroupFunctionHandler54GetRequestGroupFunctionTransmissionOrPriorityErrorCodeEmtbmmbt
                0x00000000080069b2       0x40 ./Libs/NMEA2000_minimal/N2kGroupFunction.o
                0x00000000080069b2                tN2kGroupFunctionHandler::GetRequestGroupFunctionTransmissionOrPriorityErrorCode(unsigned long, unsigned short, bool, unsigned long, unsigned long, bool, unsigned short)
 .text._ZN24tN2kGroupFunctionHandler17HandleAcknowledgeERK7tN2kMsg29tN2kGroupFunctionPGNErrorCode48tN2kGroupFunctionTransmissionOrPriorityErrorCodehi
                0x00000000080069f2        0x4 ./Libs/NMEA2000_minimal/N2kGroupFunction.o
                0x00000000080069f2                tN2kGroupFunctionHandler::HandleAcknowledge(tN2kMsg const&, tN2kGroupFunctionPGNErrorCode, tN2kGroupFunctionTransmissionOrPriorityErrorCode, unsigned char, int)
 .text._ZN24tN2kGroupFunctionHandler21HandleReadFieldsReplyERK7tN2kMsgi
                0x00000000080069f6        0x4 ./Libs/NMEA2000_minimal/N2kGroupFunction.o
                0x00000000080069f6                tN2kGroupFunctionHandler::HandleWriteFieldsReply(tN2kMsg const&, int)
                0x00000000080069f6                tN2kGroupFunctionHandler::HandleReadFieldsReply(tN2kMsg const&, int)
 *fill*         0x00000000080069fa        0x2 
 .text._ZN24tN2kGroupFunctionHandlerC2EP9tNMEA2000m
                0x00000000080069fc       0x20 ./Libs/NMEA2000_minimal/N2kGroupFunction.o
                0x00000000080069fc                tN2kGroupFunctionHandler::tN2kGroupFunctionHandler(tNMEA2000*, unsigned long)
                0x00000000080069fc                tN2kGroupFunctionHandler::tN2kGroupFunctionHandler(tNMEA2000*, unsigned long)
 .text._ZN24tN2kGroupFunctionHandler22GetPGNForGroupFunctionERK7tN2kMsg
                0x0000000008006a1c       0x16 ./Libs/NMEA2000_minimal/N2kGroupFunction.o
                0x0000000008006a1c                tN2kGroupFunctionHandler::GetPGNForGroupFunction(tN2kMsg const&)
 *fill*         0x0000000008006a32        0x2 
 .text._ZN24tN2kGroupFunctionHandler5ParseERK7tN2kMsgR21tN2kGroupFunctionCodeRm
                0x0000000008006a34       0x24 ./Libs/NMEA2000_minimal/N2kGroupFunction.o
                0x0000000008006a34                tN2kGroupFunctionHandler::Parse(tN2kMsg const&, tN2kGroupFunctionCode&, unsigned long&)
 .text._ZN24tN2kGroupFunctionHandler18ParseRequestParamsERK7tN2kMsgRmRtRh
                0x0000000008006a58       0x4c ./Libs/NMEA2000_minimal/N2kGroupFunction.o
                0x0000000008006a58                tN2kGroupFunctionHandler::ParseRequestParams(tN2kMsg const&, unsigned long&, unsigned short&, unsigned char&)
 .text._ZN24tN2kGroupFunctionHandler31StartParseRequestPairParametersERK7tN2kMsgRi
                0x0000000008006aa4       0x18 ./Libs/NMEA2000_minimal/N2kGroupFunction.o
                0x0000000008006aa4                tN2kGroupFunctionHandler::StartParseRequestPairParameters(tN2kMsg const&, int&)
 .text._ZN24tN2kGroupFunctionHandler18ParseCommandParamsERK7tN2kMsgRhS3_
                0x0000000008006abc       0x38 ./Libs/NMEA2000_minimal/N2kGroupFunction.o
                0x0000000008006abc                tN2kGroupFunctionHandler::ParseCommandParams(tN2kMsg const&, unsigned char&, unsigned char&)
 .text._ZN24tN2kGroupFunctionHandler31StartParseCommandPairParametersERK7tN2kMsgRi
                0x0000000008006af4       0x18 ./Libs/NMEA2000_minimal/N2kGroupFunction.o
                0x0000000008006af4                tN2kGroupFunctionHandler::StartParseCommandPairParameters(tN2kMsg const&, int&)
 .text._ZN24tN2kGroupFunctionHandler22ParseAcknowledgeParamsERK7tN2kMsgR29tN2kGroupFunctionPGNErrorCodeR48tN2kGroupFunctionTransmissionOrPriorityErrorCodeRh
                0x0000000008006b0c       0x3c ./Libs/NMEA2000_minimal/N2kGroupFunction.o
                0x0000000008006b0c                tN2kGroupFunctionHandler::ParseAcknowledgeParams(tN2kMsg const&, tN2kGroupFunctionPGNErrorCode&, tN2kGroupFunctionTransmissionOrPriorityErrorCode&, unsigned char&)
 .text._ZN24tN2kGroupFunctionHandler22ParseReadOrWriteParamsERK7tN2kMsgRtRhS4_S4_S4_b
                0x0000000008006b48       0x64 ./Libs/NMEA2000_minimal/N2kGroupFunction.o
                0x0000000008006b48                tN2kGroupFunctionHandler::ParseReadOrWriteParams(tN2kMsg const&, unsigned short&, unsigned char&, unsigned char&, unsigned char&, unsigned char&, bool)
 .text._ZN24tN2kGroupFunctionHandler6HandleERK7tN2kMsg21tN2kGroupFunctionCodemi
                0x0000000008006bac      0x154 ./Libs/NMEA2000_minimal/N2kGroupFunction.o
                0x0000000008006bac                tN2kGroupFunctionHandler::Handle(tN2kMsg const&, tN2kGroupFunctionCode, unsigned long, int)
 .text._ZN24tN2kGroupFunctionHandler19SetStartAcknowledgeER7tN2kMsghm29tN2kGroupFunctionPGNErrorCode48tN2kGroupFunctionTransmissionOrPriorityErrorCodeh
                0x0000000008006d00       0x54 ./Libs/NMEA2000_minimal/N2kGroupFunction.o
                0x0000000008006d00                tN2kGroupFunctionHandler::SetStartAcknowledge(tN2kMsg&, unsigned char, unsigned long, tN2kGroupFunctionPGNErrorCode, tN2kGroupFunctionTransmissionOrPriorityErrorCode, unsigned char)
 .text._ZN24tN2kGroupFunctionHandler23AddAcknowledgeParameterER7tN2kMsgh35tN2kGroupFunctionParameterErrorCode
                0x0000000008006d54       0x2c ./Libs/NMEA2000_minimal/N2kGroupFunction.o
                0x0000000008006d54                tN2kGroupFunctionHandler::AddAcknowledgeParameter(tN2kMsg&, unsigned char, tN2kGroupFunctionParameterErrorCode)
 .text._ZN24tN2kGroupFunctionHandler15SendAcknowledgeEP9tNMEA2000him29tN2kGroupFunctionPGNErrorCode48tN2kGroupFunctionTransmissionOrPriorityErrorCodeh35tN2kGroupFunctionParameterErrorCode
                0x0000000008006d80       0x60 ./Libs/NMEA2000_minimal/N2kGroupFunction.o
                0x0000000008006d80                tN2kGroupFunctionHandler::SendAcknowledge(tNMEA2000*, unsigned char, int, unsigned long, tN2kGroupFunctionPGNErrorCode, tN2kGroupFunctionTransmissionOrPriorityErrorCode, unsigned char, tN2kGroupFunctionParameterErrorCode)
 .text._ZN24tN2kGroupFunctionHandler13HandleRequestERK7tN2kMsgmthi
                0x0000000008006de0       0x9c ./Libs/NMEA2000_minimal/N2kGroupFunction.o
                0x0000000008006de0                tN2kGroupFunctionHandler::HandleRequest(tN2kMsg const&, unsigned long, unsigned short, unsigned char, int)
 .text._ZN24tN2kGroupFunctionHandler13HandleCommandERK7tN2kMsghhi
                0x0000000008006e7c       0x54 ./Libs/NMEA2000_minimal/N2kGroupFunction.o
                0x0000000008006e7c                tN2kGroupFunctionHandler::HandleCommand(tN2kMsg const&, unsigned char, unsigned char, int)
 .text._ZN24tN2kGroupFunctionHandler16HandleReadFieldsERK7tN2kMsgthhhhi
                0x0000000008006ed0       0x56 ./Libs/NMEA2000_minimal/N2kGroupFunction.o
                0x0000000008006ed0                tN2kGroupFunctionHandler::HandleWriteFields(tN2kMsg const&, unsigned short, unsigned char, unsigned char, unsigned char, unsigned char, int)
                0x0000000008006ed0                tN2kGroupFunctionHandler::HandleReadFields(tN2kMsg const&, unsigned short, unsigned char, unsigned char, unsigned char, unsigned char, int)
 .text._ZN35tN2kGroupFunctionHandlerForPGN6092813HandleCommandERK7tN2kMsghhi
                0x0000000008006f26       0xb2 ./Libs/NMEA2000_minimal/N2kGroupFunctionDefaultHandlers.o
                0x0000000008006f26                tN2kGroupFunctionHandlerForPGN60928::HandleCommand(tN2kMsg const&, unsigned char, unsigned char, int)
 .text._ZN36tN2kGroupFunctionHandlerForPGN12646413HandleRequestERK7tN2kMsgmthi
                0x0000000008006fd8      0x126 ./Libs/NMEA2000_minimal/N2kGroupFunctionDefaultHandlers.o
                0x0000000008006fd8                tN2kGroupFunctionHandlerForPGN126464::HandleRequest(tN2kMsg const&, unsigned long, unsigned short, unsigned char, int)
 .text._ZN36tN2kGroupFunctionHandlerForPGN12699813HandleCommandERK7tN2kMsghhi
                0x00000000080070fe       0xa8 ./Libs/NMEA2000_minimal/N2kGroupFunctionDefaultHandlers.o
                0x00000000080070fe                tN2kGroupFunctionHandlerForPGN126998::HandleCommand(tN2kMsg const&, unsigned char, unsigned char, int)
 .text._ZN35tN2kGroupFunctionHandlerForPGN6092813HandleRequestERK7tN2kMsgmthi
                0x00000000080071a6      0x1e4 ./Libs/NMEA2000_minimal/N2kGroupFunctionDefaultHandlers.o
                0x00000000080071a6                tN2kGroupFunctionHandlerForPGN60928::HandleRequest(tN2kMsg const&, unsigned long, unsigned short, unsigned char, int)
 .text._ZN24tN2kGroupFunctionHandler17MatchRequestFieldEPKcS1_RbR35tN2kGroupFunctionParameterErrorCode
                0x000000000800738a       0x28 ./Libs/NMEA2000_minimal/N2kGroupFunctionDefaultHandlers.o
                0x000000000800738a                tN2kGroupFunctionHandler::MatchRequestField(char const*, char const*, bool&, tN2kGroupFunctionParameterErrorCode&)
 .text._ZN36tN2kGroupFunctionHandlerForPGN12699813HandleRequestERK7tN2kMsgmthi
                0x00000000080073b2      0x16e ./Libs/NMEA2000_minimal/N2kGroupFunctionDefaultHandlers.o
                0x00000000080073b2                tN2kGroupFunctionHandlerForPGN126998::HandleRequest(tN2kMsg const&, unsigned long, unsigned short, unsigned char, int)
 .text._ZN36tN2kGroupFunctionHandlerForPGN12699613HandleRequestERK7tN2kMsgmthi
                0x0000000008007520      0x1e4 ./Libs/NMEA2000_minimal/N2kGroupFunctionDefaultHandlers.o
                0x0000000008007520                tN2kGroupFunctionHandlerForPGN126996::HandleRequest(tN2kMsg const&, unsigned long, unsigned short, unsigned char, int)
 .text._ZN36tN2kGroupFunctionHandlerForPGN12699313HandleRequestERK7tN2kMsgmthi
                0x0000000008007704       0xd4 ./Libs/NMEA2000_minimal/N2kGroupFunctionDefaultHandlers.o
                0x0000000008007704                tN2kGroupFunctionHandlerForPGN126993::HandleRequest(tN2kMsg const&, unsigned long, unsigned short, unsigned char, int)
 .text._Z15SetN2kPGN127506R7tN2kMsghh10tN2kDCTypehhddd
                0x00000000080077d8       0xd8 ./Libs/NMEA2000_minimal/N2kMessages.o
                0x00000000080077d8                SetN2kPGN127506(tN2kMsg&, unsigned char, unsigned char, tN2kDCType, unsigned char, unsigned char, double, double, double)
 .text._Z15SetN2kPGN127507R7tN2kMsghh15tN2kChargeState15tN2kChargerMode9tN2kOnOffS3_d
                0x00000000080078b0       0x98 ./Libs/NMEA2000_minimal/N2kMessages.o
                0x00000000080078b0                SetN2kPGN127507(tN2kMsg&, unsigned char, unsigned char, tN2kChargeState, tN2kChargerMode, tN2kOnOff, tN2kOnOff, double)
 .text._Z15SetN2kPGN127508R7tN2kMsghdddh
                0x0000000008007948       0xa4 ./Libs/NMEA2000_minimal/N2kMessages.o
                0x0000000008007948                SetN2kPGN127508(tN2kMsg&, unsigned char, double, double, double, unsigned char)
 *fill*         0x00000000080079ec        0x4 
 .text._Z15SetN2kPGN127513R7tN2kMsgh11tN2kBatType16tN2kBatEqSupport14tN2kBatNomVolt11tN2kBatChemdada
                0x00000000080079f0      0x11c ./Libs/NMEA2000_minimal/N2kMessages.o
                0x00000000080079f0                SetN2kPGN127513(tN2kMsg&, unsigned char, tN2kBatType, tN2kBatEqSupport, tN2kBatNomVolt, tN2kBatChem, double, signed char, double, signed char)
 .text._ZN7tN2kMsg5ClearEv
                0x0000000008007b0c        0xc ./Libs/NMEA2000_minimal/N2kMsg.o
                0x0000000008007b0c                tN2kMsg::Clear()
 .text.round    0x0000000008007b18       0x38 ./Libs/NMEA2000_minimal/N2kMsg.o
                0x0000000008007b18                round
 .text._ZN7tN2kMsg6SetPGNEm
                0x0000000008007b50       0x1c ./Libs/NMEA2000_minimal/N2kMsg.o
                0x0000000008007b50                tN2kMsg::SetPGN(unsigned long)
 .text._ZN7tN2kMsg4InitEhmhh
                0x0000000008007b6c       0x24 ./Libs/NMEA2000_minimal/N2kMsg.o
                0x0000000008007b6c                tN2kMsg::Init(unsigned char, unsigned long, unsigned char, unsigned char)
 .text._ZN7tN2kMsg9ResetDataEv
                0x0000000008007b90       0x10 ./Libs/NMEA2000_minimal/N2kMsg.o
                0x0000000008007b90                tN2kMsg::ResetData()
 .text._ZN7tN2kMsgC2Ehhmi
                0x0000000008007ba0       0x40 ./Libs/NMEA2000_minimal/N2kMsg.o
                0x0000000008007ba0                tN2kMsg::tN2kMsg(unsigned char, unsigned char, unsigned long, int)
                0x0000000008007ba0                tN2kMsg::tN2kMsg(unsigned char, unsigned char, unsigned long, int)
 .text._ZN7tN2kMsg7AddByteEh
                0x0000000008007be0        0xc ./Libs/NMEA2000_minimal/N2kMsg.o
                0x0000000008007be0                tN2kMsg::AddByte(unsigned char)
 .text._ZNK7tN2kMsg7GetByteERi
                0x0000000008007bec       0x16 ./Libs/NMEA2000_minimal/N2kMsg.o
                0x0000000008007bec                tN2kMsg::GetByte(int&) const
 .text._ZNK7tN2kMsg6GetStrEjPcjhRi
                0x0000000008007c02       0xb0 ./Libs/NMEA2000_minimal/N2kMsg.o
                0x0000000008007c02                tN2kMsg::GetStr(unsigned int, char*, unsigned int, unsigned char, int&) const
 .text._ZNK7tN2kMsg9GetVarStrERjPcRi
                0x0000000008007cb2       0x46 ./Libs/NMEA2000_minimal/N2kMsg.o
                0x0000000008007cb2                tN2kMsg::GetVarStr(unsigned int&, char*, int&) const
 .text._Z15GetBuf8ByteUIntRiPKh
                0x0000000008007cf8       0x1c ./Libs/NMEA2000_minimal/N2kMsg.o
                0x0000000008007cf8                GetBuf8ByteUInt(int&, unsigned char const*)
 .text._ZNK7tN2kMsg9GetUInt64ERiy
                0x0000000008007d14       0x24 ./Libs/NMEA2000_minimal/N2kMsg.o
                0x0000000008007d14                tN2kMsg::GetUInt64(int&, unsigned long long) const
 .text._Z17SetBuf2ByteDoubleddRiPh
                0x0000000008007d38       0x54 ./Libs/NMEA2000_minimal/N2kMsg.o
                0x0000000008007d38                SetBuf2ByteDouble(double, double, int&, unsigned char*)
 *fill*         0x0000000008007d8c        0x4 
 .text._Z18SetBuf2ByteUDoubleddRiPh
                0x0000000008007d90       0x50 ./Libs/NMEA2000_minimal/N2kMsg.o
                0x0000000008007d90                SetBuf2ByteUDouble(double, double, int&, unsigned char*)
 .text._Z18SetBuf1ByteUDoubleddRiPh
                0x0000000008007de0       0x50 ./Libs/NMEA2000_minimal/N2kMsg.o
                0x0000000008007de0                SetBuf1ByteUDouble(double, double, int&, unsigned char*)
 .text._ZN7tN2kMsg15Add1ByteUDoubleEddd
                0x0000000008007e30       0x42 ./Libs/NMEA2000_minimal/N2kMsg.o
                0x0000000008007e30                tN2kMsg::Add1ByteUDouble(double, double, double)
 .text._Z14SetBuf2ByteIntsRiPh
                0x0000000008007e72        0xc ./Libs/NMEA2000_minimal/N2kMsg.o
                0x0000000008007e72                SetBuf2ByteInt(short, int&, unsigned char*)
 .text._ZN7tN2kMsg11Add2ByteIntEs
                0x0000000008007e7e       0x10 ./Libs/NMEA2000_minimal/N2kMsg.o
                0x0000000008007e7e                tN2kMsg::Add2ByteInt(short)
 .text._Z15SetBuf2ByteUInttRiPh
                0x0000000008007e8e        0xc ./Libs/NMEA2000_minimal/N2kMsg.o
                0x0000000008007e8e                SetBuf2ByteUInt(unsigned short, int&, unsigned char*)
 .text._ZN7tN2kMsg14Add2ByteDoubleEddd
                0x0000000008007e9a       0x46 ./Libs/NMEA2000_minimal/N2kMsg.o
                0x0000000008007e9a                tN2kMsg::Add2ByteDouble(double, double, double)
 .text._ZN7tN2kMsg15Add2ByteUDoubleEddd
                0x0000000008007ee0       0x46 ./Libs/NMEA2000_minimal/N2kMsg.o
                0x0000000008007ee0                tN2kMsg::Add2ByteUDouble(double, double, double)
 .text._ZN7tN2kMsg12Add2ByteUIntEt
                0x0000000008007f26       0x10 ./Libs/NMEA2000_minimal/N2kMsg.o
                0x0000000008007f26                tN2kMsg::Add2ByteUInt(unsigned short)
 .text._Z15SetBuf4ByteUIntmRiPh
                0x0000000008007f36        0xc ./Libs/NMEA2000_minimal/N2kMsg.o
                0x0000000008007f36                SetBuf4ByteUInt(unsigned long, int&, unsigned char*)
 .text._ZN7tN2kMsg12Add4ByteUIntEm
                0x0000000008007f42       0x10 ./Libs/NMEA2000_minimal/N2kMsg.o
                0x0000000008007f42                tN2kMsg::Add4ByteUInt(unsigned long)
 .text._Z12SetBufUInt64yRiPh
                0x0000000008007f52       0x1c ./Libs/NMEA2000_minimal/N2kMsg.o
                0x0000000008007f52                SetBufUInt64(unsigned long long, int&, unsigned char*)
 .text._ZN7tN2kMsg9AddUInt64Ey
                0x0000000008007f6e       0x18 ./Libs/NMEA2000_minimal/N2kMsg.o
                0x0000000008007f6e                tN2kMsg::AddUInt64(unsigned long long)
 .text._Z9SetBufStrPKciRiPhbh
                0x0000000008007f86       0x4e ./Libs/NMEA2000_minimal/N2kMsg.o
                0x0000000008007f86                SetBufStr(char const*, int, int&, unsigned char*, bool, unsigned char)
 .text._ZN7tN2kMsg6AddStrEPKcib
                0x0000000008007fd4       0x1e ./Libs/NMEA2000_minimal/N2kMsg.o
                0x0000000008007fd4                tN2kMsg::AddStr(char const*, int, bool)
 *fill*         0x0000000008007ff2        0x2 
 .text._Z8PrintBufP9N2kStreamhPKhb
                0x0000000008007ff4       0x4c ./Libs/NMEA2000_minimal/N2kMsg.o
                0x0000000008007ff4                PrintBuf(N2kStream*, unsigned char, unsigned char const*, bool)
 .text._ZNK7tN2kMsg5PrintEP9N2kStreamb
                0x0000000008008040       0xd0 ./Libs/NMEA2000_minimal/N2kMsg.o
                0x0000000008008040                tN2kMsg::Print(N2kStream*, bool) const
 .text._Z19AddByteEscapedToBufhRhPhRi
                0x0000000008008110       0x20 ./Libs/NMEA2000_minimal/N2kMsg.o
                0x0000000008008110                AddByteEscapedToBuf(unsigned char, unsigned char&, unsigned char*, int&)
 .text._ZNK7tN2kMsg21SendInActisenseFormatEP9N2kStream
                0x0000000008008130      0x140 ./Libs/NMEA2000_minimal/N2kMsg.o
                0x0000000008008130                tN2kMsg::SendInActisenseFormat(N2kStream*) const
 .text._Z6SetBufIlEvT_jRiPh
                0x0000000008008270       0x1e ./Libs/NMEA2000_minimal/N2kMsg.o
                0x0000000008008270                void SetBuf<long>(long, unsigned int, int&, unsigned char*)
 .text._Z14SetBuf3ByteIntlRiPh
                0x000000000800828e        0xe ./Libs/NMEA2000_minimal/N2kMsg.o
                0x000000000800828e                SetBuf3ByteInt(long, int&, unsigned char*)
 .text._ZN7tN2kMsg11Add3ByteIntEl
                0x000000000800829c       0x10 ./Libs/NMEA2000_minimal/N2kMsg.o
                0x000000000800829c                tN2kMsg::Add3ByteInt(long)
 .text._Z6GetBufItET_jRiPKh
                0x00000000080082ac       0x28 ./Libs/NMEA2000_minimal/N2kMsg.o
                0x00000000080082ac                unsigned short GetBuf<unsigned short>(unsigned int, int&, unsigned char const*)
 .text._Z15GetBuf2ByteUIntRiPKh
                0x00000000080082d4        0xe ./Libs/NMEA2000_minimal/N2kMsg.o
                0x00000000080082d4                GetBuf2ByteUInt(int&, unsigned char const*)
 .text._ZNK7tN2kMsg12Get2ByteUIntERit
                0x00000000080082e2       0x22 ./Libs/NMEA2000_minimal/N2kMsg.o
                0x00000000080082e2                tN2kMsg::Get2ByteUInt(int&, unsigned short) const
 .text._Z6GetBufImET_jRiPKh
                0x0000000008008304       0x22 ./Libs/NMEA2000_minimal/N2kMsg.o
                0x0000000008008304                unsigned long GetBuf<unsigned long>(unsigned int, int&, unsigned char const*)
 .text._Z15GetBuf3ByteUIntRiPKh
                0x0000000008008326        0xe ./Libs/NMEA2000_minimal/N2kMsg.o
                0x0000000008008326                GetBuf3ByteUInt(int&, unsigned char const*)
 .text._ZNK7tN2kMsg12Get3ByteUIntERim
                0x0000000008008334       0x22 ./Libs/NMEA2000_minimal/N2kMsg.o
                0x0000000008008334                tN2kMsg::Get3ByteUInt(int&, unsigned long) const
 .text._Z15GetBuf4ByteUIntRiPKh
                0x0000000008008356        0xe ./Libs/NMEA2000_minimal/N2kMsg.o
                0x0000000008008356                GetBuf4ByteUInt(int&, unsigned char const*)
 .text._ZNK7tN2kMsg12Get4ByteUIntERim
                0x0000000008008364       0x22 ./Libs/NMEA2000_minimal/N2kMsg.o
                0x0000000008008364                tN2kMsg::Get4ByteUInt(int&, unsigned long) const
 .text._ZN9N2kStream5printEPKc
                0x0000000008008386       0x20 ./Libs/NMEA2000_minimal/N2kStream.o
                0x0000000008008386                N2kStream::print(char const*)
 *fill*         0x00000000080083a6        0x2 
 .text._ZN9N2kStream5printEih
                0x00000000080083a8       0x4c ./Libs/NMEA2000_minimal/N2kStream.o
                0x00000000080083a8                N2kStream::print(int, unsigned char)
 .text._ZN9N2kStream7printlnEPKc
                0x00000000080083f4       0x1c ./Libs/NMEA2000_minimal/N2kStream.o
                0x00000000080083f4                N2kStream::println(char const*)
 .text._ZN9N2kStream7printlnEih
                0x0000000008008410       0x1c ./Libs/NMEA2000_minimal/N2kStream.o
                0x0000000008008410                N2kStream::println(int, unsigned char)
 .text._Z9N2kMillisv
                0x000000000800842c        0x4 ./Libs/NMEA2000_minimal/N2kTimer.o
                0x000000000800842c                N2kMillis()
 .text._Z11N2kMillis64v
                0x0000000008008430       0x24 ./Libs/NMEA2000_minimal/N2kTimer.o
                0x0000000008008430                N2kMillis64()
 .text._ZN13tN2kScheduler3NowEv
                0x0000000008008454        0x4 ./Libs/NMEA2000_minimal/N2kTimer.o
                0x0000000008008454                tN2kScheduler::Now()
 .text._ZN9tNMEA200019InitCANFrameBuffersEv
                0x0000000008008458       0x26 ./Libs/NMEA2000_minimal/NMEA2000.o
                0x0000000008008458                tNMEA2000::InitCANFrameBuffers()
 .text._ZNK9tNMEA200013IsReadyToSendEv.isra.0
                0x000000000800847e       0x18 ./Libs/NMEA2000_minimal/NMEA2000.o
 .text._ZNK13tN2kScheduler6IsTimeEv
                0x0000000008008496       0x24 ./Libs/NMEA2000_minimal/NMEA2000.o
                0x0000000008008496                tN2kScheduler::IsTime() const
 .text._ZN13tN2kScheduler7FromNowEm
                0x00000000080084ba       0x18 ./Libs/NMEA2000_minimal/NMEA2000.o
                0x00000000080084ba                tN2kScheduler::FromNow(unsigned long)
 .text._ZN9tNMEA200015tInternalDevice27UpdateAddressClaimEndSourceEv
                0x00000000080084d2       0x14 ./Libs/NMEA2000_minimal/NMEA2000.o
                0x00000000080084d2                tNMEA2000::tInternalDevice::UpdateAddressClaimEndSource()
 .text._ZN9tNMEA200015tInternalDevice27UpdateHasPendingInformationEv
                0x00000000080084e6       0x1c ./Libs/NMEA2000_minimal/NMEA2000.o
                0x00000000080084e6                tNMEA2000::tInternalDevice::UpdateHasPendingInformation()
 .text._ZNK9tNMEA200013IsValidDeviceEi
                0x0000000008008502       0x14 ./Libs/NMEA2000_minimal/NMEA2000.o
                0x0000000008008502                tNMEA2000::IsValidDevice(int) const
 .text._Z26IsSingleFrameSystemMessagem
                0x0000000008008516       0x22 ./Libs/NMEA2000_minimal/NMEA2000.o
                0x0000000008008516                IsSingleFrameSystemMessage(unsigned long)
 .text._Z25IsFastPacketSystemMessagem
                0x0000000008008538       0x1c ./Libs/NMEA2000_minimal/NMEA2000.o
                0x0000000008008538                IsFastPacketSystemMessage(unsigned long)
 .text._Z27IsDefaultSingleFrameMessagem
                0x0000000008008554       0xb4 ./Libs/NMEA2000_minimal/NMEA2000.o
                0x0000000008008554                IsDefaultSingleFrameMessage(unsigned long)
 .text._Z28IsMandatoryFastPacketMessagem
                0x0000000008008608       0x1c ./Libs/NMEA2000_minimal/NMEA2000.o
                0x0000000008008608                IsMandatoryFastPacketMessage(unsigned long)
 .text._Z26IsDefaultFastPacketMessagem
                0x0000000008008624      0x12c ./Libs/NMEA2000_minimal/NMEA2000.o
                0x0000000008008624                IsDefaultFastPacketMessage(unsigned long)
 .text._Z30IsProprietaryFastPacketMessagem
                0x0000000008008750       0x20 ./Libs/NMEA2000_minimal/NMEA2000.o
                0x0000000008008750                IsProprietaryFastPacketMessage(unsigned long)
 .text._ZN9tNMEA200020IsProprietaryMessageEm
                0x0000000008008770       0x22 ./Libs/NMEA2000_minimal/NMEA2000.o
                0x0000000008008770                tNMEA2000::IsProprietaryMessage(unsigned long)
 .text._ZN9tNMEA200010SetCharBufEPKcjPc
                0x0000000008008792       0x38 ./Libs/NMEA2000_minimal/NMEA2000.o
                0x0000000008008792                tNMEA2000::SetCharBuf(char const*, unsigned int, char*)
 *fill*         0x00000000080087ca        0x2 
 .text._ZN9tNMEA2000C2Ev
                0x00000000080087cc       0x78 ./Libs/NMEA2000_minimal/NMEA2000.o
                0x00000000080087cc                tNMEA2000::tNMEA2000()
                0x00000000080087cc                tNMEA2000::tNMEA2000()
 .text._ZN9tNMEA200027SetConfigurationInformationEPKcS1_S1_
                0x0000000008008844       0x82 ./Libs/NMEA2000_minimal/NMEA2000.o
                0x0000000008008844                tNMEA2000::SetConfigurationInformation(char const*, char const*, char const*)
 .text._ZN9tNMEA200034SetProgmemConfigurationInformationEPKcS1_S1_
                0x00000000080088c6       0x1e ./Libs/NMEA2000_minimal/NMEA2000.o
                0x00000000080088c6                tNMEA2000::SetProgmemConfigurationInformation(char const*, char const*, char const*)
 .text._Z17CopyProgmemStringPKcjPc
                0x00000000080088e4       0x38 ./Libs/NMEA2000_minimal/NMEA2000.o
                0x00000000080088e4                CopyProgmemString(char const*, unsigned int, char*)
 .text._ZN9tNMEA20007IsTxPGNEmi
                0x000000000800891c       0x48 ./Libs/NMEA2000_minimal/NMEA2000.o
                0x000000000800891c                tNMEA2000::IsTxPGN(unsigned long, int)
 .text._ZNK9tNMEA200021GetProductInformationEiRb
                0x0000000008008964       0x34 ./Libs/NMEA2000_minimal/NMEA2000.o
                0x0000000008008964                tNMEA2000::GetProductInformation(int, bool&) const
 .text._ZNK9tNMEA200013GetN2kVersionEi
                0x0000000008008998       0x14 ./Libs/NMEA2000_minimal/NMEA2000.o
                0x0000000008008998                tNMEA2000::GetN2kVersion(int) const
 .text._ZNK9tNMEA200014GetProductCodeEi
                0x00000000080089ac       0x14 ./Libs/NMEA2000_minimal/NMEA2000.o
                0x00000000080089ac                tNMEA2000::GetProductCode(int) const
 .text._ZNK9tNMEA200010GetModelIDEPcji
                0x00000000080089c0       0x32 ./Libs/NMEA2000_minimal/NMEA2000.o
                0x00000000080089c0                tNMEA2000::GetModelID(char*, unsigned int, int) const
 .text._ZNK9tNMEA200021GetCertificationLevelEi
                0x00000000080089f2       0x16 ./Libs/NMEA2000_minimal/NMEA2000.o
                0x00000000080089f2                tNMEA2000::GetCertificationLevel(int) const
 .text._ZNK9tNMEA200018GetLoadEquivalencyEi
                0x0000000008008a08       0x16 ./Libs/NMEA2000_minimal/NMEA2000.o
                0x0000000008008a08                tNMEA2000::GetLoadEquivalency(int) const
 .text._ZN9tNMEA200027SetInstallationDescription2EPKc
                0x0000000008008a1e       0x28 ./Libs/NMEA2000_minimal/NMEA2000.o
                0x0000000008008a1e                tNMEA2000::SetInstallationDescription2(char const*)
 .text._ZN9tNMEA200042CopyProgmemConfigurationInformationToLocalEv
                0x0000000008008a46       0x4c ./Libs/NMEA2000_minimal/NMEA2000.o
                0x0000000008008a46                tNMEA2000::CopyProgmemConfigurationInformationToLocal()
 .text._ZN9tNMEA200027SetInstallationDescription1EPKc
                0x0000000008008a92       0x26 ./Libs/NMEA2000_minimal/NMEA2000.o
                0x0000000008008a92                tNMEA2000::SetInstallationDescription1(char const*)
 .text._ZN9tNMEA200027GetInstallationDescription1EPcj
                0x0000000008008ab8       0x1e ./Libs/NMEA2000_minimal/NMEA2000.o
                0x0000000008008ab8                tNMEA2000::GetInstallationDescription1(char*, unsigned int)
 .text._ZN9tNMEA200027GetInstallationDescription2EPcj
                0x0000000008008ad6       0x1e ./Libs/NMEA2000_minimal/NMEA2000.o
                0x0000000008008ad6                tNMEA2000::GetInstallationDescription2(char*, unsigned int)
 .text._ZN9tNMEA200026GetManufacturerInformationEPcj
                0x0000000008008af4       0x1c ./Libs/NMEA2000_minimal/NMEA2000.o
                0x0000000008008af4                tNMEA2000::GetManufacturerInformation(char*, unsigned int)
 .text._ZN9tNMEA200020SetDeviceInformationEmhhthi
                0x0000000008008b10       0xa8 ./Libs/NMEA2000_minimal/NMEA2000.o
                0x0000000008008b10                tNMEA2000::SetDeviceInformation(unsigned long, unsigned char, unsigned char, unsigned short, unsigned char, int)
 .text._ZN9tNMEA200011InitDevicesEv
                0x0000000008008bb8       0xf8 ./Libs/NMEA2000_minimal/NMEA2000.o
                0x0000000008008bb8                tNMEA2000::InitDevices()
 .text._ZN9tNMEA200021SetProductInformationEPKNS_19tProductInformationEi
                0x0000000008008cb0       0x34 ./Libs/NMEA2000_minimal/NMEA2000.o
                0x0000000008008cb0                tNMEA2000::SetProductInformation(tNMEA2000::tProductInformation const*, int)
 .text._ZN9tNMEA200022ExtendTransmitMessagesEPKmi
                0x0000000008008ce4       0x24 ./Libs/NMEA2000_minimal/NMEA2000.o
                0x0000000008008ce4                tNMEA2000::ExtendTransmitMessages(unsigned long const*, int)
 .text._ZN9tNMEA20007SetModeENS_8tN2kModeEh
                0x0000000008008d08       0x3a ./Libs/NMEA2000_minimal/NMEA2000.o
                0x0000000008008d08                tNMEA2000::SetMode(tNMEA2000::tN2kMode, unsigned char)
 .text._Z10CanIdToN2kmRhRmS_S_
                0x0000000008008d42       0x3c ./Libs/NMEA2000_minimal/NMEA2000.o
                0x0000000008008d42                CanIdToN2k(unsigned long, unsigned char&, unsigned long&, unsigned char&, unsigned char&)
 .text._Z10N2ktoCanIDhmmh
                0x0000000008008d7e       0x30 ./Libs/NMEA2000_minimal/NMEA2000.o
                0x0000000008008d7e                N2ktoCanID(unsigned char, unsigned long, unsigned long, unsigned char)
 .text._ZN9tNMEA200010SendFramesEv
                0x0000000008008dae       0x4c ./Libs/NMEA2000_minimal/NMEA2000.o
                0x0000000008008dae                tNMEA2000::SendFrames()
 *fill*         0x0000000008008dfa        0x2 
 .text._ZN9tNMEA200029SetHeartbeatIntervalAndOffsetEmmi
                0x0000000008008dfc       0xa8 ./Libs/NMEA2000_minimal/NMEA2000.o
                0x0000000008008dfc                tNMEA2000::SetHeartbeatIntervalAndOffset(unsigned long, unsigned long, int)
 .text._ZN9tNMEA200023GetNextFreeCANSendFrameEv
                0x0000000008008ea4       0x30 ./Libs/NMEA2000_minimal/NMEA2000.o
                0x0000000008008ea4                tNMEA2000::GetNextFreeCANSendFrame()
 .text._ZN9tNMEA20009SendFrameEmhPKhb
                0x0000000008008ed4       0x60 ./Libs/NMEA2000_minimal/NMEA2000.o
                0x0000000008008ed4                tNMEA2000::SendFrame(unsigned long, unsigned char, unsigned char const*, bool)
 .text._ZN9tNMEA200015IsFastPacketPGNEm
                0x0000000008008f34       0x5a ./Libs/NMEA2000_minimal/NMEA2000.o
                0x0000000008008f34                tNMEA2000::IsFastPacketPGN(unsigned long)
 *fill*         0x0000000008008f8e        0x2 
 .text._ZN9tNMEA200023GetFastPacketTxPGNCountEi
                0x0000000008008f90       0x54 ./Libs/NMEA2000_minimal/NMEA2000.o
                0x0000000008008f90                tNMEA2000::GetFastPacketTxPGNCount(int)
 .text._ZN9tNMEA200018GetSequenceCounterEmi
                0x0000000008008fe4       0xb0 ./Libs/NMEA2000_minimal/NMEA2000.o
                0x0000000008008fe4                tNMEA2000::GetSequenceCounter(unsigned long, int)
 .text._ZN9tNMEA200012IsFastPacketERK7tN2kMsg
                0x0000000008009094       0x12 ./Libs/NMEA2000_minimal/NMEA2000.o
                0x0000000008009094                tNMEA2000::IsFastPacket(tN2kMsg const&)
 .text._ZN9tNMEA200017CheckKnownMessageEmRbS0_
                0x00000000080090a6       0xaa ./Libs/NMEA2000_minimal/NMEA2000.o
                0x00000000080090a6                tNMEA2000::CheckKnownMessage(unsigned long, bool&, bool&)
 .text._Z15CopyBufToCANMsgR10tN2kCANMsghhPh
                0x0000000008009150       0x20 ./Libs/NMEA2000_minimal/NMEA2000.o