Archive member included to satisfy reference by file (symbol)

/Applications/STM32CubeIDE.app/Contents/Eclipse/plugins/com.st.stm32cube.ide.mcu.externaltools.gnu-tools-for-stm32.10.3-2021.10.macos64_1.0.0.202111181127/tools/bin/../lib/gcc/arm-none-eabi/10.3.1/../../../../arm-none-eabi/lib/thumb/v7-m/nofp/libstdc++_nano.a(del_ops.o)
                              ./Libs/NMEA2000/src/N2kDeviceList.o (operator delete(void*, unsigned int))
/Applications/STM32CubeIDE.app/Contents/Eclipse/plugins/com.st.stm32cube.ide.mcu.externaltools.gnu-tools-for-stm32.10.3-2021.10.macos64_1.0.0.202111181127/tools/bin/../lib/gcc/arm-none-eabi/10.3.1/../../../../arm-none-eabi/lib/thumb/v7-m/nofp/libstdc++_nano.a(del_opv.o)
                              ./Libs/NMEA2000_STM32/NMEA2000_STM32.o (operator delete[](void*))
/Applications/STM32CubeIDE.app/Contents/Eclipse/plugins/com.st.stm32cube.ide.mcu.externaltools.gnu-tools-for-stm32.10.3-2021.10.macos64_1.0.0.202111181127/tools/bin/../lib/gcc/arm-none-eabi/10.3.1/../../../../arm-none-eabi/lib/thumb/v7-m/nofp/libstdc++_nano.a(new_op.o)
                              ./Core/Src/project.o (operator new(unsigned int))
/Applications/STM32CubeIDE.app/Contents/Eclipse/plugins/com.st.stm32cube.ide.mcu.externaltools.gnu-tools-for-stm32.10.3-2021.10.macos64_1.0.0.202111181127/tools/bin/../lib/gcc/arm-none-eabi/10.3.1/../../../../arm-none-eabi/lib/thumb/v7-m/nofp/libstdc++_nano.a(new_opv.o)
                              ./Libs/NMEA2000/src/NMEA2000.o (operator new[](unsigned int))
/Applications/STM32CubeIDE.app/Contents/Eclipse/plugins/com.st.stm32cube.ide.mcu.externaltools.gnu-tools-for-stm32.10.3-2021.10.macos64_1.0.0.202111181127/tools/bin/../lib/gcc/arm-none-eabi/10.3.1/../../../../arm-none-eabi/lib/thumb/v7-m/nofp/libstdc++_nano.a(pure.o)
                              ./Libs/NMEA2000/src/N2kDeviceList.o (__cxa_pure_virtual)
/Applications/STM32CubeIDE.app/Contents/Eclipse/plugins/com.st.stm32cube.ide.mcu.externaltools.gnu-tools-for-stm32.10.3-2021.10.macos64_1.0.0.202111181127/tools/bin/../lib/gcc/arm-none-eabi/10.3.1/../../../../arm-none-eabi/lib/thumb/v7-m/nofp/libstdc++_nano.a(del_op.o)
                              /Applications/STM32CubeIDE.app/Contents/Eclipse/plugins/com.st.stm32cube.ide.mcu.externaltools.gnu-tools-for-stm32.10.3-2021.10.macos64_1.0.0.202111181127/tools/bin/../lib/gcc/arm-none-eabi/10.3.1/../../../../arm-none-eabi/lib/thumb/v7-m/nofp/libstdc++_nano.a(del_ops.o) (operator delete(void*))
/Applications/STM32CubeIDE.app/Contents/Eclipse/plugins/com.st.stm32cube.ide.mcu.externaltools.gnu-tools-for-stm32.10.3-2021.10.macos64_1.0.0.202111181127/tools/bin/../lib/gcc/arm-none-eabi/10.3.1/../../../../arm-none-eabi/lib/thumb/v7-m/nofp/libstdc++_nano.a(eh_terminate.o)
                              /Applications/STM32CubeIDE.app/Contents/Eclipse/plugins/com.st.stm32cube.ide.mcu.externaltools.gnu-tools-for-stm32.10.3-2021.10.macos64_1.0.0.202111181127/tools/bin/../lib/gcc/arm-none-eabi/10.3.1/../../../../arm-none-eabi/lib/thumb/v7-m/nofp/libstdc++_nano.a(pure.o) (std::terminate())
/Applications/STM32CubeIDE.app/Contents/Eclipse/plugins/com.st.stm32cube.ide.mcu.externaltools.gnu-tools-for-stm32.10.3-2021.10.macos64_1.0.0.202111181127/tools/bin/../lib/gcc/arm-none-eabi/10.3.1/../../../../arm-none-eabi/lib/thumb/v7-m/nofp/libstdc++_nano.a(eh_unex_handler.o)
                              /Applications/STM32CubeIDE.app/Contents/Eclipse/plugins/com.st.stm32cube.ide.mcu.externaltools.gnu-tools-for-stm32.10.3-2021.10.macos64_1.0.0.202111181127/tools/bin/../lib/gcc/arm-none-eabi/10.3.1/../../../../arm-none-eabi/lib/thumb/v7-m/nofp/libstdc++_nano.a(eh_terminate.o) (__cxxabiv1::__unexpected_handler)
/Applications/STM32CubeIDE.app/Contents/Eclipse/plugins/com.st.stm32cube.ide.mcu.externaltools.gnu-tools-for-stm32.10.3-2021.10.macos64_1.0.0.202111181127/tools/bin/../lib/gcc/arm-none-eabi/10.3.1/../../../../arm-none-eabi/lib/thumb/v7-m/nofp/libstdc++_nano.a(new_handler.o)
                              /Applications/STM32CubeIDE.app/Contents/Eclipse/plugins/com.st.stm32cube.ide.mcu.externaltools.gnu-tools-for-stm32.10.3-2021.10.macos64_1.0.0.202111181127/tools/bin/../lib/gcc/arm-none-eabi/10.3.1/../../../../arm-none-eabi/lib/thumb/v7-m/nofp/libstdc++_nano.a(new_op.o) (std::get_new_handler())
/Applications/STM32CubeIDE.app/Contents/Eclipse/plugins/com.st.stm32cube.ide.mcu.externaltools.gnu-tools-for-stm32.10.3-2021.10.macos64_1.0.0.202111181127/tools/bin/../lib/gcc/arm-none-eabi/10.3.1/../../../../arm-none-eabi/lib/thumb/v7-m/nofp/libstdc++_nano.a(eh_term_handler.o)
                              /Applications/STM32CubeIDE.app/Contents/Eclipse/plugins/com.st.stm32cube.ide.mcu.externaltools.gnu-tools-for-stm32.10.3-2021.10.macos64_1.0.0.202111181127/tools/bin/../lib/gcc/arm-none-eabi/10.3.1/../../../../arm-none-eabi/lib/thumb/v7-m/nofp/libstdc++_nano.a(eh_terminate.o) (__cxxabiv1::__terminate_handler)
[...]
Memory Configuration

Name             Origin             Length             Attributes
RAM              0x0000000020000000 0x0000000000010000 xrw
FLASH            0x0000000008000000 0x0000000000020000 xr
*default*        0x0000000000000000 0xffffffffffffffff

Linker script and memory map

LOAD /Applications/STM32CubeIDE.app/Contents/Eclipse/plugins/com.st.stm32cube.ide.mcu.externaltools.gnu-tools-for-stm32.10.3-2021.10.macos64_1.0.0.202111181127/tools/bin/../lib/gcc/arm-none-eabi/10.3.1/thumb/v7-m/nofp/crti.o
LOAD /Applications/STM32CubeIDE.app/Contents/Eclipse/plugins/com.st.stm32cube.ide.mcu.externaltools.gnu-tools-for-stm32.10.3-2021.10.macos64_1.0.0.202111181127/tools/bin/../lib/gcc/arm-none-eabi/10.3.1/thumb/v7-m/nofp/crtbegin.o
LOAD /Applications/STM32CubeIDE.app/Contents/Eclipse/plugins/com.st.stm32cube.ide.mcu.externaltools.gnu-tools-for-stm32.10.3-2021.10.macos64_1.0.0.202111181127/tools/bin/../lib/gcc/arm-none-eabi/10.3.1/../../../../arm-none-eabi/lib/thumb/v7-m/nofp/crt0.o
LOAD ./Core/Src/cpp_link.o
LOAD ./Core/Src/main.o
LOAD ./Core/Src/project.o
LOAD ./Core/Src/stm32f1xx_hal_msp.o
LOAD ./Core/Src/stm32f1xx_it.o
LOAD ./Core/Src/syscalls.o
LOAD ./Core/Src/sysmem.o
LOAD ./Core/Src/system_stm32f1xx.o
LOAD ./Core/Startup/startup_stm32f105rbtx.o
LOAD ./Drivers/STM32F1xx_HAL_Driver/Src/stm32f1xx_hal.o
LOAD ./Drivers/STM32F1xx_HAL_Driver/Src/stm32f1xx_hal_adc.o
LOAD ./Drivers/STM32F1xx_HAL_Driver/Src/stm32f1xx_hal_adc_ex.o
LOAD ./Drivers/STM32F1xx_HAL_Driver/Src/stm32f1xx_hal_can.o
LOAD ./Drivers/STM32F1xx_HAL_Driver/Src/stm32f1xx_hal_cortex.o
LOAD ./Drivers/STM32F1xx_HAL_Driver/Src/stm32f1xx_hal_dma.o
LOAD ./Drivers/STM32F1xx_HAL_Driver/Src/stm32f1xx_hal_exti.o
LOAD ./Drivers/STM32F1xx_HAL_Driver/Src/stm32f1xx_hal_flash.o
LOAD ./Drivers/STM32F1xx_HAL_Driver/Src/stm32f1xx_hal_flash_ex.o
LOAD ./Drivers/STM32F1xx_HAL_Driver/Src/stm32f1xx_hal_gpio.o
LOAD ./Drivers/STM32F1xx_HAL_Driver/Src/stm32f1xx_hal_gpio_ex.o
LOAD ./Drivers/STM32F1xx_HAL_Driver/Src/stm32f1xx_hal_pcd.o
LOAD ./Drivers/STM32F1xx_HAL_Driver/Src/stm32f1xx_hal_pcd_ex.o
LOAD ./Drivers/STM32F1xx_HAL_Driver/Src/stm32f1xx_hal_pwr.o
LOAD ./Drivers/STM32F1xx_HAL_Driver/Src/stm32f1xx_hal_rcc.o
LOAD ./Drivers/STM32F1xx_HAL_Driver/Src/stm32f1xx_hal_rcc_ex.o
LOAD ./Drivers/STM32F1xx_HAL_Driver/Src/stm32f1xx_hal_tim.o
LOAD ./Drivers/STM32F1xx_HAL_Driver/Src/stm32f1xx_hal_tim_ex.o
LOAD ./Drivers/STM32F1xx_HAL_Driver/Src/stm32f1xx_ll_usb.o
LOAD ./Libs/NMEA2000/src/ActisenseReader.o
LOAD ./Libs/NMEA2000/src/N2kDeviceList.o
LOAD ./Libs/NMEA2000/src/N2kGroupFunction.o
LOAD ./Libs/NMEA2000/src/N2kGroupFunctionDefaultHandlers.o
LOAD ./Libs/NMEA2000/src/N2kMaretron.o
LOAD ./Libs/NMEA2000/src/N2kMessages.o
LOAD ./Libs/NMEA2000/src/N2kMsg.o
LOAD ./Libs/NMEA2000/src/N2kStream.o
LOAD ./Libs/NMEA2000/src/N2kTimer.o
LOAD ./Libs/NMEA2000/src/NMEA2000.o
LOAD ./Libs/NMEA2000/src/Seasmart.o
LOAD ./Libs/NMEA2000_STM32/NMEA2000_STM32.o
LOAD ./Middlewares/ST/STM32_USB_Device_Library/Class/DFU/Src/usbd_dfu.o
LOAD ./Middlewares/ST/STM32_USB_Device_Library/Core/Src/usbd_core.o
LOAD ./Middlewares/ST/STM32_USB_Device_Library/Core/Src/usbd_ctlreq.o
LOAD ./Middlewares/ST/STM32_USB_Device_Library/Core/Src/usbd_ioreq.o
LOAD ./USB_DEVICE/App/usb_device.o
LOAD ./USB_DEVICE/App/usbd_desc.o
LOAD ./USB_DEVICE/App/usbd_dfu_if.o
LOAD ./USB_DEVICE/Target/usbd_conf.o
START GROUP
LOAD /Applications/STM32CubeIDE.app/Contents/Eclipse/plugins/com.st.stm32cube.ide.mcu.externaltools.gnu-tools-for-stm32.10.3-2021.10.macos64_1.0.0.202111181127/tools/bin/../lib/gcc/arm-none-eabi/10.3.1/../../../../arm-none-eabi/lib/thumb/v7-m/nofp/libstdc++_nano.a
LOAD /Applications/STM32CubeIDE.app/Contents/Eclipse/plugins/com.st.stm32cube.ide.mcu.externaltools.gnu-tools-for-stm32.10.3-2021.10.macos64_1.0.0.202111181127/tools/bin/../lib/gcc/arm-none-eabi/10.3.1/../../../../arm-none-eabi/lib/thumb/v7-m/nofp/libsupc++_nano.a
END GROUP
LOAD /Applications/STM32CubeIDE.app/Contents/Eclipse/plugins/com.st.stm32cube.ide.mcu.externaltools.gnu-tools-for-stm32.10.3-2021.10.macos64_1.0.0.202111181127/tools/bin/../lib/gcc/arm-none-eabi/10.3.1/../../../../arm-none-eabi/lib/thumb/v7-m/nofp/libstdc++_nano.a
LOAD /Applications/STM32CubeIDE.app/Contents/Eclipse/plugins/com.st.stm32cube.ide.mcu.externaltools.gnu-tools-for-stm32.10.3-2021.10.macos64_1.0.0.202111181127/tools/bin/../lib/gcc/arm-none-eabi/10.3.1/../../../../arm-none-eabi/lib/thumb/v7-m/nofp/libm.a
LOAD /Applications/STM32CubeIDE.app/Contents/Eclipse/plugins/com.st.stm32cube.ide.mcu.externaltools.gnu-tools-for-stm32.10.3-2021.10.macos64_1.0.0.202111181127/tools/bin/../lib/gcc/arm-none-eabi/10.3.1/../../../../arm-none-eabi/lib/thumb/v7-m/nofp/libc_nano.a
START GROUP
LOAD /Applications/STM32CubeIDE.app/Contents/Eclipse/plugins/com.st.stm32cube.ide.mcu.externaltools.gnu-tools-for-stm32.10.3-2021.10.macos64_1.0.0.202111181127/tools/bin/../lib/gcc/arm-none-eabi/10.3.1/thumb/v7-m/nofp/libgcc.a
LOAD /Applications/STM32CubeIDE.app/Contents/Eclipse/plugins/com.st.stm32cube.ide.mcu.externaltools.gnu-tools-for-stm32.10.3-2021.10.macos64_1.0.0.202111181127/tools/bin/../lib/gcc/arm-none-eabi/10.3.1/../../../../arm-none-eabi/lib/thumb/v7-m/nofp/libc_nano.a
END GROUP
START GROUP
LOAD /Applications/STM32CubeIDE.app/Contents/Eclipse/plugins/com.st.stm32cube.ide.mcu.externaltools.gnu-tools-for-stm32.10.3-2021.10.macos64_1.0.0.202111181127/tools/bin/../lib/gcc/arm-none-eabi/10.3.1/thumb/v7-m/nofp/libgcc.a
LOAD /Applications/STM32CubeIDE.app/Contents/Eclipse/plugins/com.st.stm32cube.ide.mcu.externaltools.gnu-tools-for-stm32.10.3-2021.10.macos64_1.0.0.202111181127/tools/bin/../lib/gcc/arm-none-eabi/10.3.1/../../../../arm-none-eabi/lib/thumb/v7-m/nofp/libc_nano.a
LOAD /Applications/STM32CubeIDE.app/Contents/Eclipse/plugins/com.st.stm32cube.ide.mcu.externaltools.gnu-tools-for-stm32.10.3-2021.10.macos64_1.0.0.202111181127/tools/bin/../lib/gcc/arm-none-eabi/10.3.1/../../../../arm-none-eabi/lib/thumb/v7-m/nofp/libnosys.a
END GROUP
START GROUP
LOAD /Applications/STM32CubeIDE.app/Contents/Eclipse/plugins/com.st.stm32cube.ide.mcu.externaltools.gnu-tools-for-stm32.10.3-2021.10.macos64_1.0.0.202111181127/tools/bin/../lib/gcc/arm-none-eabi/10.3.1/thumb/v7-m/nofp/libgcc.a
LOAD /Applications/STM32CubeIDE.app/Contents/Eclipse/plugins/com.st.stm32cube.ide.mcu.externaltools.gnu-tools-for-stm32.10.3-2021.10.macos64_1.0.0.202111181127/tools/bin/../lib/gcc/arm-none-eabi/10.3.1/../../../../arm-none-eabi/lib/thumb/v7-m/nofp/libc_nano.a
LOAD /Applications/STM32CubeIDE.app/Contents/Eclipse/plugins/com.st.stm32cube.ide.mcu.externaltools.gnu-tools-for-stm32.10.3-2021.10.macos64_1.0.0.202111181127/tools/bin/../lib/gcc/arm-none-eabi/10.3.1/../../../../arm-none-eabi/lib/thumb/v7-m/nofp/libnosys.a
END GROUP
LOAD /Applications/STM32CubeIDE.app/Contents/Eclipse/plugins/com.st.stm32cube.ide.mcu.externaltools.gnu-tools-for-stm32.10.3-2021.10.macos64_1.0.0.202111181127/tools/bin/../lib/gcc/arm-none-eabi/10.3.1/thumb/v7-m/nofp/crtend.o
LOAD /Applications/STM32CubeIDE.app/Contents/Eclipse/plugins/com.st.stm32cube.ide.mcu.externaltools.gnu-tools-for-stm32.10.3-2021.10.macos64_1.0.0.202111181127/tools/bin/../lib/gcc/arm-none-eabi/10.3.1/thumb/v7-m/nofp/crtn.o
                0x0000000020010000                _estack = (ORIGIN (RAM) + LENGTH (RAM))
                0x0000000000000200                _Min_Heap_Size = 0x200
                0x0000000000000400                _Min_Stack_Size = 0x400

.isr_vector     0x0000000008000000      0x1e4
                0x0000000008000000                . = ALIGN (0x4)
 *(.isr_vector)
 .isr_vector    0x0000000008000000      0x1e4 ./Core/Startup/startup_stm32f105rbtx.o
                0x0000000008000000                g_pfnVectors
                0x00000000080001e4                . = ALIGN (0x4)

.text           0x00000000080001e8    0x10874
                0x00000000080001e8                . = ALIGN (0x4)
 *(.text)
 .text          0x00000000080001e8       0x40 /Applications/STM32CubeIDE.app/Contents/Eclipse/plugins/com.st.stm32cube.ide.mcu.externaltools.gnu-tools-for-stm32.10.3-2021.10.macos64_1.0.0.202111181127/tools/bin/../lib/gcc/arm-none-eabi/10.3.1/thumb/v7-m/nofp/crtbegin.o
 .text          0x0000000008000228       0x14 /Applications/STM32CubeIDE.app/Contents/Eclipse/plugins/com.st.stm32cube.ide.mcu.externaltools.gnu-tools-for-stm32.10.3-2021.10.macos64_1.0.0.202111181127/tools/bin/../lib/gcc/arm-none-eabi/10.3.1/../../../../arm-none-eabi/lib/thumb/v7-m/nofp/libc_nano.a(lib_a-strcmp.o)
                0x0000000008000228                strcmp
 .text          0x000000000800023c       0x10 /Applications/STM32CubeIDE.app/Contents/Eclipse/plugins/com.st.stm32cube.ide.mcu.externaltools.gnu-tools-for-stm32.10.3-2021.10.macos64_1.0.0.202111181127/tools/bin/../lib/gcc/arm-none-eabi/10.3.1/../../../../arm-none-eabi/lib/thumb/v7-m/nofp/libc_nano.a(lib_a-strlen.o)
                0x000000000800023c                strlen
 .text          0x000000000800024c      0x378 /Applications/STM32CubeIDE.app/Contents/Eclipse/plugins/com.st.stm32cube.ide.mcu.externaltools.gnu-tools-for-stm32.10.3-2021.10.macos64_1.0.0.202111181127/tools/bin/../lib/gcc/arm-none-eabi/10.3.1/thumb/v7-m/nofp/libgcc.a(_arm_addsubdf3.o)
                0x000000000800024c                __aeabi_drsub
                0x0000000008000254                __subdf3
                0x0000000008000254                __aeabi_dsub
                0x0000000008000258                __aeabi_dadd
                0x0000000008000258                __adddf3
                0x00000000080004d0                __aeabi_ui2d
                0x00000000080004d0                __floatunsidf
                0x00000000080004f0                __floatsidf
                0x00000000080004f0                __aeabi_i2d
                0x0000000008000514                __extendsfdf2
                0x0000000008000514                __aeabi_f2d
                0x0000000008000558                __aeabi_ul2d
                0x0000000008000558                __floatundidf
                0x0000000008000568                __aeabi_l2d
                0x0000000008000568                __floatdidf
 .text          0x00000000080005c4      0x424 /Applications/STM32CubeIDE.app/Contents/Eclipse/plugins/com.st.stm32cube.ide.mcu.externaltools.gnu-tools-for-stm32.10.3-2021.10.macos64_1.0.0.202111181127/tools/bin/../lib/gcc/arm-none-eabi/10.3.1/thumb/v7-m/nofp/libgcc.a(_arm_muldivdf3.o)
                0x00000000080005c4                __aeabi_dmul
                0x00000000080005c4                __muldf3
                0x0000000008000818                __aeabi_ddiv
                0x0000000008000818                __divdf3
 .text          0x00000000080009e8      0x110 /Applications/STM32CubeIDE.app/Contents/Eclipse/plugins/com.st.stm32cube.ide.mcu.externaltools.gnu-tools-for-stm32.10.3-2021.10.macos64_1.0.0.202111181127/tools/bin/../lib/gcc/arm-none-eabi/10.3.1/thumb/v7-m/nofp/libgcc.a(_arm_cmpdf2.o)
                0x00000000080009e8                __gedf2
                0x00000000080009e8                __gtdf2
                0x00000000080009f0                __ledf2
                0x00000000080009f0                __ltdf2
                0x00000000080009f8                __cmpdf2
                0x00000000080009f8                __eqdf2
                0x00000000080009f8                __nedf2
                0x0000000008000a74                __aeabi_cdrcmple
                0x0000000008000a84                __aeabi_cdcmple
                0x0000000008000a84                __aeabi_cdcmpeq
                0x0000000008000a94                __aeabi_dcmpeq
                0x0000000008000aa8                __aeabi_dcmplt
                0x0000000008000abc                __aeabi_dcmple
                0x0000000008000ad0                __aeabi_dcmpge
                0x0000000008000ae4                __aeabi_dcmpgt
 .text          0x0000000008000af8       0x50 /Applications/STM32CubeIDE.app/Contents/Eclipse/plugins/com.st.stm32cube.ide.mcu.externaltools.gnu-tools-for-stm32.10.3-2021.10.macos64_1.0.0.202111181127/tools/bin/../lib/gcc/arm-none-eabi/10.3.1/thumb/v7-m/nofp/libgcc.a(_arm_fixdfsi.o)
                0x0000000008000af8                __fixdfsi
                0x0000000008000af8                __aeabi_d2iz
 .text          0x0000000008000b48       0x40 /Applications/STM32CubeIDE.app/Contents/Eclipse/plugins/com.st.stm32cube.ide.mcu.externaltools.gnu-tools-for-stm32.10.3-2021.10.macos64_1.0.0.202111181127/tools/bin/../lib/gcc/arm-none-eabi/10.3.1/thumb/v7-m/nofp/libgcc.a(_arm_fixunsdfsi.o)
                0x0000000008000b48                __fixunsdfsi
                0x0000000008000b48                __aeabi_d2uiz
 .text          0x0000000008000b88       0x30 /Applications/STM32CubeIDE.app/Contents/Eclipse/plugins/com.st.stm32cube.ide.mcu.externaltools.gnu-tools-for-stm32.10.3-2021.10.macos64_1.0.0.202111181127/tools/bin/../lib/gcc/arm-none-eabi/10.3.1/thumb/v7-m/nofp/libgcc.a(_aeabi_uldivmod.o)
                0x0000000008000b88                __aeabi_uldivmod
 .text          0x0000000008000bb8      0x2d4 /Applications/STM32CubeIDE.app/Contents/Eclipse/plugins/com.st.stm32cube.ide.mcu.externaltools.gnu-tools-for-stm32.10.3-2021.10.macos64_1.0.0.202111181127/tools/bin/../lib/gcc/arm-none-eabi/10.3.1/thumb/v7-m/nofp/libgcc.a(_udivmoddi4.o)
                0x0000000008000bb8                __udivmoddi4
 .text          0x0000000008000e8c        0x4 /Applications/STM32CubeIDE.app/Contents/Eclipse/plugins/com.st.stm32cube.ide.mcu.externaltools.gnu-tools-for-stm32.10.3-2021.10.macos64_1.0.0.202111181127/tools/bin/../lib/gcc/arm-none-eabi/10.3.1/thumb/v7-m/nofp/libgcc.a(_dvmd_tls.o)
                0x0000000008000e8c                __aeabi_ldiv0
                0x0000000008000e8c                __aeabi_idiv0
 *(.text*)
 .text.cpp_link
                0x0000000008000e90        0xe ./Core/Src/cpp_link.o
                0x0000000008000e90                cpp_link
 *fill*         0x0000000008000e9e        0x2 
 .text.SystemClock_Config
                0x0000000008000ea0       0x88 ./Core/Src/main.o
                0x0000000008000ea0                SystemClock_Config
 .text.startup.main
                0x0000000008000f28      0x1e8 ./Core/Src/main.o
                0x0000000008000f28                main
 .text.Error_Handler
                0x0000000008001110        0x4 ./Core/Src/main.o
                0x0000000008001110                Error_Handler
 .text._ZN17tN2kSyncScheduler14UpdateNextTimeEv
                0x0000000008001114       0x64 ./Core/Src/project.o
                0x0000000008001114                tN2kSyncScheduler::UpdateNextTime()
 .text._Z9OnN2kOpenv
                0x0000000008001178       0x24 ./Core/Src/project.o
                0x0000000008001178                OnN2kOpen()
 *fill*         0x000000000800119c        0x4 
 .text._Z22SendN2kBatteryMessagesv
                0x00000000080011a0      0x1d8 ./Core/Src/project.o
                0x00000000080011a0                SendN2kBatteryMessages()
 .text._Z16myCppProcessInitv
                0x0000000008001378       0x78 ./Core/Src/project.o
                0x0000000008001378                myCppProcessInit()
 .text._Z12myCppProcessv
                0x00000000080013f0       0x14 ./Core/Src/project.o
                0x00000000080013f0                myCppProcess()
 .text.startup._GLOBAL__sub_I_state_of_charge
                0x0000000008001404       0x64 ./Core/Src/project.o
 .text.HAL_MspInit
                0x0000000008001468       0x44 ./Core/Src/stm32f1xx_hal_msp.o
                0x0000000008001468                HAL_MspInit
 .text.HAL_ADC_MspInit
                0x00000000080014ac       0xa8 ./Core/Src/stm32f1xx_hal_msp.o
                0x00000000080014ac                HAL_ADC_MspInit
 .text.HAL_CAN_MspInit
                0x0000000008001554      0x148 ./Core/Src/stm32f1xx_hal_msp.o
                0x0000000008001554                HAL_CAN_MspInit
 .text.HAL_TIM_Base_MspInit
                0x000000000800169c       0x60 ./Core/Src/stm32f1xx_hal_msp.o
                0x000000000800169c                HAL_TIM_Base_MspInit
 .text.NMI_Handler
                0x00000000080016fc        0x2 ./Core/Src/stm32f1xx_it.o
                0x00000000080016fc                NMI_Handler
 .text.HardFault_Handler
                0x00000000080016fe        0x2 ./Core/Src/stm32f1xx_it.o
                0x00000000080016fe                HardFault_Handler
 .text.MemManage_Handler
                0x0000000008001700        0x2 ./Core/Src/stm32f1xx_it.o
                0x0000000008001700                MemManage_Handler
 .text.BusFault_Handler
                0x0000000008001702        0x2 ./Core/Src/stm32f1xx_it.o
                0x0000000008001702                BusFault_Handler
 .text.UsageFault_Handler
                0x0000000008001704        0x2 ./Core/Src/stm32f1xx_it.o
                0x0000000008001704                UsageFault_Handler
 .text.SVC_Handler
                0x0000000008001706        0x2 ./Core/Src/stm32f1xx_it.o
                0x0000000008001706                SVC_Handler
 .text.DebugMon_Handler
                0x0000000008001708        0x2 ./Core/Src/stm32f1xx_it.o
                0x0000000008001708                DebugMon_Handler
 .text.PendSV_Handler
                0x000000000800170a        0x2 ./Core/Src/stm32f1xx_it.o
                0x000000000800170a                PendSV_Handler
 .text.SysTick_Handler
                0x000000000800170c        0x4 ./Core/Src/stm32f1xx_it.o
                0x000000000800170c                SysTick_Handler
 .text.DMA1_Channel1_IRQHandler
                0x0000000008001710        0xc ./Core/Src/stm32f1xx_it.o
                0x0000000008001710                DMA1_Channel1_IRQHandler
 .text.ADC1_2_IRQHandler
                0x000000000800171c        0xc ./Core/Src/stm32f1xx_it.o
                0x000000000800171c                ADC1_2_IRQHandler
 .text.CAN1_TX_IRQHandler
                0x0000000008001728        0xc ./Core/Src/stm32f1xx_it.o
                0x0000000008001728                CAN1_TX_IRQHandler
 .text.CAN1_RX0_IRQHandler
                0x0000000008001734        0x4 ./Core/Src/stm32f1xx_it.o
                0x0000000008001734                CAN1_RX0_IRQHandler
 .text.TIM2_IRQHandler
                0x0000000008001738        0xc ./Core/Src/stm32f1xx_it.o
                0x0000000008001738                TIM2_IRQHandler
 .text.CAN2_TX_IRQHandler
                0x0000000008001744        0xc ./Core/Src/stm32f1xx_it.o
                0x0000000008001744                CAN2_TX_IRQHandler
 .text.CAN2_RX1_IRQHandler
                0x0000000008001750        0x4 ./Core/Src/stm32f1xx_it.o
                0x0000000008001750                CAN2_RX1_IRQHandler
 .text.OTG_FS_IRQHandler
                0x0000000008001754        0xc ./Core/Src/stm32f1xx_it.o
                0x0000000008001754                OTG_FS_IRQHandler
 .text._getpid  0x0000000008001760        0x4 ./Core/Src/syscalls.o
                0x0000000008001760                _getpid
 .text._kill    0x0000000008001764       0x10 ./Core/Src/syscalls.o
                0x0000000008001764                _kill
 .text._exit    0x0000000008001774        0xc ./Core/Src/syscalls.o
                0x0000000008001774                _exit
 .text._sbrk    0x0000000008001780       0x40 ./Core/Src/sysmem.o
                0x0000000008001780                _sbrk
 .text.SystemInit
                0x00000000080017c0        0x2 ./Core/Src/system_stm32f1xx.o
                0x00000000080017c0                SystemInit
 *fill*         0x00000000080017c2        0x2 
 .text.Reset_Handler
                0x00000000080017c4       0x48 ./Core/Startup/startup_stm32f105rbtx.o
                0x00000000080017c4                Reset_Handler
 .text.Default_Handler
                0x000000000800180c        0x2 ./Core/Startup/startup_stm32f105rbtx.o
                0x000000000800180c                DMA2_Channel3_IRQHandler
                0x000000000800180c                EXTI2_IRQHandler
                0x000000000800180c                TIM1_CC_IRQHandler
                0x000000000800180c                TIM6_IRQHandler
                0x000000000800180c                PVD_IRQHandler
                0x000000000800180c                EXTI3_IRQHandler
                0x000000000800180c                EXTI0_IRQHandler
                0x000000000800180c                I2C2_EV_IRQHandler
                0x000000000800180c                CAN2_SCE_IRQHandler
                0x000000000800180c                SPI1_IRQHandler
                0x000000000800180c                TAMPER_IRQHandler
                0x000000000800180c                CAN2_RX0_IRQHandler
                0x000000000800180c                DMA2_Channel2_IRQHandler
                0x000000000800180c                DMA1_Channel4_IRQHandler
                0x000000000800180c                USART3_IRQHandler
                0x000000000800180c                RTC_IRQHandler
                0x000000000800180c                DMA1_Channel7_IRQHandler
                0x000000000800180c                CAN1_RX1_IRQHandler
                0x000000000800180c                UART5_IRQHandler
                0x000000000800180c                TIM4_IRQHandler
                0x000000000800180c                DMA2_Channel1_IRQHandler
                0x000000000800180c                I2C1_EV_IRQHandler
                0x000000000800180c                DMA1_Channel6_IRQHandler
                0x000000000800180c                UART4_IRQHandler
                0x000000000800180c                DMA2_Channel4_IRQHandler
                0x000000000800180c                TIM3_IRQHandler
                0x000000000800180c                RCC_IRQHandler
                0x000000000800180c                TIM1_TRG_COM_IRQHandler
                0x000000000800180c                Default_Handler
                0x000000000800180c                EXTI15_10_IRQHandler
                0x000000000800180c                TIM7_IRQHandler
                0x000000000800180c                TIM5_IRQHandler
                0x000000000800180c                EXTI9_5_IRQHandler
                0x000000000800180c                SPI2_IRQHandler
                0x000000000800180c                DMA2_Channel5_IRQHandler
                0x000000000800180c                DMA1_Channel5_IRQHandler
                0x000000000800180c                EXTI4_IRQHandler
                0x000000000800180c                DMA1_Channel3_IRQHandler
                0x000000000800180c                TIM1_UP_IRQHandler
                0x000000000800180c                WWDG_IRQHandler
                0x000000000800180c                OTG_FS_WKUP_IRQHandler
                0x000000000800180c                TIM1_BRK_IRQHandler
                0x000000000800180c                EXTI1_IRQHandler
                0x000000000800180c                USART2_IRQHandler
                0x000000000800180c                I2C2_ER_IRQHandler
                0x000000000800180c                DMA1_Channel2_IRQHandler
                0x000000000800180c                CAN1_SCE_IRQHandler
                0x000000000800180c                FLASH_IRQHandler
                0x000000000800180c                USART1_IRQHandler
                0x000000000800180c                SPI3_IRQHandler
                0x000000000800180c                I2C1_ER_IRQHandler
                0x000000000800180c                RTC_Alarm_IRQHandler
 *fill*         0x000000000800180e        0x2 
 .text.HAL_InitTick
                0x0000000008001810       0x48 ./Drivers/STM32F1xx_HAL_Driver/Src/stm32f1xx_hal.o
                0x0000000008001810                HAL_InitTick
 .text.HAL_Init
                0x0000000008001858       0x24 ./Drivers/STM32F1xx_HAL_Driver/Src/stm32f1xx_hal.o
                0x0000000008001858                HAL_Init
 .text.HAL_IncTick
                0x000000000800187c       0x18 ./Drivers/STM32F1xx_HAL_Driver/Src/stm32f1xx_hal.o
                0x000000000800187c                HAL_IncTick
 .text.HAL_GetTick
                0x0000000008001894        0xc ./Drivers/STM32F1xx_HAL_Driver/Src/stm32f1xx_hal.o
                0x0000000008001894                HAL_GetTick
 .text.HAL_Delay
                0x00000000080018a0       0x24 ./Drivers/STM32F1xx_HAL_Driver/Src/stm32f1xx_hal.o
                0x00000000080018a0                HAL_Delay
 .text.HAL_ADC_ConvCpltCallback
                0x00000000080018c4        0x2 ./Drivers/STM32F1xx_HAL_Driver/Src/stm32f1xx_hal_adc.o
                0x00000000080018c4                HAL_ADC_ConvCpltCallback
 .text.HAL_ADC_LevelOutOfWindowCallback
                0x00000000080018c6        0x2 ./Drivers/STM32F1xx_HAL_Driver/Src/stm32f1xx_hal_adc.o
                0x00000000080018c6                HAL_ADC_LevelOutOfWindowCallback
 .text.HAL_ADC_IRQHandler
                0x00000000080018c8       0xec ./Drivers/STM32F1xx_HAL_Driver/Src/stm32f1xx_hal_adc.o
                0x00000000080018c8                HAL_ADC_IRQHandler
 .text.HAL_ADC_ConfigChannel
                0x00000000080019b4       0xfc ./Drivers/STM32F1xx_HAL_Driver/Src/stm32f1xx_hal_adc.o
                0x00000000080019b4                HAL_ADC_ConfigChannel
 .text.ADC_ConversionStop_Disable
                0x0000000008001ab0       0x4c ./Drivers/STM32F1xx_HAL_Driver/Src/stm32f1xx_hal_adc.o
                0x0000000008001ab0                ADC_ConversionStop_Disable
 .text.HAL_ADC_Init
                0x0000000008001afc       0xfc ./Drivers/STM32F1xx_HAL_Driver/Src/stm32f1xx_hal_adc.o
                0x0000000008001afc                HAL_ADC_Init
 .text.HAL_ADCEx_InjectedConvCpltCallback
                0x0000000008001bf8        0x2 ./Drivers/STM32F1xx_HAL_Driver/Src/stm32f1xx_hal_adc_ex.o
                0x0000000008001bf8                HAL_ADCEx_InjectedConvCpltCallback
 .text.HAL_CAN_Init
                0x0000000008001bfa       0xf6 ./Drivers/STM32F1xx_HAL_Driver/Src/stm32f1xx_hal_can.o
                0x0000000008001bfa                HAL_CAN_Init
 .text.HAL_CAN_ConfigFilter
                0x0000000008001cf0      0x110 ./Drivers/STM32F1xx_HAL_Driver/Src/stm32f1xx_hal_can.o
                0x0000000008001cf0                HAL_CAN_ConfigFilter
 .text.HAL_CAN_Start
                0x0000000008001e00       0x5c ./Drivers/STM32F1xx_HAL_Driver/Src/stm32f1xx_hal_can.o
                0x0000000008001e00                HAL_CAN_Start
 .text.HAL_CAN_AddTxMessage
                0x0000000008001e5c       0x9c ./Drivers/STM32F1xx_HAL_Driver/Src/stm32f1xx_hal_can.o
                0x0000000008001e5c                HAL_CAN_AddTxMessage
 .text.HAL_CAN_GetTxMailboxesFreeLevel
                0x0000000008001ef8       0x28 ./Drivers/STM32F1xx_HAL_Driver/Src/stm32f1xx_hal_can.o
                0x0000000008001ef8                HAL_CAN_GetTxMailboxesFreeLevel
 .text.HAL_CAN_GetRxMessage
                0x0000000008001f20       0xee ./Drivers/STM32F1xx_HAL_Driver/Src/stm32f1xx_hal_can.o
                0x0000000008001f20                HAL_CAN_GetRxMessage
 .text.HAL_CAN_ActivateNotification
                0x000000000800200e       0x22 ./Drivers/STM32F1xx_HAL_Driver/Src/stm32f1xx_hal_can.o
                0x000000000800200e                HAL_CAN_ActivateNotification
 .text.HAL_CAN_DeactivateNotification
                0x0000000008002030       0x24 ./Drivers/STM32F1xx_HAL_Driver/Src/stm32f1xx_hal_can.o
                0x0000000008002030                HAL_CAN_DeactivateNotification
 .text.HAL_CAN_TxMailbox0CompleteCallback
                0x0000000008002054        0x2 ./Drivers/STM32F1xx_HAL_Driver/Src/stm32f1xx_hal_can.o
                0x0000000008002054                HAL_CAN_TxMailbox0CompleteCallback
 .text.HAL_CAN_TxMailbox1CompleteCallback
                0x0000000008002056        0x2 ./Drivers/STM32F1xx_HAL_Driver/Src/stm32f1xx_hal_can.o
                0x0000000008002056                HAL_CAN_TxMailbox1CompleteCallback
 .text.HAL_CAN_TxMailbox2CompleteCallback
                0x0000000008002058        0x2 ./Drivers/STM32F1xx_HAL_Driver/Src/stm32f1xx_hal_can.o
                0x0000000008002058                HAL_CAN_TxMailbox2CompleteCallback
 .text.HAL_CAN_TxMailbox0AbortCallback
                0x000000000800205a        0x2 ./Drivers/STM32F1xx_HAL_Driver/Src/stm32f1xx_hal_can.o
                0x000000000800205a                HAL_CAN_TxMailbox0AbortCallback
 .text.HAL_CAN_TxMailbox1AbortCallback
                0x000000000800205c        0x2 ./Drivers/STM32F1xx_HAL_Driver/Src/stm32f1xx_hal_can.o
                0x000000000800205c                HAL_CAN_TxMailbox1AbortCallback
 .text.HAL_CAN_TxMailbox2AbortCallback
                0x000000000800205e        0x2 ./Drivers/STM32F1xx_HAL_Driver/Src/stm32f1xx_hal_can.o
                0x000000000800205e                HAL_CAN_TxMailbox2AbortCallback
 .text.HAL_CAN_RxFifo0MsgPendingCallback
                0x0000000008002060        0x2 ./Drivers/STM32F1xx_HAL_Driver/Src/stm32f1xx_hal_can.o
                0x0000000008002060                HAL_CAN_RxFifo0MsgPendingCallback
 .text.HAL_CAN_RxFifo0FullCallback
                0x0000000008002062        0x2 ./Drivers/STM32F1xx_HAL_Driver/Src/stm32f1xx_hal_can.o
                0x0000000008002062                HAL_CAN_RxFifo0FullCallback
 .text.HAL_CAN_RxFifo1FullCallback
                0x0000000008002064        0x2 ./Drivers/STM32F1xx_HAL_Driver/Src/stm32f1xx_hal_can.o
                0x0000000008002064                HAL_CAN_RxFifo1FullCallback
 .text.HAL_CAN_SleepCallback
                0x0000000008002066        0x2 ./Drivers/STM32F1xx_HAL_Driver/Src/stm32f1xx_hal_can.o
                0x0000000008002066                HAL_CAN_SleepCallback
 .text.HAL_CAN_WakeUpFromRxMsgCallback
                0x0000000008002068        0x2 ./Drivers/STM32F1xx_HAL_Driver/Src/stm32f1xx_hal_can.o
                0x0000000008002068                HAL_CAN_WakeUpFromRxMsgCallback
 .text.HAL_CAN_ErrorCallback
                0x000000000800206a        0x2 ./Drivers/STM32F1xx_HAL_Driver/Src/stm32f1xx_hal_can.o
                0x000000000800206a                HAL_CAN_ErrorCallback
 .text.HAL_CAN_IRQHandler
                0x000000000800206c      0x1fc ./Drivers/STM32F1xx_HAL_Driver/Src/stm32f1xx_hal_can.o
                0x000000000800206c                HAL_CAN_IRQHandler
 .text.HAL_NVIC_SetPriorityGrouping
                0x0000000008002268       0x24 ./Drivers/STM32F1xx_HAL_Driver/Src/stm32f1xx_hal_cortex.o
                0x0000000008002268                HAL_NVIC_SetPriorityGrouping
 .text.HAL_NVIC_SetPriority
                0x000000000800228c       0x64 ./Drivers/STM32F1xx_HAL_Driver/Src/stm32f1xx_hal_cortex.o
                0x000000000800228c                HAL_NVIC_SetPriority
 .text.HAL_NVIC_EnableIRQ
                0x00000000080022f0       0x1c ./Drivers/STM32F1xx_HAL_Driver/Src/stm32f1xx_hal_cortex.o
                0x00000000080022f0                HAL_NVIC_EnableIRQ
 .text.HAL_SYSTICK_Config
                0x000000000800230c       0x28 ./Drivers/STM32F1xx_HAL_Driver/Src/stm32f1xx_hal_cortex.o
                0x000000000800230c                HAL_SYSTICK_Config
 .text.HAL_DMA_Init
                0x0000000008002334       0x7c ./Drivers/STM32F1xx_HAL_Driver/Src/stm32f1xx_hal_dma.o
                0x0000000008002334                HAL_DMA_Init
 .text.HAL_DMA_IRQHandler
                0x00000000080023b0      0x27c ./Drivers/STM32F1xx_HAL_Driver/Src/stm32f1xx_hal_dma.o
                0x00000000080023b0                HAL_DMA_IRQHandler
 .text.HAL_GPIO_Init
                0x000000000800262c      0x1b4 ./Drivers/STM32F1xx_HAL_Driver/Src/stm32f1xx_hal_gpio.o
                0x000000000800262c                HAL_GPIO_Init
 .text.HAL_GPIO_WritePin
                0x00000000080027e0        0xa ./Drivers/STM32F1xx_HAL_Driver/Src/stm32f1xx_hal_gpio.o
                0x00000000080027e0                HAL_GPIO_WritePin
 .text.HAL_PCD_Init
                0x00000000080027ea      0x10a ./Drivers/STM32F1xx_HAL_Driver/Src/stm32f1xx_hal_pcd.o
                0x00000000080027ea                HAL_PCD_Init
 .text.HAL_PCD_Start
                0x00000000080028f4       0x2a ./Drivers/STM32F1xx_HAL_Driver/Src/stm32f1xx_hal_pcd.o
                0x00000000080028f4                HAL_PCD_Start
 .text.HAL_PCD_Stop
                0x000000000800291e       0x32 ./Drivers/STM32F1xx_HAL_Driver/Src/stm32f1xx_hal_pcd.o
                0x000000000800291e                HAL_PCD_Stop
 .text.HAL_PCD_IRQHandler
                0x0000000008002950      0x498 ./Drivers/STM32F1xx_HAL_Driver/Src/stm32f1xx_hal_pcd.o
                0x0000000008002950                HAL_PCD_IRQHandler
 .text.HAL_PCD_SetAddress
                0x0000000008002de8       0x28 ./Drivers/STM32F1xx_HAL_Driver/Src/stm32f1xx_hal_pcd.o
                0x0000000008002de8                HAL_PCD_SetAddress
 .text.HAL_PCD_EP_Open
                0x0000000008002e10       0x66 ./Drivers/STM32F1xx_HAL_Driver/Src/stm32f1xx_hal_pcd.o
                0x0000000008002e10                HAL_PCD_EP_Open
 .text.HAL_PCD_EP_Receive
                0x0000000008002e76       0x3a ./Drivers/STM32F1xx_HAL_Driver/Src/stm32f1xx_hal_pcd.o
                0x0000000008002e76                HAL_PCD_EP_Receive
 .text.HAL_PCD_EP_Transmit
                0x0000000008002eb0       0x36 ./Drivers/STM32F1xx_HAL_Driver/Src/stm32f1xx_hal_pcd.o
                0x0000000008002eb0                HAL_PCD_EP_Transmit
 .text.HAL_PCD_EP_SetStall
                0x0000000008002ee6       0x6e ./Drivers/STM32F1xx_HAL_Driver/Src/stm32f1xx_hal_pcd.o
                0x0000000008002ee6                HAL_PCD_EP_SetStall
 .text.HAL_PCD_EP_ClrStall
                0x0000000008002f54       0x62 ./Drivers/STM32F1xx_HAL_Driver/Src/stm32f1xx_hal_pcd.o
                0x0000000008002f54                HAL_PCD_EP_ClrStall
 .text.HAL_PCDEx_SetTxFiFo
                0x0000000008002fb6       0x40 ./Drivers/STM32F1xx_HAL_Driver/Src/stm32f1xx_hal_pcd_ex.o
                0x0000000008002fb6                HAL_PCDEx_SetTxFiFo
 .text.HAL_PCDEx_SetRxFiFo
                0x0000000008002ff6        0x8 ./Drivers/STM32F1xx_HAL_Driver/Src/stm32f1xx_hal_pcd_ex.o
                0x0000000008002ff6                HAL_PCDEx_SetRxFiFo
 *fill*         0x0000000008002ffe        0x2 
 .text.HAL_RCC_OscConfig
                0x0000000008003000      0x3fc ./Drivers/STM32F1xx_HAL_Driver/Src/stm32f1xx_hal_rcc.o
                0x0000000008003000                HAL_RCC_OscConfig
 .text.HAL_RCC_GetSysClockFreq
                0x00000000080033fc       0xc8 ./Drivers/STM32F1xx_HAL_Driver/Src/stm32f1xx_hal_rcc.o
                0x00000000080033fc                HAL_RCC_GetSysClockFreq
 .text.HAL_RCC_ClockConfig
                0x00000000080034c4      0x138 ./Drivers/STM32F1xx_HAL_Driver/Src/stm32f1xx_hal_rcc.o
                0x00000000080034c4                HAL_RCC_ClockConfig
 .text.HAL_RCC_GetHCLKFreq
                0x00000000080035fc        0xc ./Drivers/STM32F1xx_HAL_Driver/Src/stm32f1xx_hal_rcc.o
                0x00000000080035fc                HAL_RCC_GetHCLKFreq
 .text.HAL_RCC_GetPCLK1Freq
                0x0000000008003608       0x20 ./Drivers/STM32F1xx_HAL_Driver/Src/stm32f1xx_hal_rcc.o
                0x0000000008003608                HAL_RCC_GetPCLK1Freq
 .text.HAL_RCCEx_PeriphCLKConfig
                0x0000000008003628      0x17c ./Drivers/STM32F1xx_HAL_Driver/Src/stm32f1xx_hal_rcc_ex.o
                0x0000000008003628                HAL_RCCEx_PeriphCLKConfig
 .text.HAL_TIM_PeriodElapsedCallback
                0x00000000080037a4        0x2 ./Drivers/STM32F1xx_HAL_Driver/Src/stm32f1xx_hal_tim.o
                0x00000000080037a4                HAL_TIM_PeriodElapsedCallback
 .text.HAL_TIM_OC_DelayElapsedCallback
                0x00000000080037a6        0x2 ./Drivers/STM32F1xx_HAL_Driver/Src/stm32f1xx_hal_tim.o
                0x00000000080037a6                HAL_TIM_OC_DelayElapsedCallback
 .text.HAL_TIM_IC_CaptureCallback
                0x00000000080037a8        0x2 ./Drivers/STM32F1xx_HAL_Driver/Src/stm32f1xx_hal_tim.o
                0x00000000080037a8                HAL_TIM_IC_CaptureCallback
 .text.HAL_TIM_PWM_PulseFinishedCallback
                0x00000000080037aa        0x2 ./Drivers/STM32F1xx_HAL_Driver/Src/stm32f1xx_hal_tim.o
                0x00000000080037aa                HAL_TIM_PWM_PulseFinishedCallback
 .text.HAL_TIM_TriggerCallback
                0x00000000080037ac        0x2 ./Drivers/STM32F1xx_HAL_Driver/Src/stm32f1xx_hal_tim.o
                0x00000000080037ac                HAL_TIM_TriggerCallback
 .text.HAL_TIM_IRQHandler
                0x00000000080037ae      0x144 ./Drivers/STM32F1xx_HAL_Driver/Src/stm32f1xx_hal_tim.o
                0x00000000080037ae                HAL_TIM_IRQHandler
 *fill*         0x00000000080038f2        0x2 
 .text.TIM_Base_SetConfig
                0x00000000080038f4       0x80 ./Drivers/STM32F1xx_HAL_Driver/Src/stm32f1xx_hal_tim.o
                0x00000000080038f4                TIM_Base_SetConfig
 .text.HAL_TIM_Base_Init
                0x0000000008003974       0x58 ./Drivers/STM32F1xx_HAL_Driver/Src/stm32f1xx_hal_tim.o
                0x0000000008003974                HAL_TIM_Base_Init
 .text.TIM_ETR_SetConfig
                0x00000000080039cc       0x14 ./Drivers/STM32F1xx_HAL_Driver/Src/stm32f1xx_hal_tim.o
                0x00000000080039cc                TIM_ETR_SetConfig
 .text.HAL_TIM_ConfigClockSource
                0x00000000080039e0      0x128 ./Drivers/STM32F1xx_HAL_Driver/Src/stm32f1xx_hal_tim.o
                0x00000000080039e0                HAL_TIM_ConfigClockSource
 .text.HAL_TIMEx_MasterConfigSynchronization
                0x0000000008003b08       0x64 ./Drivers/STM32F1xx_HAL_Driver/Src/stm32f1xx_hal_tim_ex.o
                0x0000000008003b08                HAL_TIMEx_MasterConfigSynchronization
 .text.HAL_TIMEx_CommutCallback
                0x0000000008003b6c        0x2 ./Drivers/STM32F1xx_HAL_Driver/Src/stm32f1xx_hal_tim_ex.o
                0x0000000008003b6c                HAL_TIMEx_CommutCallback
 .text.HAL_TIMEx_BreakCallback
                0x0000000008003b6e        0x2 ./Drivers/STM32F1xx_HAL_Driver/Src/stm32f1xx_hal_tim_ex.o
                0x0000000008003b6e                HAL_TIMEx_BreakCallback
 .text.USB_CoreInit
                0x0000000008003b70       0x50 ./Drivers/STM32F1xx_HAL_Driver/Src/stm32f1xx_ll_usb.o
                0x0000000008003b70                USB_CoreInit
 .text.USB_SetTurnaroundTime
                0x0000000008003bc0       0xe0 ./Drivers/STM32F1xx_HAL_Driver/Src/stm32f1xx_ll_usb.o
                0x0000000008003bc0                USB_SetTurnaroundTime
 .text.USB_EnableGlobalInt
                0x0000000008003ca0        0xc ./Drivers/STM32F1xx_HAL_Driver/Src/stm32f1xx_ll_usb.o
                0x0000000008003ca0                USB_EnableGlobalInt
 .text.USB_DisableGlobalInt
                0x0000000008003cac        0xc ./Drivers/STM32F1xx_HAL_Driver/Src/stm32f1xx_ll_usb.o
                0x0000000008003cac                USB_DisableGlobalInt
 .text.USB_SetCurrentMode
                0x0000000008003cb8       0x5c ./Drivers/STM32F1xx_HAL_Driver/Src/stm32f1xx_ll_usb.o
                0x0000000008003cb8                USB_SetCurrentMode
 .text.USB_FlushTxFifo
                0x0000000008003d14       0x24 ./Drivers/STM32F1xx_HAL_Driver/Src/stm32f1xx_ll_usb.o
                0x0000000008003d14                USB_FlushTxFifo
 .text.USB_FlushRxFifo
                0x0000000008003d38       0x20 ./Drivers/STM32F1xx_HAL_Driver/Src/stm32f1xx_ll_usb.o
                0x0000000008003d38                USB_FlushRxFifo
 .text.USB_SetDevSpeed
                0x0000000008003d58        0xe ./Drivers/STM32F1xx_HAL_Driver/Src/stm32f1xx_ll_usb.o
                0x0000000008003d58                USB_SetDevSpeed
 *fill*         0x0000000008003d66        0x2 
 .text.USB_DevInit
                0x0000000008003d68      0x130 ./Drivers/STM32F1xx_HAL_Driver/Src/stm32f1xx_ll_usb.o
                0x0000000008003d68                USB_DevInit
 .text.USB_GetDevSpeed
                0x0000000008003e98       0x14 ./Drivers/STM32F1xx_HAL_Driver/Src/stm32f1xx_ll_usb.o
                0x0000000008003e98                USB_GetDevSpeed
 .text.USB_ActivateEndpoint
                0x0000000008003eac       0x7c ./Drivers/STM32F1xx_HAL_Driver/Src/stm32f1xx_ll_usb.o
                0x0000000008003eac                USB_ActivateEndpoint
 .text.USB_EP0StartXfer
                0x0000000008003f28       0xc4 ./Drivers/STM32F1xx_HAL_Driver/Src/stm32f1xx_ll_usb.o
                0x0000000008003f28                USB_EP0StartXfer
 .text.USB_WritePacket
                0x0000000008003fec       0x1e ./Drivers/STM32F1xx_HAL_Driver/Src/stm32f1xx_ll_usb.o
                0x0000000008003fec                USB_WritePacket
 *fill*         0x000000000800400a        0x2 
 .text.USB_EPStartXfer
                0x000000000800400c      0x164 ./Drivers/STM32F1xx_HAL_Driver/Src/stm32f1xx_ll_usb.o
                0x000000000800400c                USB_EPStartXfer
 .text.USB_ReadPacket
                0x0000000008004170       0x40 ./Drivers/STM32F1xx_HAL_Driver/Src/stm32f1xx_ll_usb.o
                0x0000000008004170                USB_ReadPacket
 .text.USB_EPSetStall
                0x00000000080041b0       0x56 ./Drivers/STM32F1xx_HAL_Driver/Src/stm32f1xx_ll_usb.o
                0x00000000080041b0                USB_EPSetStall
 .text.USB_EPClearStall
                0x0000000008004206       0x52 ./Drivers/STM32F1xx_HAL_Driver/Src/stm32f1xx_ll_usb.o
                0x0000000008004206                USB_EPClearStall
 .text.USB_SetDevAddress
                0x0000000008004258       0x20 ./Drivers/STM32F1xx_HAL_Driver/Src/stm32f1xx_ll_usb.o
                0x0000000008004258                USB_SetDevAddress
 .text.USB_DevConnect
                0x0000000008004278       0x1c ./Drivers/STM32F1xx_HAL_Driver/Src/stm32f1xx_ll_usb.o
                0x0000000008004278                USB_DevConnect
 .text.USB_DevDisconnect
                0x0000000008004294       0x1c ./Drivers/STM32F1xx_HAL_Driver/Src/stm32f1xx_ll_usb.o
                0x0000000008004294                USB_DevDisconnect
 .text.USB_ReadInterrupts
                0x00000000080042b0        0x8 ./Drivers/STM32F1xx_HAL_Driver/Src/stm32f1xx_ll_usb.o
                0x00000000080042b0                USB_ReadInterrupts
 .text.USB_ReadDevAllOutEpInterrupt
                0x00000000080042b8       0x10 ./Drivers/STM32F1xx_HAL_Driver/Src/stm32f1xx_ll_usb.o
                0x00000000080042b8                USB_ReadDevAllOutEpInterrupt
 .text.USB_ReadDevAllInEpInterrupt
                0x00000000080042c8       0x10 ./Drivers/STM32F1xx_HAL_Driver/Src/stm32f1xx_ll_usb.o
                0x00000000080042c8                USB_ReadDevAllInEpInterrupt
 .text.USB_ReadDevOutEPInterrupt
                0x00000000080042d8       0x12 ./Drivers/STM32F1xx_HAL_Driver/Src/stm32f1xx_ll_usb.o
                0x00000000080042d8                USB_ReadDevOutEPInterrupt
 .text.USB_ReadDevInEPInterrupt
                0x00000000080042ea       0x24 ./Drivers/STM32F1xx_HAL_Driver/Src/stm32f1xx_ll_usb.o
                0x00000000080042ea                USB_ReadDevInEPInterrupt
 .text.USB_GetMode
                0x000000000800430e        0x8 ./Drivers/STM32F1xx_HAL_Driver/Src/stm32f1xx_ll_usb.o
                0x000000000800430e                USB_GetMode
 .text.USB_ActivateSetup
                0x0000000008004316       0x20 ./Drivers/STM32F1xx_HAL_Driver/Src/stm32f1xx_ll_usb.o
                0x0000000008004316                USB_ActivateSetup
 *fill*         0x0000000008004336        0x2 
 .text.USB_EP0_OutStart
                0x0000000008004338       0x38 ./Drivers/STM32F1xx_HAL_Driver/Src/stm32f1xx_ll_usb.o
                0x0000000008004338                USB_EP0_OutStart
 .text._Z13N2kHasElapsedmmm
                0x0000000008004370       0x2e ./Libs/NMEA2000/src/N2kDeviceList.o
                0x0000000008004370                N2kHasElapsed(unsigned long, unsigned long, unsigned long)
 .text._ZN9tNMEA200018tDeviceInformationC2Ev
                0x000000000800439e       0x22 ./Libs/NMEA2000/src/N2kDeviceList.o
                0x000000000800439e                tNMEA2000::tDeviceInformation::tDeviceInformation()
                0x000000000800439e                tNMEA2000::tDeviceInformation::tDeviceInformation()
 .text._ZNK9tNMEA200018tDeviceInformation15GetUniqueNumberEv
                0x00000000080043c0       0x1a ./Libs/NMEA2000/src/N2kDeviceList.o
                0x00000000080043c0                tNMEA2000::tDeviceInformation::GetUniqueNumber() const
 .text._ZNK9tNMEA200018tDeviceInformation19GetManufacturerCodeEv
                0x00000000080043da       0x1a ./Libs/NMEA2000/src/N2kDeviceList.o
                0x00000000080043da                tNMEA2000::tDeviceInformation::GetManufacturerCode() const
 .text._ZNK9tNMEA200018tDeviceInformation7GetNameEv
                0x00000000080043f4       0x1a ./Libs/NMEA2000/src/N2kDeviceList.o
                0x00000000080043f4                tNMEA2000::tDeviceInformation::GetName() const
 .text._ZN9tNMEA200011IsBroadcastEh
                0x000000000800440e       0x20 ./Libs/NMEA2000/src/N2kGroupFunction.o
                0x000000000800440e                tNMEA2000::IsBroadcast(unsigned char)
 *fill*         0x000000000800442e        0x2 
 .text._ZN24tN2kGroupFunctionHandlerC2EP9tNMEA2000m
                0x0000000008004430       0x44 ./Libs/NMEA2000/src/N2kGroupFunction.o
                0x0000000008004430                tN2kGroupFunctionHandler::tN2kGroupFunctionHandler(tNMEA2000*, unsigned long)
                0x0000000008004430                tN2kGroupFunctionHandler::tN2kGroupFunctionHandler(tNMEA2000*, unsigned long)
 .text._ZN24tN2kGroupFunctionHandler6HandleERK7tN2kMsg21tN2kGroupFunctionCodemi
                0x0000000008004474      0x27c ./Libs/NMEA2000/src/N2kGroupFunction.o
                0x0000000008004474                tN2kGroupFunctionHandler::Handle(tN2kMsg const&, tN2kGroupFunctionCode, unsigned long, int)
 .text._ZN24tN2kGroupFunctionHandler54GetRequestGroupFunctionTransmissionOrPriorityErrorCodeEmtbmmbt
                0x00000000080046f0       0x7e ./Libs/NMEA2000/src/N2kGroupFunction.o
                0x00000000080046f0                tN2kGroupFunctionHandler::GetRequestGroupFunctionTransmissionOrPriorityErrorCode(unsigned long, unsigned short, bool, unsigned long, unsigned long, bool, unsigned short)
 .text._ZN24tN2kGroupFunctionHandler13HandleRequestERK7tN2kMsgmthi
                0x000000000800476e       0xd0 ./Libs/NMEA2000/src/N2kGroupFunction.o
                0x000000000800476e                tN2kGroupFunctionHandler::HandleRequest(tN2kMsg const&, unsigned long, unsigned short, unsigned char, int)
 .text._ZN24tN2kGroupFunctionHandler13HandleCommandERK7tN2kMsghhi
                0x000000000800483e       0x92 ./Libs/NMEA2000/src/N2kGroupFunction.o
                0x000000000800483e                tN2kGroupFunctionHandler::HandleCommand(tN2kMsg const&, unsigned char, unsigned char, int)
 .text._ZN24tN2kGroupFunctionHandler17HandleAcknowledgeERK7tN2kMsg29tN2kGroupFunctionPGNErrorCode48tN2kGroupFunctionTransmissionOrPriorityErrorCodehi
                0x00000000080048d0       0x22 ./Libs/NMEA2000/src/N2kGroupFunction.o
                0x00000000080048d0                tN2kGroupFunctionHandler::HandleAcknowledge(tN2kMsg const&, tN2kGroupFunctionPGNErrorCode, tN2kGroupFunctionTransmissionOrPriorityErrorCode, unsigned char, int)
 .text._ZN24tN2kGroupFunctionHandler16HandleReadFieldsERK7tN2kMsgthhhhi
                0x00000000080048f2       0x76 ./Libs/NMEA2000/src/N2kGroupFunction.o
                0x00000000080048f2                tN2kGroupFunctionHandler::HandleReadFields(tN2kMsg const&, unsigned short, unsigned char, unsigned char, unsigned char, unsigned char, int)
 .text._ZN24tN2kGroupFunctionHandler21HandleReadFieldsReplyERK7tN2kMsgi
                0x0000000008004968       0x18 ./Libs/NMEA2000/src/N2kGroupFunction.o
                0x0000000008004968                tN2kGroupFunctionHandler::HandleReadFieldsReply(tN2kMsg const&, int)
 .text._ZN24tN2kGroupFunctionHandler17HandleWriteFieldsERK7tN2kMsgthhhhi
                0x0000000008004980       0x76 ./Libs/NMEA2000/src/N2kGroupFunction.o
                0x0000000008004980                tN2kGroupFunctionHandler::HandleWriteFields(tN2kMsg const&, unsigned short, unsigned char, unsigned char, unsigned char, unsigned char, int)
 .text._ZN24tN2kGroupFunctionHandler22HandleWriteFieldsReplyERK7tN2kMsgi
                0x00000000080049f6       0x18 ./Libs/NMEA2000/src/N2kGroupFunction.o
                0x00000000080049f6                tN2kGroupFunctionHandler::HandleWriteFieldsReply(tN2kMsg const&, int)
 .text._ZN24tN2kGroupFunctionHandler22GetPGNForGroupFunctionERK7tN2kMsg
                0x0000000008004a0e       0x26 ./Libs/NMEA2000/src/N2kGroupFunction.o
                0x0000000008004a0e                tN2kGroupFunctionHandler::GetPGNForGroupFunction(tN2kMsg const&)
 .text._ZN24tN2kGroupFunctionHandler5ParseERK7tN2kMsgR21tN2kGroupFunctionCodeRm
                0x0000000008004a34       0x3c ./Libs/NMEA2000/src/N2kGroupFunction.o
                0x0000000008004a34                tN2kGroupFunctionHandler::Parse(tN2kMsg const&, tN2kGroupFunctionCode&, unsigned long&)
 .text._ZN24tN2kGroupFunctionHandler18ParseRequestParamsERK7tN2kMsgRmRtRh
                0x0000000008004a70       0x70 ./Libs/NMEA2000/src/N2kGroupFunction.o
                0x0000000008004a70                tN2kGroupFunctionHandler::ParseRequestParams(tN2kMsg const&, unsigned long&, unsigned short&, unsigned char&)
 .text._ZN24tN2kGroupFunctionHandler31StartParseRequestPairParametersERK7tN2kMsgRi
                0x0000000008004ae0       0x30 ./Libs/NMEA2000/src/N2kGroupFunction.o
                0x0000000008004ae0                tN2kGroupFunctionHandler::StartParseRequestPairParameters(tN2kMsg const&, int&)
 .text._ZN24tN2kGroupFunctionHandler18ParseCommandParamsERK7tN2kMsgRhS3_
                0x0000000008004b10       0x54 ./Libs/NMEA2000/src/N2kGroupFunction.o
                0x0000000008004b10                tN2kGroupFunctionHandler::ParseCommandParams(tN2kMsg const&, unsigned char&, unsigned char&)
 .text._ZN24tN2kGroupFunctionHandler31StartParseCommandPairParametersERK7tN2kMsgRi
                0x0000000008004b64       0x30 ./Libs/NMEA2000/src/N2kGroupFunction.o
                0x0000000008004b64                tN2kGroupFunctionHandler::StartParseCommandPairParameters(tN2kMsg const&, int&)
 .text._ZN24tN2kGroupFunctionHandler22ParseAcknowledgeParamsERK7tN2kMsgR29tN2kGroupFunctionPGNErrorCodeR48tN2kGroupFunctionTransmissionOrPriorityErrorCodeRh
                0x0000000008004b94       0x68 ./Libs/NMEA2000/src/N2kGroupFunction.o
                0x0000000008004b94                tN2kGroupFunctionHandler::ParseAcknowledgeParams(tN2kMsg const&, tN2kGroupFunctionPGNErrorCode&, tN2kGroupFunctionTransmissionOrPriorityErrorCode&, unsigned char&)
 .text._ZN24tN2kGroupFunctionHandler22ParseReadOrWriteParamsERK7tN2kMsgRtRhS4_S4_S4_b
                0x0000000008004bfc       0xac ./Libs/NMEA2000/src/N2kGroupFunction.o
                0x0000000008004bfc                tN2kGroupFunctionHandler::ParseReadOrWriteParams(tN2kMsg const&, unsigned short&, unsigned char&, unsigned char&, unsigned char&, unsigned char&, bool)
 .text._ZN24tN2kGroupFunctionHandler19SetStartAcknowledgeER7tN2kMsghm29tN2kGroupFunctionPGNErrorCode48tN2kGroupFunctionTransmissionOrPriorityErrorCodeh
                0x0000000008004ca8       0x74 ./Libs/NMEA2000/src/N2kGroupFunction.o
                0x0000000008004ca8                tN2kGroupFunctionHandler::SetStartAcknowledge(tN2kMsg&, unsigned char, unsigned long, tN2kGroupFunctionPGNErrorCode, tN2kGroupFunctionTransmissionOrPriorityErrorCode, unsigned char)
 .text._ZN24tN2kGroupFunctionHandler23AddAcknowledgeParameterER7tN2kMsgh35tN2kGroupFunctionParameterErrorCode
                0x0000000008004d1c       0x6c ./Libs/NMEA2000/src/N2kGroupFunction.o
                0x0000000008004d1c                tN2kGroupFunctionHandler::AddAcknowledgeParameter(tN2kMsg&, unsigned char, tN2kGroupFunctionParameterErrorCode)
 .text._ZN24tN2kGroupFunctionHandler15SendAcknowledgeEP9tNMEA2000him29tN2kGroupFunctionPGNErrorCode48tN2kGroupFunctionTransmissionOrPriorityErrorCodeh35tN2kGroupFunctionParameterErrorCode
                0x0000000008004d88       0xc8 ./Libs/NMEA2000/src/N2kGroupFunction.o
                0x0000000008004d88                tN2kGroupFunctionHandler::SendAcknowledge(tNMEA2000*, unsigned char, int, unsigned long, tN2kGroupFunctionPGNErrorCode, tN2kGroupFunctionTransmissionOrPriorityErrorCode, unsigned char, tN2kGroupFunctionParameterErrorCode)
 .text._ZNK7tN2kMsg11IsTPMessageEv
                0x0000000008004e50       0x18 ./Libs/NMEA2000/src/N2kGroupFunctionDefaultHandlers.o
                0x0000000008004e50                tN2kMsg::IsTPMessage() const
 .text._ZN24tN2kGroupFunctionHandler17MatchRequestFieldEPKcS1_RbR35tN2kGroupFunctionParameterErrorCode
                0x0000000008004e68       0x52 ./Libs/NMEA2000/src/N2kGroupFunctionDefaultHandlers.o
                0x0000000008004e68                tN2kGroupFunctionHandler::MatchRequestField(char const*, char const*, bool&, tN2kGroupFunctionParameterErrorCode&)
 .text._ZNK9tNMEA200018tDeviceInformation22GetDeviceInstanceLowerEv
                0x0000000008004eba       0x1c ./Libs/NMEA2000/src/N2kGroupFunctionDefaultHandlers.o
                0x0000000008004eba                tNMEA2000::tDeviceInformation::GetDeviceInstanceLower() const
 .text._ZNK9tNMEA200018tDeviceInformation22GetDeviceInstanceUpperEv
                0x0000000008004ed6       0x1a ./Libs/NMEA2000/src/N2kGroupFunctionDefaultHandlers.o
                0x0000000008004ed6                tNMEA2000::tDeviceInformation::GetDeviceInstanceUpper() const
 .text._ZNK9tNMEA200018tDeviceInformation17GetDeviceFunctionEv
                0x0000000008004ef0       0x16 ./Libs/NMEA2000/src/N2kGroupFunctionDefaultHandlers.o
                0x0000000008004ef0                tNMEA2000::tDeviceInformation::GetDeviceFunction() const
 .text._ZNK9tNMEA200018tDeviceInformation14GetDeviceClassEv
                0x0000000008004f06       0x1a ./Libs/NMEA2000/src/N2kGroupFunctionDefaultHandlers.o
                0x0000000008004f06                tNMEA2000::tDeviceInformation::GetDeviceClass() const
 .text._ZNK9tNMEA200018tDeviceInformation16GetIndustryGroupEv
                0x0000000008004f20       0x20 ./Libs/NMEA2000/src/N2kGroupFunctionDefaultHandlers.o
                0x0000000008004f20                tNMEA2000::tDeviceInformation::GetIndustryGroup() const
 .text._ZNK9tNMEA200018tDeviceInformation17GetSystemInstanceEv
                0x0000000008004f40       0x1c ./Libs/NMEA2000/src/N2kGroupFunctionDefaultHandlers.o
                0x0000000008004f40                tNMEA2000::tDeviceInformation::GetSystemInstance() const
 .text._ZN9tNMEA200020GetDeviceInformationEi
                0x0000000008004f5c       0x46 ./Libs/NMEA2000/src/N2kGroupFunctionDefaultHandlers.o
                0x0000000008004f5c                tNMEA2000::GetDeviceInformation(int)
 *fill*         0x0000000008004fa2        0x2 
 .text._ZN35tN2kGroupFunctionHandlerForPGN6092813HandleRequestERK7tN2kMsgmthi
                0x0000000008004fa4      0x518 ./Libs/NMEA2000/src/N2kGroupFunctionDefaultHandlers.o
                0x0000000008004fa4                tN2kGroupFunctionHandlerForPGN60928::HandleRequest(tN2kMsg const&, unsigned long, unsigned short, unsigned char, int)
 .text._ZN35tN2kGroupFunctionHandlerForPGN6092813HandleCommandERK7tN2kMsghhi
                0x00000000080054bc      0x1d6 ./Libs/NMEA2000/src/N2kGroupFunctionDefaultHandlers.o
                0x00000000080054bc                tN2kGroupFunctionHandlerForPGN60928::HandleCommand(tN2kMsg const&, unsigned char, unsigned char, int)
 .text._ZN36tN2kGroupFunctionHandlerForPGN12646413HandleRequestERK7tN2kMsgmthi
                0x0000000008005692      0x324 ./Libs/NMEA2000/src/N2kGroupFunctionDefaultHandlers.o
                0x0000000008005692                tN2kGroupFunctionHandlerForPGN126464::HandleRequest(tN2kMsg const&, unsigned long, unsigned short, unsigned char, int)
 *fill*         0x00000000080059b6        0x2 
 .text._ZN36tN2kGroupFunctionHandlerForPGN12699613HandleRequestERK7tN2kMsgmthi
                0x00000000080059b8      0x67c ./Libs/NMEA2000/src/N2kGroupFunctionDefaultHandlers.o
                0x00000000080059b8                tN2kGroupFunctionHandlerForPGN126996::HandleRequest(tN2kMsg const&, unsigned long, unsigned short, unsigned char, int)
 .text._ZN36tN2kGroupFunctionHandlerForPGN12699813HandleRequestERK7tN2kMsgmthi
                0x0000000008006034      0x3e0 ./Libs/NMEA2000/src/N2kGroupFunctionDefaultHandlers.o
                0x0000000008006034                tN2kGroupFunctionHandlerForPGN126998::HandleRequest(tN2kMsg const&, unsigned long, unsigned short, unsigned char, int)
 .text._ZN36tN2kGroupFunctionHandlerForPGN12699813HandleCommandERK7tN2kMsghhi
                0x0000000008006414      0x1de ./Libs/NMEA2000/src/N2kGroupFunctionDefaultHandlers.o
                0x0000000008006414                tN2kGroupFunctionHandlerForPGN126998::HandleCommand(tN2kMsg const&, unsigned char, unsigned char, int)
 .text._ZN36tN2kGroupFunctionHandlerForPGN12699313HandleRequestERK7tN2kMsgmthi
                0x00000000080065f2      0x142 ./Libs/NMEA2000/src/N2kGroupFunctionDefaultHandlers.o
                0x00000000080065f2                tN2kGroupFunctionHandlerForPGN126993::HandleRequest(tN2kMsg const&, unsigned long, unsigned short, unsigned char, int)
 .text._ZN24tN2kGroupFunctionHandler17MatchRequestFieldImEEvT_S1_S1_RbR35tN2kGroupFunctionParameterErrorCode
                0x0000000008006734       0x38 ./Libs/NMEA2000/src/N2kGroupFunctionDefaultHandlers.o
                0x0000000008006734                void tN2kGroupFunctionHandler::MatchRequestField<unsigned long>(unsigned long, unsigned long, unsigned long, bool&, tN2kGroupFunctionParameterErrorCode&)
 .text._ZN24tN2kGroupFunctionHandler17MatchRequestFieldItEEvT_S1_S1_RbR35tN2kGroupFunctionParameterErrorCode
                0x000000000800676c       0x46 ./Libs/NMEA2000/src/N2kGroupFunctionDefaultHandlers.o
                0x000000000800676c                void tN2kGroupFunctionHandler::MatchRequestField<unsigned short>(unsigned short, unsigned short, unsigned short, bool&, tN2kGroupFunctionParameterErrorCode&)
 .text._ZN24tN2kGroupFunctionHandler17MatchRequestFieldIhEEvT_S1_S1_RbR35tN2kGroupFunctionParameterErrorCode
                0x00000000080067b2       0x46 ./Libs/NMEA2000/src/N2kGroupFunctionDefaultHandlers.o
                0x00000000080067b2                void tN2kGroupFunctionHandler::MatchRequestField<unsigned char>(unsigned char, unsigned char, unsigned char, bool&, tN2kGroupFunctionParameterErrorCode&)
 .text._Z15SetN2kPGN127506R7tN2kMsghh10tN2kDCTypehhddd
                0x00000000080067f8       0xe0 ./Libs/NMEA2000/src/N2kMessages.o
                0x00000000080067f8                SetN2kPGN127506(tN2kMsg&, unsigned char, unsigned char, tN2kDCType, unsigned char, unsigned char, double, double, double)
 .text._Z15SetN2kPGN127508R7tN2kMsghdddh
                0x00000000080068d8       0xb4 ./Libs/NMEA2000/src/N2kMessages.o
                0x00000000080068d8                SetN2kPGN127508(tN2kMsg&, unsigned char, double, double, double, unsigned char)
 *fill*         0x000000000800698c        0x4 
 .text._Z15SetN2kPGN127513R7tN2kMsgh11tN2kBatType16tN2kBatEqSupport14tN2kBatNomVolt11tN2kBatChemdada
                0x0000000008006990      0x14c ./Libs/NMEA2000/src/N2kMessages.o
                0x0000000008006990                SetN2kPGN127513(tN2kMsg&, unsigned char, tN2kBatType, tN2kBatEqSupport, tN2kBatNomVolt, tN2kBatChem, double, signed char, double, signed char)
 .text._ZNK7tN2kMsg7IsValidEv
                0x0000000008006adc       0x28 ./Libs/NMEA2000/src/N2kMsg.o
                0x0000000008006adc                tN2kMsg::IsValid() const
 .text.round    0x0000000008006b04       0x6c ./Libs/NMEA2000/src/N2kMsg.o
                0x0000000008006b04                round
 .text._ZN7tN2kMsgC2Ehhmi
                0x0000000008006b70       0x64 ./Libs/NMEA2000/src/N2kMsg.o
                0x0000000008006b70                tN2kMsg::tN2kMsg(unsigned char, unsigned char, unsigned long, int)
                0x0000000008006b70                tN2kMsg::tN2kMsg(unsigned char, unsigned char, unsigned long, int)
 .text._ZN7tN2kMsg6SetPGNEm
                0x0000000008006bd4       0x36 ./Libs/NMEA2000/src/N2kMsg.o
                0x0000000008006bd4                tN2kMsg::SetPGN(unsigned long)
 .text._ZN7tN2kMsg4InitEhmhh
                0x0000000008006c0a       0x4a ./Libs/NMEA2000/src/N2kMsg.o
                0x0000000008006c0a                tN2kMsg::Init(unsigned char, unsigned long, unsigned char, unsigned char)
 .text._ZN7tN2kMsg9ResetDataEv
                0x0000000008006c54       0x2a ./Libs/NMEA2000/src/N2kMsg.o
                0x0000000008006c54                tN2kMsg::ResetData()
 .text._ZN7tN2kMsg5ClearEv
                0x0000000008006c7e       0x26 ./Libs/NMEA2000/src/N2kMsg.o
                0x0000000008006c7e                tN2kMsg::Clear()
 .text._ZN7tN2kMsg14Add2ByteDoubleEddd
                0x0000000008006ca4       0x54 ./Libs/NMEA2000/src/N2kMsg.o
                0x0000000008006ca4                tN2kMsg::Add2ByteDouble(double, double, double)
 .text._ZN7tN2kMsg15Add2ByteUDoubleEddd
                0x0000000008006cf8       0x54 ./Libs/NMEA2000/src/N2kMsg.o
                0x0000000008006cf8                tN2kMsg::Add2ByteUDouble(double, double, double)
 .text._ZN7tN2kMsg15Add1ByteUDoubleEddd
                0x0000000008006d4c       0x48 ./Libs/NMEA2000/src/N2kMsg.o
                0x0000000008006d4c                tN2kMsg::Add1ByteUDouble(double, double, double)
 .text._ZN7tN2kMsg11Add2ByteIntEs
                0x0000000008006d94       0x2a ./Libs/NMEA2000/src/N2kMsg.o
                0x0000000008006d94                tN2kMsg::Add2ByteInt(short)
 .text._ZN7tN2kMsg12Add2ByteUIntEt
                0x0000000008006dbe       0x28 ./Libs/NMEA2000/src/N2kMsg.o
                0x0000000008006dbe                tN2kMsg::Add2ByteUInt(unsigned short)
 .text._ZN7tN2kMsg11Add3ByteIntEl
                0x0000000008006de6       0x24 ./Libs/NMEA2000/src/N2kMsg.o
                0x0000000008006de6                tN2kMsg::Add3ByteInt(long)
 .text._ZN7tN2kMsg12Add4ByteUIntEm
                0x0000000008006e0a       0x24 ./Libs/NMEA2000/src/N2kMsg.o
                0x0000000008006e0a                tN2kMsg::Add4ByteUInt(unsigned long)
 .text._ZN7tN2kMsg9AddUInt64Ey
                0x0000000008006e2e       0x26 ./Libs/NMEA2000/src/N2kMsg.o
                0x0000000008006e2e                tN2kMsg::AddUInt64(unsigned long long)
 .text._ZN7tN2kMsg7AddByteEh
                0x0000000008006e54       0x2c ./Libs/NMEA2000/src/N2kMsg.o
                0x0000000008006e54                tN2kMsg::AddByte(unsigned char)
 .text._ZN7tN2kMsg6AddStrEPKcib
                0x0000000008006e80       0x34 ./Libs/NMEA2000/src/N2kMsg.o
                0x0000000008006e80                tN2kMsg::AddStr(char const*, int, bool)
 .text._ZNK7tN2kMsg7GetByteERi
                0x0000000008006eb4       0x34 ./Libs/NMEA2000/src/N2kMsg.o
                0x0000000008006eb4                tN2kMsg::GetByte(int&) const
 .text._ZNK7tN2kMsg12Get2ByteUIntERit
                0x0000000008006ee8       0x36 ./Libs/NMEA2000/src/N2kMsg.o
                0x0000000008006ee8                tN2kMsg::Get2ByteUInt(int&, unsigned short) const
 .text._ZNK7tN2kMsg12Get3ByteUIntERim
                0x0000000008006f1e       0x34 ./Libs/NMEA2000/src/N2kMsg.o
                0x0000000008006f1e                tN2kMsg::Get3ByteUInt(int&, unsigned long) const
 .text._ZNK7tN2kMsg12Get4ByteUIntERim
                0x0000000008006f52       0x34 ./Libs/NMEA2000/src/N2kMsg.o
                0x0000000008006f52                tN2kMsg::Get4ByteUInt(int&, unsigned long) const
 .text._ZNK7tN2kMsg9GetUInt64ERiy
                0x0000000008006f86       0x3c ./Libs/NMEA2000/src/N2kMsg.o
                0x0000000008006f86                tN2kMsg::GetUInt64(int&, unsigned long long) const
 .text._ZNK7tN2kMsg6GetStrEjPcjhRi
                0x0000000008006fc2      0x100 ./Libs/NMEA2000/src/N2kMsg.o
                0x0000000008006fc2                tN2kMsg::GetStr(unsigned int, char*, unsigned int, unsigned char, int&) const
 .text._ZNK7tN2kMsg9GetVarStrERjPcRi
                0x00000000080070c2       0x76 ./Libs/NMEA2000/src/N2kMsg.o
                0x00000000080070c2                tN2kMsg::GetVarStr(unsigned int&, char*, int&) const
 .text._Z15GetBuf2ByteUIntRiPKh
                0x0000000008007138       0x1e ./Libs/NMEA2000/src/N2kMsg.o
                0x0000000008007138                GetBuf2ByteUInt(int&, unsigned char const*)
 .text._Z15GetBuf3ByteUIntRiPKh
                0x0000000008007156       0x1e ./Libs/NMEA2000/src/N2kMsg.o
                0x0000000008007156                GetBuf3ByteUInt(int&, unsigned char const*)
 .text._Z15GetBuf4ByteUIntRiPKh
                0x0000000008007174       0x1e ./Libs/NMEA2000/src/N2kMsg.o
                0x0000000008007174                GetBuf4ByteUInt(int&, unsigned char const*)
 .text._Z15GetBuf8ByteUIntRiPKh
                0x0000000008007192       0x22 ./Libs/NMEA2000/src/N2kMsg.o
                0x0000000008007192                GetBuf8ByteUInt(int&, unsigned char const*)
 *fill*         0x00000000080071b4        0x4 
 .text._Z17SetBuf2ByteDoubleddRiPh
                0x00000000080071b8       0x8c ./Libs/NMEA2000/src/N2kMsg.o
                0x00000000080071b8                SetBuf2ByteDouble(double, double, int&, unsigned char*)
 *fill*         0x0000000008007244        0x4 
 .text._Z18SetBuf2ByteUDoubleddRiPh
                0x0000000008007248       0x88 ./Libs/NMEA2000/src/N2kMsg.o
                0x0000000008007248                SetBuf2ByteUDouble(double, double, int&, unsigned char*)
 .text._Z18SetBuf1ByteUDoubleddRiPh
                0x00000000080072d0       0x88 ./Libs/NMEA2000/src/N2kMsg.o
                0x00000000080072d0                SetBuf1ByteUDouble(double, double, int&, unsigned char*)
 .text._Z14SetBuf2ByteIntsRiPh
                0x0000000008007358       0x24 ./Libs/NMEA2000/src/N2kMsg.o
                0x0000000008007358                SetBuf2ByteInt(short, int&, unsigned char*)
 .text._Z15SetBuf2ByteUInttRiPh
                0x000000000800737c       0x22 ./Libs/NMEA2000/src/N2kMsg.o
                0x000000000800737c                SetBuf2ByteUInt(unsigned short, int&, unsigned char*)
 .text._Z14SetBuf3ByteIntlRiPh
                0x000000000800739e       0x20 ./Libs/NMEA2000/src/N2kMsg.o
                0x000000000800739e                SetBuf3ByteInt(long, int&, unsigned char*)
 .text._Z15SetBuf4ByteUIntmRiPh
                0x00000000080073be       0x20 ./Libs/NMEA2000/src/N2kMsg.o
                0x00000000080073be                SetBuf4ByteUInt(unsigned long, int&, unsigned char*)
 .text._Z12SetBufUInt64yRiPh
                0x00000000080073de       0x26 ./Libs/NMEA2000/src/N2kMsg.o
                0x00000000080073de                SetBufUInt64(unsigned long long, int&, unsigned char*)
 .text._Z9SetBufStrPKciRiPhbh
                0x0000000008007404       0xc2 ./Libs/NMEA2000/src/N2kMsg.o
                0x0000000008007404                SetBufStr(char const*, int, int&, unsigned char*, bool, unsigned char)
 *fill*         0x00000000080074c6        0x2 
 .text._Z8PrintBufP9N2kStreamhPKhb
                0x00000000080074c8       0x70 ./Libs/NMEA2000/src/N2kMsg.o
                0x00000000080074c8                PrintBuf(N2kStream*, unsigned char, unsigned char const*, bool)
 .text._ZNK7tN2kMsg5PrintEP9N2kStreamb
                0x0000000008007538      0x110 ./Libs/NMEA2000/src/N2kMsg.o
                0x0000000008007538                tN2kMsg::Print(N2kStream*, bool) const
 .text._Z19AddByteEscapedToBufhRhPhRi
                0x0000000008007648       0x58 ./Libs/NMEA2000/src/N2kMsg.o
                0x0000000008007648                AddByteEscapedToBuf(unsigned char, unsigned char&, unsigned char*, int&)
 .text._ZNK7tN2kMsg21SendInActisenseFormatEP9N2kStream
                0x00000000080076a0      0x340 ./Libs/NMEA2000/src/N2kMsg.o
                0x00000000080076a0                tN2kMsg::SendInActisenseFormat(N2kStream*) const
 .text._Z6SetBufIlEvT_jRiPh
                0x00000000080079e0       0x3c ./Libs/NMEA2000/src/N2kMsg.o
                0x00000000080079e0                void SetBuf<long>(long, unsigned int, int&, unsigned char*)
 .text._Z6SetBufImEvT_jRiPh
                0x0000000008007a1c       0x3c ./Libs/NMEA2000/src/N2kMsg.o
                0x0000000008007a1c                void SetBuf<unsigned long>(unsigned long, unsigned int, int&, unsigned char*)
 .text._Z6GetBufItET_jRiPKh
                0x0000000008007a58       0x40 ./Libs/NMEA2000/src/N2kMsg.o
                0x0000000008007a58                unsigned short GetBuf<unsigned short>(unsigned int, int&, unsigned char const*)
 .text._Z6GetBufImET_jRiPKh
                0x0000000008007a98       0x40 ./Libs/NMEA2000/src/N2kMsg.o
                0x0000000008007a98                unsigned long GetBuf<unsigned long>(unsigned int, int&, unsigned char const*)
 .text._Z6GetBufIyET_jRiPKh
                0x0000000008007ad8       0x4c ./Libs/NMEA2000/src/N2kMsg.o
                0x0000000008007ad8                unsigned long long GetBuf<unsigned long long>(unsigned int, int&, unsigned char const*)
 .text._Z6SetBufIsEvT_jRiPh
                0x0000000008007b24       0x3e ./Libs/NMEA2000/src/N2kMsg.o
                0x0000000008007b24                void SetBuf<short>(short, unsigned int, int&, unsigned char*)
 .text._Z6SetBufItEvT_jRiPh
                0x0000000008007b62       0x3e ./Libs/NMEA2000/src/N2kMsg.o
                0x0000000008007b62                void SetBuf<unsigned short>(unsigned short, unsigned int, int&, unsigned char*)
 .text._Z6SetBufIhEvT_jRiPh
                0x0000000008007ba0       0x3e ./Libs/NMEA2000/src/N2kMsg.o
                0x0000000008007ba0                void SetBuf<unsigned char>(unsigned char, unsigned int, int&, unsigned char*)
 .text._Z6SetBufIyEvT_jRiPh
                0x0000000008007bde       0x3c ./Libs/NMEA2000/src/N2kMsg.o
                0x0000000008007bde                void SetBuf<unsigned long long>(unsigned long long, unsigned int, int&, unsigned char*)
 .text._ZN9N2kStream5printEPKc
                0x0000000008007c1a       0x38 ./Libs/NMEA2000/src/N2kStream.o
                0x0000000008007c1a                N2kStream::print(char const*)
 *fill*         0x0000000008007c52        0x2 
 .text._ZN9N2kStream5printEih
                0x0000000008007c54       0x80 ./Libs/NMEA2000/src/N2kStream.o
                0x0000000008007c54                N2kStream::print(int, unsigned char)
 .text._ZN9N2kStream7printlnEPKc
                0x0000000008007cd4       0x2c ./Libs/NMEA2000/src/N2kStream.o
                0x0000000008007cd4                N2kStream::println(char const*)
 .text._ZN9N2kStream7printlnEih
                0x0000000008007d00       0x34 ./Libs/NMEA2000/src/N2kStream.o
                0x0000000008007d00                N2kStream::println(int, unsigned char)
 .text._Z9N2kMillisv
                0x0000000008007d34        0xe ./Libs/NMEA2000/src/N2kTimer.o
                0x0000000008007d34                N2kMillis()
 *fill*         0x0000000008007d42        0x2 
 .text._Z11N2kMillis64v
                0x0000000008007d44       0x68 ./Libs/NMEA2000/src/N2kTimer.o
                0x0000000008007d44                N2kMillis64()
 .text._ZN13tN2kScheduler3NowEv
                0x0000000008007dac       0x16 ./Libs/NMEA2000/src/N2kTimer.o
                0x0000000008007dac                tN2kScheduler::Now()
 .text._ZN7tN2kMsg14SetIsTPMessageEb
                0x0000000008007dc2       0x1e ./Libs/NMEA2000/src/NMEA2000.o
                0x0000000008007dc2                tN2kMsg::SetIsTPMessage(bool)
 .text._ZNK7tN2kMsg11ForceSourceEh
                0x0000000008007de0       0x1c ./Libs/NMEA2000/src/NMEA2000.o
                0x0000000008007de0                tN2kMsg::ForceSource(unsigned char) const
 .text._ZNK7tN2kMsg16CheckDestinationEv
                0x0000000008007dfc       0x22 ./Libs/NMEA2000/src/NMEA2000.o
                0x0000000008007dfc                tN2kMsg::CheckDestination() const
 .text._ZN10tN2kCANMsgC2Ev
                0x0000000008007e1e       0x5a ./Libs/NMEA2000/src/NMEA2000.o
                0x0000000008007e1e                tN2kCANMsg::tN2kCANMsg()
                0x0000000008007e1e                tN2kCANMsg::tN2kCANMsg()
 .text._ZN10tN2kCANMsg11FreeMessageEv
                0x0000000008007e78       0x46 ./Libs/NMEA2000/src/NMEA2000.o
                0x0000000008007e78                tN2kCANMsg::FreeMessage()
 .text._Z15N2kIsTimeBeforemm
                0x0000000008007ebe       0x28 ./Libs/NMEA2000/src/NMEA2000.o
                0x0000000008007ebe                N2kIsTimeBefore(unsigned long, unsigned long)
 .text._ZN17tN2kSyncSchedulerC2Ebmm
                0x0000000008007ee6       0x3a ./Libs/NMEA2000/src/NMEA2000.o
                0x0000000008007ee6                tN2kSyncScheduler::tN2kSyncScheduler(bool, unsigned long, unsigned long)
                0x0000000008007ee6                tN2kSyncScheduler::tN2kSyncScheduler(bool, unsigned long, unsigned long)
 .text._ZN17tN2kSyncScheduler7DisableEv
                0x0000000008007f20       0x20 ./Libs/NMEA2000/src/NMEA2000.o
                0x0000000008007f20                tN2kSyncScheduler::Disable()
 .text._ZN17tN2kSyncScheduler6IsTimeEv
                0x0000000008007f40       0x26 ./Libs/NMEA2000/src/NMEA2000.o
                0x0000000008007f40                tN2kSyncScheduler::IsTime()
 .text._ZN17tN2kSyncScheduler18SetPeriodAndOffsetEmm
                0x0000000008007f66       0x34 ./Libs/NMEA2000/src/NMEA2000.o
                0x0000000008007f66                tN2kSyncScheduler::SetPeriodAndOffset(unsigned long, unsigned long)
 .text._ZNK17tN2kSyncScheduler9GetOffsetEv
                0x0000000008007f9a       0x16 ./Libs/NMEA2000/src/NMEA2000.o
                0x0000000008007f9a                tN2kSyncScheduler::GetOffset() const
 .text._ZNK17tN2kSyncScheduler9GetPeriodEv
                0x0000000008007fb0       0x16 ./Libs/NMEA2000/src/NMEA2000.o
                0x0000000008007fb0                tN2kSyncScheduler::GetPeriod() const
 *fill*         0x0000000008007fc6        0x2 
 .text._ZN17tN2kSyncScheduler13SetSyncOffsetEv
                0x0000000008007fc8       0x1c ./Libs/NMEA2000/src/NMEA2000.o
                0x0000000008007fc8                tN2kSyncScheduler::SetSyncOffset()
 .text._ZN13tN2kSchedulerC2Em
                0x0000000008007fe4       0x1c ./Libs/NMEA2000/src/NMEA2000.o
                0x0000000008007fe4                tN2kScheduler::tN2kScheduler(unsigned long)
                0x0000000008007fe4                tN2kScheduler::tN2kScheduler(unsigned long)
 .text._ZN13tN2kScheduler7DisableEv
                0x0000000008008000       0x1a ./Libs/NMEA2000/src/NMEA2000.o
                0x0000000008008000                tN2kScheduler::Disable()
 .text._ZNK13tN2kScheduler10IsDisabledEv
                0x000000000800801a       0x22 ./Libs/NMEA2000/src/NMEA2000.o
                0x000000000800801a                tN2kScheduler::IsDisabled() const
 .text._ZNK13tN2kScheduler9IsEnabledEv
                0x000000000800803c       0x22 ./Libs/NMEA2000/src/NMEA2000.o
                0x000000000800803c                tN2kScheduler::IsEnabled() const
 .text._ZNK13tN2kScheduler6IsTimeEv
                0x000000000800805e       0x3c ./Libs/NMEA2000/src/NMEA2000.o
                0x000000000800805e                tN2kScheduler::IsTime() const
 .text._ZN13tN2kScheduler7FromNowEm
                0x000000000800809a       0x32 ./Libs/NMEA2000/src/NMEA2000.o
                0x000000000800809a                tN2kScheduler::FromNow(unsigned long)
 .text._ZN9tNMEA200018tDeviceInformation15SetUniqueNumberEm
                0x00000000080080cc       0x28 ./Libs/NMEA2000/src/NMEA2000.o
                0x00000000080080cc                tNMEA2000::tDeviceInformation::SetUniqueNumber(unsigned long)
 .text._ZN9tNMEA200018tDeviceInformation19SetManufacturerCodeEt
                0x00000000080080f4       0x28 ./Libs/NMEA2000/src/NMEA2000.o
                0x00000000080080f4                tNMEA2000::tDeviceInformation::SetManufacturerCode(unsigned short)
 .text._ZN9tNMEA200018tDeviceInformation17SetDeviceInstanceEh
                0x000000000800811c       0x1c ./Libs/NMEA2000/src/NMEA2000.o
                0x000000000800811c                tNMEA2000::tDeviceInformation::SetDeviceInstance(unsigned char)
 .text._ZNK9tNMEA200018tDeviceInformation17GetDeviceInstanceEv
                0x0000000008008138       0x16 ./Libs/NMEA2000/src/NMEA2000.o
                0x0000000008008138                tNMEA2000::tDeviceInformation::GetDeviceInstance() const
 .text._ZN9tNMEA200018tDeviceInformation17SetDeviceFunctionEh
                0x000000000800814e       0x1c ./Libs/NMEA2000/src/NMEA2000.o
                0x000000000800814e                tNMEA2000::tDeviceInformation::SetDeviceFunction(unsigned char)
 .text._ZN9tNMEA200018tDeviceInformation14SetDeviceClassEh
                0x000000000800816a       0x20 ./Libs/NMEA2000/src/NMEA2000.o
                0x000000000800816a                tNMEA2000::tDeviceInformation::SetDeviceClass(unsigned char)
 .text._ZN9tNMEA200018tDeviceInformation16SetIndustryGroupEh
                0x000000000800818a       0x38 ./Libs/NMEA2000/src/NMEA2000.o
                0x000000000800818a                tNMEA2000::tDeviceInformation::SetIndustryGroup(unsigned char)
 .text._ZN9tNMEA200018tDeviceInformation17SetSystemInstanceEh
                0x00000000080081c2       0x30 ./Libs/NMEA2000/src/NMEA2000.o
                0x00000000080081c2                tNMEA2000::tDeviceInformation::SetSystemInstance(unsigned char)
 .text._ZNK9tNMEA200011tMsgHandler6GetPGNEv
                0x00000000080081f2       0x16 ./Libs/NMEA2000/src/NMEA2000.o
                0x00000000080081f2                tNMEA2000::tMsgHandler::GetPGN() const
 .text._ZN9tNMEA200015tInternalDeviceC2Ev
                0x0000000008008208       0xd8 ./Libs/NMEA2000/src/NMEA2000.o
                0x0000000008008208                tNMEA2000::tInternalDevice::tInternalDevice()
                0x0000000008008208                tNMEA2000::tInternalDevice::tInternalDevice()
 .text._ZN9tNMEA200015tInternalDevice25SetPendingIsoAddressClaimEm
                0x00000000080082e0       0x26 ./Libs/NMEA2000/src/NMEA2000.o
                0x00000000080082e0                tNMEA2000::tInternalDevice::SetPendingIsoAddressClaim(unsigned long)
 .text._ZN9tNMEA200015tInternalDevice27QueryPendingIsoAddressClaimEv
                0x0000000008008306       0x1c ./Libs/NMEA2000/src/NMEA2000.o
                0x0000000008008306                tNMEA2000::tInternalDevice::QueryPendingIsoAddressClaim()
 .text._ZN9tNMEA200015tInternalDevice27ClearPendingIsoAddressClaimEv
                0x0000000008008322       0x20 ./Libs/NMEA2000/src/NMEA2000.o
                0x0000000008008322                tNMEA2000::tInternalDevice::ClearPendingIsoAddressClaim()
 .text._ZN9tNMEA200015tInternalDevice28SetPendingProductInformationEv
                0x0000000008008342       0x30 ./Libs/NMEA2000/src/NMEA2000.o
                0x0000000008008342                tNMEA2000::tInternalDevice::SetPendingProductInformation()
 .text._ZN9tNMEA200015tInternalDevice30ClearPendingProductInformationEv
                0x0000000008008372       0x20 ./Libs/NMEA2000/src/NMEA2000.o
                0x0000000008008372                tNMEA2000::tInternalDevice::ClearPendingProductInformation()
 .text._ZN9tNMEA200015tInternalDevice30QueryPendingProductInformationEv
                0x0000000008008392       0x1c ./Libs/NMEA2000/src/NMEA2000.o
                0x0000000008008392                tNMEA2000::tInternalDevice::QueryPendingProductInformation()
 .text._ZN9tNMEA200015tInternalDevice34SetPendingConfigurationInformationEv
                0x00000000080083ae       0x38 ./Libs/NMEA2000/src/NMEA2000.o
                0x00000000080083ae                tNMEA2000::tInternalDevice::SetPendingConfigurationInformation()
 .text._ZN9tNMEA200015tInternalDevice36ClearPendingConfigurationInformationEv
                0x00000000080083e6       0x20 ./Libs/NMEA2000/src/NMEA2000.o
                0x00000000080083e6                tNMEA2000::tInternalDevice::ClearPendingConfigurationInformation()
 .text._ZN9tNMEA200015tInternalDevice36QueryPendingConfigurationInformationEv
                0x0000000008008406       0x1c ./Libs/NMEA2000/src/NMEA2000.o
                0x0000000008008406                tNMEA2000::tInternalDevice::QueryPendingConfigurationInformation()
 .text._ZN9tNMEA200015tInternalDevice27UpdateAddressClaimEndSourceEv
                0x0000000008008422       0x42 ./Libs/NMEA2000/src/NMEA2000.o
                0x0000000008008422                tNMEA2000::tInternalDevice::UpdateAddressClaimEndSource()
 .text._ZN9tNMEA200015tInternalDevice27UpdateHasPendingInformationEv
                0x0000000008008464       0x60 ./Libs/NMEA2000/src/NMEA2000.o
                0x0000000008008464                tNMEA2000::tInternalDevice::UpdateHasPendingInformation()
 .text._ZN9tNMEA200013IsInitializedEv
                0x00000000080084c4       0x20 ./Libs/NMEA2000/src/NMEA2000.o
                0x00000000080084c4                tNMEA2000::IsInitialized()
 .text._ZNK9tNMEA200014ForwardEnabledEv
                0x00000000080084e4       0x2c ./Libs/NMEA2000/src/NMEA2000.o
                0x00000000080084e4                tNMEA2000::ForwardEnabled() const
 .text._ZNK9tNMEA200021ForwardSystemMessagesEv
                0x0000000008008510       0x24 ./Libs/NMEA2000/src/NMEA2000.o
                0x0000000008008510                tNMEA2000::ForwardSystemMessages() const
 .text._ZNK9tNMEA200024ForwardOnlyKnownMessagesEv
                0x0000000008008534       0x24 ./Libs/NMEA2000/src/NMEA2000.o
                0x0000000008008534                tNMEA2000::ForwardOnlyKnownMessages() const
 .text._ZNK9tNMEA200018ForwardOwnMessagesEv
                0x0000000008008558       0x24 ./Libs/NMEA2000/src/NMEA2000.o
                0x0000000008008558                tNMEA2000::ForwardOwnMessages() const
 .text._ZNK9tNMEA200023HandleOnlyKnownMessagesEv
                0x000000000800857c       0x24 ./Libs/NMEA2000/src/NMEA2000.o
                0x000000000800857c                tNMEA2000::HandleOnlyKnownMessages() const
 .text._ZN9tNMEA200012IsActiveNodeEv
                0x00000000080085a0       0x28 ./Libs/NMEA2000/src/NMEA2000.o
                0x00000000080085a0                tNMEA2000::IsActiveNode()
 .text._ZNK9tNMEA200013IsValidDeviceEi
                0x00000000080085c8       0x2a ./Libs/NMEA2000/src/NMEA2000.o
                0x00000000080085c8                tNMEA2000::IsValidDevice(int) const
 .text._ZNK9tNMEA200013IsReadyToSendEv
                0x00000000080085f2       0x40 ./Libs/NMEA2000/src/NMEA2000.o
                0x00000000080085f2                tNMEA2000::IsReadyToSend() const
 .text._ZN9tNMEA200025SetN2kCANSendFrameBufSizeEt
                0x0000000008008632       0x2e ./Libs/NMEA2000/src/NMEA2000.o
                0x0000000008008632                tNMEA2000::SetN2kCANSendFrameBufSize(unsigned short)
 .text._ZN9tNMEA200028SetN2kCANReceiveFrameBufSizeEt
                0x0000000008008660       0x2e ./Libs/NMEA2000/src/NMEA2000.o
                0x0000000008008660                tNMEA2000::SetN2kCANReceiveFrameBufSize(unsigned short)
 .text._ZN9tNMEA200013EnableForwardEb
                0x000000000800868e       0x36 ./Libs/NMEA2000/src/NMEA2000.o
                0x000000000800868e                tNMEA2000::EnableForward(bool)
 .text._ZN9tNMEA200024SetForwardSystemMessagesEb
                0x00000000080086c4       0x36 ./Libs/NMEA2000/src/NMEA2000.o
                0x00000000080086c4                tNMEA2000::SetForwardSystemMessages(bool)
 .text._ZN9tNMEA200021SetForwardOwnMessagesEb
                0x00000000080086fa       0x36 ./Libs/NMEA2000/src/NMEA2000.o
                0x00000000080086fa                tNMEA2000::SetForwardOwnMessages(bool)
 .text._Z27SetN2kPGNISOAcknowledgementR7tN2kMsghhm
                0x0000000008008730       0x26 ./Libs/NMEA2000/src/NMEA2000.o
                0x0000000008008730                SetN2kPGNISOAcknowledgement(tN2kMsg&, unsigned char, unsigned char, unsigned long)
 .text._Z21SetN2kISOAddressClaimR7tN2kMsgy
                0x0000000008008756       0x1e ./Libs/NMEA2000/src/NMEA2000.o
                0x0000000008008756                SetN2kISOAddressClaim(tN2kMsg&, unsigned long long)
 .text._Z24SetN2kProductInformationR7tN2kMsgjjPKcS2_S2_S2_hh
                0x0000000008008774       0x3a ./Libs/NMEA2000/src/NMEA2000.o
                0x0000000008008774                SetN2kProductInformation(tN2kMsg&, unsigned int, unsigned int, char const*, char const*, char const*, char const*, unsigned char, unsigned char)
 .text._Z30SetN2kConfigurationInformationR7tN2kMsgPKcS2_S2_b
                0x00000000080087ae       0x26 ./Libs/NMEA2000/src/NMEA2000.o
                0x00000000080087ae                SetN2kConfigurationInformation(tN2kMsg&, char const*, char const*, char const*, bool)
 .text._Z21ParseN2kPGNISORequestRK7tN2kMsgRm
                0x00000000080087d4       0x1c ./Libs/NMEA2000/src/NMEA2000.o
                0x00000000080087d4                ParseN2kPGNISORequest(tN2kMsg const&, unsigned long&)
 .text._Z12SetHeartbeatR7tN2kMsgmh
                0x00000000080087f0       0x22 ./Libs/NMEA2000/src/NMEA2000.o
                0x00000000080087f0                SetHeartbeat(tN2kMsg&, unsigned long, unsigned char)
 *fill*         0x0000000008008812        0x2 
 .text._ZN35tN2kGroupFunctionHandlerForPGN60928C2EP9tNMEA2000
                0x0000000008008814       0x2c ./Libs/NMEA2000/src/NMEA2000.o
                0x0000000008008814                tN2kGroupFunctionHandlerForPGN60928::tN2kGroupFunctionHandlerForPGN60928(tNMEA2000*)
                0x0000000008008814                tN2kGroupFunctionHandlerForPGN60928::tN2kGroupFunctionHandlerForPGN60928(tNMEA2000*)
 .text._ZN36tN2kGroupFunctionHandlerForPGN126464C2EP9tNMEA2000
                0x0000000008008840       0x2c ./Libs/NMEA2000/src/NMEA2000.o
                0x0000000008008840                tN2kGroupFunctionHandlerForPGN126464::tN2kGroupFunctionHandlerForPGN126464(tNMEA2000*)
                0x0000000008008840                tN2kGroupFunctionHandlerForPGN126464::tN2kGroupFunctionHandlerForPGN126464(tNMEA2000*)
 .text._ZN36tN2kGroupFunctionHandlerForPGN126993C2EP9tNMEA2000
                0x000000000800886c       0x30 ./Libs/NMEA2000/src/NMEA2000.o
                0x000000000800886c                tN2kGroupFunctionHandlerForPGN126993::tN2kGroupFunctionHandlerForPGN126993(tNMEA2000*)
                0x000000000800886c                tN2kGroupFunctionHandlerForPGN126993::tN2kGroupFunctionHandlerForPGN126993(tNMEA2000*)
 .text._ZN36tN2kGroupFunctionHandlerForPGN126996C2EP9tNMEA2000
                0x000000000800889c       0x30 ./Libs/NMEA2000/src/NMEA2000.o
                0x000000000800889c                tN2kGroupFunctionHandlerForPGN126996::tN2kGroupFunctionHandlerForPGN126996(tNMEA2000*)
                0x000000000800889c                tN2kGroupFunctionHandlerForPGN126996::tN2kGroupFunctionHandlerForPGN126996(tNMEA2000*)
 .text._ZN36tN2kGroupFunctionHandlerForPGN126998C2EP9tNMEA2000
                0x00000000080088cc       0x30 ./Libs/NMEA2000/src/NMEA2000.o
                0x00000000080088cc                tN2kGroupFunctionHandlerForPGN126998::tN2kGroupFunctionHandlerForPGN126998(tNMEA2000*)
                0x00000000080088cc                tN2kGroupFunctionHandlerForPGN126998::tN2kGroupFunctionHandlerForPGN126998(tNMEA2000*)
 .text._Z26IsSingleFrameSystemMessagem
                0x00000000080088fc       0x58 ./Libs/NMEA2000/src/NMEA2000.o
                0x00000000080088fc                IsSingleFrameSystemMessage(unsigned long)
 .text._Z25IsFastPacketSystemMessagem
                0x0000000008008954       0x30 ./Libs/NMEA2000/src/NMEA2000.o
                0x0000000008008954                IsFastPacketSystemMessage(unsigned long)
 .text._Z27IsDefaultSingleFrameMessagem
                0x0000000008008984      0x198 ./Libs/NMEA2000/src/NMEA2000.o
                0x0000000008008984                IsDefaultSingleFrameMessage(unsigned long)
 .text._Z28IsMandatoryFastPacketMessagem
                0x0000000008008b1c       0x40 ./Libs/NMEA2000/src/NMEA2000.o
                0x0000000008008b1c                IsMandatoryFastPacketMessage(unsigned long)
 .text._Z26IsDefaultFastPacketMessagem
                0x0000000008008b5c      0x2b8 ./Libs/NMEA2000/src/NMEA2000.o
                0x0000000008008b5c                IsDefaultFastPacketMessage(unsigned long)
 .text._Z30IsProprietaryFastPacketMessagem
                0x0000000008008e14       0x38 ./Libs/NMEA2000/src/NMEA2000.o
                0x0000000008008e14                IsProprietaryFastPacketMessage(unsigned long)
 .text._ZN9tNMEA200020IsProprietaryMessageEm
                0x0000000008008e4c       0x3a ./Libs/NMEA2000/src/NMEA2000.o
                0x0000000008008e4c                tNMEA2000::IsProprietaryMessage(unsigned long)
 .text._ZN9tNMEA200010SetCharBufEPKcjPc
                0x0000000008008e86       0x8a ./Libs/NMEA2000/src/NMEA2000.o
                0x0000000008008e86                tNMEA2000::SetCharBuf(char const*, unsigned int, char*)
 .text._ZN9tNMEA2000C2Ev
                0x0000000008008f10      0x120 ./Libs/NMEA2000/src/NMEA2000.o
                0x0000000008008f10                tNMEA2000::tNMEA2000()
                0x0000000008008f10                tNMEA2000::tNMEA2000()
 .text._ZN9tNMEA200011InitDevicesEv
                0x0000000008009030       0xec ./Libs/NMEA2000/src/NMEA2000.o
                0x0000000008009030                tNMEA2000::InitDevices()
 .text._ZN9tNMEA200021SetProductInformationEPKNS_19tProductInformationEi
                0x000000000800911c       0xac ./Libs/NMEA2000/src/NMEA2000.o
                0x000000000800911c                tNMEA2000::SetProductInformation(tNMEA2000::tProductInformation const*, int)
 .text._ZN9tNMEA200027SetConfigurationInformationEPKcS1_S1_
                0x00000000080091c8       0xf4 ./Libs/NMEA2000/src/NMEA2000.o
                0x00000000080091c8                tNMEA2000::SetConfigurationInformation(char const*, char const*, char const*)
 .text._ZN9tNMEA200034SetProgmemConfigurationInformationEPKcS1_S1_
                0x00000000080092bc       0x40 ./Libs/NMEA2000/src/NMEA2000.o
                0x00000000080092bc                tNMEA2000::SetProgmemConfigurationInformation(char const*, char const*, char const*)
 .text._ZN9tNMEA200023GetFastPacketTxPGNCountEi
                0x00000000080092fc       0xd0 ./Libs/NMEA2000/src/NMEA2000.o
                0x00000000080092fc                tNMEA2000::GetFastPacketTxPGNCount(int)
 .text._ZN9tNMEA200018GetSequenceCounterEmi
                0x00000000080093cc      0x220 ./Libs/NMEA2000/src/NMEA2000.o
                0x00000000080093cc                tNMEA2000::GetSequenceCounter(unsigned long, int)
 .text._Z17CopyProgmemStringPKcjPc
                0x00000000080095ec       0x92 ./Libs/NMEA2000/src/NMEA2000.o
                0x00000000080095ec                CopyProgmemString(char const*, unsigned int, char*)
 *fill*         0x000000000800967e        0x2 
 .text._ZN9tNMEA20007IsTxPGNEmi
                0x0000000008009680       0xc0 ./Libs/NMEA2000/src/NMEA2000.o
                0x0000000008009680                tNMEA2000::IsTxPGN(unsigned long, int)
 .text._ZNK9tNMEA200021GetProductInformationEiRb
                0x0000000008009740       0xa8 ./Libs/NMEA2000/src/NMEA2000.o
                0x0000000008009740                tNMEA2000::GetProductInformation(int, bool&) const
 .text._ZNK9tNMEA200013GetN2kVersionEi
                0x00000000080097e8       0x42 ./Libs/NMEA2000/src/NMEA2000.o
                0x00000000080097e8                tNMEA2000::GetN2kVersion(int) const
 .text._ZNK9tNMEA200014GetProductCodeEi
                0x000000000800982a       0x42 ./Libs/NMEA2000/src/NMEA2000.o
                0x000000000800982a                tNMEA2000::GetProductCode(int) const
 .text._ZNK9tNMEA200010GetModelIDEPcji
                0x000000000800986c       0x68 ./Libs/NMEA2000/src/NMEA2000.o
                0x000000000800986c                tNMEA2000::GetModelID(char*, unsigned int, int) const
 .text._ZNK9tNMEA200021GetCertificationLevelEi
                0x00000000080098d4       0x46 ./Libs/NMEA2000/src/NMEA2000.o
                0x00000000080098d4                tNMEA2000::GetCertificationLevel(int) const
 .text._ZNK9tNMEA200018GetLoadEquivalencyEi
                0x000000000800991a       0x46 ./Libs/NMEA2000/src/NMEA2000.o
                0x000000000800991a                tNMEA2000::GetLoadEquivalency(int) const
 .text._ZN9tNMEA200042CopyProgmemConfigurationInformationToLocalEv
                0x0000000008009960       0x76 ./Libs/NMEA2000/src/NMEA2000.o
                0x0000000008009960                tNMEA2000::CopyProgmemConfigurationInformationToLocal()
 .text._ZN9tNMEA200027SetInstallationDescription1EPKc
                0x00000000080099d6       0x40 ./Libs/NMEA2000/src/NMEA2000.o
                0x00000000080099d6                tNMEA2000::SetInstallationDescription1(char const*)
 .text._ZN9tNMEA200027SetInstallationDescription2EPKc
                0x0000000008009a16       0x42 ./Libs/NMEA2000/src/NMEA2000.o
                0x0000000008009a16                tNMEA2000::SetInstallationDescription2(char const*)
 .text._ZN9tNMEA200027GetInstallationDescription1EPcj
                0x0000000008009a58       0x3a ./Libs/NMEA2000/src/NMEA2000.o
                0x0000000008009a58                tNMEA2000::GetInstallationDescription1(char*, unsigned int)
 .text._ZN9tNMEA200027GetInstallationDescription2EPcj
                0x0000000008009a92       0x3a ./Libs/NMEA2000/src/NMEA2000.o
                0x0000000008009a92                tNMEA2000::GetInstallationDescription2(char*, unsigned int)
 .text._ZN9tNMEA200026GetManufacturerInformationEPcj
                0x0000000008009acc       0x3a ./Libs/NMEA2000/src/NMEA2000.o
                0x0000000008009acc                tNMEA2000::GetManufacturerInformation(char*, unsigned int)
 .text._ZN9tNMEA200020SetDeviceInformationEmhhthi
                0x0000000008009b06       0xe6 ./Libs/NMEA2000/src/NMEA2000.o