../Drivers/STM32F1xx_HAL_Driver/Src/stm32f1xx_ll_usb.c:82:19:USB_CoreInit	8	static
../Drivers/STM32F1xx_HAL_Driver/Src/stm32f1xx_ll_usb.c:106:19:USB_SetTurnaroundTime	0	static
../Drivers/STM32F1xx_HAL_Driver/Src/stm32f1xx_ll_usb.c:185:19:USB_EnableGlobalInt	0	static
../Drivers/STM32F1xx_HAL_Driver/Src/stm32f1xx_ll_usb.c:197:19:USB_DisableGlobalInt	0	static
../Drivers/STM32F1xx_HAL_Driver/Src/stm32f1xx_ll_usb.c:212:19:USB_SetCurrentMode	16	static
../Drivers/STM32F1xx_HAL_Driver/Src/stm32f1xx_ll_usb.c:380:19:USB_FlushTxFifo	0	static
../Drivers/STM32F1xx_HAL_Driver/Src/stm32f1xx_ll_usb.c:402:19:USB_FlushRxFifo	0	static
../Drivers/STM32F1xx_HAL_Driver/Src/stm32f1xx_ll_usb.c:428:19:USB_SetDevSpeed	0	static
../Drivers/STM32F1xx_HAL_Driver/Src/stm32f1xx_ll_usb.c:259:19:USB_DevInit	24	static
../Drivers/STM32F1xx_HAL_Driver/Src/stm32f1xx_ll_usb.c:443:9:USB_GetDevSpeed	0	static
../Drivers/STM32F1xx_HAL_Driver/Src/stm32f1xx_ll_usb.c:468:19:USB_ActivateEndpoint	12	static
../Drivers/STM32F1xx_HAL_Driver/Src/stm32f1xx_ll_usb.c:506:19:USB_ActivateDedicatedEndpoint	20	static
../Drivers/STM32F1xx_HAL_Driver/Src/stm32f1xx_ll_usb.c:545:19:USB_DeactivateEndpoint	8	static
../Drivers/STM32F1xx_HAL_Driver/Src/stm32f1xx_ll_usb.c:592:19:USB_DeactivateDedicatedEndpoint	0	static
../Drivers/STM32F1xx_HAL_Driver/Src/stm32f1xx_ll_usb.c:736:19:USB_EP0StartXfer	20	static
../Drivers/STM32F1xx_HAL_Driver/Src/stm32f1xx_ll_usb.c:811:19:USB_WritePacket	0	static
../Drivers/STM32F1xx_HAL_Driver/Src/stm32f1xx_ll_usb.c:630:19:USB_EPStartXfer	24	static
../Drivers/STM32F1xx_HAL_Driver/Src/stm32f1xx_ll_usb.c:839:7:USB_ReadPacket	16	static
../Drivers/STM32F1xx_HAL_Driver/Src/stm32f1xx_ll_usb.c:881:19:USB_EPSetStall	0	static
../Drivers/STM32F1xx_HAL_Driver/Src/stm32f1xx_ll_usb.c:912:19:USB_EPClearStall	0	static
../Drivers/STM32F1xx_HAL_Driver/Src/stm32f1xx_ll_usb.c:941:19:USB_StopDevice	8	static
../Drivers/STM32F1xx_HAL_Driver/Src/stm32f1xx_ll_usb.c:982:20:USB_SetDevAddress	0	static
../Drivers/STM32F1xx_HAL_Driver/Src/stm32f1xx_ll_usb.c:997:20:USB_DevConnect	0	static
../Drivers/STM32F1xx_HAL_Driver/Src/stm32f1xx_ll_usb.c:1014:20:USB_DevDisconnect	0	static
../Drivers/STM32F1xx_HAL_Driver/Src/stm32f1xx_ll_usb.c:1031:11:USB_ReadInterrupts	0	static
../Drivers/STM32F1xx_HAL_Driver/Src/stm32f1xx_ll_usb.c:1046:10:USB_ReadDevAllOutEpInterrupt	0	static
../Drivers/STM32F1xx_HAL_Driver/Src/stm32f1xx_ll_usb.c:1062:10:USB_ReadDevAllInEpInterrupt	0	static
../Drivers/STM32F1xx_HAL_Driver/Src/stm32f1xx_ll_usb.c:1080:10:USB_ReadDevOutEPInterrupt	0	static
../Drivers/STM32F1xx_HAL_Driver/Src/stm32f1xx_ll_usb.c:1098:10:USB_ReadDevInEPInterrupt	8	static
../Drivers/STM32F1xx_HAL_Driver/Src/stm32f1xx_ll_usb.c:1119:7:USB_ClearInterrupts	0	static
../Drivers/STM32F1xx_HAL_Driver/Src/stm32f1xx_ll_usb.c:1132:10:USB_GetMode	0	static
../Drivers/STM32F1xx_HAL_Driver/Src/stm32f1xx_ll_usb.c:1142:20:USB_ActivateSetup	0	static
../Drivers/STM32F1xx_HAL_Driver/Src/stm32f1xx_ll_usb.c:1160:19:USB_EP0_OutStart	0	static
../Drivers/STM32F1xx_HAL_Driver/Src/stm32f1xx_ll_usb.c:1223:19:USB_HostInit	16	static
../Drivers/STM32F1xx_HAL_Driver/Src/stm32f1xx_ll_usb.c:1279:19:USB_InitFSLSPClkSel	8	static
../Drivers/STM32F1xx_HAL_Driver/Src/stm32f1xx_ll_usb.c:1309:19:USB_ResetPort	24	static
../Drivers/STM32F1xx_HAL_Driver/Src/stm32f1xx_ll_usb.c:1336:19:USB_DriveVbus	8	static
../Drivers/STM32F1xx_HAL_Driver/Src/stm32f1xx_ll_usb.c:1365:10:USB_GetHostSpeed	8	static
../Drivers/STM32F1xx_HAL_Driver/Src/stm32f1xx_ll_usb.c:1379:10:USB_GetCurrentFrame	0	static
../Drivers/STM32F1xx_HAL_Driver/Src/stm32f1xx_ll_usb.c:1409:19:USB_HC_Init	24	static
../Drivers/STM32F1xx_HAL_Driver/Src/stm32f1xx_ll_usb.c:1520:19:USB_HC_StartXfer	32	static
../Drivers/STM32F1xx_HAL_Driver/Src/stm32f1xx_ll_usb.c:1630:10:USB_HC_ReadInterrupt	0	static
../Drivers/STM32F1xx_HAL_Driver/Src/stm32f1xx_ll_usb.c:1644:19:USB_HC_Halt	12	static
../Drivers/STM32F1xx_HAL_Driver/Src/stm32f1xx_ll_usb.c:1717:19:USB_DoPing	0	static
../Drivers/STM32F1xx_HAL_Driver/Src/stm32f1xx_ll_usb.c:1741:19:USB_StopHost	8	static
../Drivers/STM32F1xx_HAL_Driver/Src/stm32f1xx_ll_usb.c:1794:19:USB_ActivateRemoteWakeup	0	static
../Drivers/STM32F1xx_HAL_Driver/Src/stm32f1xx_ll_usb.c:1812:19:USB_DeActivateRemoteWakeup	0	static
