../Core/Src/main.c:84:5:main	8	static
../Core/Src/main.c:138:6:SystemClock_Config	120	static
../Core/Src/main.c:192:13:MX_ADC1_Init	24	static
../Core/Src/main.c:256:13:MX_CAN1_Init	8	static
../Core/Src/main.c:293:13:MX_CAN2_Init	8	static
../Core/Src/main.c:330:13:MX_TIM2_Init	64	static
../Core/Src/main.c:388:13:MX_TIM5_Init	64	static
../Core/Src/main.c:444:13:MX_DMA_Init	16	static
../Core/Src/main.c:466:13:MX_GPIO_Init	40	static
../Core/Src/main.c:503:6:Error_Handler	4	static,ignoring_inline_asm
