../Core/Src/main.c:381:6:setSoftPWM	32	static
../Core/Src/main.c:394:6:zeroSoftPWM	24	static
../Core/Src/main.c:401:6:ReadAlarmCount	24	static
../Core/Src/main.c:413:6:WriteAlarmCount	16	static
../Core/Src/main.c:422:6:ReadAllAlarmCounts	16	static
../Core/Src/main.c:429:12:UpdateAlarmState	24	static
../Core/Src/main.c:459:6:UpdateAllAlarmStates	16	static
../Core/Src/main.c:475:6:UpdateAlarmMeasurement	16	static
../Core/Src/main.c:498:8:GetTemp	48	static
../Core/Src/main.c:535:7:GetInternalTemp	32	static
../Core/Src/main.c:543:7:GetVoltage	16	static
../Core/Src/main.c:547:6:AcknowledgeAlarm	16	static
../Core/Src/main.c:551:6:AcknowledgeMostImportantActiveAlarm	8	static
../Core/Src/main.c:556:6:AcknowledgeAllAlarms	16	static
../Core/Src/main.c:565:9:GetByteFromBools	32	static
../Core/Src/main.c:577:6:SendSoftwareVersion	8	static
../Core/Src/main.c:603:6:SendCANMessage	8	static
../Core/Src/main.c:634:6:HAL_CAN_RxFifo0MsgPendingCallback	16	static
../Core/Src/main.c:646:6:HAL_CAN_RxFifo1MsgPendingCallback	16	static
../Core/Src/main.c:657:6:NextFadeVal	4	static
../Core/Src/main.c:683:9:GammaCorrection	24	static
../Core/Src/main.c:699:6:breathingLED	16	static
../Core/Src/main.c:740:5:main	8	static
../Core/Src/main.c:950:6:SystemClock_Config	120	static
../Core/Src/main.c:1004:13:MX_ADC1_Init	24	static
../Core/Src/main.c:1160:13:MX_ADC2_Init	24	static
../Core/Src/main.c:1261:13:MX_CAN1_Init	48	static
../Core/Src/main.c:1327:13:MX_CAN2_Init	48	static
../Core/Src/main.c:1382:13:MX_TIM1_Init	96	static
../Core/Src/main.c:1464:13:MX_TIM3_Init	64	static
../Core/Src/main.c:1527:13:MX_TIM4_Init	64	static
../Core/Src/main.c:1586:13:MX_TIM5_Init	32	static
../Core/Src/main.c:1631:13:MX_TIM6_Init	16	static
../Core/Src/main.c:1669:13:MX_TIM7_Init	16	static
../Core/Src/main.c:1705:13:MX_DMA_Init	16	static
../Core/Src/main.c:1732:13:MX_GPIO_Init	40	static
../Core/Src/main.c:1796:6:Error_Handler	4	static,ignoring_inline_asm
