../Core/Src/main.c:386:6:setSoftPWM	32	static
../Core/Src/main.c:399:6:zeroSoftPWM	24	static
../Core/Src/main.c:406:6:ReadAlarmCount	24	static
../Core/Src/main.c:415:6:WriteAlarmCount	16	static
../Core/Src/main.c:421:6:ReadAllAlarmCounts	16	static
../Core/Src/main.c:428:12:UpdateAlarmState	24	static
../Core/Src/main.c:458:6:UpdateAllAlarmStates	16	static
../Core/Src/main.c:474:6:UpdateAlarmMeasurement	16	static
../Core/Src/main.c:497:8:GetTemp	24	static
../Core/Src/main.c:536:7:GetInternalTemp	16	static
../Core/Src/main.c:544:7:GetVoltage	16	static
../Core/Src/main.c:548:6:AcknowledgeAlarm	16	static
../Core/Src/main.c:552:6:AcknowledgeMostImportantActiveAlarm	8	static
../Core/Src/main.c:557:6:AcknowledgeAllAlarms	16	static
../Core/Src/main.c:566:9:GetByteFromBools	32	static
../Core/Src/main.c:578:6:SendSoftwareVersion	8	static
../Core/Src/main.c:604:6:SendCANMessage	8	static
../Core/Src/main.c:635:6:HAL_CAN_RxFifo0MsgPendingCallback	16	static
../Core/Src/main.c:647:6:HAL_CAN_RxFifo1MsgPendingCallback	16	static
../Core/Src/main.c:658:6:NextFadeVal	4	static
../Core/Src/main.c:684:9:GammaCorrection	24	static
../Core/Src/main.c:700:6:breathingLED	16	static
../Core/Src/main.c:741:5:main	8	static
../Core/Src/main.c:957:6:SystemClock_Config	120	static
../Core/Src/main.c:1011:13:MX_ADC1_Init	24	static
../Core/Src/main.c:1167:13:MX_ADC2_Init	24	static
../Core/Src/main.c:1268:13:MX_CAN1_Init	48	static
../Core/Src/main.c:1334:13:MX_CAN2_Init	48	static
../Core/Src/main.c:1389:13:MX_TIM1_Init	96	static
../Core/Src/main.c:1471:13:MX_TIM3_Init	64	static
../Core/Src/main.c:1534:13:MX_TIM4_Init	64	static
../Core/Src/main.c:1593:13:MX_TIM5_Init	32	static
../Core/Src/main.c:1638:13:MX_TIM6_Init	16	static
../Core/Src/main.c:1676:13:MX_TIM7_Init	16	static
../Core/Src/main.c:1712:13:MX_DMA_Init	16	static
../Core/Src/main.c:1739:13:MX_GPIO_Init	40	static
../Core/Src/main.c:1803:6:Error_Handler	4	static,ignoring_inline_asm
