../Core/Src/main.c:386:6:setSoftPWM	32	static
../Core/Src/main.c:399:6:zeroSoftPWM	24	static
../Core/Src/main.c:406:6:ReadAlarmCount	24	static
../Core/Src/main.c:415:6:WriteAlarmCount	16	static
../Core/Src/main.c:421:6:ReadAllAlarmCounts	16	static
../Core/Src/main.c:428:12:UpdateAlarmState	24	static
../Core/Src/main.c:458:6:UpdateAllAlarmStates	16	static
../Core/Src/main.c:474:6:UpdateAlarmMeasurement	16	static
../Core/Src/main.c:497:8:GetTemp	24	static
../Core/Src/main.c:534:7:GetInternalTemp	16	static
../Core/Src/main.c:542:7:GetVoltage	16	static
../Core/Src/main.c:546:6:AcknowledgeAlarm	16	static
../Core/Src/main.c:550:6:AcknowledgeMostImportantActiveAlarm	8	static
../Core/Src/main.c:555:6:AcknowledgeAllAlarms	16	static
../Core/Src/main.c:564:9:GetByteFromBools	32	static
../Core/Src/main.c:576:6:SendSoftwareVersion	8	static
../Core/Src/main.c:602:6:SendCANMessage	8	static
../Core/Src/main.c:633:6:HAL_CAN_RxFifo0MsgPendingCallback	16	static
../Core/Src/main.c:645:6:HAL_CAN_RxFifo1MsgPendingCallback	16	static
../Core/Src/main.c:656:6:NextFadeVal	4	static
../Core/Src/main.c:682:9:GammaCorrection	24	static
../Core/Src/main.c:698:6:breathingLED	16	static
../Core/Src/main.c:739:5:main	8	static
../Core/Src/main.c:955:6:SystemClock_Config	120	static
../Core/Src/main.c:1009:13:MX_ADC1_Init	24	static
../Core/Src/main.c:1165:13:MX_ADC2_Init	24	static
../Core/Src/main.c:1266:13:MX_CAN1_Init	48	static
../Core/Src/main.c:1332:13:MX_CAN2_Init	48	static
../Core/Src/main.c:1387:13:MX_TIM1_Init	96	static
../Core/Src/main.c:1469:13:MX_TIM3_Init	64	static
../Core/Src/main.c:1532:13:MX_TIM4_Init	64	static
../Core/Src/main.c:1591:13:MX_TIM5_Init	32	static
../Core/Src/main.c:1636:13:MX_TIM6_Init	16	static
../Core/Src/main.c:1674:13:MX_TIM7_Init	16	static
../Core/Src/main.c:1710:13:MX_DMA_Init	16	static
../Core/Src/main.c:1737:13:MX_GPIO_Init	40	static
../Core/Src/main.c:1801:6:Error_Handler	4	static,ignoring_inline_asm
