../Core/Src/main.c:83:5:main	8	static
../Core/Src/main.c:137:6:SystemClock_Config	120	static
../Core/Src/main.c:191:13:MX_ADC1_Init	24	static
../Core/Src/main.c:255:13:MX_CAN1_Init	8	static
../Core/Src/main.c:292:13:MX_CAN2_Init	8	static
../Core/Src/main.c:329:13:MX_TIM2_Init	32	static
../Core/Src/main.c:374:13:MX_TIM5_Init	32	static
../Core/Src/main.c:417:13:MX_DMA_Init	16	static
../Core/Src/main.c:435:13:MX_GPIO_Init	40	static
../Core/Src/main.c:466:6:Error_Handler	4	static,ignoring_inline_asm
