../Core/Src/main.c:402:6:setSoftPWM	32	static
../Core/Src/main.c:415:6:zeroSoftPWM	24	static
../Core/Src/main.c:422:6:ReadAlarmCount	24	static
../Core/Src/main.c:431:6:WriteAlarmCount	16	static
../Core/Src/main.c:437:6:ReadAllAlarmCounts	16	static
../Core/Src/main.c:444:10:GetDurationElapsed	24	static
../Core/Src/main.c:455:10:GetAlarmDurationShort	24	static
../Core/Src/main.c:473:12:UpdateAlarmState	16	static
../Core/Src/main.c:505:6:UpdateAllAlarmStates	16	static
../Core/Src/main.c:522:6:CheckAlarmInput	16	static
../Core/Src/main.c:545:8:GetTemp	24	static
../Core/Src/main.c:584:7:GetInternalTemp	24	static
../Core/Src/main.c:592:7:GetVoltage	16	static
../Core/Src/main.c:596:6:AcknowledgeAlarm	16	static
../Core/Src/main.c:600:6:AcknowledgeMostImportantActiveAlarm	8	static
../Core/Src/main.c:605:6:AcknowledgeAllAlarms	16	static
../Core/Src/main.c:614:9:GetByteFromBools	32	static
../Core/Src/main.c:626:6:SendSoftwareVersion	8	static
../Core/Src/main.c:652:6:SendAlarmCANMessage	24	static
../Core/Src/main.c:680:6:HAL_CAN_RxFifo0MsgPendingCallback	16	static
../Core/Src/main.c:692:6:HAL_CAN_RxFifo1MsgPendingCallback	16	static
../Core/Src/main.c:703:6:NextFadeVal	4	static
../Core/Src/main.c:729:9:GammaCorrection	24	static
../Core/Src/main.c:745:6:breathingLED	16	static
../Core/Src/main.c:786:5:main	24	static
../Core/Src/main.c:1034:6:SystemClock_Config	120	static
../Core/Src/main.c:1088:13:MX_ADC1_Init	24	static
../Core/Src/main.c:1244:13:MX_CAN1_Init	48	static
../Core/Src/main.c:1310:13:MX_CAN2_Init	48	static
../Core/Src/main.c:1365:13:MX_TIM1_Init	96	static
../Core/Src/main.c:1447:13:MX_TIM2_Init	64	static
../Core/Src/main.c:1505:13:MX_TIM3_Init	64	static
../Core/Src/main.c:1568:13:MX_TIM4_Init	64	static
../Core/Src/main.c:1625:13:MX_DMA_Init	16	static
../Core/Src/main.c:1652:13:MX_GPIO_Init	40	static
../Core/Src/main.c:1725:6:HAL_ADC_ConvCpltCallback	16	static
../Core/Src/main.c:1740:6:Error_Handler	4	static,ignoring_inline_asm
