../Core/Src/main.c:401:6:setSoftPWM	32	static
../Core/Src/main.c:414:6:zeroSoftPWM	24	static
../Core/Src/main.c:421:6:ReadAlarmCount	24	static
../Core/Src/main.c:430:6:WriteAlarmCount	16	static
../Core/Src/main.c:436:6:ReadAllAlarmCounts	16	static
../Core/Src/main.c:443:10:GetDurationElapsed	24	static
../Core/Src/main.c:454:10:GetAlarmDurationShort	24	static
../Core/Src/main.c:472:12:UpdateAlarmState	16	static
../Core/Src/main.c:504:6:UpdateAllAlarmStates	16	static
../Core/Src/main.c:521:6:CheckAlarmInput	16	static
../Core/Src/main.c:544:8:GetTemp	24	static
../Core/Src/main.c:583:7:GetInternalTemp	24	static
../Core/Src/main.c:591:7:GetVoltage	16	static
../Core/Src/main.c:595:6:AcknowledgeAlarm	16	static
../Core/Src/main.c:599:6:AcknowledgeMostImportantActiveAlarm	8	static
../Core/Src/main.c:604:6:AcknowledgeAllAlarms	16	static
../Core/Src/main.c:613:9:GetByteFromBools	32	static
../Core/Src/main.c:625:6:SendSoftwareVersion	8	static
../Core/Src/main.c:651:6:SendAlarmCANMessage	24	static
../Core/Src/main.c:679:6:HAL_CAN_RxFifo0MsgPendingCallback	16	static
../Core/Src/main.c:691:6:HAL_CAN_RxFifo1MsgPendingCallback	16	static
../Core/Src/main.c:702:6:NextFadeVal	4	static
../Core/Src/main.c:728:9:GammaCorrection	24	static
../Core/Src/main.c:744:6:breathingLED	16	static
../Core/Src/main.c:785:5:main	24	static
../Core/Src/main.c:1040:6:SystemClock_Config	120	static
../Core/Src/main.c:1094:13:MX_ADC1_Init	24	static
../Core/Src/main.c:1250:13:MX_CAN1_Init	48	static
../Core/Src/main.c:1316:13:MX_CAN2_Init	48	static
../Core/Src/main.c:1371:13:MX_TIM1_Init	96	static
../Core/Src/main.c:1453:13:MX_TIM2_Init	64	static
../Core/Src/main.c:1511:13:MX_TIM3_Init	64	static
../Core/Src/main.c:1574:13:MX_TIM4_Init	64	static
../Core/Src/main.c:1631:13:MX_DMA_Init	16	static
../Core/Src/main.c:1661:13:MX_GPIO_Init	40	static
../Core/Src/main.c:1734:6:HAL_ADC_ConvCpltCallback	16	static
../Core/Src/main.c:1743:6:HAL_TIM_PeriodElapsedCallback	16	static
../Core/Src/main.c:1754:6:Error_Handler	4	static,ignoring_inline_asm
