/Applications/STM32CubeIDE.app/Contents/Eclipse/plugins/com.st.stm32cube.ide.mcu.externaltools.gnu-tools-for-stm32.10.3-2021.10.macos64_1.0.0.202111181127/tools/arm-none-eabi/include/c++/10.3.1/arm-none-eabi/thumb/v7-m/nofp/bits/gthr-default.h:229:1:int __gthread_key_delete(__gthread_key_t)	16	static
/Users/minoseigenheer/Library/CloudStorage/OneDrive-BitterandReal/Bitter and Real/PROJECTEN/programeren/Embedded projects/EMUS_NMEA2000_gateway/STM32 CAN gateway/STM32_NMEA2000_CAN_gateway_hardware/STM32CubeIDE NMEA2000 battery example/Libs/NMEA2000/src/N2kMsg.h:49:13:bool N2kIsNA(double)	24	static
/Users/minoseigenheer/Library/CloudStorage/OneDrive-BitterandReal/Bitter and Real/PROJECTEN/programeren/Embedded projects/EMUS_NMEA2000_gateway/STM32 CAN gateway/STM32_NMEA2000_CAN_gateway_hardware/STM32CubeIDE NMEA2000 battery example/Libs/NMEA2000/src/N2kTimer.h:104:3:tN2kSyncScheduler::tN2kSyncScheduler(bool, uint32_t, uint32_t)	24	static
/Users/minoseigenheer/Library/CloudStorage/OneDrive-BitterandReal/Bitter and Real/PROJECTEN/programeren/Embedded projects/EMUS_NMEA2000_gateway/STM32 CAN gateway/STM32_NMEA2000_CAN_gateway_hardware/STM32CubeIDE NMEA2000 battery example/Libs/NMEA2000/src/N2kTimer.h:113:15:void tN2kSyncScheduler::Disable()	16	static
/Users/minoseigenheer/Library/CloudStorage/OneDrive-BitterandReal/Bitter and Real/PROJECTEN/programeren/Embedded projects/EMUS_NMEA2000_gateway/STM32 CAN gateway/STM32_NMEA2000_CAN_gateway_hardware/STM32CubeIDE NMEA2000 battery example/Libs/NMEA2000/src/N2kTimer.h:117:15:bool tN2kSyncScheduler::IsTime()	16	static
/Users/minoseigenheer/Library/CloudStorage/OneDrive-BitterandReal/Bitter and Real/PROJECTEN/programeren/Embedded projects/EMUS_NMEA2000_gateway/STM32 CAN gateway/STM32_NMEA2000_CAN_gateway_hardware/STM32CubeIDE NMEA2000 battery example/Libs/NMEA2000/src/N2kTimer.h:132:8:void tN2kSyncScheduler::UpdateNextTime()	144	static
/Users/minoseigenheer/Library/CloudStorage/OneDrive-BitterandReal/Bitter and Real/PROJECTEN/programeren/Embedded projects/EMUS_NMEA2000_gateway/STM32 CAN gateway/STM32_NMEA2000_CAN_gateway_hardware/STM32CubeIDE NMEA2000 battery example/Libs/NMEA2000/src/N2kMessages.h:46:15:double CToKelvin(double)	16	static
/Users/minoseigenheer/Library/CloudStorage/OneDrive-BitterandReal/Bitter and Real/PROJECTEN/programeren/Embedded projects/EMUS_NMEA2000_gateway/STM32 CAN gateway/STM32_NMEA2000_CAN_gateway_hardware/STM32CubeIDE NMEA2000 battery example/Libs/NMEA2000/src/N2kMessages.h:812:13:void SetN2kDCStatus(tN2kMsg&, unsigned char, unsigned char, tN2kDCType, unsigned char, unsigned char, double, double, double)	56	static
/Users/minoseigenheer/Library/CloudStorage/OneDrive-BitterandReal/Bitter and Real/PROJECTEN/programeren/Embedded projects/EMUS_NMEA2000_gateway/STM32 CAN gateway/STM32_NMEA2000_CAN_gateway_hardware/STM32CubeIDE NMEA2000 battery example/Libs/NMEA2000/src/N2kMessages.h:866:13:void SetN2kDCBatStatus(tN2kMsg&, unsigned char, double, double, double, unsigned char)	48	static
/Users/minoseigenheer/Library/CloudStorage/OneDrive-BitterandReal/Bitter and Real/PROJECTEN/programeren/Embedded projects/EMUS_NMEA2000_gateway/STM32 CAN gateway/STM32_NMEA2000_CAN_gateway_hardware/STM32CubeIDE NMEA2000 battery example/Libs/NMEA2000/src/N2kMessages.h:898:13:void SetN2kBatConf(tN2kMsg&, unsigned char, tN2kBatType, tN2kBatEqSupport, tN2kBatNomVolt, tN2kBatChem, double, int8_t, double, int8_t)	64	static
../Core/Src/project.cpp:120:6:void SendN2kBatteryMessages()	336	static
../Core/Src/project.cpp:160:6:void OnN2kOpen()	8	static
../Core/Src/project.cpp:173:6:void myCppProcessInit()	24	static
../Core/Src/project.cpp:212:6:void myCppProcess()	8	static
../Core/Src/project.cpp:225:1:void __static_initialization_and_destruction_0(int, int)	24	static
../Core/Src/project.cpp:225:1:cpp)	8	static
