../Core/Src/stm32f1xx_it.c:74:6:NMI_Handler	4	static
../Core/Src/stm32f1xx_it.c:89:6:HardFault_Handler	4	static
../Core/Src/stm32f1xx_it.c:104:6:MemManage_Handler	4	static
../Core/Src/stm32f1xx_it.c:119:6:BusFault_Handler	4	static
../Core/Src/stm32f1xx_it.c:134:6:UsageFault_Handler	4	static
../Core/Src/stm32f1xx_it.c:149:6:SVC_Handler	4	static
../Core/Src/stm32f1xx_it.c:162:6:DebugMon_Handler	4	static
../Core/Src/stm32f1xx_it.c:175:6:PendSV_Handler	4	static
../Core/Src/stm32f1xx_it.c:188:6:SysTick_Handler	8	static
../Core/Src/stm32f1xx_it.c:209:6:DMA1_Channel1_IRQHandler	8	static
../Core/Src/stm32f1xx_it.c:223:6:ADC1_2_IRQHandler	8	static
../Core/Src/stm32f1xx_it.c:237:6:CAN1_TX_IRQHandler	8	static
../Core/Src/stm32f1xx_it.c:251:6:CAN1_RX0_IRQHandler	8	static
../Core/Src/stm32f1xx_it.c:265:6:TIM2_IRQHandler	8	static
../Core/Src/stm32f1xx_it.c:279:6:CAN2_TX_IRQHandler	8	static
../Core/Src/stm32f1xx_it.c:293:6:CAN2_RX1_IRQHandler	8	static
../Core/Src/stm32f1xx_it.c:307:6:OTG_FS_IRQHandler	8	static
