../Core/Src/stm32f1xx_it.c:75:6:NMI_Handler	4	static
../Core/Src/stm32f1xx_it.c:90:6:HardFault_Handler	4	static
../Core/Src/stm32f1xx_it.c:105:6:MemManage_Handler	4	static
../Core/Src/stm32f1xx_it.c:120:6:BusFault_Handler	4	static
../Core/Src/stm32f1xx_it.c:135:6:UsageFault_Handler	4	static
../Core/Src/stm32f1xx_it.c:150:6:SVC_Handler	4	static
../Core/Src/stm32f1xx_it.c:163:6:DebugMon_Handler	4	static
../Core/Src/stm32f1xx_it.c:176:6:PendSV_Handler	4	static
../Core/Src/stm32f1xx_it.c:189:6:SysTick_Handler	8	static
../Core/Src/stm32f1xx_it.c:210:6:DMA1_Channel1_IRQHandler	8	static
../Core/Src/stm32f1xx_it.c:224:6:ADC1_2_IRQHandler	8	static
../Core/Src/stm32f1xx_it.c:238:6:CAN1_TX_IRQHandler	8	static
../Core/Src/stm32f1xx_it.c:252:6:CAN1_RX0_IRQHandler	8	static
../Core/Src/stm32f1xx_it.c:266:6:TIM2_IRQHandler	8	static
../Core/Src/stm32f1xx_it.c:280:6:DMA2_Channel5_IRQHandler	8	static
../Core/Src/stm32f1xx_it.c:294:6:CAN2_TX_IRQHandler	8	static
../Core/Src/stm32f1xx_it.c:308:6:CAN2_RX1_IRQHandler	8	static
../Core/Src/stm32f1xx_it.c:322:6:OTG_FS_IRQHandler	8	static
