../Libs/NMEA2000/src/N2kTimer.h:111:13:bool N2kHasElapsed(uint32_t, uint32_t, uint32_t)	24	static
../Libs/NMEA2000/src/NMEA2000.h:258:12:void tNMEA2000::tProductInformation::Set(const char*, short unsigned int, const char*, const char*, const char*, unsigned char, short unsigned int, unsigned char)	24	static
../Libs/NMEA2000/src/NMEA2000.h:354:5:tNMEA2000::tDeviceInformation::tDeviceInformation()	16	static
../Libs/NMEA2000/src/NMEA2000.h:366:14:uint32_t tNMEA2000::tDeviceInformation::GetUniqueNumber() const	16	static
../Libs/NMEA2000/src/NMEA2000.h:378:14:uint16_t tNMEA2000::tDeviceInformation::GetManufacturerCode() const	16	static
../Libs/NMEA2000/src/NMEA2000.h:458:14:uint64_t tNMEA2000::tDeviceInformation::GetName() const	16	static
../Libs/NMEA2000/src/NMEA2000.h:463:10:void tNMEA2000::tDeviceInformation::SetName(uint64_t)	24	static
../Libs/NMEA2000/src/NMEA2000.h:470:17:bool tNMEA2000::tDeviceInformation::IsSame(uint64_t)	24	static
../Libs/NMEA2000/src/NMEA2000.h:495:7:tNMEA2000::tDevice::tDevice(uint64_t, uint8_t)	24	static
../Libs/NMEA2000/src/NMEA2000.h:498:15:tNMEA2000::tDevice::~tDevice()	16	static
../Libs/NMEA2000/src/NMEA2000.h:498:15:virtual tNMEA2000::tDevice::~tDevice()	16	static
../Libs/NMEA2000/src/NMEA2000.h:501:15:uint8_t tNMEA2000::tDevice::GetSource() const	16	static
../Libs/NMEA2000/src/NMEA2000.h:503:21:long unsigned int tNMEA2000::tDevice::GetCreateTime() const	16	static
../Libs/NMEA2000/src/NMEA2000.h:509:23:uint64_t tNMEA2000::tDevice::GetName() const	16	static
../Libs/NMEA2000/src/NMEA2000.h:516:19:bool tNMEA2000::tDevice::IsSame(uint64_t)	24	static
../Libs/NMEA2000/src/NMEA2000.h:521:23:uint32_t tNMEA2000::tDevice::GetUniqueNumber() const	16	static
../Libs/NMEA2000/src/NMEA2000.h:526:23:uint16_t tNMEA2000::tDevice::GetManufacturerCode() const	16	static
../Libs/NMEA2000/src/NMEA2000.h:594:28:virtual const char* tNMEA2000::tDevice::GetInstallationDescription1() const	16	static
../Libs/NMEA2000/src/NMEA2000.h:597:28:virtual const char* tNMEA2000::tDevice::GetInstallationDescription2() const	16	static
../Libs/NMEA2000/src/NMEA2000.h:600:37:virtual const long unsigned int* tNMEA2000::tDevice::GetTransmitPGNs() const	16	static
../Libs/NMEA2000/src/NMEA2000.h:602:37:virtual const long unsigned int* tNMEA2000::tDevice::GetReceivePGNs() const	16	static
../Libs/NMEA2000/src/NMEA2000.h:626:18:tNMEA2000* tNMEA2000::tMsgHandler::GetNMEA2000()	16	static
../Libs/NMEA2000/src/NMEA2000.h:637:7:tNMEA2000::tMsgHandler::tMsgHandler(long unsigned int, tNMEA2000*)	24	static
../Libs/NMEA2000/src/NMEA2000.h:644:15:tNMEA2000::tMsgHandler::~tMsgHandler()	16	static
../Libs/NMEA2000/src/NMEA2000.h:644:15:virtual tNMEA2000::tMsgHandler::~tMsgHandler()	16	static
../Libs/NMEA2000/src/NMEA2000.h:2997:13:void SetN2kPGNISORequest(tN2kMsg&, uint8_t, long unsigned int)	24	static
../Libs/NMEA2000/src/N2kDeviceList.h:143:14:void tN2kDeviceList::tInternalDevice::SetSource(uint8_t)	16	static
../Libs/NMEA2000/src/N2kDeviceList.h:150:14:void tN2kDeviceList::tInternalDevice::SetDeviceInformation(uint64_t)	24	static
../Libs/NMEA2000/src/N2kDeviceList.h:168:14:void tN2kDeviceList::tInternalDevice::SetProductInformation(const char*, short unsigned int, const char*, const char*, const char*, unsigned char, short unsigned int, unsigned char)	48	static
../Libs/NMEA2000/src/N2kDeviceList.h:186:14:bool tN2kDeviceList::tInternalDevice::HasProductInformation() const	16	static
../Libs/NMEA2000/src/N2kDeviceList.h:191:24:virtual short unsigned int tN2kDeviceList::tInternalDevice::GetN2kVersion() const	16	static
../Libs/NMEA2000/src/N2kDeviceList.h:196:24:virtual short unsigned int tN2kDeviceList::tInternalDevice::GetProductCode() const	16	static
../Libs/NMEA2000/src/N2kDeviceList.h:201:22:virtual const char* tN2kDeviceList::tInternalDevice::GetModelID() const	16	static
../Libs/NMEA2000/src/N2kDeviceList.h:206:22:virtual const char* tN2kDeviceList::tInternalDevice::GetSwCode() const	16	static
../Libs/NMEA2000/src/N2kDeviceList.h:211:22:virtual const char* tN2kDeviceList::tInternalDevice::GetModelVersion() const	16	static
../Libs/NMEA2000/src/N2kDeviceList.h:216:22:virtual const char* tN2kDeviceList::tInternalDevice::GetModelSerialCode() const	16	static
../Libs/NMEA2000/src/N2kDeviceList.h:221:24:virtual short unsigned int tN2kDeviceList::tInternalDevice::GetCertificationLevel() const	16	static
../Libs/NMEA2000/src/N2kDeviceList.h:226:24:virtual short unsigned int tN2kDeviceList::tInternalDevice::GetLoadEquivalency() const	16	static
../Libs/NMEA2000/src/N2kDeviceList.h:244:22:virtual const char* tN2kDeviceList::tInternalDevice::GetInstallationDescription1() const	16	static
../Libs/NMEA2000/src/N2kDeviceList.h:249:22:virtual const char* tN2kDeviceList::tInternalDevice::GetInstallationDescription2() const	16	static
../Libs/NMEA2000/src/N2kDeviceList.h:270:16:char* tN2kDeviceList::tInternalDevice::GetManufacturerInformation()	16	static
../Libs/NMEA2000/src/N2kDeviceList.h:275:16:char* tN2kDeviceList::tInternalDevice::GetInstallationDescription1()	16	static
../Libs/NMEA2000/src/N2kDeviceList.h:280:16:char* tN2kDeviceList::tInternalDevice::GetInstallationDescription2()	16	static
../Libs/NMEA2000/src/N2kDeviceList.h:286:31:virtual const long unsigned int* tN2kDeviceList::tInternalDevice::GetTransmitPGNs() const	16	static
../Libs/NMEA2000/src/N2kDeviceList.h:291:31:virtual const long unsigned int* tN2kDeviceList::tInternalDevice::GetReceivePGNs() const	16	static
../Libs/NMEA2000/src/N2kDeviceList.h:318:14:bool tN2kDeviceList::tInternalDevice::ShouldRequestName()	16	static
../Libs/NMEA2000/src/N2kDeviceList.h:322:14:void tN2kDeviceList::tInternalDevice::SetNameRequested()	16	static
../Libs/NMEA2000/src/N2kDeviceList.h:326:14:void tN2kDeviceList::tInternalDevice::ClearProductInformationLoaded()	16	static
../Libs/NMEA2000/src/N2kDeviceList.h:338:14:bool tN2kDeviceList::tInternalDevice::ShouldRequestProductInformation()	16	static
../Libs/NMEA2000/src/N2kDeviceList.h:348:14:bool tN2kDeviceList::tInternalDevice::ReadyForRequestProductInformation()	24	static
../Libs/NMEA2000/src/N2kDeviceList.h:352:14:void tN2kDeviceList::tInternalDevice::SetProductInformationRequested()	16	static
../Libs/NMEA2000/src/N2kDeviceList.h:358:14:bool tN2kDeviceList::tInternalDevice::IsSameProductInformation(tNMEA2000::tProductInformation&)	16	static
../Libs/NMEA2000/src/N2kDeviceList.h:369:14:void tN2kDeviceList::tInternalDevice::ClearConfigurationInformationLoaded()	16	static
../Libs/NMEA2000/src/N2kDeviceList.h:378:14:bool tN2kDeviceList::tInternalDevice::ShouldRequestConfigurationInformation()	16	static
../Libs/NMEA2000/src/N2kDeviceList.h:389:14:bool tN2kDeviceList::tInternalDevice::ReadyForRequestConfigurationInformation()	24	static
../Libs/NMEA2000/src/N2kDeviceList.h:394:14:void tN2kDeviceList::tInternalDevice::SetConfigurationInformationRequested()	16	static
../Libs/NMEA2000/src/N2kDeviceList.h:399:14:void tN2kDeviceList::tInternalDevice::ClearPGNListLoaded()	16	static
../Libs/NMEA2000/src/N2kDeviceList.h:408:14:bool tN2kDeviceList::tInternalDevice::ShouldRequestPGNList()	16	static
../Libs/NMEA2000/src/N2kDeviceList.h:413:14:void tN2kDeviceList::tInternalDevice::SetPGNListRequested()	16	static
../Libs/NMEA2000/src/N2kDeviceList.h:423:14:bool tN2kDeviceList::tInternalDevice::ReadyForRequestPGNList()	24	static
../Libs/NMEA2000/src/N2kDeviceList.cpp:40:1:tN2kDeviceList::tN2kDeviceList(tNMEA2000*)	24	static
../Libs/NMEA2000/src/N2kDeviceList.cpp:48:35:tN2kDeviceList::tInternalDevice* tN2kDeviceList::LocalFindDeviceBySource(uint8_t) const	16	static
../Libs/NMEA2000/src/N2kDeviceList.cpp:55:35:tN2kDeviceList::tInternalDevice* tN2kDeviceList::LocalFindDeviceByName(uint64_t) const	32	static
../Libs/NMEA2000/src/N2kDeviceList.cpp:66:35:tN2kDeviceList::tInternalDevice* tN2kDeviceList::LocalFindDeviceByIDs(uint16_t, uint32_t) const	32	static
../Libs/NMEA2000/src/N2kDeviceList.cpp:81:35:tN2kDeviceList::tInternalDevice* tN2kDeviceList::LocalFindDeviceByProduct(uint16_t, uint16_t, uint8_t) const	32	static
../Libs/NMEA2000/src/N2kDeviceList.cpp:98:6:bool tN2kDeviceList::RequestProductInformation(uint8_t)	280	static
../Libs/NMEA2000/src/N2kDeviceList.cpp:106:6:bool tN2kDeviceList::RequestConfigurationInformation(uint8_t)	280	static
../Libs/NMEA2000/src/N2kDeviceList.cpp:114:6:bool tN2kDeviceList::RequestSupportedPGNList(uint8_t)	280	static
../Libs/NMEA2000/src/N2kDeviceList.cpp:122:6:bool tN2kDeviceList::RequestIsoAddressClaim(uint8_t)	280	static
../Libs/NMEA2000/src/N2kDeviceList.cpp:130:6:virtual void tN2kDeviceList::HandleMsg(const tN2kMsg&)	24	static
../Libs/NMEA2000/src/N2kDeviceList.cpp:165:6:void tN2kDeviceList::HandleOther(const tN2kMsg&)	32	static
../Libs/NMEA2000/src/N2kDeviceList.cpp:235:6:void tN2kDeviceList::AddDevice(uint8_t)	32	static
../Libs/NMEA2000/src/N2kDeviceList.cpp:243:6:void tN2kDeviceList::SaveDevice(tN2kDeviceList::tInternalDevice*, uint8_t)	24	static
../Libs/NMEA2000/src/N2kDeviceList.cpp:252:6:void tN2kDeviceList::HandleIsoAddressClaim(const tN2kMsg&)	56	static
../Libs/NMEA2000/src/N2kDeviceList.cpp:314:6:void tN2kDeviceList::HandleProductInformation(const tN2kMsg&)	208	static
../Libs/NMEA2000/src/N2kDeviceList.cpp:342:6:void tN2kDeviceList::HandleConfigurationInformation(const tN2kMsg&)	64	static
../Libs/NMEA2000/src/N2kDeviceList.cpp:373:6:void tN2kDeviceList::HandleSupportedPGNList(const tN2kMsg&)	40	static
../Libs/NMEA2000/src/N2kDeviceList.cpp:401:9:uint8_t tN2kDeviceList::Count() const	24	static
../Libs/NMEA2000/src/N2kDeviceList.cpp:412:1:tN2kDeviceList::tInternalDevice::tInternalDevice(uint64_t, uint8_t)	32	static
../Libs/NMEA2000/src/N2kDeviceList.cpp:423:1:tN2kDeviceList::tInternalDevice::~tInternalDevice()	16	static
../Libs/NMEA2000/src/N2kDeviceList.cpp:423:1:virtual tN2kDeviceList::tInternalDevice::~tInternalDevice()	16	static
../Libs/NMEA2000/src/N2kDeviceList.cpp:430:8:char* tN2kDeviceList::tInternalDevice::InitConfigurationInformation(size_t&, size_t&, size_t&)	32	static
../Libs/NMEA2000/src/N2kDeviceList.cpp:459:17:long unsigned int* tN2kDeviceList::tInternalDevice::InitTransmitPGNs(uint8_t)	16	static
../Libs/NMEA2000/src/N2kDeviceList.cpp:467:17:long unsigned int* tN2kDeviceList::tInternalDevice::InitReceivePGNs(uint8_t)	16	static
../Libs/NMEA2000/src/N2kDeviceList.h:57:7:tN2kDeviceList::~tN2kDeviceList()	16	static
../Libs/NMEA2000/src/N2kDeviceList.h:57:7:virtual tN2kDeviceList::~tN2kDeviceList()	16	static
