../Libs/NMEA2000/src/N2kMsg.h:692:8:void tN2kMsg::SetIsTPMessage(bool)	16	static
../Libs/NMEA2000/src/N2kMsg.h:699:8:bool tN2kMsg::IsTPMessage() const	16	static
../Libs/NMEA2000/src/N2kMsg.h:725:8:void tN2kMsg::ForceSource(unsigned char) const	16	static
../Libs/NMEA2000/src/N2kMsg.h:734:8:void tN2kMsg::CheckDestination() const	16	static
../Libs/NMEA2000/src/N2kCANMsg.h:49:3:tN2kCANMsg::tN2kCANMsg()	24	static
../Libs/NMEA2000/src/N2kCANMsg.h:87:8:void tN2kCANMsg::FreeMessage()	16	static
../Libs/NMEA2000/src/N2kTimer.h:96:13:bool N2kIsTimeBefore(uint32_t, uint32_t)	16	static
../Libs/NMEA2000/src/N2kTimer.h:111:13:bool N2kHasElapsed(uint32_t, uint32_t, uint32_t)	24	static
../Libs/NMEA2000/src/N2kTimer.h:145:3:tN2kSyncScheduler::tN2kSyncScheduler(bool, uint32_t, uint32_t)	24	static
../Libs/NMEA2000/src/N2kTimer.h:157:15:void tN2kSyncScheduler::Disable()	16	static
../Libs/NMEA2000/src/N2kTimer.h:181:15:bool tN2kSyncScheduler::IsTime()	16	static
../Libs/NMEA2000/src/N2kTimer.h:210:8:void tN2kSyncScheduler::SetPeriodAndOffset(uint32_t, uint32_t)	24	static
../Libs/NMEA2000/src/N2kTimer.h:222:12:uint32_t tN2kSyncScheduler::GetOffset() const	16	static
../Libs/NMEA2000/src/N2kTimer.h:229:12:uint32_t tN2kSyncScheduler::GetPeriod() const	16	static
../Libs/NMEA2000/src/N2kTimer.h:242:8:void tN2kSyncScheduler::UpdateNextTime()	144	static
../Libs/NMEA2000/src/N2kTimer.h:259:15:static void tN2kSyncScheduler::SetSyncOffset()	8	static
../Libs/NMEA2000/src/N2kTimer.h:301:3:tN2kScheduler::tN2kScheduler(tN2kSchedulerTime)	16	static
../Libs/NMEA2000/src/N2kTimer.h:306:8:void tN2kScheduler::Disable()	16	static
../Libs/NMEA2000/src/N2kTimer.h:316:8:bool tN2kScheduler::IsDisabled() const	16	static
../Libs/NMEA2000/src/N2kTimer.h:324:8:bool tN2kScheduler::IsEnabled() const	16	static
../Libs/NMEA2000/src/N2kTimer.h:332:8:bool tN2kScheduler::IsTime() const	16	static
../Libs/NMEA2000/src/N2kTimer.h:345:8:void tN2kScheduler::FromNow(uint32_t)	16	static
../Libs/NMEA2000/src/NMEA2000.h:258:12:void tNMEA2000::tProductInformation::Set(const char*, short unsigned int, const char*, const char*, const char*, unsigned char, short unsigned int, unsigned char)	24	static
../Libs/NMEA2000/src/NMEA2000.h:354:5:tNMEA2000::tDeviceInformation::tDeviceInformation()	16	static
../Libs/NMEA2000/src/NMEA2000.h:360:10:void tNMEA2000::tDeviceInformation::SetUniqueNumber(uint32_t)	16	static
../Libs/NMEA2000/src/NMEA2000.h:372:10:void tNMEA2000::tDeviceInformation::SetManufacturerCode(uint16_t)	16	static
../Libs/NMEA2000/src/NMEA2000.h:384:10:void tNMEA2000::tDeviceInformation::SetDeviceInstance(unsigned char)	16	static
../Libs/NMEA2000/src/NMEA2000.h:390:19:unsigned char tNMEA2000::tDeviceInformation::GetDeviceInstance() const	16	static
../Libs/NMEA2000/src/NMEA2000.h:408:10:void tNMEA2000::tDeviceInformation::SetDeviceFunction(unsigned char)	16	static
../Libs/NMEA2000/src/NMEA2000.h:422:10:void tNMEA2000::tDeviceInformation::SetDeviceClass(unsigned char)	16	static
../Libs/NMEA2000/src/NMEA2000.h:435:10:void tNMEA2000::tDeviceInformation::SetIndustryGroup(unsigned char)	16	static
../Libs/NMEA2000/src/NMEA2000.h:447:10:void tNMEA2000::tDeviceInformation::SetSystemInstance(unsigned char)	16	static
../Libs/NMEA2000/src/NMEA2000.h:453:19:unsigned char tNMEA2000::tDeviceInformation::GetSystemInstance() const	16	static
../Libs/NMEA2000/src/NMEA2000.h:458:14:uint64_t tNMEA2000::tDeviceInformation::GetName() const	16	static
../Libs/NMEA2000/src/NMEA2000.h:649:28:long unsigned int tNMEA2000::tMsgHandler::GetPGN() const	16	static
../Libs/NMEA2000/src/NMEA2000.h:814:5:tNMEA2000::tInternalDevice::tInternalDevice()	24	static
../Libs/NMEA2000/src/NMEA2000.h:834:10:void tNMEA2000::tInternalDevice::SetPendingIsoAddressClaim(long unsigned int)	16	static
../Libs/NMEA2000/src/NMEA2000.h:845:10:bool tNMEA2000::tInternalDevice::QueryPendingIsoAddressClaim()	16	static
../Libs/NMEA2000/src/NMEA2000.h:847:10:void tNMEA2000::tInternalDevice::ClearPendingIsoAddressClaim()	16	static
../Libs/NMEA2000/src/NMEA2000.h:856:10:void tNMEA2000::tInternalDevice::SetPendingProductInformation()	16	static
../Libs/NMEA2000/src/NMEA2000.h:858:10:void tNMEA2000::tInternalDevice::ClearPendingProductInformation()	16	static
../Libs/NMEA2000/src/NMEA2000.h:869:10:bool tNMEA2000::tInternalDevice::QueryPendingProductInformation()	16	static
../Libs/NMEA2000/src/NMEA2000.h:878:10:void tNMEA2000::tInternalDevice::SetPendingConfigurationInformation()	16	static
../Libs/NMEA2000/src/NMEA2000.h:880:10:void tNMEA2000::tInternalDevice::ClearPendingConfigurationInformation()	16	static
../Libs/NMEA2000/src/NMEA2000.h:891:10:bool tNMEA2000::tInternalDevice::QueryPendingConfigurationInformation()	16	static
../Libs/NMEA2000/src/NMEA2000.h:895:10:void tNMEA2000::tInternalDevice::UpdateAddressClaimEndSource()	16	static
../Libs/NMEA2000/src/NMEA2000.h:899:10:void tNMEA2000::tInternalDevice::UpdateHasPendingInformation()	24	static
../Libs/NMEA2000/src/NMEA2000.h:1162:10:bool tNMEA2000::IsInitialized()	16	static
../Libs/NMEA2000/src/NMEA2000.h:1450:10:bool tNMEA2000::ForwardEnabled() const	16	static
../Libs/NMEA2000/src/NMEA2000.h:1458:10:bool tNMEA2000::ForwardSystemMessages() const	16	static
../Libs/NMEA2000/src/NMEA2000.h:1466:10:bool tNMEA2000::ForwardOnlyKnownMessages() const	16	static
../Libs/NMEA2000/src/NMEA2000.h:1474:10:bool tNMEA2000::ForwardOwnMessages() const	16	static
../Libs/NMEA2000/src/NMEA2000.h:1482:10:bool tNMEA2000::HandleOnlyKnownMessages() const	16	static
../Libs/NMEA2000/src/NMEA2000.h:1514:10:bool tNMEA2000::IsActiveNode()	16	static
../Libs/NMEA2000/src/NMEA2000.h:1523:10:bool tNMEA2000::IsValidDevice(int) const	16	static
../Libs/NMEA2000/src/NMEA2000.h:1531:10:bool tNMEA2000::IsReadyToSend() const	16	static
../Libs/NMEA2000/src/NMEA2000.h:1739:18:virtual void tNMEA2000::SetN2kCANSendFrameBufSize(uint16_t)	16	static
../Libs/NMEA2000/src/NMEA2000.h:1750:18:virtual void tNMEA2000::SetN2kCANReceiveFrameBufSize(uint16_t)	16	static
../Libs/NMEA2000/src/NMEA2000.h:2674:10:void tNMEA2000::EnableForward(bool)	16	static
../Libs/NMEA2000/src/NMEA2000.h:2688:10:void tNMEA2000::SetForwardSystemMessages(bool)	16	static
../Libs/NMEA2000/src/NMEA2000.h:2721:10:void tNMEA2000::SetForwardOwnMessages(bool)	16	static
../Libs/NMEA2000/src/NMEA2000.h:2761:17:static bool tNMEA2000::IsBroadcast(unsigned char)	16	static
../Libs/NMEA2000/src/NMEA2000.h:2787:13:void SetN2kPGNISOAcknowledgement(tN2kMsg&, unsigned char, unsigned char, long unsigned int)	24	static
../Libs/NMEA2000/src/NMEA2000.h:2847:13:void SetN2kISOAddressClaim(tN2kMsg&, uint64_t)	24	static
../Libs/NMEA2000/src/NMEA2000.h:2878:13:void SetN2kProductInformation(tN2kMsg&, unsigned int, unsigned int, const char*, const char*, const char*, const char*, unsigned char, unsigned char)	48	static
../Libs/NMEA2000/src/NMEA2000.h:2940:13:void SetN2kConfigurationInformation(tN2kMsg&, const char*, const char*, const char*, bool)	32	static
../Libs/NMEA2000/src/NMEA2000.h:3024:13:bool ParseN2kPGNISORequest(const tN2kMsg&, long unsigned int&)	16	static
../Libs/NMEA2000/src/NMEA2000.h:3084:13:void SetHeartbeat(tN2kMsg&, uint32_t, uint8_t)	24	static
../Libs/NMEA2000/src/N2kGroupFunctionDefaultHandlers.h:72:5:tN2kGroupFunctionHandlerForPGN60928::tN2kGroupFunctionHandlerForPGN60928(tNMEA2000*)	16	static
../Libs/NMEA2000/src/N2kGroupFunctionDefaultHandlers.h:97:5:tN2kGroupFunctionHandlerForPGN126464::tN2kGroupFunctionHandlerForPGN126464(tNMEA2000*)	16	static
../Libs/NMEA2000/src/N2kGroupFunctionDefaultHandlers.h:124:5:tN2kGroupFunctionHandlerForPGN126993::tN2kGroupFunctionHandlerForPGN126993(tNMEA2000*)	16	static
../Libs/NMEA2000/src/N2kGroupFunctionDefaultHandlers.h:147:5:tN2kGroupFunctionHandlerForPGN126996::tN2kGroupFunctionHandlerForPGN126996(tNMEA2000*)	16	static
../Libs/NMEA2000/src/N2kGroupFunctionDefaultHandlers.h:171:5:tN2kGroupFunctionHandlerForPGN126998::tN2kGroupFunctionHandlerForPGN126998(tNMEA2000*)	16	static
../Libs/NMEA2000/src/NMEA2000.cpp:215:6:bool IsSingleFrameSystemMessage(long unsigned int)	16	static
../Libs/NMEA2000/src/NMEA2000.cpp:234:6:bool IsFastPacketSystemMessage(long unsigned int)	16	static
../Libs/NMEA2000/src/NMEA2000.cpp:276:6:bool IsDefaultSingleFrameMessage(long unsigned int)	16	static
../Libs/NMEA2000/src/NMEA2000.cpp:318:6:bool IsMandatoryFastPacketMessage(long unsigned int)	16	static
../Libs/NMEA2000/src/NMEA2000.cpp:425:6:bool IsDefaultFastPacketMessage(long unsigned int)	16	static
../Libs/NMEA2000/src/NMEA2000.cpp:532:6:bool IsProprietaryFastPacketMessage(long unsigned int)	16	static
../Libs/NMEA2000/src/NMEA2000.cpp:536:6:static bool tNMEA2000::IsProprietaryMessage(long unsigned int)	16	static
../Libs/NMEA2000/src/NMEA2000.cpp:580:6:void tNMEA2000::tProductInformation::Clear()	16	static
../Libs/NMEA2000/src/NMEA2000.cpp:585:6:bool tNMEA2000::tProductInformation::IsSame(const tNMEA2000::tProductInformation&)	16	static
../Libs/NMEA2000/src/NMEA2000.cpp:590:6:static void tNMEA2000::ClearCharBuf(size_t, char*)	24	static
../Libs/NMEA2000/src/NMEA2000.cpp:597:6:static void tNMEA2000::SetCharBuf(const char*, size_t, char*)	32	static
../Libs/NMEA2000/src/NMEA2000.cpp:607:6:static void tNMEA2000::ClearSetCharBuf(const char*, size_t, char*)	24	static
../Libs/NMEA2000/src/NMEA2000.cpp:613:1:tNMEA2000::tNMEA2000()	24	static
../Libs/NMEA2000/src/NMEA2000.cpp:657:6:void tNMEA2000::SetDeviceCount(uint8_t)	16	static
../Libs/NMEA2000/src/NMEA2000.cpp:663:6:void tNMEA2000::InitDevices()	56	static
../Libs/NMEA2000/src/NMEA2000.cpp:689:6:void tNMEA2000::SetProductInformation(const tNMEA2000::tProductInformation*, int)	24	static
../Libs/NMEA2000/src/NMEA2000.cpp:698:6:void tNMEA2000::SetProductInformation(const char*, short unsigned int, const char*, const char*, const char*, unsigned char, short unsigned int, unsigned char, int)	56	static
../Libs/NMEA2000/src/NMEA2000.cpp:717:6:void tNMEA2000::SetConfigurationInformation(const char*, const char*, const char*)	48	static
../Libs/NMEA2000/src/NMEA2000.cpp:755:6:void tNMEA2000::SetProgmemConfigurationInformation(const char*, const char*, const char*)	24	static
../Libs/NMEA2000/src/NMEA2000.cpp:766:8:size_t tNMEA2000::GetFastPacketTxPGNCount(int)	32	static
../Libs/NMEA2000/src/NMEA2000.cpp:784:5:int tNMEA2000::GetSequenceCounter(long unsigned int, int)	48	static
../Libs/NMEA2000/src/NMEA2000.cpp:817:6:void CopyProgmemString(const char*, size_t, char*)	32	static
../Libs/NMEA2000/src/NMEA2000.cpp:828:6:bool tNMEA2000::IsTxPGN(long unsigned int, int)	40	static
../Libs/NMEA2000/src/NMEA2000.cpp:844:40:const tNMEA2000::tProductInformation* tNMEA2000::GetProductInformation(int, bool&) const	32	static
../Libs/NMEA2000/src/NMEA2000.cpp:855:16:short unsigned int tNMEA2000::GetN2kVersion(int) const	24	static
../Libs/NMEA2000/src/NMEA2000.cpp:869:16:short unsigned int tNMEA2000::GetProductCode(int) const	24	static
../Libs/NMEA2000/src/NMEA2000.cpp:883:6:void tNMEA2000::GetModelID(char*, size_t, int) const	32	static
../Libs/NMEA2000/src/NMEA2000.cpp:899:6:void tNMEA2000::GetSwCode(char*, size_t, int) const	32	static
../Libs/NMEA2000/src/NMEA2000.cpp:915:6:void tNMEA2000::GetModelVersion(char*, size_t, int) const	32	static
../Libs/NMEA2000/src/NMEA2000.cpp:931:6:void tNMEA2000::GetModelSerialCode(char*, size_t, int) const	32	static
../Libs/NMEA2000/src/NMEA2000.cpp:947:15:unsigned char tNMEA2000::GetCertificationLevel(int) const	24	static
../Libs/NMEA2000/src/NMEA2000.cpp:961:15:unsigned char tNMEA2000::GetLoadEquivalency(int) const	24	static
../Libs/NMEA2000/src/NMEA2000.cpp:975:6:void tNMEA2000::CopyProgmemConfigurationInformationToLocal()	96	static
../Libs/NMEA2000/src/NMEA2000.cpp:990:6:void tNMEA2000::SetInstallationDescription1(const char*)	24	static
../Libs/NMEA2000/src/NMEA2000.cpp:1000:6:void tNMEA2000::SetInstallationDescription2(const char*)	24	static
../Libs/NMEA2000/src/NMEA2000.cpp:1009:6:void tNMEA2000::GetInstallationDescription1(char*, size_t)	24	static
../Libs/NMEA2000/src/NMEA2000.cpp:1018:6:void tNMEA2000::GetInstallationDescription2(char*, size_t)	24	static
../Libs/NMEA2000/src/NMEA2000.cpp:1027:6:void tNMEA2000::GetManufacturerInformation(char*, size_t)	24	static
../Libs/NMEA2000/src/NMEA2000.cpp:1036:6:bool tNMEA2000::ReadResetInstallationDescriptionChanged()	24	static
../Libs/NMEA2000/src/NMEA2000.cpp:1046:6:void tNMEA2000::SetDeviceInformation(long unsigned int, unsigned char, unsigned char, uint16_t, unsigned char, int)	24	static
../Libs/NMEA2000/src/NMEA2000.cpp:1063:6:void tNMEA2000::SetDeviceInformationInstances(uint8_t, uint8_t, uint8_t, int)	24	static
../Libs/NMEA2000/src/NMEA2000.cpp:1096:6:void tNMEA2000::SetSingleFrameMessages(const long unsigned int*)	16	static
../Libs/NMEA2000/src/NMEA2000.cpp:1101:6:void tNMEA2000::SetFastPacketMessages(const long unsigned int*)	16	static
../Libs/NMEA2000/src/NMEA2000.cpp:1106:6:void tNMEA2000::ExtendSingleFrameMessages(const long unsigned int*)	16	static
../Libs/NMEA2000/src/NMEA2000.cpp:1111:6:void tNMEA2000::ExtendFastPacketMessages(const long unsigned int*)	16	static
../Libs/NMEA2000/src/NMEA2000.cpp:1116:6:void tNMEA2000::ExtendTransmitMessages(const long unsigned int*, int)	24	static
../Libs/NMEA2000/src/NMEA2000.cpp:1123:6:void tNMEA2000::ExtendReceiveMessages(const long unsigned int*, int)	24	static
../Libs/NMEA2000/src/NMEA2000.cpp:1130:6:void tNMEA2000::SetMode(tNMEA2000::tN2kMode, uint8_t)	24	static
../Libs/NMEA2000/src/NMEA2000.cpp:1141:6:virtual void tNMEA2000::InitCANFrameBuffers()	16	static
../Libs/NMEA2000/src/NMEA2000.cpp:1153:6:bool tNMEA2000::Open()	56	static
../Libs/NMEA2000/src/NMEA2000.cpp:1214:6:void tNMEA2000::Restart()	16	static
../Libs/NMEA2000/src/NMEA2000.cpp:1227:6:void CanIdToN2k(long unsigned int, unsigned char&, long unsigned int&, unsigned char&, unsigned char&)	32	static
../Libs/NMEA2000/src/NMEA2000.cpp:1256:15:long unsigned int N2ktoCanID(unsigned char, long unsigned int, long unsigned int, unsigned char)	32	static
../Libs/NMEA2000/src/NMEA2000.cpp:1268:6:bool tNMEA2000::SendFrames()	40	static
../Libs/NMEA2000/src/NMEA2000.cpp:1285:6:bool tNMEA2000::SendFrame(long unsigned int, unsigned char, const unsigned char*, bool)	48	static
../Libs/NMEA2000/src/NMEA2000.cpp:1306:6:void tNMEA2000::SetHeartbeatIntervalAndOffset(uint32_t, uint32_t, int)	32	static
../Libs/NMEA2000/src/NMEA2000.cpp:1333:6:void tNMEA2000::SetHeartbeatInterval(long unsigned int, bool, int)	24	static
../Libs/NMEA2000/src/NMEA2000.cpp:1338:6:void tNMEA2000::SendHeartbeat(int)	280	static
../Libs/NMEA2000/src/NMEA2000.cpp:1346:6:void tNMEA2000::SendHeartbeat(bool)	280	static
../Libs/NMEA2000/src/NMEA2000.cpp:1367:27:tNMEA2000::tCANSendFrame* tNMEA2000::GetNextFreeCANSendFrame()	24	static
../Libs/NMEA2000/src/NMEA2000.cpp:1381:6:void tNMEA2000::SendPendingInformation()	24	static
../Libs/NMEA2000/src/NMEA2000.cpp:1400:6:bool tNMEA2000::SendMsg(const tN2kMsg&, int)	72	static
../Libs/NMEA2000/src/NMEA2000.cpp:1497:6:void tNMEA2000::SetDebugMode(tNMEA2000::tDebugMode)	16	static
../Libs/NMEA2000/src/NMEA2000.cpp:1502:6:bool tNMEA2000::IsFastPacketPGN(long unsigned int)	24	static
../Libs/NMEA2000/src/NMEA2000.cpp:1522:6:bool tNMEA2000::IsFastPacket(const tN2kMsg&)	16	static
../Libs/NMEA2000/src/NMEA2000.cpp:1529:6:bool tNMEA2000::CheckKnownMessage(long unsigned int, bool&, bool&)	32	static
../Libs/NMEA2000/src/NMEA2000.cpp:1576:6:void CopyBufToCANMsg(tN2kCANMsg&, unsigned char, unsigned char, unsigned char*)	32	static
../Libs/NMEA2000/src/NMEA2000.cpp:1584:6:void tNMEA2000::FindFreeCANMsgIndex(long unsigned int, unsigned char, unsigned char, bool, uint8_t&)	40	static
../Libs/NMEA2000/src/NMEA2000.cpp:1618:6:bool tNMEA2000::SendTPCM_BAM(int)	280	static
../Libs/NMEA2000/src/NMEA2000.cpp:1637:6:bool tNMEA2000::SendTPCM_RTS(int)	280	static
../Libs/NMEA2000/src/NMEA2000.cpp:1654:15:unsigned char TPCtsPackets(unsigned char)	16	static
../Libs/NMEA2000/src/NMEA2000.cpp:1657:6:void tNMEA2000::SendTPCM_CTS(long unsigned int, unsigned char, int, unsigned char, unsigned char)	296	static
../Libs/NMEA2000/src/NMEA2000.cpp:1675:6:void tNMEA2000::SendTPCM_EndAck(long unsigned int, unsigned char, int, uint16_t, unsigned char)	296	static
../Libs/NMEA2000/src/NMEA2000.cpp:1692:6:void tNMEA2000::SendTPCM_Abort(long unsigned int, unsigned char, int, unsigned char)	296	static
../Libs/NMEA2000/src/NMEA2000.cpp:1712:6:bool tNMEA2000::SendTPDT(int)	288	static
../Libs/NMEA2000/src/NMEA2000.cpp:1731:6:bool tNMEA2000::HasAllTPDTSent(int)	16	static
../Libs/NMEA2000/src/NMEA2000.cpp:1736:6:bool tNMEA2000::TestHandleTPMessage(long unsigned int, unsigned char, unsigned char, unsigned char, unsigned char*, uint8_t&)	72	static
../Libs/NMEA2000/src/N2kMsg.h:655:7:constexpr tN2kMsg& tN2kMsg::operator=(const tN2kMsg&)	16	static
../Libs/NMEA2000/src/NMEA2000.cpp:1876:6:bool tNMEA2000::StartSendTPMessage(const tN2kMsg&, int)	32	static
../Libs/NMEA2000/src/NMEA2000.cpp:1899:6:void tNMEA2000::EndSendTPMessage(int)	16	static
../Libs/NMEA2000/src/NMEA2000.cpp:1906:6:void tNMEA2000::SendPendingTPMessage(int)	16	static
../Libs/NMEA2000/src/NMEA2000.cpp:1921:13:bool IsFastPacketFirstFrame(unsigned char)	16	static
../Libs/NMEA2000/src/NMEA2000.cpp:1927:9:uint8_t tNMEA2000::SetN2kCANBufMsg(long unsigned int, unsigned char, unsigned char*)	64	static
../Libs/NMEA2000/src/NMEA2000.cpp:2012:6:int tNMEA2000::FindSourceDeviceIndex(unsigned char)	24	static
../Libs/NMEA2000/src/NMEA2000.cpp:2023:6:bool tNMEA2000::IsMySource(unsigned char)	16	static
../Libs/NMEA2000/src/NMEA2000.cpp:2028:6:void tNMEA2000::ForwardMessage(const tN2kMsg&)	16	static
../Libs/NMEA2000/src/NMEA2000.cpp:2042:6:void tNMEA2000::ForwardMessage(const tN2kCANMsg&)	16	static
../Libs/NMEA2000/src/NMEA2000.cpp:2047:6:void tNMEA2000::SendIsoAddressClaim(unsigned char, int, long unsigned int)	296	static
../Libs/NMEA2000/src/NMEA2000.cpp:2078:6:void tNMEA2000::SendTxPGNList(unsigned char, int, bool)	312	static
../Libs/NMEA2000/src/NMEA2000.cpp:2111:6:void tNMEA2000::SendRxPGNList(unsigned char, int, bool)	312	static
../Libs/NMEA2000/src/NMEA2000.cpp:2143:6:void SetN2kPGN126996Progmem(tN2kMsg&, const tNMEA2000::tProductInformation*, char*)	32	static
../Libs/NMEA2000/src/NMEA2000.cpp:2168:6:bool tNMEA2000::SendProductInformation(int)	16	static
../Libs/NMEA2000/src/NMEA2000.cpp:2172:6:bool tNMEA2000::SendProductInformation(unsigned char, int, bool)	320	static
../Libs/NMEA2000/src/NMEA2000.cpp:2210:6:bool tNMEA2000::SendConfigurationInformation(int)	16	static
../Libs/NMEA2000/src/NMEA2000.cpp:2214:6:bool tNMEA2000::SendConfigurationInformation(unsigned char, int, bool)	296	static
../Libs/NMEA2000/src/NMEA2000.cpp:2247:6:void tNMEA2000::RespondISORequest(const tN2kMsg&, long unsigned int, int)	296	static
../Libs/NMEA2000/src/NMEA2000.cpp:2283:6:void tNMEA2000::HandleISORequest(const tN2kMsg&)	24	static
../Libs/NMEA2000/src/NMEA2000.cpp:2303:6:void tNMEA2000::RespondGroupFunction(const tN2kMsg&, tN2kGroupFunctionCode, long unsigned int, int)	48	static
../Libs/NMEA2000/src/NMEA2000.cpp:2325:6:void tNMEA2000::HandleGroupFunction(const tN2kMsg&)	40	static
../Libs/NMEA2000/src/NMEA2000.cpp:2343:6:void tNMEA2000::StartAddressClaim(int)	16	static
../Libs/NMEA2000/src/NMEA2000.cpp:2356:6:void tNMEA2000::StartAddressClaim()	24	static
../Libs/NMEA2000/src/NMEA2000.cpp:2364:6:bool tNMEA2000::IsAddressClaimStarted(int)	24	static
../Libs/NMEA2000/src/NMEA2000.cpp:2380:6:void tNMEA2000::HandleISOAddressClaim(const tN2kMsg&)	48	static
../Libs/NMEA2000/src/NMEA2000.cpp:2405:6:void tNMEA2000::HandleCommandedAddress(uint64_t, unsigned char, int)	24	static
../Libs/NMEA2000/src/NMEA2000.cpp:2417:6:void tNMEA2000::HandleCommandedAddress(const tN2kMsg&)	48	static
../Libs/NMEA2000/src/NMEA2000.cpp:2438:6:void tNMEA2000::SetN2kSource(unsigned char, int)	24	static
../Libs/NMEA2000/src/NMEA2000.cpp:2446:6:bool tNMEA2000::ReadResetAddressChanged()	24	static
../Libs/NMEA2000/src/NMEA2000.cpp:2454:6:bool tNMEA2000::ReadResetDeviceInformationChanged()	24	static
../Libs/NMEA2000/src/NMEA2000.cpp:2462:6:void tNMEA2000::GetNextAddress(int, bool)	32	static
../Libs/NMEA2000/src/NMEA2000.cpp:2493:6:bool tNMEA2000::HandleReceivedSystemMessage(int)	24	static
../Libs/NMEA2000/src/NMEA2000.cpp:2527:6:void tNMEA2000::ParseMessages()	48	static
../Libs/NMEA2000/src/NMEA2000.cpp:2570:6:void tNMEA2000::RunMessageHandlers(const tN2kMsg&)	24	static
../Libs/NMEA2000/src/NMEA2000.cpp:2583:6:void tNMEA2000::SetOnOpen(void (*)())	16	static
../Libs/NMEA2000/src/NMEA2000.cpp:2588:6:void tNMEA2000::SetMsgHandler(void (*)(const tN2kMsg&))	16	static
../Libs/NMEA2000/src/NMEA2000.cpp:2593:6:void tNMEA2000::AttachMsgHandler(tNMEA2000::tMsgHandler*)	32	static
../Libs/NMEA2000/src/NMEA2000.cpp:2618:6:void tNMEA2000::DetachMsgHandler(tNMEA2000::tMsgHandler*)	24	static
../Libs/NMEA2000/src/NMEA2000.cpp:2634:6:void tNMEA2000::SetISORqstHandler(bool (*)(long unsigned int, unsigned char, int))	16	static
../Libs/NMEA2000/src/NMEA2000.cpp:2640:6:void tNMEA2000::RemoveGroupFunctionHandler(tN2kGroupFunctionHandler*)	24	static
../Libs/NMEA2000/src/NMEA2000.cpp:2658:6:void tNMEA2000::AddGroupFunctionHandler(tN2kGroupFunctionHandler*)	24	static
../Libs/NMEA2000/src/NMEA2000.cpp:2682:6:void SetN2kPGN59392(tN2kMsg&, unsigned char, unsigned char, long unsigned int)	24	static
../Libs/NMEA2000/src/NMEA2000.cpp:2696:6:void SetN2kPGN60928(tN2kMsg&, long unsigned int, int, unsigned char, unsigned char, unsigned char, unsigned char, unsigned char)	24	static
../Libs/NMEA2000/src/NMEA2000.cpp:2712:6:void SetN2kPGN60928(tN2kMsg&, uint64_t)	24	static
../Libs/NMEA2000/src/NMEA2000.cpp:2721:6:void SetN2kPGN126996(tN2kMsg&, unsigned int, unsigned int, const char*, const char*, const char*, const char*, unsigned char, unsigned char)	24	static
../Libs/NMEA2000/src/NMEA2000.cpp:2738:6:bool ParseN2kPGN126996(const tN2kMsg&, short unsigned int&, short unsigned int&, int, char*, int, char*, int, char*, int, char*, unsigned char&, unsigned char&)	40	static
../Libs/NMEA2000/src/NMEA2000.cpp:2758:8:size_t ProgmemStrLen(const char*)	24	static
../Libs/NMEA2000/src/NMEA2000.cpp:2766:8:size_t StrLen(const char*)	16	static
../Libs/NMEA2000/src/NMEA2000.cpp:2773:6:void SetN2kPGN126998(tN2kMsg&, const char*, const char*, const char*, bool)	48	static
../Libs/NMEA2000/src/NMEA2000.cpp:2823:6:bool ParseN2kPGN126998(const tN2kMsg&, size_t&, char*, size_t&, char*, size_t&, char*)	32	static
../Libs/NMEA2000/src/NMEA2000.cpp:2837:6:void SetN2kPGN59904(tN2kMsg&, uint8_t, long unsigned int)	24	static
../Libs/NMEA2000/src/NMEA2000.cpp:2844:6:bool ParseN2kPGN59904(const tN2kMsg&, long unsigned int&)	24	static
../Libs/NMEA2000/src/NMEA2000.cpp:2857:6:void SetN2kPGN126464(tN2kMsg&, uint8_t, tN2kPGNList, const long unsigned int*)	32	static
../Libs/NMEA2000/src/NMEA2000.cpp:2873:6:void SetN2kPGN126993(tN2kMsg&, uint32_t, uint8_t)	24	static
../Libs/NMEA2000/src/NMEA2000.h:201:34:static T tNMEA2000::N2kMin(T, T) [with T = unsigned char]	16	static
../Libs/NMEA2000/src/NMEA2000.h:189:34:static T tNMEA2000::N2kMax(T, T) [with T = unsigned char]	16	static
