/Users/minoseigenheer/Library/CloudStorage/OneDrive-BitterandReal/Bitter and Real/PROJECTEN/programeren/Embedded projects/NMEA2000/NMEA2000/src/NMEA2000StdTypes.h:110:11:tN2kDD206::tN2kDD206(uint16_t)	16	static
/Users/minoseigenheer/Library/CloudStorage/OneDrive-BitterandReal/Bitter and Real/PROJECTEN/programeren/Embedded projects/NMEA2000/NMEA2000/src/NMEA2000StdTypes.h:134:20:uint16_t tN2kDD223::operator=(uint16_t)	16	static
/Users/minoseigenheer/Library/CloudStorage/OneDrive-BitterandReal/Bitter and Real/PROJECTEN/programeren/Embedded projects/NMEA2000/NMEA2000/src/NMEA2000StdTypes.h:238:16:void tN2kDD477::SetEvents(unsigned char)	16	static
/Users/minoseigenheer/Library/CloudStorage/OneDrive-BitterandReal/Bitter and Real/PROJECTEN/programeren/Embedded projects/NMEA2000/NMEA2000/src/NMEA2000StdTypes.h:249:16:void tN2kDD478::SetEvents(unsigned char)	16	static
/Users/minoseigenheer/Library/CloudStorage/OneDrive-BitterandReal/Bitter and Real/PROJECTEN/programeren/Embedded projects/NMEA2000/NMEA2000/src/NMEA2000StdTypes.h:292:16:void tN2kDD483::SetEvents(unsigned char)	16	static
/Users/minoseigenheer/Library/CloudStorage/OneDrive-BitterandReal/Bitter and Real/PROJECTEN/programeren/Embedded projects/NMEA2000/NMEA2000/src/N2kMessages.h:713:13:void N2kResetBinaryStatus(tN2kBinaryStatus&)	16	static
/Users/minoseigenheer/Library/CloudStorage/OneDrive-BitterandReal/Bitter and Real/PROJECTEN/programeren/Embedded projects/NMEA2000/NMEA2000/src/N2kMessages.cpp:28:6:void SetN2kPGN126992(tN2kMsg&, unsigned char, uint16_t, double, tN2kTimeSource)	32	static
/Users/minoseigenheer/Library/CloudStorage/OneDrive-BitterandReal/Bitter and Real/PROJECTEN/programeren/Embedded projects/NMEA2000/NMEA2000/src/N2kMessages.cpp:39:6:bool ParseN2kPGN126992(const tN2kMsg&, unsigned char&, uint16_t&, double&, tN2kTimeSource&)	48	static
/Users/minoseigenheer/Library/CloudStorage/OneDrive-BitterandReal/Bitter and Real/PROJECTEN/programeren/Embedded projects/NMEA2000/NMEA2000/src/N2kMessages.cpp:55:6:void SetN2kPGN129802(tN2kMsg&, uint8_t, tN2kAISRepeat, uint32_t, tN2kAISTransceiverInformation, char*)	24	static
/Users/minoseigenheer/Library/CloudStorage/OneDrive-BitterandReal/Bitter and Real/PROJECTEN/programeren/Embedded projects/NMEA2000/NMEA2000/src/N2kMessages.cpp:66:6:bool ParseN2kPGN129802(const tN2kMsg&, uint8_t&, tN2kAISRepeat&, uint32_t&, tN2kAISTransceiverInformation&, char*, size_t&)	32	static
/Users/minoseigenheer/Library/CloudStorage/OneDrive-BitterandReal/Bitter and Real/PROJECTEN/programeren/Embedded projects/NMEA2000/NMEA2000/src/N2kMessages.cpp:87:6:void SetN2kPGN127233(tN2kMsg&, unsigned char, uint32_t, tN2kMOBStatus, double, tN2kMOBPositionSource, uint16_t, double, double, double, tN2kHeadingReference, double, double, uint32_t, tN2kMOBEmitterBatteryStatus)	40	static
/Users/minoseigenheer/Library/CloudStorage/OneDrive-BitterandReal/Bitter and Real/PROJECTEN/programeren/Embedded projects/NMEA2000/NMEA2000/src/N2kMessages.cpp:121:6:bool ParseN2kPGN127233(const tN2kMsg&, unsigned char&, uint32_t&, tN2kMOBStatus&, double&, tN2kMOBPositionSource&, uint16_t&, double&, double&, double&, tN2kHeadingReference&, double&, double&, uint32_t&, tN2kMOBEmitterBatteryStatus&)	48	static
/Users/minoseigenheer/Library/CloudStorage/OneDrive-BitterandReal/Bitter and Real/PROJECTEN/programeren/Embedded projects/NMEA2000/NMEA2000/src/N2kMessages.cpp:160:6:void SetN2kPGN127237(tN2kMsg&, tN2kOnOff, tN2kOnOff, tN2kOnOff, tN2kOnOff, tN2kSteeringMode, tN2kTurnMode, tN2kHeadingReference, tN2kRudderDirectionOrder, double, double, double, double, double, double, double, double, double)	32	static
/Users/minoseigenheer/Library/CloudStorage/OneDrive-BitterandReal/Bitter and Real/PROJECTEN/programeren/Embedded projects/NMEA2000/NMEA2000/src/N2kMessages.cpp:207:6:bool ParseN2kPGN127237(const tN2kMsg&, tN2kOnOff&, tN2kOnOff&, tN2kOnOff&, tN2kOnOff&, tN2kSteeringMode&, tN2kTurnMode&, tN2kHeadingReference&, tN2kRudderDirectionOrder&, double&, double&, double&, double&, double&, double&, double&, double&, double&)	48	static
/Users/minoseigenheer/Library/CloudStorage/OneDrive-BitterandReal/Bitter and Real/PROJECTEN/programeren/Embedded projects/NMEA2000/NMEA2000/src/N2kMessages.cpp:254:6:void SetN2kPGN127245(tN2kMsg&, double, unsigned char, tN2kRudderDirectionOrder, double)	40	static
/Users/minoseigenheer/Library/CloudStorage/OneDrive-BitterandReal/Bitter and Real/PROJECTEN/programeren/Embedded projects/NMEA2000/NMEA2000/src/N2kMessages.cpp:266:6:bool ParseN2kPGN127245(const tN2kMsg&, double&, unsigned char&, tN2kRudderDirectionOrder&, double&)	48	static
/Users/minoseigenheer/Library/CloudStorage/OneDrive-BitterandReal/Bitter and Real/PROJECTEN/programeren/Embedded projects/NMEA2000/NMEA2000/src/N2kMessages.cpp:281:6:void SetN2kPGN127250(tN2kMsg&, unsigned char, double, double, double, tN2kHeadingReference)	40	static
/Users/minoseigenheer/Library/CloudStorage/OneDrive-BitterandReal/Bitter and Real/PROJECTEN/programeren/Embedded projects/NMEA2000/NMEA2000/src/N2kMessages.cpp:291:6:bool ParseN2kPGN127250(const tN2kMsg&, unsigned char&, double&, double&, double&, tN2kHeadingReference&)	48	static
/Users/minoseigenheer/Library/CloudStorage/OneDrive-BitterandReal/Bitter and Real/PROJECTEN/programeren/Embedded projects/NMEA2000/NMEA2000/src/N2kMessages.cpp:308:6:void SetN2kPGN127251(tN2kMsg&, unsigned char, double)	40	static
/Users/minoseigenheer/Library/CloudStorage/OneDrive-BitterandReal/Bitter and Real/PROJECTEN/programeren/Embedded projects/NMEA2000/NMEA2000/src/N2kMessages.cpp:317:6:bool ParseN2kPGN127251(const tN2kMsg&, unsigned char&, double&)	48	static
/Users/minoseigenheer/Library/CloudStorage/OneDrive-BitterandReal/Bitter and Real/PROJECTEN/programeren/Embedded projects/NMEA2000/NMEA2000/src/N2kMessages.cpp:337:6:void SetN2kPGN127252(tN2kMsg&, unsigned char, double, double, tN2kDelaySource)	40	static
/Users/minoseigenheer/Library/CloudStorage/OneDrive-BitterandReal/Bitter and Real/PROJECTEN/programeren/Embedded projects/NMEA2000/NMEA2000/src/N2kMessages.cpp:349:6:bool ParseN2kPGN127252(const tN2kMsg&, unsigned char&, double&, double&, tN2kDelaySource&)	48	static
/Users/minoseigenheer/Library/CloudStorage/OneDrive-BitterandReal/Bitter and Real/PROJECTEN/programeren/Embedded projects/NMEA2000/NMEA2000/src/N2kMessages.cpp:370:6:void SetN2kPGN127257(tN2kMsg&, unsigned char, double, double, double)	40	static
/Users/minoseigenheer/Library/CloudStorage/OneDrive-BitterandReal/Bitter and Real/PROJECTEN/programeren/Embedded projects/NMEA2000/NMEA2000/src/N2kMessages.cpp:380:6:bool ParseN2kPGN127257(const tN2kMsg&, unsigned char&, double&, double&, double&)	48	static
/Users/minoseigenheer/Library/CloudStorage/OneDrive-BitterandReal/Bitter and Real/PROJECTEN/programeren/Embedded projects/NMEA2000/NMEA2000/src/N2kMessages.cpp:394:6:void SetN2kPGN127258(tN2kMsg&, unsigned char, tN2kMagneticVariation, uint16_t, double)	32	static
/Users/minoseigenheer/Library/CloudStorage/OneDrive-BitterandReal/Bitter and Real/PROJECTEN/programeren/Embedded projects/NMEA2000/NMEA2000/src/N2kMessages.cpp:404:6:bool ParseN2kPGN127258(const tN2kMsg&, unsigned char&, tN2kMagneticVariation&, uint16_t&, double&)	48	static
/Users/minoseigenheer/Library/CloudStorage/OneDrive-BitterandReal/Bitter and Real/PROJECTEN/programeren/Embedded projects/NMEA2000/NMEA2000/src/N2kMessages.cpp:418:6:void SetN2kPGN127488(tN2kMsg&, unsigned char, double, double, int8_t)	40	static
/Users/minoseigenheer/Library/CloudStorage/OneDrive-BitterandReal/Bitter and Real/PROJECTEN/programeren/Embedded projects/NMEA2000/NMEA2000/src/N2kMessages.cpp:430:6:bool ParseN2kPGN127488(const tN2kMsg&, unsigned char&, double&, double&, int8_t&)	48	static
/Users/minoseigenheer/Library/CloudStorage/OneDrive-BitterandReal/Bitter and Real/PROJECTEN/programeren/Embedded projects/NMEA2000/NMEA2000/src/N2kMessages.cpp:446:6:void SetN2kPGN127489(tN2kMsg&, unsigned char, double, double, double, double, double, double, double, double, int8_t, int8_t, tN2kEngineDiscreteStatus1, tN2kEngineDiscreteStatus2)	40	static
/Users/minoseigenheer/Library/CloudStorage/OneDrive-BitterandReal/Bitter and Real/PROJECTEN/programeren/Embedded projects/NMEA2000/NMEA2000/src/N2kMessages.cpp:469:6:bool ParseN2kPGN127489(const tN2kMsg&, unsigned char&, double&, double&, double&, double&, double&, double&, double&, double&, int8_t&, int8_t&, tN2kEngineDiscreteStatus1&, tN2kEngineDiscreteStatus2&)	48	static
/Users/minoseigenheer/Library/CloudStorage/OneDrive-BitterandReal/Bitter and Real/PROJECTEN/programeren/Embedded projects/NMEA2000/NMEA2000/src/N2kMessages.cpp:499:6:void SetN2kPGN127493(tN2kMsg&, unsigned char, tN2kTransmissionGear, double, double, unsigned char)	32	static
/Users/minoseigenheer/Library/CloudStorage/OneDrive-BitterandReal/Bitter and Real/PROJECTEN/programeren/Embedded projects/NMEA2000/NMEA2000/src/N2kMessages.cpp:511:6:bool ParseN2kPGN127493(const tN2kMsg&, unsigned char&, tN2kTransmissionGear&, double&, double&, unsigned char&)	48	static
/Users/minoseigenheer/Library/CloudStorage/OneDrive-BitterandReal/Bitter and Real/PROJECTEN/programeren/Embedded projects/NMEA2000/NMEA2000/src/N2kMessages.cpp:528:6:void SetN2kPGN127497(tN2kMsg&, unsigned char, double, double, double, double)	40	static
/Users/minoseigenheer/Library/CloudStorage/OneDrive-BitterandReal/Bitter and Real/PROJECTEN/programeren/Embedded projects/NMEA2000/NMEA2000/src/N2kMessages.cpp:540:6:bool ParseN2kPGN127497(const tN2kMsg&, unsigned char&, double&, double&, double&, double&)	48	static
/Users/minoseigenheer/Library/CloudStorage/OneDrive-BitterandReal/Bitter and Real/PROJECTEN/programeren/Embedded projects/NMEA2000/NMEA2000/src/N2kMessages.cpp:560:11:tN2kOnOff N2kGetStatusOnBinaryStatus(tN2kBinaryStatus, uint8_t)	32	static
/Users/minoseigenheer/Library/CloudStorage/OneDrive-BitterandReal/Bitter and Real/PROJECTEN/programeren/Embedded projects/NMEA2000/NMEA2000/src/N2kMessages.cpp:568:6:void N2kSetStatusBinaryOnStatus(tN2kBinaryStatus&, tN2kOnOff, uint8_t)	56	static
/Users/minoseigenheer/Library/CloudStorage/OneDrive-BitterandReal/Bitter and Real/PROJECTEN/programeren/Embedded projects/NMEA2000/NMEA2000/src/N2kMessages.cpp:578:6:void SetN2kPGN127501(tN2kMsg&, unsigned char, tN2kBinaryStatus)	40	static
/Users/minoseigenheer/Library/CloudStorage/OneDrive-BitterandReal/Bitter and Real/PROJECTEN/programeren/Embedded projects/NMEA2000/NMEA2000/src/N2kMessages.cpp:587:6:void SetN2kPGN127501(tN2kMsg&, unsigned char, tN2kOnOff, tN2kOnOff, tN2kOnOff, tN2kOnOff)	88	static
/Users/minoseigenheer/Library/CloudStorage/OneDrive-BitterandReal/Bitter and Real/PROJECTEN/programeren/Embedded projects/NMEA2000/NMEA2000/src/N2kMessages.cpp:604:6:bool ParseN2kPGN127501(const tN2kMsg&, unsigned char&, tN2kOnOff&, tN2kOnOff&, tN2kOnOff&, tN2kOnOff&)	32	static
/Users/minoseigenheer/Library/CloudStorage/OneDrive-BitterandReal/Bitter and Real/PROJECTEN/programeren/Embedded projects/NMEA2000/NMEA2000/src/N2kMessages.cpp:624:6:bool ParseN2kPGN127501(const tN2kMsg&, unsigned char&, tN2kBinaryStatus&)	32	static
/Users/minoseigenheer/Library/CloudStorage/OneDrive-BitterandReal/Bitter and Real/PROJECTEN/programeren/Embedded projects/NMEA2000/NMEA2000/src/N2kMessages.cpp:637:6:void SetN2kPGN127505(tN2kMsg&, unsigned char, tN2kFluidType, double, double)	32	static
/Users/minoseigenheer/Library/CloudStorage/OneDrive-BitterandReal/Bitter and Real/PROJECTEN/programeren/Embedded projects/NMEA2000/NMEA2000/src/N2kMessages.cpp:647:6:bool ParseN2kPGN127505(const tN2kMsg&, unsigned char&, tN2kFluidType&, double&, double&)	48	static
/Users/minoseigenheer/Library/CloudStorage/OneDrive-BitterandReal/Bitter and Real/PROJECTEN/programeren/Embedded projects/NMEA2000/NMEA2000/src/N2kMessages.cpp:664:6:void SetN2kPGN127506(tN2kMsg&, unsigned char, unsigned char, tN2kDCType, uint8_t, uint8_t, double, double, double)	32	static
/Users/minoseigenheer/Library/CloudStorage/OneDrive-BitterandReal/Bitter and Real/PROJECTEN/programeren/Embedded projects/NMEA2000/NMEA2000/src/N2kMessages.cpp:679:6:bool ParseN2kPGN127506(const tN2kMsg&, unsigned char&, unsigned char&, tN2kDCType&, uint8_t&, uint8_t&, double&, double&, double&)	48	static
/Users/minoseigenheer/Library/CloudStorage/OneDrive-BitterandReal/Bitter and Real/PROJECTEN/programeren/Embedded projects/NMEA2000/NMEA2000/src/N2kMessages.cpp:706:6:void SetN2kPGN127507(tN2kMsg&, unsigned char, unsigned char, tN2kChargeState, tN2kChargerMode, tN2kOnOff, tN2kOnOff, double)	32	static
/Users/minoseigenheer/Library/CloudStorage/OneDrive-BitterandReal/Bitter and Real/PROJECTEN/programeren/Embedded projects/NMEA2000/NMEA2000/src/N2kMessages.cpp:718:6:bool ParseN2kPGN127507(const tN2kMsg&, unsigned char&, unsigned char&, tN2kChargeState&, tN2kChargerMode&, tN2kOnOff&, tN2kOnOff&, double&)	48	static
/Users/minoseigenheer/Library/CloudStorage/OneDrive-BitterandReal/Bitter and Real/PROJECTEN/programeren/Embedded projects/NMEA2000/NMEA2000/src/N2kMessages.cpp:740:6:void SetN2kPGN127508(tN2kMsg&, unsigned char, double, double, double, unsigned char)	40	static
/Users/minoseigenheer/Library/CloudStorage/OneDrive-BitterandReal/Bitter and Real/PROJECTEN/programeren/Embedded projects/NMEA2000/NMEA2000/src/N2kMessages.cpp:752:6:bool ParseN2kPGN127508(const tN2kMsg&, unsigned char&, double&, double&, double&, unsigned char&)	48	static
/Users/minoseigenheer/Library/CloudStorage/OneDrive-BitterandReal/Bitter and Real/PROJECTEN/programeren/Embedded projects/NMEA2000/NMEA2000/src/N2kMessages.cpp:767:6:void SetN2kPGN127513(tN2kMsg&, unsigned char, tN2kBatType, tN2kBatEqSupport, tN2kBatNomVolt, tN2kBatChem, double, int8_t, double, int8_t)	32	static
/Users/minoseigenheer/Library/CloudStorage/OneDrive-BitterandReal/Bitter and Real/PROJECTEN/programeren/Embedded projects/NMEA2000/NMEA2000/src/N2kMessages.cpp:783:6:bool ParseN2kPGN127513(const tN2kMsg&, unsigned char&, tN2kBatType&, tN2kBatEqSupport&, tN2kBatNomVolt&, tN2kBatChem&, double&, int8_t&, double&, int8_t&)	48	static
/Users/minoseigenheer/Library/CloudStorage/OneDrive-BitterandReal/Bitter and Real/PROJECTEN/programeren/Embedded projects/NMEA2000/NMEA2000/src/N2kMessages.cpp:802:6:void SetN2kPGN128000(tN2kMsg&, unsigned char, double)	40	static
/Users/minoseigenheer/Library/CloudStorage/OneDrive-BitterandReal/Bitter and Real/PROJECTEN/programeren/Embedded projects/NMEA2000/NMEA2000/src/N2kMessages.cpp:814:6:bool ParseN2kPGN128000(const tN2kMsg&, unsigned char&, double&)	48	static
/Users/minoseigenheer/Library/CloudStorage/OneDrive-BitterandReal/Bitter and Real/PROJECTEN/programeren/Embedded projects/NMEA2000/NMEA2000/src/N2kMessages.cpp:827:6:void SetN2kPGN128259(tN2kMsg&, unsigned char, double, double, tN2kSpeedWaterReferenceType)	40	static
/Users/minoseigenheer/Library/CloudStorage/OneDrive-BitterandReal/Bitter and Real/PROJECTEN/programeren/Embedded projects/NMEA2000/NMEA2000/src/N2kMessages.cpp:838:6:bool ParseN2kPGN128259(const tN2kMsg&, unsigned char&, double&, double&, tN2kSpeedWaterReferenceType&)	48	static
/Users/minoseigenheer/Library/CloudStorage/OneDrive-BitterandReal/Bitter and Real/PROJECTEN/programeren/Embedded projects/NMEA2000/NMEA2000/src/N2kMessages.cpp:853:6:void SetN2kPGN128267(tN2kMsg&, unsigned char, double, double, double)	40	static
/Users/minoseigenheer/Library/CloudStorage/OneDrive-BitterandReal/Bitter and Real/PROJECTEN/programeren/Embedded projects/NMEA2000/NMEA2000/src/N2kMessages.cpp:862:6:bool ParseN2kPGN128267(const tN2kMsg&, unsigned char&, double&, double&, double&)	48	static
/Users/minoseigenheer/Library/CloudStorage/OneDrive-BitterandReal/Bitter and Real/PROJECTEN/programeren/Embedded projects/NMEA2000/NMEA2000/src/N2kMessages.cpp:876:6:void SetN2kPGN128275(tN2kMsg&, uint16_t, double, uint32_t, uint32_t)	40	static
/Users/minoseigenheer/Library/CloudStorage/OneDrive-BitterandReal/Bitter and Real/PROJECTEN/programeren/Embedded projects/NMEA2000/NMEA2000/src/N2kMessages.cpp:885:6:bool ParseN2kPGN128275(const tN2kMsg&, uint16_t&, double&, uint32_t&, uint32_t&)	48	static
/Users/minoseigenheer/Library/CloudStorage/OneDrive-BitterandReal/Bitter and Real/PROJECTEN/programeren/Embedded projects/NMEA2000/NMEA2000/src/N2kMessages.cpp:903:6:void SetN2kPGN128776(tN2kMsg&, unsigned char, unsigned char, tN2kWindlassDirectionControl, unsigned char, tN2kSpeedType, tN2kGenericStatusPair, tN2kGenericStatusPair, tN2kGenericStatusPair, tN2kGenericStatusPair, tN2kGenericStatusPair, double, const tN2kWindlassControlEvents&)	32	static
/Users/minoseigenheer/Library/CloudStorage/OneDrive-BitterandReal/Bitter and Real/PROJECTEN/programeren/Embedded projects/NMEA2000/NMEA2000/src/N2kMessages.cpp:929:6:bool ParseN2kPGN128776(const tN2kMsg&, unsigned char&, unsigned char&, tN2kWindlassDirectionControl&, unsigned char&, tN2kSpeedType&, tN2kGenericStatusPair&, tN2kGenericStatusPair&, tN2kGenericStatusPair&, tN2kGenericStatusPair&, tN2kGenericStatusPair&, double&, tN2kWindlassControlEvents&)	48	static
/Users/minoseigenheer/Library/CloudStorage/OneDrive-BitterandReal/Bitter and Real/PROJECTEN/programeren/Embedded projects/NMEA2000/NMEA2000/src/N2kMessages.cpp:968:6:void SetN2kPGN128777(tN2kMsg&, unsigned char, unsigned char, double, double, tN2kWindlassMotionStates, tN2kRodeTypeStates, tN2kAnchorDockingStates, const tN2kWindlassOperatingEvents&)	32	static
/Users/minoseigenheer/Library/CloudStorage/OneDrive-BitterandReal/Bitter and Real/PROJECTEN/programeren/Embedded projects/NMEA2000/NMEA2000/src/N2kMessages.cpp:989:6:bool ParseN2kPGN128777(const tN2kMsg&, unsigned char&, unsigned char&, double&, double&, tN2kWindlassMotionStates&, tN2kRodeTypeStates&, tN2kAnchorDockingStates&, tN2kWindlassOperatingEvents&)	48	static
/Users/minoseigenheer/Library/CloudStorage/OneDrive-BitterandReal/Bitter and Real/PROJECTEN/programeren/Embedded projects/NMEA2000/NMEA2000/src/N2kMessages.cpp:1020:6:void SetN2kPGN128778(tN2kMsg&, unsigned char, unsigned char, double, double, double, const tN2kWindlassMonitoringEvents&)	32	static
/Users/minoseigenheer/Library/CloudStorage/OneDrive-BitterandReal/Bitter and Real/PROJECTEN/programeren/Embedded projects/NMEA2000/NMEA2000/src/N2kMessages.cpp:1040:6:bool ParseN2kPGN128778(const tN2kMsg&, unsigned char&, unsigned char&, double&, double&, double&, tN2kWindlassMonitoringEvents&)	48	static
/Users/minoseigenheer/Library/CloudStorage/OneDrive-BitterandReal/Bitter and Real/PROJECTEN/programeren/Embedded projects/NMEA2000/NMEA2000/src/N2kMessages.cpp:1062:6:void SetN2kPGN129025(tN2kMsg&, double, double)	40	static
/Users/minoseigenheer/Library/CloudStorage/OneDrive-BitterandReal/Bitter and Real/PROJECTEN/programeren/Embedded projects/NMEA2000/NMEA2000/src/N2kMessages.cpp:1069:6:bool ParseN2kPGN129025(const tN2kMsg&, double&, double&)	48	static
/Users/minoseigenheer/Library/CloudStorage/OneDrive-BitterandReal/Bitter and Real/PROJECTEN/programeren/Embedded projects/NMEA2000/NMEA2000/src/N2kMessages.cpp:1081:6:void SetN2kPGN129026(tN2kMsg&, unsigned char, tN2kHeadingReference, double, double)	32	static
/Users/minoseigenheer/Library/CloudStorage/OneDrive-BitterandReal/Bitter and Real/PROJECTEN/programeren/Embedded projects/NMEA2000/NMEA2000/src/N2kMessages.cpp:1092:6:bool ParseN2kPGN129026(const tN2kMsg&, unsigned char&, tN2kHeadingReference&, double&, double&)	48	static
/Users/minoseigenheer/Library/CloudStorage/OneDrive-BitterandReal/Bitter and Real/PROJECTEN/programeren/Embedded projects/NMEA2000/NMEA2000/src/N2kMessages.cpp:1107:6:void SetN2kPGN129029(tN2kMsg&, unsigned char, uint16_t, double, double, double, double, tN2kGNSStype, tN2kGNSSmethod, unsigned char, double, double, double, unsigned char, tN2kGNSStype, uint16_t, double)	32	static
/Users/minoseigenheer/Library/CloudStorage/OneDrive-BitterandReal/Bitter and Real/PROJECTEN/programeren/Embedded projects/NMEA2000/NMEA2000/src/N2kMessages.cpp:1137:6:bool ParseN2kPGN129029(const tN2kMsg&, unsigned char&, uint16_t&, double&, double&, double&, double&, tN2kGNSStype&, tN2kGNSSmethod&, uint8_t&, double&, double&, double&, uint8_t&, tN2kGNSStype&, uint16_t&, double&)	48	static
/Users/minoseigenheer/Library/CloudStorage/OneDrive-BitterandReal/Bitter and Real/PROJECTEN/programeren/Embedded projects/NMEA2000/NMEA2000/src/N2kMessages.cpp:1173:6:void SetN2kPGN129033(tN2kMsg&, uint16_t, double, int16_t)	40	static
/Users/minoseigenheer/Library/CloudStorage/OneDrive-BitterandReal/Bitter and Real/PROJECTEN/programeren/Embedded projects/NMEA2000/NMEA2000/src/N2kMessages.cpp:1181:6:bool ParseN2kPGN129033(const tN2kMsg&, uint16_t&, double&, int16_t&)	48	static
/Users/minoseigenheer/Library/CloudStorage/OneDrive-BitterandReal/Bitter and Real/PROJECTEN/programeren/Embedded projects/NMEA2000/NMEA2000/src/N2kMessages.cpp:1194:6:void SetN2kPGN129539(tN2kMsg&, unsigned char, tN2kGNSSDOPmode, tN2kGNSSDOPmode, double, double, double)	32	static
/Users/minoseigenheer/Library/CloudStorage/OneDrive-BitterandReal/Bitter and Real/PROJECTEN/programeren/Embedded projects/NMEA2000/NMEA2000/src/N2kMessages.cpp:1206:6:bool ParseN2kPgn129539(const tN2kMsg&, unsigned char&, tN2kGNSSDOPmode&, tN2kGNSSDOPmode&, double&, double&, double&)	48	static
/Users/minoseigenheer/Library/CloudStorage/OneDrive-BitterandReal/Bitter and Real/PROJECTEN/programeren/Embedded projects/NMEA2000/NMEA2000/src/N2kMessages.cpp:1230:6:void SetN2kPGN129540(tN2kMsg&, unsigned char, tN2kRangeResidualMode)	16	static
/Users/minoseigenheer/Library/CloudStorage/OneDrive-BitterandReal/Bitter and Real/PROJECTEN/programeren/Embedded projects/NMEA2000/NMEA2000/src/N2kMessages.cpp:1238:6:bool AppendN2kPGN129540(tN2kMsg&, const tSatelliteInfo&)	40	static
/Users/minoseigenheer/Library/CloudStorage/OneDrive-BitterandReal/Bitter and Real/PROJECTEN/programeren/Embedded projects/NMEA2000/NMEA2000/src/N2kMessages.cpp:1260:6:bool ParseN2kPGN129540(const tN2kMsg&, unsigned char&, tN2kRangeResidualMode&, uint8_t&)	32	static
/Users/minoseigenheer/Library/CloudStorage/OneDrive-BitterandReal/Bitter and Real/PROJECTEN/programeren/Embedded projects/NMEA2000/NMEA2000/src/N2kMessages.cpp:1272:6:bool ParseN2kPGN129540(const tN2kMsg&, uint8_t, tSatelliteInfo&)	48	static
/Users/minoseigenheer/Library/CloudStorage/OneDrive-BitterandReal/Bitter and Real/PROJECTEN/programeren/Embedded projects/NMEA2000/NMEA2000/src/N2kMessages.cpp:1303:6:void SetN2kPGN129038(tN2kMsg&, uint8_t, tN2kAISRepeat, uint32_t, double, double, bool, bool, uint8_t, double, double, tN2kAISTransceiverInformation, double, double, tN2kAISNavStatus)	48	static
/Users/minoseigenheer/Library/CloudStorage/OneDrive-BitterandReal/Bitter and Real/PROJECTEN/programeren/Embedded projects/NMEA2000/NMEA2000/src/N2kMessages.cpp:1326:6:bool ParseN2kPGN129038(const tN2kMsg&, uint8_t&, tN2kAISRepeat&, uint32_t&, double&, double&, bool&, bool&, uint8_t&, double&, double&, double&, double&, tN2kAISNavStatus&)	48	static
/Users/minoseigenheer/Library/CloudStorage/OneDrive-BitterandReal/Bitter and Real/PROJECTEN/programeren/Embedded projects/NMEA2000/NMEA2000/src/N2kMessages.cpp:1355:6:void SetN2kPGN129039(tN2kMsg&, uint8_t, tN2kAISRepeat, uint32_t, double, double, bool, bool, uint8_t, double, double, tN2kAISTransceiverInformation, double, tN2kAISUnit, bool, bool, bool, bool, tN2kAISMode, bool, unsigned char)	40	static
/Users/minoseigenheer/Library/CloudStorage/OneDrive-BitterandReal/Bitter and Real/PROJECTEN/programeren/Embedded projects/NMEA2000/NMEA2000/src/N2kMessages.cpp:1382:6:bool ParseN2kPGN129039(const tN2kMsg&, uint8_t&, tN2kAISRepeat&, uint32_t&, double&, double&, bool&, bool&, uint8_t&, double&, double&, tN2kAISTransceiverInformation&, double&, tN2kAISUnit&, bool&, bool&, bool&, bool&, tN2kAISMode&, bool&)	48	static
/Users/minoseigenheer/Library/CloudStorage/OneDrive-BitterandReal/Bitter and Real/PROJECTEN/programeren/Embedded projects/NMEA2000/NMEA2000/src/N2kMessages.cpp:1416:6:void SetN2kPGN129041(tN2kMsg&, const tN2kAISAtoNReportData&)	32	static
/Users/minoseigenheer/Library/CloudStorage/OneDrive-BitterandReal/Bitter and Real/PROJECTEN/programeren/Embedded projects/NMEA2000/NMEA2000/src/N2kMessages.cpp:1439:6:bool ParseN2kPGN129041(const tN2kMsg&, tN2kAISAtoNReportData&)	48	static
/Users/minoseigenheer/Library/CloudStorage/OneDrive-BitterandReal/Bitter and Real/PROJECTEN/programeren/Embedded projects/NMEA2000/NMEA2000/src/N2kMessages.cpp:1469:6:void SetN2kPGN129283(tN2kMsg&, unsigned char, tN2kXTEMode, bool, double)	32	static
/Users/minoseigenheer/Library/CloudStorage/OneDrive-BitterandReal/Bitter and Real/PROJECTEN/programeren/Embedded projects/NMEA2000/NMEA2000/src/N2kMessages.cpp:1479:6:bool ParseN2kPGN129283(const tN2kMsg&, unsigned char&, tN2kXTEMode&, bool&, double&)	48	static
/Users/minoseigenheer/Library/CloudStorage/OneDrive-BitterandReal/Bitter and Real/PROJECTEN/programeren/Embedded projects/NMEA2000/NMEA2000/src/N2kMessages.cpp:1495:6:void SetN2kPGN129284(tN2kMsg&, unsigned char, double, tN2kHeadingReference, bool, bool, tN2kDistanceCalculationType, double, int16_t, double, double, uint8_t, uint8_t, double, double, double)	40	static
/Users/minoseigenheer/Library/CloudStorage/OneDrive-BitterandReal/Bitter and Real/PROJECTEN/programeren/Embedded projects/NMEA2000/NMEA2000/src/N2kMessages.cpp:1516:6:bool ParseN2kPGN129284(const tN2kMsg&, unsigned char&, double&, tN2kHeadingReference&, bool&, bool&, tN2kDistanceCalculationType&, double&, int16_t&, double&, double&, uint8_t&, uint8_t&, double&, double&, double&)	48	static
/Users/minoseigenheer/Library/CloudStorage/OneDrive-BitterandReal/Bitter and Real/PROJECTEN/programeren/Embedded projects/NMEA2000/NMEA2000/src/N2kMessages.cpp:1548:6:void SetN2kPGN129285(tN2kMsg&, uint16_t, uint16_t, uint16_t, tN2kNavigationDirection, const char*, tN2kGenericStatusPair)	24	static
/Users/minoseigenheer/Library/CloudStorage/OneDrive-BitterandReal/Bitter and Real/PROJECTEN/programeren/Embedded projects/NMEA2000/NMEA2000/src/N2kMessages.cpp:1561:6:bool AppendN2kPGN129285(tN2kMsg&, uint16_t, const char*, double, double)	56	static
/Users/minoseigenheer/Library/CloudStorage/OneDrive-BitterandReal/Bitter and Real/PROJECTEN/programeren/Embedded projects/NMEA2000/NMEA2000/src/N2kMessages.cpp:1586:6:void SetN2kPGN129794(tN2kMsg&, uint8_t, tN2kAISRepeat, uint32_t, uint32_t, char*, char*, uint8_t, double, double, double, double, uint16_t, double, double, char*, tN2kAISVersion, tN2kGNSStype, tN2kAISDTE, tN2kAISTransceiverInformation)	40	static
/Users/minoseigenheer/Library/CloudStorage/OneDrive-BitterandReal/Bitter and Real/PROJECTEN/programeren/Embedded projects/NMEA2000/NMEA2000/src/N2kMessages.cpp:1613:6:bool ParseN2kPGN129794(const tN2kMsg&, uint8_t&, tN2kAISRepeat&, uint32_t&, uint32_t&, char*, char*, uint8_t&, double&, double&, double&, double&, uint16_t&, double&, double&, char*, tN2kAISVersion&, tN2kGNSStype&, tN2kAISDTE&, tN2kAISTransceiverInformation&)	48	static
/Users/minoseigenheer/Library/CloudStorage/OneDrive-BitterandReal/Bitter and Real/PROJECTEN/programeren/Embedded projects/NMEA2000/NMEA2000/src/N2kMessages.cpp:1646:6:void SetN2kPGN129809(tN2kMsg&, uint8_t, tN2kAISRepeat, uint32_t, char*)	24	static
/Users/minoseigenheer/Library/CloudStorage/OneDrive-BitterandReal/Bitter and Real/PROJECTEN/programeren/Embedded projects/NMEA2000/NMEA2000/src/N2kMessages.cpp:1655:6:bool ParseN2kPGN129809(const tN2kMsg&, uint8_t&, tN2kAISRepeat&, uint32_t&, char*)	32	static
/Users/minoseigenheer/Library/CloudStorage/OneDrive-BitterandReal/Bitter and Real/PROJECTEN/programeren/Embedded projects/NMEA2000/NMEA2000/src/N2kMessages.cpp:1671:6:void SetN2kPGN129810(tN2kMsg&, uint8_t, tN2kAISRepeat, uint32_t, uint8_t, char*, char*, double, double, double, double, uint32_t)	40	static
/Users/minoseigenheer/Library/CloudStorage/OneDrive-BitterandReal/Bitter and Real/PROJECTEN/programeren/Embedded projects/NMEA2000/NMEA2000/src/N2kMessages.cpp:1690:6:bool ParseN2kPGN129810(const tN2kMsg&, uint8_t&, tN2kAISRepeat&, uint32_t&, uint8_t&, char*, char*, double&, double&, double&, double&, uint32_t&)	48	static
/Users/minoseigenheer/Library/CloudStorage/OneDrive-BitterandReal/Bitter and Real/PROJECTEN/programeren/Embedded projects/NMEA2000/NMEA2000/src/N2kMessages.cpp:1715:6:void SetN2kPGN130074(tN2kMsg&, uint16_t, uint16_t, uint16_t)	24	static
/Users/minoseigenheer/Library/CloudStorage/OneDrive-BitterandReal/Bitter and Real/PROJECTEN/programeren/Embedded projects/NMEA2000/NMEA2000/src/N2kMessages.cpp:1726:6:bool AppendN2kPGN130074(tN2kMsg&, uint16_t, char*, double, double)	56	static
/Users/minoseigenheer/Library/CloudStorage/OneDrive-BitterandReal/Bitter and Real/PROJECTEN/programeren/Embedded projects/NMEA2000/NMEA2000/src/N2kMessages.cpp:1761:6:void SetN2kPGN130306(tN2kMsg&, unsigned char, double, double, tN2kWindReference)	40	static
/Users/minoseigenheer/Library/CloudStorage/OneDrive-BitterandReal/Bitter and Real/PROJECTEN/programeren/Embedded projects/NMEA2000/NMEA2000/src/N2kMessages.cpp:1772:6:bool ParseN2kPGN130306(const tN2kMsg&, unsigned char&, double&, double&, tN2kWindReference&)	48	static
/Users/minoseigenheer/Library/CloudStorage/OneDrive-BitterandReal/Bitter and Real/PROJECTEN/programeren/Embedded projects/NMEA2000/NMEA2000/src/N2kMessages.cpp:1785:6:void SetN2kPGN130310(tN2kMsg&, unsigned char, double, double, double)	40	static
/Users/minoseigenheer/Library/CloudStorage/OneDrive-BitterandReal/Bitter and Real/PROJECTEN/programeren/Embedded projects/NMEA2000/NMEA2000/src/N2kMessages.cpp:1796:6:bool ParseN2kPGN130310(const tN2kMsg&, unsigned char&, double&, double&, double&)	48	static
/Users/minoseigenheer/Library/CloudStorage/OneDrive-BitterandReal/Bitter and Real/PROJECTEN/programeren/Embedded projects/NMEA2000/NMEA2000/src/N2kMessages.cpp:1811:6:void SetN2kPGN130311(tN2kMsg&, unsigned char, tN2kTempSource, double, tN2kHumiditySource, double, double)	32	static
/Users/minoseigenheer/Library/CloudStorage/OneDrive-BitterandReal/Bitter and Real/PROJECTEN/programeren/Embedded projects/NMEA2000/NMEA2000/src/N2kMessages.cpp:1822:6:bool ParseN2kPGN130311(const tN2kMsg&, unsigned char&, tN2kTempSource&, double&, tN2kHumiditySource&, double&, double&)	48	static
/Users/minoseigenheer/Library/CloudStorage/OneDrive-BitterandReal/Bitter and Real/PROJECTEN/programeren/Embedded projects/NMEA2000/NMEA2000/src/N2kMessages.cpp:1839:6:void SetN2kPGN130312(tN2kMsg&, unsigned char, unsigned char, tN2kTempSource, double, double)	32	static
/Users/minoseigenheer/Library/CloudStorage/OneDrive-BitterandReal/Bitter and Real/PROJECTEN/programeren/Embedded projects/NMEA2000/NMEA2000/src/N2kMessages.cpp:1851:6:bool ParseN2kPGN130312(const tN2kMsg&, unsigned char&, unsigned char&, tN2kTempSource&, double&, double&)	48	static
/Users/minoseigenheer/Library/CloudStorage/OneDrive-BitterandReal/Bitter and Real/PROJECTEN/programeren/Embedded projects/NMEA2000/NMEA2000/src/N2kMessages.cpp:1867:6:void SetN2kPGN130313(tN2kMsg&, unsigned char, unsigned char, tN2kHumiditySource, double, double)	32	static
/Users/minoseigenheer/Library/CloudStorage/OneDrive-BitterandReal/Bitter and Real/PROJECTEN/programeren/Embedded projects/NMEA2000/NMEA2000/src/N2kMessages.cpp:1879:6:bool ParseN2kPGN130313(const tN2kMsg&, unsigned char&, unsigned char&, tN2kHumiditySource&, double&, double&)	48	static
/Users/minoseigenheer/Library/CloudStorage/OneDrive-BitterandReal/Bitter and Real/PROJECTEN/programeren/Embedded projects/NMEA2000/NMEA2000/src/N2kMessages.cpp:1894:6:void SetN2kPGN130314(tN2kMsg&, unsigned char, unsigned char, tN2kPressureSource, double)	32	static
/Users/minoseigenheer/Library/CloudStorage/OneDrive-BitterandReal/Bitter and Real/PROJECTEN/programeren/Embedded projects/NMEA2000/NMEA2000/src/N2kMessages.cpp:1905:6:bool ParseN2kPGN130314(const tN2kMsg&, unsigned char&, unsigned char&, tN2kPressureSource&, double&)	48	static
/Users/minoseigenheer/Library/CloudStorage/OneDrive-BitterandReal/Bitter and Real/PROJECTEN/programeren/Embedded projects/NMEA2000/NMEA2000/src/N2kMessages.cpp:1919:6:void SetN2kPGN130315(tN2kMsg&, unsigned char, unsigned char, tN2kPressureSource, double)	32	static
/Users/minoseigenheer/Library/CloudStorage/OneDrive-BitterandReal/Bitter and Real/PROJECTEN/programeren/Embedded projects/NMEA2000/NMEA2000/src/N2kMessages.cpp:1933:6:void SetN2kPGN130316(tN2kMsg&, unsigned char, unsigned char, tN2kTempSource, double, double)	32	static
/Users/minoseigenheer/Library/CloudStorage/OneDrive-BitterandReal/Bitter and Real/PROJECTEN/programeren/Embedded projects/NMEA2000/NMEA2000/src/N2kMessages.cpp:1944:6:bool ParseN2kPGN130316(const tN2kMsg&, unsigned char&, unsigned char&, tN2kTempSource&, double&, double&)	48	static
/Users/minoseigenheer/Library/CloudStorage/OneDrive-BitterandReal/Bitter and Real/PROJECTEN/programeren/Embedded projects/NMEA2000/NMEA2000/src/N2kMessages.cpp:1959:6:void SetN2kPGN130323(tN2kMsg&, const tN2kMeteorlogicalStationData&)	32	static
/Users/minoseigenheer/Library/CloudStorage/OneDrive-BitterandReal/Bitter and Real/PROJECTEN/programeren/Embedded projects/NMEA2000/NMEA2000/src/N2kMessages.cpp:1978:6:bool ParseN2kPGN130323(const tN2kMsg&, tN2kMeteorlogicalStationData&)	48	static
/Users/minoseigenheer/Library/CloudStorage/OneDrive-BitterandReal/Bitter and Real/PROJECTEN/programeren/Embedded projects/NMEA2000/NMEA2000/src/N2kMessages.cpp:2007:6:void SetN2kPGN130576(tN2kMsg&, int8_t, int8_t)	16	static
/Users/minoseigenheer/Library/CloudStorage/OneDrive-BitterandReal/Bitter and Real/PROJECTEN/programeren/Embedded projects/NMEA2000/NMEA2000/src/N2kMessages.cpp:2016:6:bool ParseN2kPGN130576(const tN2kMsg&, int8_t&, int8_t&)	32	static
/Users/minoseigenheer/Library/CloudStorage/OneDrive-BitterandReal/Bitter and Real/PROJECTEN/programeren/Embedded projects/NMEA2000/NMEA2000/src/N2kMessages.cpp:2028:6:void SetN2kPGN130577(tN2kMsg&, tN2kDataMode, tN2kHeadingReference, unsigned char, double, double, double, double, double, double)	32	static
/Users/minoseigenheer/Library/CloudStorage/OneDrive-BitterandReal/Bitter and Real/PROJECTEN/programeren/Embedded projects/NMEA2000/NMEA2000/src/N2kMessages.cpp:2056:6:bool ParseN2kPGN130577(const tN2kMsg&, tN2kDataMode&, tN2kHeadingReference&, unsigned char&, double&, double&, double&, double&, double&, double&)	48	static
