/Users/minoseigenheer/Library/CloudStorage/OneDrive-BitterandReal/Bitter and Real/PROJECTEN/programeren/Embedded projects/NMEA2000/NMEA2000/src/N2kTimer.cpp:25:14:uint32_t N2kMillis()	8	static
/Users/minoseigenheer/Library/CloudStorage/OneDrive-BitterandReal/Bitter and Real/PROJECTEN/programeren/Embedded projects/NMEA2000/NMEA2000/src/N2kTimer.cpp:28:12:uint64_t N2kMillis64()	40	static
/Users/minoseigenheer/Library/CloudStorage/OneDrive-BitterandReal/Bitter and Real/PROJECTEN/programeren/Embedded projects/NMEA2000/NMEA2000/src/N2kTimer.cpp:40:19:tN2kSchedulerTime tN2kScheduler::Now()	16	static
