/Users/minoseigenheer/Library/CloudStorage/OneDrive-BitterandReal/Bitter and Real/PROJECTEN/programeren/Embedded projects/NMEA2000/NMEA2000/src/N2kMsg.h:110:8:void tN2kMsg::SetIsTPMessage(bool)	16	static
/Users/minoseigenheer/Library/CloudStorage/OneDrive-BitterandReal/Bitter and Real/PROJECTEN/programeren/Embedded projects/NMEA2000/NMEA2000/src/N2kMsg.h:111:8:bool tN2kMsg::IsTPMessage() const	16	static
/Users/minoseigenheer/Library/CloudStorage/OneDrive-BitterandReal/Bitter and Real/PROJECTEN/programeren/Embedded projects/NMEA2000/NMEA2000/src/N2kMsg.h:116:8:void tN2kMsg::ForceSource(unsigned char) const	16	static
/Users/minoseigenheer/Library/CloudStorage/OneDrive-BitterandReal/Bitter and Real/PROJECTEN/programeren/Embedded projects/NMEA2000/NMEA2000/src/N2kMsg.h:117:8:void tN2kMsg::CheckDestination() const	16	static
/Users/minoseigenheer/Library/CloudStorage/OneDrive-BitterandReal/Bitter and Real/PROJECTEN/programeren/Embedded projects/NMEA2000/NMEA2000/src/N2kCANMsg.h:31:3:tN2kCANMsg::tN2kCANMsg()	24	static
/Users/minoseigenheer/Library/CloudStorage/OneDrive-BitterandReal/Bitter and Real/PROJECTEN/programeren/Embedded projects/NMEA2000/NMEA2000/src/N2kCANMsg.h:52:8:void tN2kCANMsg::FreeMessage()	16	static
/Users/minoseigenheer/Library/CloudStorage/OneDrive-BitterandReal/Bitter and Real/PROJECTEN/programeren/Embedded projects/NMEA2000/NMEA2000/src/N2kTimer.h:78:13:bool N2kIsTimeBefore(uint32_t, uint32_t)	16	static
/Users/minoseigenheer/Library/CloudStorage/OneDrive-BitterandReal/Bitter and Real/PROJECTEN/programeren/Embedded projects/NMEA2000/NMEA2000/src/N2kTimer.h:87:13:bool N2kHasElapsed(uint32_t, uint32_t, uint32_t)	24	static
/Users/minoseigenheer/Library/CloudStorage/OneDrive-BitterandReal/Bitter and Real/PROJECTEN/programeren/Embedded projects/NMEA2000/NMEA2000/src/N2kTimer.h:104:3:tN2kSyncScheduler::tN2kSyncScheduler(bool, uint32_t, uint32_t)	24	static
/Users/minoseigenheer/Library/CloudStorage/OneDrive-BitterandReal/Bitter and Real/PROJECTEN/programeren/Embedded projects/NMEA2000/NMEA2000/src/N2kTimer.h:113:15:void tN2kSyncScheduler::Disable()	16	static
/Users/minoseigenheer/Library/CloudStorage/OneDrive-BitterandReal/Bitter and Real/PROJECTEN/programeren/Embedded projects/NMEA2000/NMEA2000/src/N2kTimer.h:117:15:bool tN2kSyncScheduler::IsTime()	16	static
/Users/minoseigenheer/Library/CloudStorage/OneDrive-BitterandReal/Bitter and Real/PROJECTEN/programeren/Embedded projects/NMEA2000/NMEA2000/src/N2kTimer.h:122:8:void tN2kSyncScheduler::SetPeriodAndOffset(uint32_t, uint32_t)	24	static
/Users/minoseigenheer/Library/CloudStorage/OneDrive-BitterandReal/Bitter and Real/PROJECTEN/programeren/Embedded projects/NMEA2000/NMEA2000/src/N2kTimer.h:128:12:uint32_t tN2kSyncScheduler::GetOffset() const	16	static
/Users/minoseigenheer/Library/CloudStorage/OneDrive-BitterandReal/Bitter and Real/PROJECTEN/programeren/Embedded projects/NMEA2000/NMEA2000/src/N2kTimer.h:129:12:uint32_t tN2kSyncScheduler::GetPeriod() const	16	static
/Users/minoseigenheer/Library/CloudStorage/OneDrive-BitterandReal/Bitter and Real/PROJECTEN/programeren/Embedded projects/NMEA2000/NMEA2000/src/N2kTimer.h:132:8:void tN2kSyncScheduler::UpdateNextTime()	144	static
/Users/minoseigenheer/Library/CloudStorage/OneDrive-BitterandReal/Bitter and Real/PROJECTEN/programeren/Embedded projects/NMEA2000/NMEA2000/src/N2kTimer.h:146:15:static void tN2kSyncScheduler::SetSyncOffset()	8	static
/Users/minoseigenheer/Library/CloudStorage/OneDrive-BitterandReal/Bitter and Real/PROJECTEN/programeren/Embedded projects/NMEA2000/NMEA2000/src/N2kTimer.h:170:3:tN2kScheduler::tN2kScheduler(tN2kSchedulerTime)	16	static
/Users/minoseigenheer/Library/CloudStorage/OneDrive-BitterandReal/Bitter and Real/PROJECTEN/programeren/Embedded projects/NMEA2000/NMEA2000/src/N2kTimer.h:171:8:void tN2kScheduler::Disable()	16	static
/Users/minoseigenheer/Library/CloudStorage/OneDrive-BitterandReal/Bitter and Real/PROJECTEN/programeren/Embedded projects/NMEA2000/NMEA2000/src/N2kTimer.h:174:8:bool tN2kScheduler::IsDisabled() const	16	static
/Users/minoseigenheer/Library/CloudStorage/OneDrive-BitterandReal/Bitter and Real/PROJECTEN/programeren/Embedded projects/NMEA2000/NMEA2000/src/N2kTimer.h:175:8:bool tN2kScheduler::IsEnabled() const	16	static
/Users/minoseigenheer/Library/CloudStorage/OneDrive-BitterandReal/Bitter and Real/PROJECTEN/programeren/Embedded projects/NMEA2000/NMEA2000/src/N2kTimer.h:176:8:bool tN2kScheduler::IsTime() const	16	static
/Users/minoseigenheer/Library/CloudStorage/OneDrive-BitterandReal/Bitter and Real/PROJECTEN/programeren/Embedded projects/NMEA2000/NMEA2000/src/N2kTimer.h:183:8:void tN2kScheduler::FromNow(uint32_t)	16	static
/Users/minoseigenheer/Library/CloudStorage/OneDrive-BitterandReal/Bitter and Real/PROJECTEN/programeren/Embedded projects/NMEA2000/NMEA2000/src/NMEA2000.h:102:12:void tNMEA2000::tProductInformation::Set(const char*, short unsigned int, const char*, const char*, const char*, unsigned char, short unsigned int, unsigned char)	24	static
/Users/minoseigenheer/Library/CloudStorage/OneDrive-BitterandReal/Bitter and Real/PROJECTEN/programeren/Embedded projects/NMEA2000/NMEA2000/src/NMEA2000.h:147:5:tNMEA2000::tDeviceInformation::tDeviceInformation()	16	static
/Users/minoseigenheer/Library/CloudStorage/OneDrive-BitterandReal/Bitter and Real/PROJECTEN/programeren/Embedded projects/NMEA2000/NMEA2000/src/NMEA2000.h:148:10:void tNMEA2000::tDeviceInformation::SetUniqueNumber(uint32_t)	16	static
/Users/minoseigenheer/Library/CloudStorage/OneDrive-BitterandReal/Bitter and Real/PROJECTEN/programeren/Embedded projects/NMEA2000/NMEA2000/src/NMEA2000.h:150:10:void tNMEA2000::tDeviceInformation::SetManufacturerCode(uint16_t)	16	static
/Users/minoseigenheer/Library/CloudStorage/OneDrive-BitterandReal/Bitter and Real/PROJECTEN/programeren/Embedded projects/NMEA2000/NMEA2000/src/NMEA2000.h:152:10:void tNMEA2000::tDeviceInformation::SetDeviceInstance(unsigned char)	16	static
/Users/minoseigenheer/Library/CloudStorage/OneDrive-BitterandReal/Bitter and Real/PROJECTEN/programeren/Embedded projects/NMEA2000/NMEA2000/src/NMEA2000.h:153:19:unsigned char tNMEA2000::tDeviceInformation::GetDeviceInstance() const	16	static
/Users/minoseigenheer/Library/CloudStorage/OneDrive-BitterandReal/Bitter and Real/PROJECTEN/programeren/Embedded projects/NMEA2000/NMEA2000/src/NMEA2000.h:156:10:void tNMEA2000::tDeviceInformation::SetDeviceFunction(unsigned char)	16	static
/Users/minoseigenheer/Library/CloudStorage/OneDrive-BitterandReal/Bitter and Real/PROJECTEN/programeren/Embedded projects/NMEA2000/NMEA2000/src/NMEA2000.h:158:10:void tNMEA2000::tDeviceInformation::SetDeviceClass(unsigned char)	16	static
/Users/minoseigenheer/Library/CloudStorage/OneDrive-BitterandReal/Bitter and Real/PROJECTEN/programeren/Embedded projects/NMEA2000/NMEA2000/src/NMEA2000.h:160:10:void tNMEA2000::tDeviceInformation::SetIndustryGroup(unsigned char)	16	static
/Users/minoseigenheer/Library/CloudStorage/OneDrive-BitterandReal/Bitter and Real/PROJECTEN/programeren/Embedded projects/NMEA2000/NMEA2000/src/NMEA2000.h:162:10:void tNMEA2000::tDeviceInformation::SetSystemInstance(unsigned char)	16	static
/Users/minoseigenheer/Library/CloudStorage/OneDrive-BitterandReal/Bitter and Real/PROJECTEN/programeren/Embedded projects/NMEA2000/NMEA2000/src/NMEA2000.h:163:19:unsigned char tNMEA2000::tDeviceInformation::GetSystemInstance() const	16	static
/Users/minoseigenheer/Library/CloudStorage/OneDrive-BitterandReal/Bitter and Real/PROJECTEN/programeren/Embedded projects/NMEA2000/NMEA2000/src/NMEA2000.h:165:14:uint64_t tNMEA2000::tDeviceInformation::GetName() const	16	static
/Users/minoseigenheer/Library/CloudStorage/OneDrive-BitterandReal/Bitter and Real/PROJECTEN/programeren/Embedded projects/NMEA2000/NMEA2000/src/NMEA2000.h:230:28:long unsigned int tNMEA2000::tMsgHandler::GetPGN() const	16	static
/Users/minoseigenheer/Library/CloudStorage/OneDrive-BitterandReal/Bitter and Real/PROJECTEN/programeren/Embedded projects/NMEA2000/NMEA2000/src/NMEA2000.h:301:5:tNMEA2000::tInternalDevice::tInternalDevice()	24	static
/Users/minoseigenheer/Library/CloudStorage/OneDrive-BitterandReal/Bitter and Real/PROJECTEN/programeren/Embedded projects/NMEA2000/NMEA2000/src/NMEA2000.h:316:10:void tNMEA2000::tInternalDevice::SetPendingIsoAddressClaim(long unsigned int)	16	static
/Users/minoseigenheer/Library/CloudStorage/OneDrive-BitterandReal/Bitter and Real/PROJECTEN/programeren/Embedded projects/NMEA2000/NMEA2000/src/NMEA2000.h:317:10:bool tNMEA2000::tInternalDevice::QueryPendingIsoAddressClaim()	16	static
/Users/minoseigenheer/Library/CloudStorage/OneDrive-BitterandReal/Bitter and Real/PROJECTEN/programeren/Embedded projects/NMEA2000/NMEA2000/src/NMEA2000.h:318:10:void tNMEA2000::tInternalDevice::ClearPendingIsoAddressClaim()	16	static
/Users/minoseigenheer/Library/CloudStorage/OneDrive-BitterandReal/Bitter and Real/PROJECTEN/programeren/Embedded projects/NMEA2000/NMEA2000/src/NMEA2000.h:320:10:void tNMEA2000::tInternalDevice::SetPendingProductInformation()	16	static
/Users/minoseigenheer/Library/CloudStorage/OneDrive-BitterandReal/Bitter and Real/PROJECTEN/programeren/Embedded projects/NMEA2000/NMEA2000/src/NMEA2000.h:321:10:void tNMEA2000::tInternalDevice::ClearPendingProductInformation()	16	static
/Users/minoseigenheer/Library/CloudStorage/OneDrive-BitterandReal/Bitter and Real/PROJECTEN/programeren/Embedded projects/NMEA2000/NMEA2000/src/NMEA2000.h:322:10:bool tNMEA2000::tInternalDevice::QueryPendingProductInformation()	16	static
/Users/minoseigenheer/Library/CloudStorage/OneDrive-BitterandReal/Bitter and Real/PROJECTEN/programeren/Embedded projects/NMEA2000/NMEA2000/src/NMEA2000.h:324:10:void tNMEA2000::tInternalDevice::SetPendingConfigurationInformation()	16	static
/Users/minoseigenheer/Library/CloudStorage/OneDrive-BitterandReal/Bitter and Real/PROJECTEN/programeren/Embedded projects/NMEA2000/NMEA2000/src/NMEA2000.h:325:10:void tNMEA2000::tInternalDevice::ClearPendingConfigurationInformation()	16	static
/Users/minoseigenheer/Library/CloudStorage/OneDrive-BitterandReal/Bitter and Real/PROJECTEN/programeren/Embedded projects/NMEA2000/NMEA2000/src/NMEA2000.h:326:10:bool tNMEA2000::tInternalDevice::QueryPendingConfigurationInformation()	16	static
/Users/minoseigenheer/Library/CloudStorage/OneDrive-BitterandReal/Bitter and Real/PROJECTEN/programeren/Embedded projects/NMEA2000/NMEA2000/src/NMEA2000.h:327:10:void tNMEA2000::tInternalDevice::UpdateAddressClaimEndSource()	16	static
/Users/minoseigenheer/Library/CloudStorage/OneDrive-BitterandReal/Bitter and Real/PROJECTEN/programeren/Embedded projects/NMEA2000/NMEA2000/src/NMEA2000.h:331:10:void tNMEA2000::tInternalDevice::UpdateHasPendingInformation()	24	static
/Users/minoseigenheer/Library/CloudStorage/OneDrive-BitterandReal/Bitter and Real/PROJECTEN/programeren/Embedded projects/NMEA2000/NMEA2000/src/NMEA2000.h:431:10:bool tNMEA2000::IsInitialized()	16	static
/Users/minoseigenheer/Library/CloudStorage/OneDrive-BitterandReal/Bitter and Real/PROJECTEN/programeren/Embedded projects/NMEA2000/NMEA2000/src/NMEA2000.h:462:10:bool tNMEA2000::ForwardEnabled() const	16	static
/Users/minoseigenheer/Library/CloudStorage/OneDrive-BitterandReal/Bitter and Real/PROJECTEN/programeren/Embedded projects/NMEA2000/NMEA2000/src/NMEA2000.h:463:10:bool tNMEA2000::ForwardSystemMessages() const	16	static
/Users/minoseigenheer/Library/CloudStorage/OneDrive-BitterandReal/Bitter and Real/PROJECTEN/programeren/Embedded projects/NMEA2000/NMEA2000/src/NMEA2000.h:464:10:bool tNMEA2000::ForwardOnlyKnownMessages() const	16	static
/Users/minoseigenheer/Library/CloudStorage/OneDrive-BitterandReal/Bitter and Real/PROJECTEN/programeren/Embedded projects/NMEA2000/NMEA2000/src/NMEA2000.h:465:10:bool tNMEA2000::ForwardOwnMessages() const	16	static
/Users/minoseigenheer/Library/CloudStorage/OneDrive-BitterandReal/Bitter and Real/PROJECTEN/programeren/Embedded projects/NMEA2000/NMEA2000/src/NMEA2000.h:466:10:bool tNMEA2000::HandleOnlyKnownMessages() const	16	static
/Users/minoseigenheer/Library/CloudStorage/OneDrive-BitterandReal/Bitter and Real/PROJECTEN/programeren/Embedded projects/NMEA2000/NMEA2000/src/NMEA2000.h:475:10:bool tNMEA2000::IsActiveNode()	16	static
/Users/minoseigenheer/Library/CloudStorage/OneDrive-BitterandReal/Bitter and Real/PROJECTEN/programeren/Embedded projects/NMEA2000/NMEA2000/src/NMEA2000.h:476:10:bool tNMEA2000::IsValidDevice(int) const	16	static
/Users/minoseigenheer/Library/CloudStorage/OneDrive-BitterandReal/Bitter and Real/PROJECTEN/programeren/Embedded projects/NMEA2000/NMEA2000/src/NMEA2000.h:477:10:bool tNMEA2000::IsReadyToSend() const	16	static
/Users/minoseigenheer/Library/CloudStorage/OneDrive-BitterandReal/Bitter and Real/PROJECTEN/programeren/Embedded projects/NMEA2000/NMEA2000/src/NMEA2000.h:522:18:virtual void tNMEA2000::SetN2kCANSendFrameBufSize(uint16_t)	16	static
/Users/minoseigenheer/Library/CloudStorage/OneDrive-BitterandReal/Bitter and Real/PROJECTEN/programeren/Embedded projects/NMEA2000/NMEA2000/src/NMEA2000.h:526:18:virtual void tNMEA2000::SetN2kCANReceiveFrameBufSize(uint16_t)	16	static
/Users/minoseigenheer/Library/CloudStorage/OneDrive-BitterandReal/Bitter and Real/PROJECTEN/programeren/Embedded projects/NMEA2000/NMEA2000/src/NMEA2000.h:711:10:void tNMEA2000::EnableForward(bool)	16	static
/Users/minoseigenheer/Library/CloudStorage/OneDrive-BitterandReal/Bitter and Real/PROJECTEN/programeren/Embedded projects/NMEA2000/NMEA2000/src/NMEA2000.h:714:10:void tNMEA2000::SetForwardSystemMessages(bool)	16	static
/Users/minoseigenheer/Library/CloudStorage/OneDrive-BitterandReal/Bitter and Real/PROJECTEN/programeren/Embedded projects/NMEA2000/NMEA2000/src/NMEA2000.h:720:10:void tNMEA2000::SetForwardOwnMessages(bool)	16	static
/Users/minoseigenheer/Library/CloudStorage/OneDrive-BitterandReal/Bitter and Real/PROJECTEN/programeren/Embedded projects/NMEA2000/NMEA2000/src/NMEA2000.h:729:17:static bool tNMEA2000::IsBroadcast(unsigned char)	16	static
/Users/minoseigenheer/Library/CloudStorage/OneDrive-BitterandReal/Bitter and Real/PROJECTEN/programeren/Embedded projects/NMEA2000/NMEA2000/src/NMEA2000.h:736:13:void SetN2kPGNISOAcknowledgement(tN2kMsg&, unsigned char, unsigned char, long unsigned int)	24	static
/Users/minoseigenheer/Library/CloudStorage/OneDrive-BitterandReal/Bitter and Real/PROJECTEN/programeren/Embedded projects/NMEA2000/NMEA2000/src/NMEA2000.h:757:13:void SetN2kISOAddressClaim(tN2kMsg&, uint64_t)	24	static
/Users/minoseigenheer/Library/CloudStorage/OneDrive-BitterandReal/Bitter and Real/PROJECTEN/programeren/Embedded projects/NMEA2000/NMEA2000/src/NMEA2000.h:768:13:void SetN2kProductInformation(tN2kMsg&, unsigned int, unsigned int, const char*, const char*, const char*, const char*, unsigned char, unsigned char)	48	static
/Users/minoseigenheer/Library/CloudStorage/OneDrive-BitterandReal/Bitter and Real/PROJECTEN/programeren/Embedded projects/NMEA2000/NMEA2000/src/NMEA2000.h:790:13:void SetN2kConfigurationInformation(tN2kMsg&, const char*, const char*, const char*, bool)	32	static
/Users/minoseigenheer/Library/CloudStorage/OneDrive-BitterandReal/Bitter and Real/PROJECTEN/programeren/Embedded projects/NMEA2000/NMEA2000/src/NMEA2000.h:817:13:bool ParseN2kPGNISORequest(const tN2kMsg&, long unsigned int&)	16	static
/Users/minoseigenheer/Library/CloudStorage/OneDrive-BitterandReal/Bitter and Real/PROJECTEN/programeren/Embedded projects/NMEA2000/NMEA2000/src/NMEA2000.h:842:13:void SetHeartbeat(tN2kMsg&, uint32_t, uint8_t)	24	static
/Users/minoseigenheer/Library/CloudStorage/OneDrive-BitterandReal/Bitter and Real/PROJECTEN/programeren/Embedded projects/NMEA2000/NMEA2000/src/N2kGroupFunctionDefaultHandlers.h:50:5:tN2kGroupFunctionHandlerForPGN60928::tN2kGroupFunctionHandlerForPGN60928(tNMEA2000*)	16	static
/Users/minoseigenheer/Library/CloudStorage/OneDrive-BitterandReal/Bitter and Real/PROJECTEN/programeren/Embedded projects/NMEA2000/NMEA2000/src/N2kGroupFunctionDefaultHandlers.h:63:5:tN2kGroupFunctionHandlerForPGN126464::tN2kGroupFunctionHandlerForPGN126464(tNMEA2000*)	16	static
/Users/minoseigenheer/Library/CloudStorage/OneDrive-BitterandReal/Bitter and Real/PROJECTEN/programeren/Embedded projects/NMEA2000/NMEA2000/src/N2kGroupFunctionDefaultHandlers.h:78:5:tN2kGroupFunctionHandlerForPGN126993::tN2kGroupFunctionHandlerForPGN126993(tNMEA2000*)	16	static
/Users/minoseigenheer/Library/CloudStorage/OneDrive-BitterandReal/Bitter and Real/PROJECTEN/programeren/Embedded projects/NMEA2000/NMEA2000/src/N2kGroupFunctionDefaultHandlers.h:92:5:tN2kGroupFunctionHandlerForPGN126996::tN2kGroupFunctionHandlerForPGN126996(tNMEA2000*)	16	static
/Users/minoseigenheer/Library/CloudStorage/OneDrive-BitterandReal/Bitter and Real/PROJECTEN/programeren/Embedded projects/NMEA2000/NMEA2000/src/N2kGroupFunctionDefaultHandlers.h:106:5:tN2kGroupFunctionHandlerForPGN126998::tN2kGroupFunctionHandlerForPGN126998(tNMEA2000*)	16	static
/Users/minoseigenheer/Library/CloudStorage/OneDrive-BitterandReal/Bitter and Real/PROJECTEN/programeren/Embedded projects/NMEA2000/NMEA2000/src/NMEA2000.cpp:158:6:bool IsSingleFrameSystemMessage(long unsigned int)	16	static
/Users/minoseigenheer/Library/CloudStorage/OneDrive-BitterandReal/Bitter and Real/PROJECTEN/programeren/Embedded projects/NMEA2000/NMEA2000/src/NMEA2000.cpp:170:6:bool IsFastPacketSystemMessage(long unsigned int)	16	static
/Users/minoseigenheer/Library/CloudStorage/OneDrive-BitterandReal/Bitter and Real/PROJECTEN/programeren/Embedded projects/NMEA2000/NMEA2000/src/NMEA2000.cpp:179:6:bool IsDefaultSingleFrameMessage(long unsigned int)	16	static
/Users/minoseigenheer/Library/CloudStorage/OneDrive-BitterandReal/Bitter and Real/PROJECTEN/programeren/Embedded projects/NMEA2000/NMEA2000/src/NMEA2000.cpp:210:6:bool IsMandatoryFastPacketMessage(long unsigned int)	16	static
/Users/minoseigenheer/Library/CloudStorage/OneDrive-BitterandReal/Bitter and Real/PROJECTEN/programeren/Embedded projects/NMEA2000/NMEA2000/src/NMEA2000.cpp:220:6:bool IsDefaultFastPacketMessage(long unsigned int)	16	static
/Users/minoseigenheer/Library/CloudStorage/OneDrive-BitterandReal/Bitter and Real/PROJECTEN/programeren/Embedded projects/NMEA2000/NMEA2000/src/NMEA2000.cpp:317:6:bool IsProprietaryFastPacketMessage(long unsigned int)	16	static
/Users/minoseigenheer/Library/CloudStorage/OneDrive-BitterandReal/Bitter and Real/PROJECTEN/programeren/Embedded projects/NMEA2000/NMEA2000/src/NMEA2000.cpp:321:6:static bool tNMEA2000::IsProprietaryMessage(long unsigned int)	16	static
/Users/minoseigenheer/Library/CloudStorage/OneDrive-BitterandReal/Bitter and Real/PROJECTEN/programeren/Embedded projects/NMEA2000/NMEA2000/src/NMEA2000.cpp:341:6:void tNMEA2000::tProductInformation::Clear()	16	static
/Users/minoseigenheer/Library/CloudStorage/OneDrive-BitterandReal/Bitter and Real/PROJECTEN/programeren/Embedded projects/NMEA2000/NMEA2000/src/NMEA2000.cpp:346:6:bool tNMEA2000::tProductInformation::IsSame(const tNMEA2000::tProductInformation&)	16	static
/Users/minoseigenheer/Library/CloudStorage/OneDrive-BitterandReal/Bitter and Real/PROJECTEN/programeren/Embedded projects/NMEA2000/NMEA2000/src/NMEA2000.cpp:351:6:static void tNMEA2000::ClearCharBuf(size_t, char*)	24	static
/Users/minoseigenheer/Library/CloudStorage/OneDrive-BitterandReal/Bitter and Real/PROJECTEN/programeren/Embedded projects/NMEA2000/NMEA2000/src/NMEA2000.cpp:358:6:static void tNMEA2000::SetCharBuf(const char*, size_t, char*)	32	static
/Users/minoseigenheer/Library/CloudStorage/OneDrive-BitterandReal/Bitter and Real/PROJECTEN/programeren/Embedded projects/NMEA2000/NMEA2000/src/NMEA2000.cpp:368:6:static void tNMEA2000::ClearSetCharBuf(const char*, size_t, char*)	24	static
/Users/minoseigenheer/Library/CloudStorage/OneDrive-BitterandReal/Bitter and Real/PROJECTEN/programeren/Embedded projects/NMEA2000/NMEA2000/src/NMEA2000.cpp:374:1:tNMEA2000::tNMEA2000()	24	static
/Users/minoseigenheer/Library/CloudStorage/OneDrive-BitterandReal/Bitter and Real/PROJECTEN/programeren/Embedded projects/NMEA2000/NMEA2000/src/NMEA2000.cpp:418:6:void tNMEA2000::SetDeviceCount(uint8_t)	16	static
/Users/minoseigenheer/Library/CloudStorage/OneDrive-BitterandReal/Bitter and Real/PROJECTEN/programeren/Embedded projects/NMEA2000/NMEA2000/src/NMEA2000.cpp:424:6:void tNMEA2000::InitDevices()	56	static
/Users/minoseigenheer/Library/CloudStorage/OneDrive-BitterandReal/Bitter and Real/PROJECTEN/programeren/Embedded projects/NMEA2000/NMEA2000/src/NMEA2000.cpp:450:6:void tNMEA2000::SetProductInformation(const tNMEA2000::tProductInformation*, int)	24	static
/Users/minoseigenheer/Library/CloudStorage/OneDrive-BitterandReal/Bitter and Real/PROJECTEN/programeren/Embedded projects/NMEA2000/NMEA2000/src/NMEA2000.cpp:459:6:void tNMEA2000::SetProductInformation(const char*, short unsigned int, const char*, const char*, const char*, unsigned char, short unsigned int, unsigned char, int)	56	static
/Users/minoseigenheer/Library/CloudStorage/OneDrive-BitterandReal/Bitter and Real/PROJECTEN/programeren/Embedded projects/NMEA2000/NMEA2000/src/NMEA2000.cpp:478:6:void tNMEA2000::SetConfigurationInformation(const char*, const char*, const char*)	48	static
/Users/minoseigenheer/Library/CloudStorage/OneDrive-BitterandReal/Bitter and Real/PROJECTEN/programeren/Embedded projects/NMEA2000/NMEA2000/src/NMEA2000.cpp:516:6:void tNMEA2000::SetProgmemConfigurationInformation(const char*, const char*, const char*)	24	static
/Users/minoseigenheer/Library/CloudStorage/OneDrive-BitterandReal/Bitter and Real/PROJECTEN/programeren/Embedded projects/NMEA2000/NMEA2000/src/NMEA2000.cpp:527:8:size_t tNMEA2000::GetFastPacketTxPGNCount(int)	32	static
/Users/minoseigenheer/Library/CloudStorage/OneDrive-BitterandReal/Bitter and Real/PROJECTEN/programeren/Embedded projects/NMEA2000/NMEA2000/src/NMEA2000.cpp:545:5:int tNMEA2000::GetSequenceCounter(long unsigned int, int)	48	static
/Users/minoseigenheer/Library/CloudStorage/OneDrive-BitterandReal/Bitter and Real/PROJECTEN/programeren/Embedded projects/NMEA2000/NMEA2000/src/NMEA2000.cpp:578:6:void CopyProgmemString(const char*, size_t, char*)	32	static
/Users/minoseigenheer/Library/CloudStorage/OneDrive-BitterandReal/Bitter and Real/PROJECTEN/programeren/Embedded projects/NMEA2000/NMEA2000/src/NMEA2000.cpp:589:6:bool tNMEA2000::IsTxPGN(long unsigned int, int)	40	static
/Users/minoseigenheer/Library/CloudStorage/OneDrive-BitterandReal/Bitter and Real/PROJECTEN/programeren/Embedded projects/NMEA2000/NMEA2000/src/NMEA2000.cpp:605:40:const tNMEA2000::tProductInformation* tNMEA2000::GetProductInformation(int, bool&) const	32	static
/Users/minoseigenheer/Library/CloudStorage/OneDrive-BitterandReal/Bitter and Real/PROJECTEN/programeren/Embedded projects/NMEA2000/NMEA2000/src/NMEA2000.cpp:616:16:short unsigned int tNMEA2000::GetN2kVersion(int) const	24	static
/Users/minoseigenheer/Library/CloudStorage/OneDrive-BitterandReal/Bitter and Real/PROJECTEN/programeren/Embedded projects/NMEA2000/NMEA2000/src/NMEA2000.cpp:630:16:short unsigned int tNMEA2000::GetProductCode(int) const	24	static
/Users/minoseigenheer/Library/CloudStorage/OneDrive-BitterandReal/Bitter and Real/PROJECTEN/programeren/Embedded projects/NMEA2000/NMEA2000/src/NMEA2000.cpp:644:6:void tNMEA2000::GetModelID(char*, size_t, int) const	32	static
/Users/minoseigenheer/Library/CloudStorage/OneDrive-BitterandReal/Bitter and Real/PROJECTEN/programeren/Embedded projects/NMEA2000/NMEA2000/src/NMEA2000.cpp:660:6:void tNMEA2000::GetSwCode(char*, size_t, int) const	32	static
/Users/minoseigenheer/Library/CloudStorage/OneDrive-BitterandReal/Bitter and Real/PROJECTEN/programeren/Embedded projects/NMEA2000/NMEA2000/src/NMEA2000.cpp:676:6:void tNMEA2000::GetModelVersion(char*, size_t, int) const	32	static
/Users/minoseigenheer/Library/CloudStorage/OneDrive-BitterandReal/Bitter and Real/PROJECTEN/programeren/Embedded projects/NMEA2000/NMEA2000/src/NMEA2000.cpp:692:6:void tNMEA2000::GetModelSerialCode(char*, size_t, int) const	32	static
/Users/minoseigenheer/Library/CloudStorage/OneDrive-BitterandReal/Bitter and Real/PROJECTEN/programeren/Embedded projects/NMEA2000/NMEA2000/src/NMEA2000.cpp:708:15:unsigned char tNMEA2000::GetCertificationLevel(int) const	24	static
/Users/minoseigenheer/Library/CloudStorage/OneDrive-BitterandReal/Bitter and Real/PROJECTEN/programeren/Embedded projects/NMEA2000/NMEA2000/src/NMEA2000.cpp:722:15:unsigned char tNMEA2000::GetLoadEquivalency(int) const	24	static
/Users/minoseigenheer/Library/CloudStorage/OneDrive-BitterandReal/Bitter and Real/PROJECTEN/programeren/Embedded projects/NMEA2000/NMEA2000/src/NMEA2000.cpp:736:6:void tNMEA2000::CopyProgmemConfigurationInformationToLocal()	96	static
/Users/minoseigenheer/Library/CloudStorage/OneDrive-BitterandReal/Bitter and Real/PROJECTEN/programeren/Embedded projects/NMEA2000/NMEA2000/src/NMEA2000.cpp:751:6:void tNMEA2000::SetInstallationDescription1(const char*)	24	static
/Users/minoseigenheer/Library/CloudStorage/OneDrive-BitterandReal/Bitter and Real/PROJECTEN/programeren/Embedded projects/NMEA2000/NMEA2000/src/NMEA2000.cpp:761:6:void tNMEA2000::SetInstallationDescription2(const char*)	24	static
/Users/minoseigenheer/Library/CloudStorage/OneDrive-BitterandReal/Bitter and Real/PROJECTEN/programeren/Embedded projects/NMEA2000/NMEA2000/src/NMEA2000.cpp:770:6:void tNMEA2000::GetInstallationDescription1(char*, size_t)	24	static
/Users/minoseigenheer/Library/CloudStorage/OneDrive-BitterandReal/Bitter and Real/PROJECTEN/programeren/Embedded projects/NMEA2000/NMEA2000/src/NMEA2000.cpp:779:6:void tNMEA2000::GetInstallationDescription2(char*, size_t)	24	static
/Users/minoseigenheer/Library/CloudStorage/OneDrive-BitterandReal/Bitter and Real/PROJECTEN/programeren/Embedded projects/NMEA2000/NMEA2000/src/NMEA2000.cpp:788:6:void tNMEA2000::GetManufacturerInformation(char*, size_t)	24	static
/Users/minoseigenheer/Library/CloudStorage/OneDrive-BitterandReal/Bitter and Real/PROJECTEN/programeren/Embedded projects/NMEA2000/NMEA2000/src/NMEA2000.cpp:797:6:bool tNMEA2000::ReadResetInstallationDescriptionChanged()	24	static
/Users/minoseigenheer/Library/CloudStorage/OneDrive-BitterandReal/Bitter and Real/PROJECTEN/programeren/Embedded projects/NMEA2000/NMEA2000/src/NMEA2000.cpp:807:6:void tNMEA2000::SetDeviceInformation(long unsigned int, unsigned char, unsigned char, uint16_t, unsigned char, int)	24	static
/Users/minoseigenheer/Library/CloudStorage/OneDrive-BitterandReal/Bitter and Real/PROJECTEN/programeren/Embedded projects/NMEA2000/NMEA2000/src/NMEA2000.cpp:824:6:void tNMEA2000::SetDeviceInformationInstances(uint8_t, uint8_t, uint8_t, int)	24	static
/Users/minoseigenheer/Library/CloudStorage/OneDrive-BitterandReal/Bitter and Real/PROJECTEN/programeren/Embedded projects/NMEA2000/NMEA2000/src/NMEA2000.cpp:857:6:void tNMEA2000::SetSingleFrameMessages(const long unsigned int*)	16	static
/Users/minoseigenheer/Library/CloudStorage/OneDrive-BitterandReal/Bitter and Real/PROJECTEN/programeren/Embedded projects/NMEA2000/NMEA2000/src/NMEA2000.cpp:862:6:void tNMEA2000::SetFastPacketMessages(const long unsigned int*)	16	static
/Users/minoseigenheer/Library/CloudStorage/OneDrive-BitterandReal/Bitter and Real/PROJECTEN/programeren/Embedded projects/NMEA2000/NMEA2000/src/NMEA2000.cpp:867:6:void tNMEA2000::ExtendSingleFrameMessages(const long unsigned int*)	16	static
/Users/minoseigenheer/Library/CloudStorage/OneDrive-BitterandReal/Bitter and Real/PROJECTEN/programeren/Embedded projects/NMEA2000/NMEA2000/src/NMEA2000.cpp:872:6:void tNMEA2000::ExtendFastPacketMessages(const long unsigned int*)	16	static
/Users/minoseigenheer/Library/CloudStorage/OneDrive-BitterandReal/Bitter and Real/PROJECTEN/programeren/Embedded projects/NMEA2000/NMEA2000/src/NMEA2000.cpp:877:6:void tNMEA2000::ExtendTransmitMessages(const long unsigned int*, int)	24	static
/Users/minoseigenheer/Library/CloudStorage/OneDrive-BitterandReal/Bitter and Real/PROJECTEN/programeren/Embedded projects/NMEA2000/NMEA2000/src/NMEA2000.cpp:884:6:void tNMEA2000::ExtendReceiveMessages(const long unsigned int*, int)	24	static
/Users/minoseigenheer/Library/CloudStorage/OneDrive-BitterandReal/Bitter and Real/PROJECTEN/programeren/Embedded projects/NMEA2000/NMEA2000/src/NMEA2000.cpp:891:6:void tNMEA2000::SetMode(tNMEA2000::tN2kMode, uint8_t)	24	static
/Users/minoseigenheer/Library/CloudStorage/OneDrive-BitterandReal/Bitter and Real/PROJECTEN/programeren/Embedded projects/NMEA2000/NMEA2000/src/NMEA2000.cpp:902:6:virtual void tNMEA2000::InitCANFrameBuffers()	16	static
/Users/minoseigenheer/Library/CloudStorage/OneDrive-BitterandReal/Bitter and Real/PROJECTEN/programeren/Embedded projects/NMEA2000/NMEA2000/src/NMEA2000.cpp:914:6:bool tNMEA2000::Open()	56	static
/Users/minoseigenheer/Library/CloudStorage/OneDrive-BitterandReal/Bitter and Real/PROJECTEN/programeren/Embedded projects/NMEA2000/NMEA2000/src/NMEA2000.cpp:975:6:void tNMEA2000::Restart()	16	static
/Users/minoseigenheer/Library/CloudStorage/OneDrive-BitterandReal/Bitter and Real/PROJECTEN/programeren/Embedded projects/NMEA2000/NMEA2000/src/NMEA2000.cpp:980:6:void CanIdToN2k(long unsigned int, unsigned char&, long unsigned int&, unsigned char&, unsigned char&)	32	static
/Users/minoseigenheer/Library/CloudStorage/OneDrive-BitterandReal/Bitter and Real/PROJECTEN/programeren/Embedded projects/NMEA2000/NMEA2000/src/NMEA2000.cpp:1000:15:long unsigned int N2ktoCanID(unsigned char, long unsigned int, long unsigned int, unsigned char)	32	static
/Users/minoseigenheer/Library/CloudStorage/OneDrive-BitterandReal/Bitter and Real/PROJECTEN/programeren/Embedded projects/NMEA2000/NMEA2000/src/NMEA2000.cpp:1012:6:bool tNMEA2000::SendFrames()	40	static
/Users/minoseigenheer/Library/CloudStorage/OneDrive-BitterandReal/Bitter and Real/PROJECTEN/programeren/Embedded projects/NMEA2000/NMEA2000/src/NMEA2000.cpp:1029:6:bool tNMEA2000::SendFrame(long unsigned int, unsigned char, const unsigned char*, bool)	48	static
/Users/minoseigenheer/Library/CloudStorage/OneDrive-BitterandReal/Bitter and Real/PROJECTEN/programeren/Embedded projects/NMEA2000/NMEA2000/src/NMEA2000.cpp:1050:6:void tNMEA2000::SetHeartbeatIntervalAndOffset(uint32_t, uint32_t, int)	32	static
/Users/minoseigenheer/Library/CloudStorage/OneDrive-BitterandReal/Bitter and Real/PROJECTEN/programeren/Embedded projects/NMEA2000/NMEA2000/src/NMEA2000.cpp:1077:6:void tNMEA2000::SetHeartbeatInterval(long unsigned int, bool, int)	24	static
/Users/minoseigenheer/Library/CloudStorage/OneDrive-BitterandReal/Bitter and Real/PROJECTEN/programeren/Embedded projects/NMEA2000/NMEA2000/src/NMEA2000.cpp:1082:6:void tNMEA2000::SendHeartbeat(int)	280	static
/Users/minoseigenheer/Library/CloudStorage/OneDrive-BitterandReal/Bitter and Real/PROJECTEN/programeren/Embedded projects/NMEA2000/NMEA2000/src/NMEA2000.cpp:1090:6:void tNMEA2000::SendHeartbeat(bool)	280	static
/Users/minoseigenheer/Library/CloudStorage/OneDrive-BitterandReal/Bitter and Real/PROJECTEN/programeren/Embedded projects/NMEA2000/NMEA2000/src/NMEA2000.cpp:1111:27:tNMEA2000::tCANSendFrame* tNMEA2000::GetNextFreeCANSendFrame()	24	static
/Users/minoseigenheer/Library/CloudStorage/OneDrive-BitterandReal/Bitter and Real/PROJECTEN/programeren/Embedded projects/NMEA2000/NMEA2000/src/NMEA2000.cpp:1125:6:void tNMEA2000::SendPendingInformation()	24	static
/Users/minoseigenheer/Library/CloudStorage/OneDrive-BitterandReal/Bitter and Real/PROJECTEN/programeren/Embedded projects/NMEA2000/NMEA2000/src/NMEA2000.cpp:1144:6:bool tNMEA2000::SendMsg(const tN2kMsg&, int)	72	static
/Users/minoseigenheer/Library/CloudStorage/OneDrive-BitterandReal/Bitter and Real/PROJECTEN/programeren/Embedded projects/NMEA2000/NMEA2000/src/NMEA2000.cpp:1241:6:void tNMEA2000::SetDebugMode(tNMEA2000::tDebugMode)	16	static
/Users/minoseigenheer/Library/CloudStorage/OneDrive-BitterandReal/Bitter and Real/PROJECTEN/programeren/Embedded projects/NMEA2000/NMEA2000/src/NMEA2000.cpp:1246:6:bool tNMEA2000::IsFastPacketPGN(long unsigned int)	24	static
/Users/minoseigenheer/Library/CloudStorage/OneDrive-BitterandReal/Bitter and Real/PROJECTEN/programeren/Embedded projects/NMEA2000/NMEA2000/src/NMEA2000.cpp:1266:6:bool tNMEA2000::IsFastPacket(const tN2kMsg&)	16	static
/Users/minoseigenheer/Library/CloudStorage/OneDrive-BitterandReal/Bitter and Real/PROJECTEN/programeren/Embedded projects/NMEA2000/NMEA2000/src/NMEA2000.cpp:1273:6:bool tNMEA2000::CheckKnownMessage(long unsigned int, bool&, bool&)	32	static
/Users/minoseigenheer/Library/CloudStorage/OneDrive-BitterandReal/Bitter and Real/PROJECTEN/programeren/Embedded projects/NMEA2000/NMEA2000/src/NMEA2000.cpp:1313:6:void CopyBufToCANMsg(tN2kCANMsg&, unsigned char, unsigned char, unsigned char*)	32	static
/Users/minoseigenheer/Library/CloudStorage/OneDrive-BitterandReal/Bitter and Real/PROJECTEN/programeren/Embedded projects/NMEA2000/NMEA2000/src/NMEA2000.cpp:1321:6:void tNMEA2000::FindFreeCANMsgIndex(long unsigned int, unsigned char, unsigned char, bool, uint8_t&)	40	static
/Users/minoseigenheer/Library/CloudStorage/OneDrive-BitterandReal/Bitter and Real/PROJECTEN/programeren/Embedded projects/NMEA2000/NMEA2000/src/NMEA2000.cpp:1355:6:bool tNMEA2000::SendTPCM_BAM(int)	280	static
/Users/minoseigenheer/Library/CloudStorage/OneDrive-BitterandReal/Bitter and Real/PROJECTEN/programeren/Embedded projects/NMEA2000/NMEA2000/src/NMEA2000.cpp:1374:6:bool tNMEA2000::SendTPCM_RTS(int)	280	static
/Users/minoseigenheer/Library/CloudStorage/OneDrive-BitterandReal/Bitter and Real/PROJECTEN/programeren/Embedded projects/NMEA2000/NMEA2000/src/NMEA2000.cpp:1391:15:unsigned char TPCtsPackets(unsigned char)	16	static
/Users/minoseigenheer/Library/CloudStorage/OneDrive-BitterandReal/Bitter and Real/PROJECTEN/programeren/Embedded projects/NMEA2000/NMEA2000/src/NMEA2000.cpp:1394:6:void tNMEA2000::SendTPCM_CTS(long unsigned int, unsigned char, int, unsigned char, unsigned char)	296	static
/Users/minoseigenheer/Library/CloudStorage/OneDrive-BitterandReal/Bitter and Real/PROJECTEN/programeren/Embedded projects/NMEA2000/NMEA2000/src/NMEA2000.cpp:1412:6:void tNMEA2000::SendTPCM_EndAck(long unsigned int, unsigned char, int, uint16_t, unsigned char)	296	static
/Users/minoseigenheer/Library/CloudStorage/OneDrive-BitterandReal/Bitter and Real/PROJECTEN/programeren/Embedded projects/NMEA2000/NMEA2000/src/NMEA2000.cpp:1429:6:void tNMEA2000::SendTPCM_Abort(long unsigned int, unsigned char, int, unsigned char)	296	static
/Users/minoseigenheer/Library/CloudStorage/OneDrive-BitterandReal/Bitter and Real/PROJECTEN/programeren/Embedded projects/NMEA2000/NMEA2000/src/NMEA2000.cpp:1449:6:bool tNMEA2000::SendTPDT(int)	288	static
/Users/minoseigenheer/Library/CloudStorage/OneDrive-BitterandReal/Bitter and Real/PROJECTEN/programeren/Embedded projects/NMEA2000/NMEA2000/src/NMEA2000.cpp:1468:6:bool tNMEA2000::HasAllTPDTSent(int)	16	static
/Users/minoseigenheer/Library/CloudStorage/OneDrive-BitterandReal/Bitter and Real/PROJECTEN/programeren/Embedded projects/NMEA2000/NMEA2000/src/NMEA2000.cpp:1473:6:bool tNMEA2000::TestHandleTPMessage(long unsigned int, unsigned char, unsigned char, unsigned char, unsigned char*, uint8_t&)	72	static
/Users/minoseigenheer/Library/CloudStorage/OneDrive-BitterandReal/Bitter and Real/PROJECTEN/programeren/Embedded projects/NMEA2000/NMEA2000/src/N2kMsg.h:93:7:constexpr tN2kMsg& tN2kMsg::operator=(const tN2kMsg&)	16	static
/Users/minoseigenheer/Library/CloudStorage/OneDrive-BitterandReal/Bitter and Real/PROJECTEN/programeren/Embedded projects/NMEA2000/NMEA2000/src/NMEA2000.cpp:1613:6:bool tNMEA2000::StartSendTPMessage(const tN2kMsg&, int)	32	static
/Users/minoseigenheer/Library/CloudStorage/OneDrive-BitterandReal/Bitter and Real/PROJECTEN/programeren/Embedded projects/NMEA2000/NMEA2000/src/NMEA2000.cpp:1636:6:void tNMEA2000::EndSendTPMessage(int)	16	static
/Users/minoseigenheer/Library/CloudStorage/OneDrive-BitterandReal/Bitter and Real/PROJECTEN/programeren/Embedded projects/NMEA2000/NMEA2000/src/NMEA2000.cpp:1643:6:void tNMEA2000::SendPendingTPMessage(int)	16	static
/Users/minoseigenheer/Library/CloudStorage/OneDrive-BitterandReal/Bitter and Real/PROJECTEN/programeren/Embedded projects/NMEA2000/NMEA2000/src/NMEA2000.cpp:1658:13:bool IsFastPacketFirstFrame(unsigned char)	16	static
/Users/minoseigenheer/Library/CloudStorage/OneDrive-BitterandReal/Bitter and Real/PROJECTEN/programeren/Embedded projects/NMEA2000/NMEA2000/src/NMEA2000.cpp:1664:9:uint8_t tNMEA2000::SetN2kCANBufMsg(long unsigned int, unsigned char, unsigned char*)	64	static
/Users/minoseigenheer/Library/CloudStorage/OneDrive-BitterandReal/Bitter and Real/PROJECTEN/programeren/Embedded projects/NMEA2000/NMEA2000/src/NMEA2000.cpp:1749:6:int tNMEA2000::FindSourceDeviceIndex(unsigned char)	24	static
/Users/minoseigenheer/Library/CloudStorage/OneDrive-BitterandReal/Bitter and Real/PROJECTEN/programeren/Embedded projects/NMEA2000/NMEA2000/src/NMEA2000.cpp:1760:6:bool tNMEA2000::IsMySource(unsigned char)	16	static
/Users/minoseigenheer/Library/CloudStorage/OneDrive-BitterandReal/Bitter and Real/PROJECTEN/programeren/Embedded projects/NMEA2000/NMEA2000/src/NMEA2000.cpp:1765:6:void tNMEA2000::ForwardMessage(const tN2kMsg&)	16	static
/Users/minoseigenheer/Library/CloudStorage/OneDrive-BitterandReal/Bitter and Real/PROJECTEN/programeren/Embedded projects/NMEA2000/NMEA2000/src/NMEA2000.cpp:1779:6:void tNMEA2000::ForwardMessage(const tN2kCANMsg&)	16	static
/Users/minoseigenheer/Library/CloudStorage/OneDrive-BitterandReal/Bitter and Real/PROJECTEN/programeren/Embedded projects/NMEA2000/NMEA2000/src/NMEA2000.cpp:1784:6:void tNMEA2000::SendIsoAddressClaim(unsigned char, int, long unsigned int)	296	static
/Users/minoseigenheer/Library/CloudStorage/OneDrive-BitterandReal/Bitter and Real/PROJECTEN/programeren/Embedded projects/NMEA2000/NMEA2000/src/NMEA2000.cpp:1815:6:void tNMEA2000::SendTxPGNList(unsigned char, int, bool)	312	static
/Users/minoseigenheer/Library/CloudStorage/OneDrive-BitterandReal/Bitter and Real/PROJECTEN/programeren/Embedded projects/NMEA2000/NMEA2000/src/NMEA2000.cpp:1848:6:void tNMEA2000::SendRxPGNList(unsigned char, int, bool)	312	static
/Users/minoseigenheer/Library/CloudStorage/OneDrive-BitterandReal/Bitter and Real/PROJECTEN/programeren/Embedded projects/NMEA2000/NMEA2000/src/NMEA2000.cpp:1880:6:void SetN2kPGN126996Progmem(tN2kMsg&, const tNMEA2000::tProductInformation*, char*)	32	static
/Users/minoseigenheer/Library/CloudStorage/OneDrive-BitterandReal/Bitter and Real/PROJECTEN/programeren/Embedded projects/NMEA2000/NMEA2000/src/NMEA2000.cpp:1905:6:bool tNMEA2000::SendProductInformation(int)	16	static
/Users/minoseigenheer/Library/CloudStorage/OneDrive-BitterandReal/Bitter and Real/PROJECTEN/programeren/Embedded projects/NMEA2000/NMEA2000/src/NMEA2000.cpp:1909:6:bool tNMEA2000::SendProductInformation(unsigned char, int, bool)	320	static
/Users/minoseigenheer/Library/CloudStorage/OneDrive-BitterandReal/Bitter and Real/PROJECTEN/programeren/Embedded projects/NMEA2000/NMEA2000/src/NMEA2000.cpp:1947:6:bool tNMEA2000::SendConfigurationInformation(int)	16	static
/Users/minoseigenheer/Library/CloudStorage/OneDrive-BitterandReal/Bitter and Real/PROJECTEN/programeren/Embedded projects/NMEA2000/NMEA2000/src/NMEA2000.cpp:1951:6:bool tNMEA2000::SendConfigurationInformation(unsigned char, int, bool)	296	static
/Users/minoseigenheer/Library/CloudStorage/OneDrive-BitterandReal/Bitter and Real/PROJECTEN/programeren/Embedded projects/NMEA2000/NMEA2000/src/NMEA2000.cpp:1984:6:void tNMEA2000::RespondISORequest(const tN2kMsg&, long unsigned int, int)	296	static
/Users/minoseigenheer/Library/CloudStorage/OneDrive-BitterandReal/Bitter and Real/PROJECTEN/programeren/Embedded projects/NMEA2000/NMEA2000/src/NMEA2000.cpp:2020:6:void tNMEA2000::HandleISORequest(const tN2kMsg&)	24	static
/Users/minoseigenheer/Library/CloudStorage/OneDrive-BitterandReal/Bitter and Real/PROJECTEN/programeren/Embedded projects/NMEA2000/NMEA2000/src/NMEA2000.cpp:2040:6:void tNMEA2000::RespondGroupFunction(const tN2kMsg&, tN2kGroupFunctionCode, long unsigned int, int)	48	static
/Users/minoseigenheer/Library/CloudStorage/OneDrive-BitterandReal/Bitter and Real/PROJECTEN/programeren/Embedded projects/NMEA2000/NMEA2000/src/NMEA2000.cpp:2062:6:void tNMEA2000::HandleGroupFunction(const tN2kMsg&)	40	static
/Users/minoseigenheer/Library/CloudStorage/OneDrive-BitterandReal/Bitter and Real/PROJECTEN/programeren/Embedded projects/NMEA2000/NMEA2000/src/NMEA2000.cpp:2080:6:void tNMEA2000::StartAddressClaim(int)	16	static
/Users/minoseigenheer/Library/CloudStorage/OneDrive-BitterandReal/Bitter and Real/PROJECTEN/programeren/Embedded projects/NMEA2000/NMEA2000/src/NMEA2000.cpp:2093:6:void tNMEA2000::StartAddressClaim()	24	static
/Users/minoseigenheer/Library/CloudStorage/OneDrive-BitterandReal/Bitter and Real/PROJECTEN/programeren/Embedded projects/NMEA2000/NMEA2000/src/NMEA2000.cpp:2101:6:bool tNMEA2000::IsAddressClaimStarted(int)	24	static
/Users/minoseigenheer/Library/CloudStorage/OneDrive-BitterandReal/Bitter and Real/PROJECTEN/programeren/Embedded projects/NMEA2000/NMEA2000/src/NMEA2000.cpp:2117:6:void tNMEA2000::HandleISOAddressClaim(const tN2kMsg&)	48	static
/Users/minoseigenheer/Library/CloudStorage/OneDrive-BitterandReal/Bitter and Real/PROJECTEN/programeren/Embedded projects/NMEA2000/NMEA2000/src/NMEA2000.cpp:2142:6:void tNMEA2000::HandleCommandedAddress(uint64_t, unsigned char, int)	24	static
/Users/minoseigenheer/Library/CloudStorage/OneDrive-BitterandReal/Bitter and Real/PROJECTEN/programeren/Embedded projects/NMEA2000/NMEA2000/src/NMEA2000.cpp:2154:6:void tNMEA2000::HandleCommandedAddress(const tN2kMsg&)	48	static
/Users/minoseigenheer/Library/CloudStorage/OneDrive-BitterandReal/Bitter and Real/PROJECTEN/programeren/Embedded projects/NMEA2000/NMEA2000/src/NMEA2000.cpp:2175:6:void tNMEA2000::SetN2kSource(unsigned char, int)	24	static
/Users/minoseigenheer/Library/CloudStorage/OneDrive-BitterandReal/Bitter and Real/PROJECTEN/programeren/Embedded projects/NMEA2000/NMEA2000/src/NMEA2000.cpp:2183:6:bool tNMEA2000::ReadResetAddressChanged()	24	static
/Users/minoseigenheer/Library/CloudStorage/OneDrive-BitterandReal/Bitter and Real/PROJECTEN/programeren/Embedded projects/NMEA2000/NMEA2000/src/NMEA2000.cpp:2191:6:bool tNMEA2000::ReadResetDeviceInformationChanged()	24	static
/Users/minoseigenheer/Library/CloudStorage/OneDrive-BitterandReal/Bitter and Real/PROJECTEN/programeren/Embedded projects/NMEA2000/NMEA2000/src/NMEA2000.cpp:2199:6:void tNMEA2000::GetNextAddress(int, bool)	32	static
/Users/minoseigenheer/Library/CloudStorage/OneDrive-BitterandReal/Bitter and Real/PROJECTEN/programeren/Embedded projects/NMEA2000/NMEA2000/src/NMEA2000.cpp:2230:6:bool tNMEA2000::HandleReceivedSystemMessage(int)	24	static
/Users/minoseigenheer/Library/CloudStorage/OneDrive-BitterandReal/Bitter and Real/PROJECTEN/programeren/Embedded projects/NMEA2000/NMEA2000/src/NMEA2000.cpp:2264:6:void tNMEA2000::ParseMessages()	48	static
/Users/minoseigenheer/Library/CloudStorage/OneDrive-BitterandReal/Bitter and Real/PROJECTEN/programeren/Embedded projects/NMEA2000/NMEA2000/src/NMEA2000.cpp:2307:6:void tNMEA2000::RunMessageHandlers(const tN2kMsg&)	24	static
/Users/minoseigenheer/Library/CloudStorage/OneDrive-BitterandReal/Bitter and Real/PROJECTEN/programeren/Embedded projects/NMEA2000/NMEA2000/src/NMEA2000.cpp:2320:6:void tNMEA2000::SetOnOpen(void (*)())	16	static
/Users/minoseigenheer/Library/CloudStorage/OneDrive-BitterandReal/Bitter and Real/PROJECTEN/programeren/Embedded projects/NMEA2000/NMEA2000/src/NMEA2000.cpp:2325:6:void tNMEA2000::SetMsgHandler(void (*)(const tN2kMsg&))	16	static
/Users/minoseigenheer/Library/CloudStorage/OneDrive-BitterandReal/Bitter and Real/PROJECTEN/programeren/Embedded projects/NMEA2000/NMEA2000/src/NMEA2000.cpp:2330:6:void tNMEA2000::AttachMsgHandler(tNMEA2000::tMsgHandler*)	32	static
/Users/minoseigenheer/Library/CloudStorage/OneDrive-BitterandReal/Bitter and Real/PROJECTEN/programeren/Embedded projects/NMEA2000/NMEA2000/src/NMEA2000.cpp:2355:6:void tNMEA2000::DetachMsgHandler(tNMEA2000::tMsgHandler*)	24	static
/Users/minoseigenheer/Library/CloudStorage/OneDrive-BitterandReal/Bitter and Real/PROJECTEN/programeren/Embedded projects/NMEA2000/NMEA2000/src/NMEA2000.cpp:2371:6:void tNMEA2000::SetISORqstHandler(bool (*)(long unsigned int, unsigned char, int))	16	static
/Users/minoseigenheer/Library/CloudStorage/OneDrive-BitterandReal/Bitter and Real/PROJECTEN/programeren/Embedded projects/NMEA2000/NMEA2000/src/NMEA2000.cpp:2377:6:void tNMEA2000::RemoveGroupFunctionHandler(tN2kGroupFunctionHandler*)	24	static
/Users/minoseigenheer/Library/CloudStorage/OneDrive-BitterandReal/Bitter and Real/PROJECTEN/programeren/Embedded projects/NMEA2000/NMEA2000/src/NMEA2000.cpp:2395:6:void tNMEA2000::AddGroupFunctionHandler(tN2kGroupFunctionHandler*)	24	static
/Users/minoseigenheer/Library/CloudStorage/OneDrive-BitterandReal/Bitter and Real/PROJECTEN/programeren/Embedded projects/NMEA2000/NMEA2000/src/NMEA2000.cpp:2419:6:void SetN2kPGN59392(tN2kMsg&, unsigned char, unsigned char, long unsigned int)	24	static
/Users/minoseigenheer/Library/CloudStorage/OneDrive-BitterandReal/Bitter and Real/PROJECTEN/programeren/Embedded projects/NMEA2000/NMEA2000/src/NMEA2000.cpp:2433:6:void SetN2kPGN60928(tN2kMsg&, long unsigned int, int, unsigned char, unsigned char, unsigned char, unsigned char, unsigned char)	24	static
/Users/minoseigenheer/Library/CloudStorage/OneDrive-BitterandReal/Bitter and Real/PROJECTEN/programeren/Embedded projects/NMEA2000/NMEA2000/src/NMEA2000.cpp:2449:6:void SetN2kPGN60928(tN2kMsg&, uint64_t)	24	static
/Users/minoseigenheer/Library/CloudStorage/OneDrive-BitterandReal/Bitter and Real/PROJECTEN/programeren/Embedded projects/NMEA2000/NMEA2000/src/NMEA2000.cpp:2458:6:void SetN2kPGN126996(tN2kMsg&, unsigned int, unsigned int, const char*, const char*, const char*, const char*, unsigned char, unsigned char)	24	static
/Users/minoseigenheer/Library/CloudStorage/OneDrive-BitterandReal/Bitter and Real/PROJECTEN/programeren/Embedded projects/NMEA2000/NMEA2000/src/NMEA2000.cpp:2475:6:bool ParseN2kPGN126996(const tN2kMsg&, short unsigned int&, short unsigned int&, int, char*, int, char*, int, char*, int, char*, unsigned char&, unsigned char&)	40	static
/Users/minoseigenheer/Library/CloudStorage/OneDrive-BitterandReal/Bitter and Real/PROJECTEN/programeren/Embedded projects/NMEA2000/NMEA2000/src/NMEA2000.cpp:2495:8:size_t ProgmemStrLen(const char*)	24	static
/Users/minoseigenheer/Library/CloudStorage/OneDrive-BitterandReal/Bitter and Real/PROJECTEN/programeren/Embedded projects/NMEA2000/NMEA2000/src/NMEA2000.cpp:2503:8:size_t StrLen(const char*)	16	static
/Users/minoseigenheer/Library/CloudStorage/OneDrive-BitterandReal/Bitter and Real/PROJECTEN/programeren/Embedded projects/NMEA2000/NMEA2000/src/NMEA2000.cpp:2510:6:void SetN2kPGN126998(tN2kMsg&, const char*, const char*, const char*, bool)	48	static
/Users/minoseigenheer/Library/CloudStorage/OneDrive-BitterandReal/Bitter and Real/PROJECTEN/programeren/Embedded projects/NMEA2000/NMEA2000/src/NMEA2000.cpp:2560:6:bool ParseN2kPGN126998(const tN2kMsg&, size_t&, char*, size_t&, char*, size_t&, char*)	32	static
/Users/minoseigenheer/Library/CloudStorage/OneDrive-BitterandReal/Bitter and Real/PROJECTEN/programeren/Embedded projects/NMEA2000/NMEA2000/src/NMEA2000.cpp:2574:6:void SetN2kPGN59904(tN2kMsg&, uint8_t, long unsigned int)	24	static
/Users/minoseigenheer/Library/CloudStorage/OneDrive-BitterandReal/Bitter and Real/PROJECTEN/programeren/Embedded projects/NMEA2000/NMEA2000/src/NMEA2000.cpp:2581:6:bool ParseN2kPGN59904(const tN2kMsg&, long unsigned int&)	24	static
/Users/minoseigenheer/Library/CloudStorage/OneDrive-BitterandReal/Bitter and Real/PROJECTEN/programeren/Embedded projects/NMEA2000/NMEA2000/src/NMEA2000.cpp:2594:6:void SetN2kPGN126464(tN2kMsg&, uint8_t, tN2kPGNList, const long unsigned int*)	32	static
/Users/minoseigenheer/Library/CloudStorage/OneDrive-BitterandReal/Bitter and Real/PROJECTEN/programeren/Embedded projects/NMEA2000/NMEA2000/src/NMEA2000.cpp:2610:6:void SetN2kPGN126993(tN2kMsg&, uint32_t, uint8_t)	24	static
/Users/minoseigenheer/Library/CloudStorage/OneDrive-BitterandReal/Bitter and Real/PROJECTEN/programeren/Embedded projects/NMEA2000/NMEA2000/src/NMEA2000.h:89:34:static T tNMEA2000::N2kMin(T, T) [with T = unsigned char]	16	static
/Users/minoseigenheer/Library/CloudStorage/OneDrive-BitterandReal/Bitter and Real/PROJECTEN/programeren/Embedded projects/NMEA2000/NMEA2000/src/NMEA2000.h:88:34:static T tNMEA2000::N2kMax(T, T) [with T = unsigned char]	16	static
