../Libs/CAN_STM32/CAN_STM32.cpp:48:1:tCAN_STM32::tCAN_STM32(CAN_HandleTypeDef*, tCAN_STM32::CANbaudRatePrescaler)	24	static
../Libs/CAN_STM32/CAN_STM32.cpp:59:6:bool tCAN_STM32::CANOpen()	32	static
../Libs/CAN_STM32/CAN_STM32.cpp:90:6:bool tCAN_STM32::CANSendFrame(uint32_t, uint8_t, const uint8_t*, bool)	40	static
../Libs/CAN_STM32/CAN_STM32.cpp:131:6:bool tCAN_STM32::CANSendFrameStruct(tCAN_STM32::CAN_message_t*)	24	static
../Libs/CAN_STM32/CAN_STM32.cpp:136:6:bool tCAN_STM32::CANGetFrame(uint32_t&, uint8_t&, uint8_t*, bool&)	32	static
../Libs/CAN_STM32/CAN_STM32.cpp:159:6:bool tCAN_STM32::CANGetFrameStruct(tCAN_STM32::CAN_message_t*)	24	static
../Libs/CAN_STM32/CAN_STM32.cpp:178:6:void tCAN_STM32::InitCANFrameBuffers()	24	static
../Libs/CAN_STM32/CAN_STM32.cpp:202:6:bool tCAN_STM32::CANwriteTxMailbox(uint32_t, uint8_t, const uint8_t*, bool)	24	static
../Libs/CAN_STM32/CAN_STM32.cpp:231:6:bool tCAN_STM32::sendFromTxRing(uint8_t)	32	static
../Libs/CAN_STM32/CAN_STM32.cpp:244:6:void tCAN_STM32::CANreadRxMailbox(CAN_HandleTypeDef*)	24	static
../Libs/CAN_STM32/CAN_STM32.cpp:270:19:HAL_StatusTypeDef tCAN_STM32::CAN_Init()	32	static
../Libs/CAN_STM32/CAN_STM32.cpp:362:19:HAL_StatusTypeDef tCAN_STM32::SetCANFilter(CAN_HandleTypeDef*, bool, uint32_t, uint32_t, uint32_t)	80	static
../Libs/CAN_STM32/CAN_STM32.cpp:429:6:void HAL_CAN_RxFifo0MsgPendingCallback(CAN_HandleTypeDef*)	16	static
../Libs/CAN_STM32/CAN_STM32.cpp:437:6:void HAL_CAN_TxMailbox0CompleteCallback(CAN_HandleTypeDef*)	16	static
../Libs/CAN_STM32/RingBuffer.tpp:143:6:bool tPriorityRingBuffer<T>::isEmpty(uint8_t) const [with T = tCAN_STM32::CAN_message_t]	16	static
../Libs/CAN_STM32/RingBuffer.tpp:189:4:T* tPriorityRingBuffer<T>::getAddRef(uint8_t) [with T = tCAN_STM32::CAN_message_t]	24	static
../Libs/CAN_STM32/RingBuffer.tpp:255:10:const T* tPriorityRingBuffer<T>::getReadRef(uint8_t*) [with T = tCAN_STM32::CAN_message_t]	24	static
../Libs/CAN_STM32/RingBuffer.h:125:12:uint16_t tPriorityRingBuffer<T>::getSize() const [with T = tCAN_STM32::CAN_message_t]	16	static
../Libs/CAN_STM32/RingBuffer.tpp:136:1:tPriorityRingBuffer<T>::~tPriorityRingBuffer() [with T = tCAN_STM32::CAN_message_t]	16	static
../Libs/CAN_STM32/RingBuffer.tpp:136:1:tPriorityRingBuffer<T>::~tPriorityRingBuffer() [with T = tCAN_STM32::CAN_message_t]	16	static
../Libs/CAN_STM32/CAN_STM32.hpp:69:14:constexpr tCAN_STM32::CAN_message_t::<unnamed struct>::<constructor>()	16	static
../Libs/CAN_STM32/CAN_STM32.hpp:67:12:constexpr tCAN_STM32::CAN_message_t::CAN_message_t()	16	static
../Libs/CAN_STM32/RingBuffer.h:102:10:tPriorityRingBuffer<tCAN_STM32::CAN_message_t>::tValueSlot::tValueSlot()	16	static
../Libs/CAN_STM32/RingBuffer.tpp:125:1:tPriorityRingBuffer<T>::tPriorityRingBuffer(uint16_t, uint8_t) [with T = tCAN_STM32::CAN_message_t]	32	static
../Libs/CAN_STM32/RingBuffer.tpp:226:10:const T* tPriorityRingBuffer<T>::getReadRef(uint8_t) [with T = tCAN_STM32::CAN_message_t]	24	static
../Libs/CAN_STM32/RingBuffer.tpp:160:6:void tPriorityRingBuffer<T>::clean() [with T = tCAN_STM32::CAN_message_t]	16	static
../Libs/CAN_STM32/RingBuffer.h:111:5:tPriorityRingBuffer<T>::tPriorityRef::tPriorityRef() [with T = tCAN_STM32::CAN_message_t]	16	static
