../Libs/NMEA2000_minimal/NMEA2000.hpp:207:28:virtual const char* tNMEA2000::tDevice::GetManufacturerInformation() const	0	static
../Libs/NMEA2000_minimal/NMEA2000.hpp:208:28:virtual const char* tNMEA2000::tDevice::GetInstallationDescription1() const	0	static
../Libs/NMEA2000_minimal/NMEA2000.hpp:209:28:virtual const char* tNMEA2000::tDevice::GetInstallationDescription2() const	0	static
../Libs/NMEA2000_minimal/NMEA2000.hpp:211:37:virtual const long unsigned int* tNMEA2000::tDevice::GetTransmitPGNs() const	0	static
../Libs/NMEA2000_minimal/NMEA2000.hpp:212:37:virtual const long unsigned int* tNMEA2000::tDevice::GetReceivePGNs() const	0	static
../Libs/NMEA2000_minimal/N2kDeviceList.hpp:93:24:virtual short unsigned int tN2kDeviceList::tInternalDevice::GetN2kVersion() const	0	static
../Libs/NMEA2000_minimal/N2kDeviceList.hpp:94:24:virtual short unsigned int tN2kDeviceList::tInternalDevice::GetProductCode() const	0	static
../Libs/NMEA2000_minimal/N2kDeviceList.hpp:95:22:virtual const char* tN2kDeviceList::tInternalDevice::GetModelID() const	0	static
../Libs/NMEA2000_minimal/N2kDeviceList.hpp:96:22:virtual const char* tN2kDeviceList::tInternalDevice::GetSwCode() const	0	static
../Libs/NMEA2000_minimal/N2kDeviceList.hpp:97:22:virtual const char* tN2kDeviceList::tInternalDevice::GetModelVersion() const	0	static
../Libs/NMEA2000_minimal/N2kDeviceList.hpp:98:22:virtual const char* tN2kDeviceList::tInternalDevice::GetModelSerialCode() const	0	static
../Libs/NMEA2000_minimal/N2kDeviceList.hpp:99:24:virtual short unsigned int tN2kDeviceList::tInternalDevice::GetCertificationLevel() const	0	static
../Libs/NMEA2000_minimal/N2kDeviceList.hpp:100:24:virtual short unsigned int tN2kDeviceList::tInternalDevice::GetLoadEquivalency() const	0	static
../Libs/NMEA2000_minimal/N2kDeviceList.hpp:104:22:virtual const char* tN2kDeviceList::tInternalDevice::GetManufacturerInformation() const	0	static
../Libs/NMEA2000_minimal/N2kDeviceList.hpp:105:22:virtual const char* tN2kDeviceList::tInternalDevice::GetInstallationDescription1() const	0	static
../Libs/NMEA2000_minimal/N2kDeviceList.hpp:106:22:virtual const char* tN2kDeviceList::tInternalDevice::GetInstallationDescription2() const	0	static
../Libs/NMEA2000_minimal/N2kDeviceList.hpp:113:31:virtual const long unsigned int* tN2kDeviceList::tInternalDevice::GetTransmitPGNs() const	0	static
../Libs/NMEA2000_minimal/N2kDeviceList.hpp:114:31:virtual const long unsigned int* tN2kDeviceList::tInternalDevice::GetReceivePGNs() const	0	static
../Libs/NMEA2000_minimal/N2kDeviceList.cpp:423:1:tN2kDeviceList::tInternalDevice::~tInternalDevice()	8	static
../Libs/NMEA2000_minimal/N2kDeviceList.cpp:423:1:virtual tN2kDeviceList::tInternalDevice::~tInternalDevice()	8	static
../Libs/NMEA2000_minimal/N2kDeviceList.hpp:124:14:0()	8	static
../Libs/NMEA2000_minimal/N2kDeviceList.hpp:36:7:tN2kDeviceList::~tN2kDeviceList()	8	static
../Libs/NMEA2000_minimal/N2kDeviceList.hpp:36:7:virtual tN2kDeviceList::~tN2kDeviceList()	8	static
../Libs/NMEA2000_minimal/N2kDeviceList.cpp:40:1:tN2kDeviceList::tN2kDeviceList(tNMEA2000*)	8	static
../Libs/NMEA2000_minimal/N2kDeviceList.cpp:48:35:tN2kDeviceList::tInternalDevice* tN2kDeviceList::LocalFindDeviceBySource(uint8_t) const	0	static
../Libs/NMEA2000_minimal/N2kDeviceList.cpp:55:35:tN2kDeviceList::tInternalDevice* tN2kDeviceList::LocalFindDeviceByName(uint64_t) const	20	static
../Libs/NMEA2000_minimal/N2kDeviceList.cpp:66:35:tN2kDeviceList::tInternalDevice* tN2kDeviceList::LocalFindDeviceByIDs(uint16_t, uint32_t) const	20	static
../Libs/NMEA2000_minimal/N2kDeviceList.cpp:81:35:tN2kDeviceList::tInternalDevice* tN2kDeviceList::LocalFindDeviceByProduct(uint16_t, uint16_t, uint8_t) const	32	static
../Libs/NMEA2000_minimal/N2kDeviceList.cpp:98:6:bool tN2kDeviceList::RequestProductInformation(uint8_t)	280	static
../Libs/NMEA2000_minimal/N2kDeviceList.cpp:106:6:bool tN2kDeviceList::RequestConfigurationInformation(uint8_t)	280	static
../Libs/NMEA2000_minimal/N2kDeviceList.cpp:114:6:bool tN2kDeviceList::RequestSupportedPGNList(uint8_t)	280	static
../Libs/NMEA2000_minimal/N2kDeviceList.cpp:122:6:bool tN2kDeviceList::RequestIsoAddressClaim(uint8_t)	280	static
../Libs/NMEA2000_minimal/N2kDeviceList.cpp:165:6:void tN2kDeviceList::HandleOther(const tN2kMsg&)	40	static
../Libs/NMEA2000_minimal/N2kDeviceList.cpp:243:6:void tN2kDeviceList::SaveDevice(tN2kDeviceList::tInternalDevice*, uint8_t)	0	static
../Libs/NMEA2000_minimal/N2kDeviceList.cpp:314:6:void tN2kDeviceList::HandleProductInformation(const tN2kMsg&)	232	static
../Libs/NMEA2000_minimal/N2kDeviceList.cpp:401:9:uint8_t tN2kDeviceList::Count() const	8	static
../Libs/NMEA2000_minimal/N2kDeviceList.cpp:412:1:tN2kDeviceList::tInternalDevice::tInternalDevice(uint64_t, uint8_t)	8	static
../Libs/NMEA2000_minimal/N2kDeviceList.cpp:235:6:void tN2kDeviceList::AddDevice(uint8_t)	24	static
../Libs/NMEA2000_minimal/N2kDeviceList.cpp:252:6:void tN2kDeviceList::HandleIsoAddressClaim(const tN2kMsg&)	48	static
../Libs/NMEA2000_minimal/N2kDeviceList.cpp:430:8:char* tN2kDeviceList::tInternalDevice::InitConfigurationInformation(size_t&, size_t&, size_t&)	24	static
../Libs/NMEA2000_minimal/N2kDeviceList.cpp:342:6:void tN2kDeviceList::HandleConfigurationInformation(const tN2kMsg&)	56	static
../Libs/NMEA2000_minimal/N2kDeviceList.cpp:459:17:long unsigned int* tN2kDeviceList::tInternalDevice::InitTransmitPGNs(uint8_t)	16	static
../Libs/NMEA2000_minimal/N2kDeviceList.cpp:467:17:long unsigned int* tN2kDeviceList::tInternalDevice::InitReceivePGNs(uint8_t)	16	static
../Libs/NMEA2000_minimal/N2kDeviceList.cpp:373:6:void tN2kDeviceList::HandleSupportedPGNList(const tN2kMsg&)	40	static
../Libs/NMEA2000_minimal/N2kDeviceList.cpp:130:6:virtual void tN2kDeviceList::HandleMsg(const tN2kMsg&)	16	static
