Archive member included to satisfy reference by file (symbol)

/Applications/STM32CubeIDE.app/Contents/Eclipse/plugins/com.st.stm32cube.ide.mcu.externaltools.gnu-tools-for-stm32.10.3-2021.10.macos64_1.0.0.202111181127/tools/bin/../lib/gcc/arm-none-eabi/10.3.1/../../../../arm-none-eabi/lib/thumb/v7-m/nofp/libstdc++_nano.a(del_ops.o)
                              ./Libs/NMEA2000/src/N2kDeviceList.o (operator delete(void*, unsigned int))
/Applications/STM32CubeIDE.app/Contents/Eclipse/plugins/com.st.stm32cube.ide.mcu.externaltools.gnu-tools-for-stm32.10.3-2021.10.macos64_1.0.0.202111181127/tools/bin/../lib/gcc/arm-none-eabi/10.3.1/../../../../arm-none-eabi/lib/thumb/v7-m/nofp/libstdc++_nano.a(del_opv.o)
                              ./Libs/NMEA2000_STM32/NMEA2000_STM32.o (operator delete[](void*))
/Applications/STM32CubeIDE.app/Contents/Eclipse/plugins/com.st.stm32cube.ide.mcu.externaltools.gnu-tools-for-stm32.10.3-2021.10.macos64_1.0.0.202111181127/tools/bin/../lib/gcc/arm-none-eabi/10.3.1/../../../../arm-none-eabi/lib/thumb/v7-m/nofp/libstdc++_nano.a(new_op.o)
                              ./Core/Src/project.o (operator new(unsigned int))
/Applications/STM32CubeIDE.app/Contents/Eclipse/plugins/com.st.stm32cube.ide.mcu.externaltools.gnu-tools-for-stm32.10.3-2021.10.macos64_1.0.0.202111181127/tools/bin/../lib/gcc/arm-none-eabi/10.3.1/../../../../arm-none-eabi/lib/thumb/v7-m/nofp/libstdc++_nano.a(new_opv.o)
                              ./Libs/NMEA2000/src/NMEA2000.o (operator new[](unsigned int))
/Applications/STM32CubeIDE.app/Contents/Eclipse/plugins/com.st.stm32cube.ide.mcu.externaltools.gnu-tools-for-stm32.10.3-2021.10.macos64_1.0.0.202111181127/tools/bin/../lib/gcc/arm-none-eabi/10.3.1/../../../../arm-none-eabi/lib/thumb/v7-m/nofp/libstdc++_nano.a(pure.o)
                              ./Libs/NMEA2000/src/N2kDeviceList.o (__cxa_pure_virtual)
/Applications/STM32CubeIDE.app/Contents/Eclipse/plugins/com.st.stm32cube.ide.mcu.externaltools.gnu-tools-for-stm32.10.3-2021.10.macos64_1.0.0.202111181127/tools/bin/../lib/gcc/arm-none-eabi/10.3.1/../../../../arm-none-eabi/lib/thumb/v7-m/nofp/libstdc++_nano.a(del_op.o)
                              /Applications/STM32CubeIDE.app/Contents/Eclipse/plugins/com.st.stm32cube.ide.mcu.externaltools.gnu-tools-for-stm32.10.3-2021.10.macos64_1.0.0.202111181127/tools/bin/../lib/gcc/arm-none-eabi/10.3.1/../../../../arm-none-eabi/lib/thumb/v7-m/nofp/libstdc++_nano.a(del_ops.o) (operator delete(void*))
/Applications/STM32CubeIDE.app/Contents/Eclipse/plugins/com.st.stm32cube.ide.mcu.externaltools.gnu-tools-for-stm32.10.3-2021.10.macos64_1.0.0.202111181127/tools/bin/../lib/gcc/arm-none-eabi/10.3.1/../../../../arm-none-eabi/lib/thumb/v7-m/nofp/libstdc++_nano.a(eh_terminate.o)
                              /Applications/STM32CubeIDE.app/Contents/Eclipse/plugins/com.st.stm32cube.ide.mcu.externaltools.gnu-tools-for-stm32.10.3-2021.10.macos64_1.0.0.202111181127/tools/bin/../lib/gcc/arm-none-eabi/10.3.1/../../../../arm-none-eabi/lib/thumb/v7-m/nofp/libstdc++_nano.a(pure.o) (std::terminate())
/Applications/STM32CubeIDE.app/Contents/Eclipse/plugins/com.st.stm32cube.ide.mcu.externaltools.gnu-tools-for-stm32.10.3-2021.10.macos64_1.0.0.202111181127/tools/bin/../lib/gcc/arm-none-eabi/10.3.1/../../../../arm-none-eabi/lib/thumb/v7-m/nofp/libstdc++_nano.a(eh_unex_handler.o)
                              /Applications/STM32CubeIDE.app/Contents/Eclipse/plugins/com.st.stm32cube.ide.mcu.externaltools.gnu-tools-for-stm32.10.3-2021.10.macos64_1.0.0.202111181127/tools/bin/../lib/gcc/arm-none-eabi/10.3.1/../../../../arm-none-eabi/lib/thumb/v7-m/nofp/libstdc++_nano.a(eh_terminate.o) (__cxxabiv1::__unexpected_handler)
/Applications/STM32CubeIDE.app/Contents/Eclipse/plugins/com.st.stm32cube.ide.mcu.externaltools.gnu-tools-for-stm32.10.3-2021.10.macos64_1.0.0.202111181127/tools/bin/../lib/gcc/arm-none-eabi/10.3.1/../../../../arm-none-eabi/lib/thumb/v7-m/nofp/libstdc++_nano.a(new_handler.o)
                              /Applications/STM32CubeIDE.app/Contents/Eclipse/plugins/com.st.stm32cube.ide.mcu.externaltools.gnu-tools-for-stm32.10.3-2021.10.macos64_1.0.0.202111181127/tools/bin/../lib/gcc/arm-none-eabi/10.3.1/../../../../arm-none-eabi/lib/thumb/v7-m/nofp/libstdc++_nano.a(new_op.o) (std::get_new_handler())
/Applications/STM32CubeIDE.app/Contents/Eclipse/plugins/com.st.stm32cube.ide.mcu.externaltools.gnu-tools-for-stm32.10.3-2021.10.macos64_1.0.0.202111181127/tools/bin/../lib/gcc/arm-none-eabi/10.3.1/../../../../arm-none-eabi/lib/thumb/v7-m/nofp/libstdc++_nano.a(eh_term_handler.o)
                              /Applications/STM32CubeIDE.app/Contents/Eclipse/plugins/com.st.stm32cube.ide.mcu.externaltools.gnu-tools-for-stm32.10.3-2021.10.macos64_1.0.0.202111181127/tools/bin/../lib/gcc/arm-none-eabi/10.3.1/../../../../arm-none-eabi/lib/thumb/v7-m/nofp/libstdc++_nano.a(eh_terminate.o) (__cxxabiv1::__terminate_handler)
[...]
Memory Configuration

Name             Origin             Length             Attributes
RAM              0x0000000020000000 0x0000000000010000 xrw
FLASH            0x0000000008000000 0x0000000000020000 xr
*default*        0x0000000000000000 0xffffffffffffffff

Linker script and memory map

LOAD /Applications/STM32CubeIDE.app/Contents/Eclipse/plugins/com.st.stm32cube.ide.mcu.externaltools.gnu-tools-for-stm32.10.3-2021.10.macos64_1.0.0.202111181127/tools/bin/../lib/gcc/arm-none-eabi/10.3.1/thumb/v7-m/nofp/crti.o
LOAD /Applications/STM32CubeIDE.app/Contents/Eclipse/plugins/com.st.stm32cube.ide.mcu.externaltools.gnu-tools-for-stm32.10.3-2021.10.macos64_1.0.0.202111181127/tools/bin/../lib/gcc/arm-none-eabi/10.3.1/thumb/v7-m/nofp/crtbegin.o
LOAD /Applications/STM32CubeIDE.app/Contents/Eclipse/plugins/com.st.stm32cube.ide.mcu.externaltools.gnu-tools-for-stm32.10.3-2021.10.macos64_1.0.0.202111181127/tools/bin/../lib/gcc/arm-none-eabi/10.3.1/../../../../arm-none-eabi/lib/thumb/v7-m/nofp/crt0.o
LOAD ./Core/Src/cpp_link.o
LOAD ./Core/Src/main.o
LOAD ./Core/Src/project.o
LOAD ./Core/Src/stm32f1xx_hal_msp.o
LOAD ./Core/Src/stm32f1xx_it.o
LOAD ./Core/Src/syscalls.o
LOAD ./Core/Src/sysmem.o
LOAD ./Core/Src/system_stm32f1xx.o
LOAD ./Core/Startup/startup_stm32f105rbtx.o
LOAD ./Drivers/STM32F1xx_HAL_Driver/Src/stm32f1xx_hal.o
LOAD ./Drivers/STM32F1xx_HAL_Driver/Src/stm32f1xx_hal_adc.o
LOAD ./Drivers/STM32F1xx_HAL_Driver/Src/stm32f1xx_hal_adc_ex.o
LOAD ./Drivers/STM32F1xx_HAL_Driver/Src/stm32f1xx_hal_can.o
LOAD ./Drivers/STM32F1xx_HAL_Driver/Src/stm32f1xx_hal_cortex.o
LOAD ./Drivers/STM32F1xx_HAL_Driver/Src/stm32f1xx_hal_dma.o
LOAD ./Drivers/STM32F1xx_HAL_Driver/Src/stm32f1xx_hal_exti.o
LOAD ./Drivers/STM32F1xx_HAL_Driver/Src/stm32f1xx_hal_flash.o
LOAD ./Drivers/STM32F1xx_HAL_Driver/Src/stm32f1xx_hal_flash_ex.o
LOAD ./Drivers/STM32F1xx_HAL_Driver/Src/stm32f1xx_hal_gpio.o
LOAD ./Drivers/STM32F1xx_HAL_Driver/Src/stm32f1xx_hal_gpio_ex.o
LOAD ./Drivers/STM32F1xx_HAL_Driver/Src/stm32f1xx_hal_pcd.o
LOAD ./Drivers/STM32F1xx_HAL_Driver/Src/stm32f1xx_hal_pcd_ex.o
LOAD ./Drivers/STM32F1xx_HAL_Driver/Src/stm32f1xx_hal_pwr.o
LOAD ./Drivers/STM32F1xx_HAL_Driver/Src/stm32f1xx_hal_rcc.o
LOAD ./Drivers/STM32F1xx_HAL_Driver/Src/stm32f1xx_hal_rcc_ex.o
LOAD ./Drivers/STM32F1xx_HAL_Driver/Src/stm32f1xx_hal_tim.o
LOAD ./Drivers/STM32F1xx_HAL_Driver/Src/stm32f1xx_hal_tim_ex.o
LOAD ./Drivers/STM32F1xx_HAL_Driver/Src/stm32f1xx_ll_usb.o
LOAD ./Libs/NMEA2000/src/ActisenseReader.o
LOAD ./Libs/NMEA2000/src/N2kDeviceList.o
LOAD ./Libs/NMEA2000/src/N2kGroupFunction.o
LOAD ./Libs/NMEA2000/src/N2kGroupFunctionDefaultHandlers.o
LOAD ./Libs/NMEA2000/src/N2kMaretron.o
LOAD ./Libs/NMEA2000/src/N2kMessages.o
LOAD ./Libs/NMEA2000/src/N2kMsg.o
LOAD ./Libs/NMEA2000/src/N2kStream.o
LOAD ./Libs/NMEA2000/src/N2kTimer.o
LOAD ./Libs/NMEA2000/src/NMEA2000.o
LOAD ./Libs/NMEA2000/src/Seasmart.o
LOAD ./Libs/NMEA2000_STM32/NMEA2000_STM32.o
LOAD ./Middlewares/ST/STM32_USB_Device_Library/Class/DFU/Src/usbd_dfu.o
LOAD ./Middlewares/ST/STM32_USB_Device_Library/Core/Src/usbd_core.o
LOAD ./Middlewares/ST/STM32_USB_Device_Library/Core/Src/usbd_ctlreq.o
LOAD ./Middlewares/ST/STM32_USB_Device_Library/Core/Src/usbd_ioreq.o
LOAD ./USB_DEVICE/App/usb_device.o
LOAD ./USB_DEVICE/App/usbd_desc.o
LOAD ./USB_DEVICE/App/usbd_dfu_if.o
LOAD ./USB_DEVICE/Target/usbd_conf.o
START GROUP
LOAD /Applications/STM32CubeIDE.app/Contents/Eclipse/plugins/com.st.stm32cube.ide.mcu.externaltools.gnu-tools-for-stm32.10.3-2021.10.macos64_1.0.0.202111181127/tools/bin/../lib/gcc/arm-none-eabi/10.3.1/../../../../arm-none-eabi/lib/thumb/v7-m/nofp/libstdc++_nano.a
LOAD /Applications/STM32CubeIDE.app/Contents/Eclipse/plugins/com.st.stm32cube.ide.mcu.externaltools.gnu-tools-for-stm32.10.3-2021.10.macos64_1.0.0.202111181127/tools/bin/../lib/gcc/arm-none-eabi/10.3.1/../../../../arm-none-eabi/lib/thumb/v7-m/nofp/libsupc++_nano.a
END GROUP
LOAD /Applications/STM32CubeIDE.app/Contents/Eclipse/plugins/com.st.stm32cube.ide.mcu.externaltools.gnu-tools-for-stm32.10.3-2021.10.macos64_1.0.0.202111181127/tools/bin/../lib/gcc/arm-none-eabi/10.3.1/../../../../arm-none-eabi/lib/thumb/v7-m/nofp/libstdc++_nano.a
LOAD /Applications/STM32CubeIDE.app/Contents/Eclipse/plugins/com.st.stm32cube.ide.mcu.externaltools.gnu-tools-for-stm32.10.3-2021.10.macos64_1.0.0.202111181127/tools/bin/../lib/gcc/arm-none-eabi/10.3.1/../../../../arm-none-eabi/lib/thumb/v7-m/nofp/libm.a
LOAD /Applications/STM32CubeIDE.app/Contents/Eclipse/plugins/com.st.stm32cube.ide.mcu.externaltools.gnu-tools-for-stm32.10.3-2021.10.macos64_1.0.0.202111181127/tools/bin/../lib/gcc/arm-none-eabi/10.3.1/../../../../arm-none-eabi/lib/thumb/v7-m/nofp/libc_nano.a
START GROUP
LOAD /Applications/STM32CubeIDE.app/Contents/Eclipse/plugins/com.st.stm32cube.ide.mcu.externaltools.gnu-tools-for-stm32.10.3-2021.10.macos64_1.0.0.202111181127/tools/bin/../lib/gcc/arm-none-eabi/10.3.1/thumb/v7-m/nofp/libgcc.a
LOAD /Applications/STM32CubeIDE.app/Contents/Eclipse/plugins/com.st.stm32cube.ide.mcu.externaltools.gnu-tools-for-stm32.10.3-2021.10.macos64_1.0.0.202111181127/tools/bin/../lib/gcc/arm-none-eabi/10.3.1/../../../../arm-none-eabi/lib/thumb/v7-m/nofp/libc_nano.a
END GROUP
START GROUP
LOAD /Applications/STM32CubeIDE.app/Contents/Eclipse/plugins/com.st.stm32cube.ide.mcu.externaltools.gnu-tools-for-stm32.10.3-2021.10.macos64_1.0.0.202111181127/tools/bin/../lib/gcc/arm-none-eabi/10.3.1/thumb/v7-m/nofp/libgcc.a
LOAD /Applications/STM32CubeIDE.app/Contents/Eclipse/plugins/com.st.stm32cube.ide.mcu.externaltools.gnu-tools-for-stm32.10.3-2021.10.macos64_1.0.0.202111181127/tools/bin/../lib/gcc/arm-none-eabi/10.3.1/../../../../arm-none-eabi/lib/thumb/v7-m/nofp/libc_nano.a
LOAD /Applications/STM32CubeIDE.app/Contents/Eclipse/plugins/com.st.stm32cube.ide.mcu.externaltools.gnu-tools-for-stm32.10.3-2021.10.macos64_1.0.0.202111181127/tools/bin/../lib/gcc/arm-none-eabi/10.3.1/../../../../arm-none-eabi/lib/thumb/v7-m/nofp/libnosys.a
END GROUP
START GROUP
LOAD /Applications/STM32CubeIDE.app/Contents/Eclipse/plugins/com.st.stm32cube.ide.mcu.externaltools.gnu-tools-for-stm32.10.3-2021.10.macos64_1.0.0.202111181127/tools/bin/../lib/gcc/arm-none-eabi/10.3.1/thumb/v7-m/nofp/libgcc.a
LOAD /Applications/STM32CubeIDE.app/Contents/Eclipse/plugins/com.st.stm32cube.ide.mcu.externaltools.gnu-tools-for-stm32.10.3-2021.10.macos64_1.0.0.202111181127/tools/bin/../lib/gcc/arm-none-eabi/10.3.1/../../../../arm-none-eabi/lib/thumb/v7-m/nofp/libc_nano.a
LOAD /Applications/STM32CubeIDE.app/Contents/Eclipse/plugins/com.st.stm32cube.ide.mcu.externaltools.gnu-tools-for-stm32.10.3-2021.10.macos64_1.0.0.202111181127/tools/bin/../lib/gcc/arm-none-eabi/10.3.1/../../../../arm-none-eabi/lib/thumb/v7-m/nofp/libnosys.a
END GROUP
LOAD /Applications/STM32CubeIDE.app/Contents/Eclipse/plugins/com.st.stm32cube.ide.mcu.externaltools.gnu-tools-for-stm32.10.3-2021.10.macos64_1.0.0.202111181127/tools/bin/../lib/gcc/arm-none-eabi/10.3.1/thumb/v7-m/nofp/crtend.o
LOAD /Applications/STM32CubeIDE.app/Contents/Eclipse/plugins/com.st.stm32cube.ide.mcu.externaltools.gnu-tools-for-stm32.10.3-2021.10.macos64_1.0.0.202111181127/tools/bin/../lib/gcc/arm-none-eabi/10.3.1/thumb/v7-m/nofp/crtn.o
                0x0000000020010000                _estack = (ORIGIN (RAM) + LENGTH (RAM))
                0x0000000000000200                _Min_Heap_Size = 0x200
                0x0000000000000400                _Min_Stack_Size = 0x400

.isr_vector     0x0000000008000000      0x1e4
                0x0000000008000000                . = ALIGN (0x4)
 *(.isr_vector)
 .isr_vector    0x0000000008000000      0x1e4 ./Core/Startup/startup_stm32f105rbtx.o
                0x0000000008000000                g_pfnVectors
                0x00000000080001e4                . = ALIGN (0x4)

.text           0x00000000080001e8    0x14fd4
                0x00000000080001e8                . = ALIGN (0x4)
 *(.text)
 .text          0x00000000080001e8       0x40 /Applications/STM32CubeIDE.app/Contents/Eclipse/plugins/com.st.stm32cube.ide.mcu.externaltools.gnu-tools-for-stm32.10.3-2021.10.macos64_1.0.0.202111181127/tools/bin/../lib/gcc/arm-none-eabi/10.3.1/thumb/v7-m/nofp/crtbegin.o
 .text          0x0000000008000228       0x14 /Applications/STM32CubeIDE.app/Contents/Eclipse/plugins/com.st.stm32cube.ide.mcu.externaltools.gnu-tools-for-stm32.10.3-2021.10.macos64_1.0.0.202111181127/tools/bin/../lib/gcc/arm-none-eabi/10.3.1/../../../../arm-none-eabi/lib/thumb/v7-m/nofp/libc_nano.a(lib_a-strcmp.o)
                0x0000000008000228                strcmp
 .text          0x000000000800023c       0x10 /Applications/STM32CubeIDE.app/Contents/Eclipse/plugins/com.st.stm32cube.ide.mcu.externaltools.gnu-tools-for-stm32.10.3-2021.10.macos64_1.0.0.202111181127/tools/bin/../lib/gcc/arm-none-eabi/10.3.1/../../../../arm-none-eabi/lib/thumb/v7-m/nofp/libc_nano.a(lib_a-strlen.o)
                0x000000000800023c                strlen
 .text          0x000000000800024c      0x378 /Applications/STM32CubeIDE.app/Contents/Eclipse/plugins/com.st.stm32cube.ide.mcu.externaltools.gnu-tools-for-stm32.10.3-2021.10.macos64_1.0.0.202111181127/tools/bin/../lib/gcc/arm-none-eabi/10.3.1/thumb/v7-m/nofp/libgcc.a(_arm_addsubdf3.o)
                0x000000000800024c                __aeabi_drsub
                0x0000000008000254                __subdf3
                0x0000000008000254                __aeabi_dsub
                0x0000000008000258                __aeabi_dadd
                0x0000000008000258                __adddf3
                0x00000000080004d0                __aeabi_ui2d
                0x00000000080004d0                __floatunsidf
                0x00000000080004f0                __floatsidf
                0x00000000080004f0                __aeabi_i2d
                0x0000000008000514                __extendsfdf2
                0x0000000008000514                __aeabi_f2d
                0x0000000008000558                __aeabi_ul2d
                0x0000000008000558                __floatundidf
                0x0000000008000568                __aeabi_l2d
                0x0000000008000568                __floatdidf
 .text          0x00000000080005c4      0x424 /Applications/STM32CubeIDE.app/Contents/Eclipse/plugins/com.st.stm32cube.ide.mcu.externaltools.gnu-tools-for-stm32.10.3-2021.10.macos64_1.0.0.202111181127/tools/bin/../lib/gcc/arm-none-eabi/10.3.1/thumb/v7-m/nofp/libgcc.a(_arm_muldivdf3.o)
                0x00000000080005c4                __aeabi_dmul
                0x00000000080005c4                __muldf3
                0x0000000008000818                __aeabi_ddiv
                0x0000000008000818                __divdf3
 .text          0x00000000080009e8      0x110 /Applications/STM32CubeIDE.app/Contents/Eclipse/plugins/com.st.stm32cube.ide.mcu.externaltools.gnu-tools-for-stm32.10.3-2021.10.macos64_1.0.0.202111181127/tools/bin/../lib/gcc/arm-none-eabi/10.3.1/thumb/v7-m/nofp/libgcc.a(_arm_cmpdf2.o)
                0x00000000080009e8                __gedf2
                0x00000000080009e8                __gtdf2
                0x00000000080009f0                __ledf2
                0x00000000080009f0                __ltdf2
                0x00000000080009f8                __cmpdf2
                0x00000000080009f8                __eqdf2
                0x00000000080009f8                __nedf2
                0x0000000008000a74                __aeabi_cdrcmple
                0x0000000008000a84                __aeabi_cdcmple
                0x0000000008000a84                __aeabi_cdcmpeq
                0x0000000008000a94                __aeabi_dcmpeq
                0x0000000008000aa8                __aeabi_dcmplt
                0x0000000008000abc                __aeabi_dcmple
                0x0000000008000ad0                __aeabi_dcmpge
                0x0000000008000ae4                __aeabi_dcmpgt
 .text          0x0000000008000af8       0x50 /Applications/STM32CubeIDE.app/Contents/Eclipse/plugins/com.st.stm32cube.ide.mcu.externaltools.gnu-tools-for-stm32.10.3-2021.10.macos64_1.0.0.202111181127/tools/bin/../lib/gcc/arm-none-eabi/10.3.1/thumb/v7-m/nofp/libgcc.a(_arm_fixdfsi.o)
                0x0000000008000af8                __fixdfsi
                0x0000000008000af8                __aeabi_d2iz
 .text          0x0000000008000b48       0x40 /Applications/STM32CubeIDE.app/Contents/Eclipse/plugins/com.st.stm32cube.ide.mcu.externaltools.gnu-tools-for-stm32.10.3-2021.10.macos64_1.0.0.202111181127/tools/bin/../lib/gcc/arm-none-eabi/10.3.1/thumb/v7-m/nofp/libgcc.a(_arm_fixunsdfsi.o)
                0x0000000008000b48                __fixunsdfsi
                0x0000000008000b48                __aeabi_d2uiz
 .text          0x0000000008000b88       0x30 /Applications/STM32CubeIDE.app/Contents/Eclipse/plugins/com.st.stm32cube.ide.mcu.externaltools.gnu-tools-for-stm32.10.3-2021.10.macos64_1.0.0.202111181127/tools/bin/../lib/gcc/arm-none-eabi/10.3.1/thumb/v7-m/nofp/libgcc.a(_aeabi_uldivmod.o)
                0x0000000008000b88                __aeabi_uldivmod
 .text          0x0000000008000bb8      0x2d4 /Applications/STM32CubeIDE.app/Contents/Eclipse/plugins/com.st.stm32cube.ide.mcu.externaltools.gnu-tools-for-stm32.10.3-2021.10.macos64_1.0.0.202111181127/tools/bin/../lib/gcc/arm-none-eabi/10.3.1/thumb/v7-m/nofp/libgcc.a(_udivmoddi4.o)
                0x0000000008000bb8                __udivmoddi4
 .text          0x0000000008000e8c        0x4 /Applications/STM32CubeIDE.app/Contents/Eclipse/plugins/com.st.stm32cube.ide.mcu.externaltools.gnu-tools-for-stm32.10.3-2021.10.macos64_1.0.0.202111181127/tools/bin/../lib/gcc/arm-none-eabi/10.3.1/thumb/v7-m/nofp/libgcc.a(_dvmd_tls.o)
                0x0000000008000e8c                __aeabi_ldiv0
                0x0000000008000e8c                __aeabi_idiv0
 *(.text*)
 .text.cpp_link
                0x0000000008000e90       0x10 ./Core/Src/cpp_link.o
                0x0000000008000e90                cpp_link
 .text.main     0x0000000008000ea0       0x2a ./Core/Src/main.o
                0x0000000008000ea0                main
 *fill*         0x0000000008000eca        0x2 
 .text.SystemClock_Config
                0x0000000008000ecc       0xcc ./Core/Src/main.o
                0x0000000008000ecc                SystemClock_Config
 .text.MX_ADC1_Init
                0x0000000008000f98       0xb4 ./Core/Src/main.o
 .text.MX_TIM2_Init
                0x000000000800104c       0x98 ./Core/Src/main.o
 .text.MX_TIM5_Init
                0x00000000080010e4       0x9c ./Core/Src/main.o
 .text.MX_DMA_Init
                0x0000000008001180       0x3c ./Core/Src/main.o
 .text.MX_GPIO_Init
                0x00000000080011bc       0xac ./Core/Src/main.o
 .text.Error_Handler
                0x0000000008001268        0xa ./Core/Src/main.o
                0x0000000008001268                Error_Handler
 *fill*         0x0000000008001272        0x6 
 .text._Z7N2kIsNAd
                0x0000000008001278       0x38 ./Core/Src/project.o
                0x0000000008001278                N2kIsNA(double)
 .text._ZN17tN2kSyncSchedulerC2Ebmm
                0x00000000080012b0       0x3a ./Core/Src/project.o
                0x00000000080012b0                tN2kSyncScheduler::tN2kSyncScheduler(bool, unsigned long, unsigned long)
                0x00000000080012b0                tN2kSyncScheduler::tN2kSyncScheduler(bool, unsigned long, unsigned long)
 .text._ZN17tN2kSyncScheduler7DisableEv
                0x00000000080012ea       0x20 ./Core/Src/project.o
                0x00000000080012ea                tN2kSyncScheduler::Disable()
 .text._ZN17tN2kSyncScheduler6IsTimeEv
                0x000000000800130a       0x26 ./Core/Src/project.o
                0x000000000800130a                tN2kSyncScheduler::IsTime()
 .text._ZN17tN2kSyncScheduler14UpdateNextTimeEv
                0x0000000008001330      0x150 ./Core/Src/project.o
                0x0000000008001330                tN2kSyncScheduler::UpdateNextTime()
 .text._Z9CToKelvind
                0x0000000008001480       0x48 ./Core/Src/project.o
                0x0000000008001480                CToKelvin(double)
 .text._Z14SetN2kDCStatusR7tN2kMsghh10tN2kDCTypehhddd
                0x00000000080014c8       0x52 ./Core/Src/project.o
                0x00000000080014c8                SetN2kDCStatus(tN2kMsg&, unsigned char, unsigned char, tN2kDCType, unsigned char, unsigned char, double, double, double)
 .text._Z17SetN2kDCBatStatusR7tN2kMsghdddh
                0x000000000800151a       0x3a ./Core/Src/project.o
                0x000000000800151a                SetN2kDCBatStatus(tN2kMsg&, unsigned char, double, double, double, unsigned char)
 .text._Z13SetN2kBatConfR7tN2kMsgh11tN2kBatType16tN2kBatEqSupport14tN2kBatNomVolt11tN2kBatChemdada
                0x0000000008001554       0x56 ./Core/Src/project.o
                0x0000000008001554                SetN2kBatConf(tN2kMsg&, unsigned char, tN2kBatType, tN2kBatEqSupport, tN2kBatNomVolt, tN2kBatChem, double, signed char, double, signed char)
 *fill*         0x00000000080015aa        0x6 
 .text._Z22SendN2kBatteryMessagesv
                0x00000000080015b0      0x1e0 ./Core/Src/project.o
                0x00000000080015b0                SendN2kBatteryMessages()
 .text._Z9OnN2kOpenv
                0x0000000008001790       0x28 ./Core/Src/project.o
                0x0000000008001790                OnN2kOpen()
 .text._Z16myCppProcessInitv
                0x00000000080017b8       0x90 ./Core/Src/project.o
                0x00000000080017b8                myCppProcessInit()
 .text._Z12myCppProcessv
                0x0000000008001848       0x18 ./Core/Src/project.o
                0x0000000008001848                myCppProcess()
 .text._Z41__static_initialization_and_destruction_0ii
                0x0000000008001860       0x80 ./Core/Src/project.o
 .text._GLOBAL__sub_I_state_of_charge
                0x00000000080018e0       0x10 ./Core/Src/project.o
 .text.HAL_MspInit
                0x00000000080018f0       0x64 ./Core/Src/stm32f1xx_hal_msp.o
                0x00000000080018f0                HAL_MspInit
 .text.HAL_ADC_MspInit
                0x0000000008001954       0xe4 ./Core/Src/stm32f1xx_hal_msp.o
                0x0000000008001954                HAL_ADC_MspInit
 .text.HAL_CAN_MspInit
                0x0000000008001a38      0x1b4 ./Core/Src/stm32f1xx_hal_msp.o
                0x0000000008001a38                HAL_CAN_MspInit
 .text.HAL_TIM_Base_MspInit
                0x0000000008001bec       0x70 ./Core/Src/stm32f1xx_hal_msp.o
                0x0000000008001bec                HAL_TIM_Base_MspInit
 .text.NMI_Handler
                0x0000000008001c5c        0x6 ./Core/Src/stm32f1xx_it.o
                0x0000000008001c5c                NMI_Handler
 .text.HardFault_Handler
                0x0000000008001c62        0x6 ./Core/Src/stm32f1xx_it.o
                0x0000000008001c62                HardFault_Handler
 .text.MemManage_Handler
                0x0000000008001c68        0x6 ./Core/Src/stm32f1xx_it.o
                0x0000000008001c68                MemManage_Handler
 .text.BusFault_Handler
                0x0000000008001c6e        0x6 ./Core/Src/stm32f1xx_it.o
                0x0000000008001c6e                BusFault_Handler
 .text.UsageFault_Handler
                0x0000000008001c74        0x6 ./Core/Src/stm32f1xx_it.o
                0x0000000008001c74                UsageFault_Handler
 .text.SVC_Handler
                0x0000000008001c7a        0xc ./Core/Src/stm32f1xx_it.o
                0x0000000008001c7a                SVC_Handler
 .text.DebugMon_Handler
                0x0000000008001c86        0xc ./Core/Src/stm32f1xx_it.o
                0x0000000008001c86                DebugMon_Handler
 .text.PendSV_Handler
                0x0000000008001c92        0xc ./Core/Src/stm32f1xx_it.o
                0x0000000008001c92                PendSV_Handler
 .text.SysTick_Handler
                0x0000000008001c9e        0xc ./Core/Src/stm32f1xx_it.o
                0x0000000008001c9e                SysTick_Handler
 *fill*         0x0000000008001caa        0x2 
 .text.DMA1_Channel1_IRQHandler
                0x0000000008001cac       0x14 ./Core/Src/stm32f1xx_it.o
                0x0000000008001cac                DMA1_Channel1_IRQHandler
 .text.ADC1_2_IRQHandler
                0x0000000008001cc0       0x14 ./Core/Src/stm32f1xx_it.o
                0x0000000008001cc0                ADC1_2_IRQHandler
 .text.CAN1_TX_IRQHandler
                0x0000000008001cd4       0x14 ./Core/Src/stm32f1xx_it.o
                0x0000000008001cd4                CAN1_TX_IRQHandler
 .text.CAN1_RX0_IRQHandler
                0x0000000008001ce8       0x14 ./Core/Src/stm32f1xx_it.o
                0x0000000008001ce8                CAN1_RX0_IRQHandler
 .text.TIM2_IRQHandler
                0x0000000008001cfc       0x14 ./Core/Src/stm32f1xx_it.o
                0x0000000008001cfc                TIM2_IRQHandler
 .text.CAN2_TX_IRQHandler
                0x0000000008001d10       0x14 ./Core/Src/stm32f1xx_it.o
                0x0000000008001d10                CAN2_TX_IRQHandler
 .text.CAN2_RX1_IRQHandler
                0x0000000008001d24       0x14 ./Core/Src/stm32f1xx_it.o
                0x0000000008001d24                CAN2_RX1_IRQHandler
 .text.OTG_FS_IRQHandler
                0x0000000008001d38       0x14 ./Core/Src/stm32f1xx_it.o
                0x0000000008001d38                OTG_FS_IRQHandler
 .text._getpid  0x0000000008001d4c        0xe ./Core/Src/syscalls.o
                0x0000000008001d4c                _getpid
 .text._kill    0x0000000008001d5a       0x20 ./Core/Src/syscalls.o
                0x0000000008001d5a                _kill
 .text._exit    0x0000000008001d7a       0x14 ./Core/Src/syscalls.o
                0x0000000008001d7a                _exit
 *fill*         0x0000000008001d8e        0x2 
 .text._sbrk    0x0000000008001d90       0x6c ./Core/Src/sysmem.o
                0x0000000008001d90                _sbrk
 .text.SystemInit
                0x0000000008001dfc        0xc ./Core/Src/system_stm32f1xx.o
                0x0000000008001dfc                SystemInit
 .text.Reset_Handler
                0x0000000008001e08       0x48 ./Core/Startup/startup_stm32f105rbtx.o
                0x0000000008001e08                Reset_Handler
 .text.Default_Handler
                0x0000000008001e50        0x2 ./Core/Startup/startup_stm32f105rbtx.o
                0x0000000008001e50                DMA2_Channel3_IRQHandler
                0x0000000008001e50                EXTI2_IRQHandler
                0x0000000008001e50                TIM1_CC_IRQHandler
                0x0000000008001e50                TIM6_IRQHandler
                0x0000000008001e50                PVD_IRQHandler
                0x0000000008001e50                EXTI3_IRQHandler
                0x0000000008001e50                EXTI0_IRQHandler
                0x0000000008001e50                I2C2_EV_IRQHandler
                0x0000000008001e50                CAN2_SCE_IRQHandler
                0x0000000008001e50                SPI1_IRQHandler
                0x0000000008001e50                TAMPER_IRQHandler
                0x0000000008001e50                CAN2_RX0_IRQHandler
                0x0000000008001e50                DMA2_Channel2_IRQHandler
                0x0000000008001e50                DMA1_Channel4_IRQHandler
                0x0000000008001e50                USART3_IRQHandler
                0x0000000008001e50                RTC_IRQHandler
                0x0000000008001e50                DMA1_Channel7_IRQHandler
                0x0000000008001e50                CAN1_RX1_IRQHandler
                0x0000000008001e50                UART5_IRQHandler
                0x0000000008001e50                TIM4_IRQHandler
                0x0000000008001e50                DMA2_Channel1_IRQHandler
                0x0000000008001e50                I2C1_EV_IRQHandler
                0x0000000008001e50                DMA1_Channel6_IRQHandler
                0x0000000008001e50                UART4_IRQHandler
                0x0000000008001e50                DMA2_Channel4_IRQHandler
                0x0000000008001e50                TIM3_IRQHandler
                0x0000000008001e50                RCC_IRQHandler
                0x0000000008001e50                TIM1_TRG_COM_IRQHandler
                0x0000000008001e50                Default_Handler
                0x0000000008001e50                EXTI15_10_IRQHandler
                0x0000000008001e50                TIM7_IRQHandler
                0x0000000008001e50                TIM5_IRQHandler
                0x0000000008001e50                EXTI9_5_IRQHandler
                0x0000000008001e50                SPI2_IRQHandler
                0x0000000008001e50                DMA2_Channel5_IRQHandler
                0x0000000008001e50                DMA1_Channel5_IRQHandler
                0x0000000008001e50                EXTI4_IRQHandler
                0x0000000008001e50                DMA1_Channel3_IRQHandler
                0x0000000008001e50                TIM1_UP_IRQHandler
                0x0000000008001e50                WWDG_IRQHandler
                0x0000000008001e50                OTG_FS_WKUP_IRQHandler
                0x0000000008001e50                TIM1_BRK_IRQHandler
                0x0000000008001e50                EXTI1_IRQHandler
                0x0000000008001e50                USART2_IRQHandler
                0x0000000008001e50                I2C2_ER_IRQHandler
                0x0000000008001e50                DMA1_Channel2_IRQHandler
                0x0000000008001e50                CAN1_SCE_IRQHandler
                0x0000000008001e50                FLASH_IRQHandler
                0x0000000008001e50                USART1_IRQHandler
                0x0000000008001e50                SPI3_IRQHandler
                0x0000000008001e50                I2C1_ER_IRQHandler
                0x0000000008001e50                RTC_Alarm_IRQHandler
 *fill*         0x0000000008001e52        0x2 
 .text.HAL_Init
                0x0000000008001e54       0x2c ./Drivers/STM32F1xx_HAL_Driver/Src/stm32f1xx_hal.o
                0x0000000008001e54                HAL_Init
 .text.HAL_InitTick
                0x0000000008001e80       0x60 ./Drivers/STM32F1xx_HAL_Driver/Src/stm32f1xx_hal.o
                0x0000000008001e80                HAL_InitTick
 .text.HAL_IncTick
                0x0000000008001ee0       0x24 ./Drivers/STM32F1xx_HAL_Driver/Src/stm32f1xx_hal.o
                0x0000000008001ee0                HAL_IncTick
 .text.HAL_GetTick
                0x0000000008001f04       0x14 ./Drivers/STM32F1xx_HAL_Driver/Src/stm32f1xx_hal.o
                0x0000000008001f04                HAL_GetTick
 .text.HAL_Delay
                0x0000000008001f18       0x48 ./Drivers/STM32F1xx_HAL_Driver/Src/stm32f1xx_hal.o
                0x0000000008001f18                HAL_Delay
 .text.HAL_ADC_Init
                0x0000000008001f60      0x1b0 ./Drivers/STM32F1xx_HAL_Driver/Src/stm32f1xx_hal_adc.o
                0x0000000008001f60                HAL_ADC_Init
 .text.HAL_ADC_IRQHandler
                0x0000000008002110      0x186 ./Drivers/STM32F1xx_HAL_Driver/Src/stm32f1xx_hal_adc.o
                0x0000000008002110                HAL_ADC_IRQHandler
 .text.HAL_ADC_ConvCpltCallback
                0x0000000008002296       0x12 ./Drivers/STM32F1xx_HAL_Driver/Src/stm32f1xx_hal_adc.o
                0x0000000008002296                HAL_ADC_ConvCpltCallback
 .text.HAL_ADC_LevelOutOfWindowCallback
                0x00000000080022a8       0x12 ./Drivers/STM32F1xx_HAL_Driver/Src/stm32f1xx_hal_adc.o
                0x00000000080022a8                HAL_ADC_LevelOutOfWindowCallback
 *fill*         0x00000000080022ba        0x2 
 .text.HAL_ADC_ConfigChannel
                0x00000000080022bc      0x1f0 ./Drivers/STM32F1xx_HAL_Driver/Src/stm32f1xx_hal_adc.o
                0x00000000080022bc                HAL_ADC_ConfigChannel
 .text.ADC_ConversionStop_Disable
                0x00000000080024ac       0x82 ./Drivers/STM32F1xx_HAL_Driver/Src/stm32f1xx_hal_adc.o
                0x00000000080024ac                ADC_ConversionStop_Disable
 .text.HAL_ADCEx_InjectedConvCpltCallback
                0x000000000800252e       0x12 ./Drivers/STM32F1xx_HAL_Driver/Src/stm32f1xx_hal_adc_ex.o
                0x000000000800252e                HAL_ADCEx_InjectedConvCpltCallback
 .text.HAL_CAN_Init
                0x0000000008002540      0x1f6 ./Drivers/STM32F1xx_HAL_Driver/Src/stm32f1xx_hal_can.o
                0x0000000008002540                HAL_CAN_Init
 *fill*         0x0000000008002736        0x2 
 .text.HAL_CAN_ConfigFilter
                0x0000000008002738      0x1c0 ./Drivers/STM32F1xx_HAL_Driver/Src/stm32f1xx_hal_can.o
                0x0000000008002738                HAL_CAN_ConfigFilter
 .text.HAL_CAN_Start
                0x00000000080028f8       0x88 ./Drivers/STM32F1xx_HAL_Driver/Src/stm32f1xx_hal_can.o
                0x00000000080028f8                HAL_CAN_Start
 .text.HAL_CAN_AddTxMessage
                0x0000000008002980      0x1b4 ./Drivers/STM32F1xx_HAL_Driver/Src/stm32f1xx_hal_can.o
                0x0000000008002980                HAL_CAN_AddTxMessage
 .text.HAL_CAN_GetTxMailboxesFreeLevel
                0x0000000008002b34       0x68 ./Drivers/STM32F1xx_HAL_Driver/Src/stm32f1xx_hal_can.o
                0x0000000008002b34                HAL_CAN_GetTxMailboxesFreeLevel
 .text.HAL_CAN_GetRxMessage
                0x0000000008002b9c      0x222 ./Drivers/STM32F1xx_HAL_Driver/Src/stm32f1xx_hal_can.o
                0x0000000008002b9c                HAL_CAN_GetRxMessage
 .text.HAL_CAN_ActivateNotification
                0x0000000008002dbe       0x4a ./Drivers/STM32F1xx_HAL_Driver/Src/stm32f1xx_hal_can.o
                0x0000000008002dbe                HAL_CAN_ActivateNotification
 .text.HAL_CAN_DeactivateNotification
                0x0000000008002e08       0x4c ./Drivers/STM32F1xx_HAL_Driver/Src/stm32f1xx_hal_can.o
                0x0000000008002e08                HAL_CAN_DeactivateNotification
 .text.HAL_CAN_IRQHandler
                0x0000000008002e54      0x36e ./Drivers/STM32F1xx_HAL_Driver/Src/stm32f1xx_hal_can.o
                0x0000000008002e54                HAL_CAN_IRQHandler
 .text.HAL_CAN_TxMailbox0CompleteCallback
                0x00000000080031c2       0x12 ./Drivers/STM32F1xx_HAL_Driver/Src/stm32f1xx_hal_can.o
                0x00000000080031c2                HAL_CAN_TxMailbox0CompleteCallback
 .text.HAL_CAN_TxMailbox1CompleteCallback
                0x00000000080031d4       0x12 ./Drivers/STM32F1xx_HAL_Driver/Src/stm32f1xx_hal_can.o
                0x00000000080031d4                HAL_CAN_TxMailbox1CompleteCallback
 .text.HAL_CAN_TxMailbox2CompleteCallback
                0x00000000080031e6       0x12 ./Drivers/STM32F1xx_HAL_Driver/Src/stm32f1xx_hal_can.o
                0x00000000080031e6                HAL_CAN_TxMailbox2CompleteCallback
 .text.HAL_CAN_TxMailbox0AbortCallback
                0x00000000080031f8       0x12 ./Drivers/STM32F1xx_HAL_Driver/Src/stm32f1xx_hal_can.o
                0x00000000080031f8                HAL_CAN_TxMailbox0AbortCallback
 .text.HAL_CAN_TxMailbox1AbortCallback
                0x000000000800320a       0x12 ./Drivers/STM32F1xx_HAL_Driver/Src/stm32f1xx_hal_can.o
                0x000000000800320a                HAL_CAN_TxMailbox1AbortCallback
 .text.HAL_CAN_TxMailbox2AbortCallback
                0x000000000800321c       0x12 ./Drivers/STM32F1xx_HAL_Driver/Src/stm32f1xx_hal_can.o
                0x000000000800321c                HAL_CAN_TxMailbox2AbortCallback
 .text.HAL_CAN_RxFifo0MsgPendingCallback
                0x000000000800322e       0x12 ./Drivers/STM32F1xx_HAL_Driver/Src/stm32f1xx_hal_can.o
                0x000000000800322e                HAL_CAN_RxFifo0MsgPendingCallback
 .text.HAL_CAN_RxFifo0FullCallback
                0x0000000008003240       0x12 ./Drivers/STM32F1xx_HAL_Driver/Src/stm32f1xx_hal_can.o
                0x0000000008003240                HAL_CAN_RxFifo0FullCallback
 .text.HAL_CAN_RxFifo1FullCallback
                0x0000000008003252       0x12 ./Drivers/STM32F1xx_HAL_Driver/Src/stm32f1xx_hal_can.o
                0x0000000008003252                HAL_CAN_RxFifo1FullCallback
 .text.HAL_CAN_SleepCallback
                0x0000000008003264       0x12 ./Drivers/STM32F1xx_HAL_Driver/Src/stm32f1xx_hal_can.o
                0x0000000008003264                HAL_CAN_SleepCallback
 .text.HAL_CAN_WakeUpFromRxMsgCallback
                0x0000000008003276       0x12 ./Drivers/STM32F1xx_HAL_Driver/Src/stm32f1xx_hal_can.o
                0x0000000008003276                HAL_CAN_WakeUpFromRxMsgCallback
 .text.HAL_CAN_ErrorCallback
                0x0000000008003288       0x12 ./Drivers/STM32F1xx_HAL_Driver/Src/stm32f1xx_hal_can.o
                0x0000000008003288                HAL_CAN_ErrorCallback
 *fill*         0x000000000800329a        0x2 
 .text.__NVIC_SetPriorityGrouping
                0x000000000800329c       0x48 ./Drivers/STM32F1xx_HAL_Driver/Src/stm32f1xx_hal_cortex.o
 .text.__NVIC_GetPriorityGrouping
                0x00000000080032e4       0x1c ./Drivers/STM32F1xx_HAL_Driver/Src/stm32f1xx_hal_cortex.o
 .text.__NVIC_EnableIRQ
                0x0000000008003300       0x38 ./Drivers/STM32F1xx_HAL_Driver/Src/stm32f1xx_hal_cortex.o
 .text.__NVIC_SetPriority
                0x0000000008003338       0x54 ./Drivers/STM32F1xx_HAL_Driver/Src/stm32f1xx_hal_cortex.o
 .text.NVIC_EncodePriority
                0x000000000800338c       0x64 ./Drivers/STM32F1xx_HAL_Driver/Src/stm32f1xx_hal_cortex.o
 .text.SysTick_Config
                0x00000000080033f0       0x44 ./Drivers/STM32F1xx_HAL_Driver/Src/stm32f1xx_hal_cortex.o
 .text.HAL_NVIC_SetPriorityGrouping
                0x0000000008003434       0x16 ./Drivers/STM32F1xx_HAL_Driver/Src/stm32f1xx_hal_cortex.o
                0x0000000008003434                HAL_NVIC_SetPriorityGrouping
 .text.HAL_NVIC_SetPriority
                0x000000000800344a       0x38 ./Drivers/STM32F1xx_HAL_Driver/Src/stm32f1xx_hal_cortex.o
                0x000000000800344a                HAL_NVIC_SetPriority
 .text.HAL_NVIC_EnableIRQ
                0x0000000008003482       0x1c ./Drivers/STM32F1xx_HAL_Driver/Src/stm32f1xx_hal_cortex.o
                0x0000000008003482                HAL_NVIC_EnableIRQ
 .text.HAL_SYSTICK_Config
                0x000000000800349e       0x18 ./Drivers/STM32F1xx_HAL_Driver/Src/stm32f1xx_hal_cortex.o
                0x000000000800349e                HAL_SYSTICK_Config
 *fill*         0x00000000080034b6        0x2 
 .text.HAL_DMA_Init
                0x00000000080034b8       0xec ./Drivers/STM32F1xx_HAL_Driver/Src/stm32f1xx_hal_dma.o
                0x00000000080034b8                HAL_DMA_Init
 .text.HAL_DMA_IRQHandler
                0x00000000080035a4      0x478 ./Drivers/STM32F1xx_HAL_Driver/Src/stm32f1xx_hal_dma.o
                0x00000000080035a4                HAL_DMA_IRQHandler
 .text.HAL_GPIO_Init
                0x0000000008003a1c      0x308 ./Drivers/STM32F1xx_HAL_Driver/Src/stm32f1xx_hal_gpio.o
                0x0000000008003a1c                HAL_GPIO_Init
 .text.HAL_GPIO_WritePin
                0x0000000008003d24       0x30 ./Drivers/STM32F1xx_HAL_Driver/Src/stm32f1xx_hal_gpio.o
                0x0000000008003d24                HAL_GPIO_WritePin
 .text.HAL_PCD_Init
                0x0000000008003d54      0x23a ./Drivers/STM32F1xx_HAL_Driver/Src/stm32f1xx_hal_pcd.o
                0x0000000008003d54                HAL_PCD_Init
 .text.HAL_PCD_Start
                0x0000000008003f8e       0x44 ./Drivers/STM32F1xx_HAL_Driver/Src/stm32f1xx_hal_pcd.o
                0x0000000008003f8e                HAL_PCD_Start
 .text.HAL_PCD_Stop
                0x0000000008003fd2       0x50 ./Drivers/STM32F1xx_HAL_Driver/Src/stm32f1xx_hal_pcd.o
                0x0000000008003fd2                HAL_PCD_Stop
 .text.HAL_PCD_IRQHandler
                0x0000000008004022      0x6d2 ./Drivers/STM32F1xx_HAL_Driver/Src/stm32f1xx_hal_pcd.o
                0x0000000008004022                HAL_PCD_IRQHandler
 .text.HAL_PCD_SetAddress
                0x00000000080046f4       0x4a ./Drivers/STM32F1xx_HAL_Driver/Src/stm32f1xx_hal_pcd.o
                0x00000000080046f4                HAL_PCD_SetAddress
 .text.HAL_PCD_EP_Open
                0x000000000800473e       0xd0 ./Drivers/STM32F1xx_HAL_Driver/Src/stm32f1xx_hal_pcd.o
                0x000000000800473e                HAL_PCD_EP_Open
 .text.HAL_PCD_EP_Receive
                0x000000000800480e       0x7c ./Drivers/STM32F1xx_HAL_Driver/Src/stm32f1xx_hal_pcd.o
                0x000000000800480e                HAL_PCD_EP_Receive
 .text.HAL_PCD_EP_Transmit
                0x000000000800488a       0x7a ./Drivers/STM32F1xx_HAL_Driver/Src/stm32f1xx_hal_pcd.o
                0x000000000800488a                HAL_PCD_EP_Transmit
 .text.HAL_PCD_EP_SetStall
                0x0000000008004904       0xc4 ./Drivers/STM32F1xx_HAL_Driver/Src/stm32f1xx_hal_pcd.o
                0x0000000008004904                HAL_PCD_EP_SetStall
 .text.HAL_PCD_EP_ClrStall
                0x00000000080049c8       0xac ./Drivers/STM32F1xx_HAL_Driver/Src/stm32f1xx_hal_pcd.o
                0x00000000080049c8                HAL_PCD_EP_ClrStall
 .text.PCD_WriteEmptyTxFifo
                0x0000000008004a74      0x110 ./Drivers/STM32F1xx_HAL_Driver/Src/stm32f1xx_hal_pcd.o
 .text.PCD_EP_OutXfrComplete_int
                0x0000000008004b84       0x9c ./Drivers/STM32F1xx_HAL_Driver/Src/stm32f1xx_hal_pcd.o
 .text.PCD_EP_OutSetupPacket_int
                0x0000000008004c20       0x68 ./Drivers/STM32F1xx_HAL_Driver/Src/stm32f1xx_hal_pcd.o
 .text.HAL_PCDEx_SetTxFiFo
                0x0000000008004c88       0x8c ./Drivers/STM32F1xx_HAL_Driver/Src/stm32f1xx_hal_pcd_ex.o
                0x0000000008004c88                HAL_PCDEx_SetTxFiFo
 .text.HAL_PCDEx_SetRxFiFo
                0x0000000008004d14       0x20 ./Drivers/STM32F1xx_HAL_Driver/Src/stm32f1xx_hal_pcd_ex.o
                0x0000000008004d14                HAL_PCDEx_SetRxFiFo
 .text.HAL_RCC_OscConfig
                0x0000000008004d34      0x62c ./Drivers/STM32F1xx_HAL_Driver/Src/stm32f1xx_hal_rcc.o
                0x0000000008004d34                HAL_RCC_OscConfig
 .text.HAL_RCC_ClockConfig
                0x0000000008005360      0x1d4 ./Drivers/STM32F1xx_HAL_Driver/Src/stm32f1xx_hal_rcc.o
                0x0000000008005360                HAL_RCC_ClockConfig
 .text.HAL_RCC_GetSysClockFreq
                0x0000000008005534      0x224 ./Drivers/STM32F1xx_HAL_Driver/Src/stm32f1xx_hal_rcc.o
                0x0000000008005534                HAL_RCC_GetSysClockFreq
 .text.HAL_RCC_GetHCLKFreq
                0x0000000008005758       0x14 ./Drivers/STM32F1xx_HAL_Driver/Src/stm32f1xx_hal_rcc.o
                0x0000000008005758                HAL_RCC_GetHCLKFreq
 .text.HAL_RCC_GetPCLK1Freq
                0x000000000800576c       0x28 ./Drivers/STM32F1xx_HAL_Driver/Src/stm32f1xx_hal_rcc.o
                0x000000000800576c                HAL_RCC_GetPCLK1Freq
 .text.RCC_Delay
                0x0000000008005794       0x3c ./Drivers/STM32F1xx_HAL_Driver/Src/stm32f1xx_hal_rcc.o
 .text.HAL_RCCEx_PeriphCLKConfig
                0x00000000080057d0      0x264 ./Drivers/STM32F1xx_HAL_Driver/Src/stm32f1xx_hal_rcc_ex.o
                0x00000000080057d0                HAL_RCCEx_PeriphCLKConfig
 .text.HAL_TIM_Base_Init
                0x0000000008005a34       0x9e ./Drivers/STM32F1xx_HAL_Driver/Src/stm32f1xx_hal_tim.o
                0x0000000008005a34                HAL_TIM_Base_Init
 .text.HAL_TIM_IRQHandler
                0x0000000008005ad2      0x210 ./Drivers/STM32F1xx_HAL_Driver/Src/stm32f1xx_hal_tim.o
                0x0000000008005ad2                HAL_TIM_IRQHandler
 .text.HAL_TIM_ConfigClockSource
                0x0000000008005ce2      0x188 ./Drivers/STM32F1xx_HAL_Driver/Src/stm32f1xx_hal_tim.o
                0x0000000008005ce2                HAL_TIM_ConfigClockSource
 .text.HAL_TIM_PeriodElapsedCallback
                0x0000000008005e6a       0x12 ./Drivers/STM32F1xx_HAL_Driver/Src/stm32f1xx_hal_tim.o
                0x0000000008005e6a                HAL_TIM_PeriodElapsedCallback
 .text.HAL_TIM_OC_DelayElapsedCallback
                0x0000000008005e7c       0x12 ./Drivers/STM32F1xx_HAL_Driver/Src/stm32f1xx_hal_tim.o
                0x0000000008005e7c                HAL_TIM_OC_DelayElapsedCallback
 .text.HAL_TIM_IC_CaptureCallback
                0x0000000008005e8e       0x12 ./Drivers/STM32F1xx_HAL_Driver/Src/stm32f1xx_hal_tim.o
                0x0000000008005e8e                HAL_TIM_IC_CaptureCallback
 .text.HAL_TIM_PWM_PulseFinishedCallback
                0x0000000008005ea0       0x12 ./Drivers/STM32F1xx_HAL_Driver/Src/stm32f1xx_hal_tim.o
                0x0000000008005ea0                HAL_TIM_PWM_PulseFinishedCallback
 .text.HAL_TIM_TriggerCallback
                0x0000000008005eb2       0x12 ./Drivers/STM32F1xx_HAL_Driver/Src/stm32f1xx_hal_tim.o
                0x0000000008005eb2                HAL_TIM_TriggerCallback
 .text.TIM_Base_SetConfig
                0x0000000008005ec4       0xd8 ./Drivers/STM32F1xx_HAL_Driver/Src/stm32f1xx_hal_tim.o
                0x0000000008005ec4                TIM_Base_SetConfig
 .text.TIM_TI1_ConfigInputStage
                0x0000000008005f9c       0x5c ./Drivers/STM32F1xx_HAL_Driver/Src/stm32f1xx_hal_tim.o
 .text.TIM_TI2_ConfigInputStage
                0x0000000008005ff8       0x5e ./Drivers/STM32F1xx_HAL_Driver/Src/stm32f1xx_hal_tim.o
 .text.TIM_ITRx_SetConfig
                0x0000000008006056       0x34 ./Drivers/STM32F1xx_HAL_Driver/Src/stm32f1xx_hal_tim.o
 .text.TIM_ETR_SetConfig
                0x000000000800608a       0x3e ./Drivers/STM32F1xx_HAL_Driver/Src/stm32f1xx_hal_tim.o
                0x000000000800608a                TIM_ETR_SetConfig
 .text.HAL_TIMEx_MasterConfigSynchronization
                0x00000000080060c8       0xcc ./Drivers/STM32F1xx_HAL_Driver/Src/stm32f1xx_hal_tim_ex.o
                0x00000000080060c8                HAL_TIMEx_MasterConfigSynchronization
 .text.HAL_TIMEx_CommutCallback
                0x0000000008006194       0x12 ./Drivers/STM32F1xx_HAL_Driver/Src/stm32f1xx_hal_tim_ex.o
                0x0000000008006194                HAL_TIMEx_CommutCallback
 .text.HAL_TIMEx_BreakCallback
                0x00000000080061a6       0x12 ./Drivers/STM32F1xx_HAL_Driver/Src/stm32f1xx_hal_tim_ex.o
                0x00000000080061a6                HAL_TIMEx_BreakCallback
 .text.USB_CoreInit
                0x00000000080061b8       0x44 ./Drivers/STM32F1xx_HAL_Driver/Src/stm32f1xx_ll_usb.o
                0x00000000080061b8                USB_CoreInit
 .text.USB_SetTurnaroundTime
                0x00000000080061fc      0x138 ./Drivers/STM32F1xx_HAL_Driver/Src/stm32f1xx_ll_usb.o
                0x00000000080061fc                USB_SetTurnaroundTime
 .text.USB_EnableGlobalInt
                0x0000000008006334       0x20 ./Drivers/STM32F1xx_HAL_Driver/Src/stm32f1xx_ll_usb.o
                0x0000000008006334                USB_EnableGlobalInt
 .text.USB_DisableGlobalInt
                0x0000000008006354       0x20 ./Drivers/STM32F1xx_HAL_Driver/Src/stm32f1xx_ll_usb.o
                0x0000000008006354                USB_DisableGlobalInt
 .text.USB_SetCurrentMode
                0x0000000008006374       0x98 ./Drivers/STM32F1xx_HAL_Driver/Src/stm32f1xx_ll_usb.o
                0x0000000008006374                USB_SetCurrentMode
 .text.USB_DevInit
                0x000000000800640c      0x258 ./Drivers/STM32F1xx_HAL_Driver/Src/stm32f1xx_ll_usb.o
                0x000000000800640c                USB_DevInit
 .text.USB_FlushTxFifo
                0x0000000008006664       0x48 ./Drivers/STM32F1xx_HAL_Driver/Src/stm32f1xx_ll_usb.o
                0x0000000008006664                USB_FlushTxFifo
 .text.USB_FlushRxFifo
                0x00000000080066ac       0x40 ./Drivers/STM32F1xx_HAL_Driver/Src/stm32f1xx_ll_usb.o
                0x00000000080066ac                USB_FlushRxFifo
 .text.USB_SetDevSpeed
                0x00000000080066ec       0x30 ./Drivers/STM32F1xx_HAL_Driver/Src/stm32f1xx_ll_usb.o
                0x00000000080066ec                USB_SetDevSpeed
 .text.USB_GetDevSpeed
                0x000000000800671c       0x3c ./Drivers/STM32F1xx_HAL_Driver/Src/stm32f1xx_ll_usb.o
                0x000000000800671c                USB_GetDevSpeed
 .text.USB_ActivateEndpoint
                0x0000000008006758      0x10c ./Drivers/STM32F1xx_HAL_Driver/Src/stm32f1xx_ll_usb.o
                0x0000000008006758                USB_ActivateEndpoint
 .text.USB_EPStartXfer
                0x0000000008006864      0x3b8 ./Drivers/STM32F1xx_HAL_Driver/Src/stm32f1xx_ll_usb.o
                0x0000000008006864                USB_EPStartXfer
 .text.USB_EP0StartXfer
                0x0000000008006c1c      0x23a ./Drivers/STM32F1xx_HAL_Driver/Src/stm32f1xx_ll_usb.o
                0x0000000008006c1c                USB_EP0StartXfer
 .text.USB_WritePacket
                0x0000000008006e56       0x72 ./Drivers/STM32F1xx_HAL_Driver/Src/stm32f1xx_ll_usb.o
                0x0000000008006e56                USB_WritePacket
 .text.USB_ReadPacket
                0x0000000008006ec8       0xae ./Drivers/STM32F1xx_HAL_Driver/Src/stm32f1xx_ll_usb.o
                0x0000000008006ec8                USB_ReadPacket
 .text.USB_EPSetStall
                0x0000000008006f76       0xda ./Drivers/STM32F1xx_HAL_Driver/Src/stm32f1xx_ll_usb.o
                0x0000000008006f76                USB_EPSetStall
 .text.USB_EPClearStall
                0x0000000008007050       0xca ./Drivers/STM32F1xx_HAL_Driver/Src/stm32f1xx_ll_usb.o
                0x0000000008007050                USB_EPClearStall
 .text.USB_SetDevAddress
                0x000000000800711a       0x4a ./Drivers/STM32F1xx_HAL_Driver/Src/stm32f1xx_ll_usb.o
                0x000000000800711a                USB_SetDevAddress
 .text.USB_DevConnect
                0x0000000008007164       0x40 ./Drivers/STM32F1xx_HAL_Driver/Src/stm32f1xx_ll_usb.o
                0x0000000008007164                USB_DevConnect
 .text.USB_DevDisconnect
                0x00000000080071a4       0x40 ./Drivers/STM32F1xx_HAL_Driver/Src/stm32f1xx_ll_usb.o
                0x00000000080071a4                USB_DevDisconnect
 .text.USB_ReadInterrupts
                0x00000000080071e4       0x24 ./Drivers/STM32F1xx_HAL_Driver/Src/stm32f1xx_ll_usb.o
                0x00000000080071e4                USB_ReadInterrupts
 .text.USB_ReadDevAllOutEpInterrupt
                0x0000000008007208       0x32 ./Drivers/STM32F1xx_HAL_Driver/Src/stm32f1xx_ll_usb.o
                0x0000000008007208                USB_ReadDevAllOutEpInterrupt
 .text.USB_ReadDevAllInEpInterrupt
                0x000000000800723a       0x32 ./Drivers/STM32F1xx_HAL_Driver/Src/stm32f1xx_ll_usb.o
                0x000000000800723a                USB_ReadDevAllInEpInterrupt
 .text.USB_ReadDevOutEPInterrupt
                0x000000000800726c       0x3a ./Drivers/STM32F1xx_HAL_Driver/Src/stm32f1xx_ll_usb.o
                0x000000000800726c                USB_ReadDevOutEPInterrupt
 .text.USB_ReadDevInEPInterrupt
                0x00000000080072a6       0x5a ./Drivers/STM32F1xx_HAL_Driver/Src/stm32f1xx_ll_usb.o
                0x00000000080072a6                USB_ReadDevInEPInterrupt
 .text.USB_GetMode
                0x0000000008007300       0x1a ./Drivers/STM32F1xx_HAL_Driver/Src/stm32f1xx_ll_usb.o
                0x0000000008007300                USB_GetMode
 .text.USB_ActivateSetup
                0x000000000800731a       0x44 ./Drivers/STM32F1xx_HAL_Driver/Src/stm32f1xx_ll_usb.o
                0x000000000800731a                USB_ActivateSetup
 *fill*         0x000000000800735e        0x2 
 .text.USB_EP0_OutStart
                0x0000000008007360       0x90 ./Drivers/STM32F1xx_HAL_Driver/Src/stm32f1xx_ll_usb.o
                0x0000000008007360                USB_EP0_OutStart
 .text.USB_CoreReset
                0x00000000080073f0       0x64 ./Drivers/STM32F1xx_HAL_Driver/Src/stm32f1xx_ll_usb.o
 .text._Z13N2kHasElapsedmmm
                0x0000000008007454       0x2e ./Libs/NMEA2000/src/N2kDeviceList.o
                0x0000000008007454                N2kHasElapsed(unsigned long, unsigned long, unsigned long)
 .text._ZN9tNMEA200018tDeviceInformationC2Ev
                0x0000000008007482       0x22 ./Libs/NMEA2000/src/N2kDeviceList.o
                0x0000000008007482                tNMEA2000::tDeviceInformation::tDeviceInformation()
                0x0000000008007482                tNMEA2000::tDeviceInformation::tDeviceInformation()
 .text._ZNK9tNMEA200018tDeviceInformation15GetUniqueNumberEv
                0x00000000080074a4       0x1a ./Libs/NMEA2000/src/N2kDeviceList.o
                0x00000000080074a4                tNMEA2000::tDeviceInformation::GetUniqueNumber() const
 .text._ZNK9tNMEA200018tDeviceInformation19GetManufacturerCodeEv
                0x00000000080074be       0x1a ./Libs/NMEA2000/src/N2kDeviceList.o
                0x00000000080074be                tNMEA2000::tDeviceInformation::GetManufacturerCode() const
 .text._ZNK9tNMEA200018tDeviceInformation7GetNameEv
                0x00000000080074d8       0x1a ./Libs/NMEA2000/src/N2kDeviceList.o
                0x00000000080074d8                tNMEA2000::tDeviceInformation::GetName() const
 .text._ZN9tNMEA200011IsBroadcastEh
                0x00000000080074f2       0x20 ./Libs/NMEA2000/src/N2kGroupFunction.o
                0x00000000080074f2                tNMEA2000::IsBroadcast(unsigned char)
 *fill*         0x0000000008007512        0x2 
 .text._ZN24tN2kGroupFunctionHandlerC2EP9tNMEA2000m
                0x0000000008007514       0x44 ./Libs/NMEA2000/src/N2kGroupFunction.o
                0x0000000008007514                tN2kGroupFunctionHandler::tN2kGroupFunctionHandler(tNMEA2000*, unsigned long)
                0x0000000008007514                tN2kGroupFunctionHandler::tN2kGroupFunctionHandler(tNMEA2000*, unsigned long)
 .text._ZN24tN2kGroupFunctionHandler6HandleERK7tN2kMsg21tN2kGroupFunctionCodemi
                0x0000000008007558      0x27c ./Libs/NMEA2000/src/N2kGroupFunction.o
                0x0000000008007558                tN2kGroupFunctionHandler::Handle(tN2kMsg const&, tN2kGroupFunctionCode, unsigned long, int)
 .text._ZN24tN2kGroupFunctionHandler54GetRequestGroupFunctionTransmissionOrPriorityErrorCodeEmtbmmbt
                0x00000000080077d4       0x7e ./Libs/NMEA2000/src/N2kGroupFunction.o
                0x00000000080077d4                tN2kGroupFunctionHandler::GetRequestGroupFunctionTransmissionOrPriorityErrorCode(unsigned long, unsigned short, bool, unsigned long, unsigned long, bool, unsigned short)
 .text._ZN24tN2kGroupFunctionHandler13HandleRequestERK7tN2kMsgmthi
                0x0000000008007852       0xd0 ./Libs/NMEA2000/src/N2kGroupFunction.o
                0x0000000008007852                tN2kGroupFunctionHandler::HandleRequest(tN2kMsg const&, unsigned long, unsigned short, unsigned char, int)
 .text._ZN24tN2kGroupFunctionHandler13HandleCommandERK7tN2kMsghhi
                0x0000000008007922       0x92 ./Libs/NMEA2000/src/N2kGroupFunction.o
                0x0000000008007922                tN2kGroupFunctionHandler::HandleCommand(tN2kMsg const&, unsigned char, unsigned char, int)
 .text._ZN24tN2kGroupFunctionHandler17HandleAcknowledgeERK7tN2kMsg29tN2kGroupFunctionPGNErrorCode48tN2kGroupFunctionTransmissionOrPriorityErrorCodehi
                0x00000000080079b4       0x22 ./Libs/NMEA2000/src/N2kGroupFunction.o
                0x00000000080079b4                tN2kGroupFunctionHandler::HandleAcknowledge(tN2kMsg const&, tN2kGroupFunctionPGNErrorCode, tN2kGroupFunctionTransmissionOrPriorityErrorCode, unsigned char, int)
 .text._ZN24tN2kGroupFunctionHandler16HandleReadFieldsERK7tN2kMsgthhhhi
                0x00000000080079d6       0x76 ./Libs/NMEA2000/src/N2kGroupFunction.o
                0x00000000080079d6                tN2kGroupFunctionHandler::HandleReadFields(tN2kMsg const&, unsigned short, unsigned char, unsigned char, unsigned char, unsigned char, int)
 .text._ZN24tN2kGroupFunctionHandler21HandleReadFieldsReplyERK7tN2kMsgi
                0x0000000008007a4c       0x18 ./Libs/NMEA2000/src/N2kGroupFunction.o
                0x0000000008007a4c                tN2kGroupFunctionHandler::HandleReadFieldsReply(tN2kMsg const&, int)
 .text._ZN24tN2kGroupFunctionHandler17HandleWriteFieldsERK7tN2kMsgthhhhi
                0x0000000008007a64       0x76 ./Libs/NMEA2000/src/N2kGroupFunction.o
                0x0000000008007a64                tN2kGroupFunctionHandler::HandleWriteFields(tN2kMsg const&, unsigned short, unsigned char, unsigned char, unsigned char, unsigned char, int)
 .text._ZN24tN2kGroupFunctionHandler22HandleWriteFieldsReplyERK7tN2kMsgi
                0x0000000008007ada       0x18 ./Libs/NMEA2000/src/N2kGroupFunction.o
                0x0000000008007ada                tN2kGroupFunctionHandler::HandleWriteFieldsReply(tN2kMsg const&, int)
 .text._ZN24tN2kGroupFunctionHandler22GetPGNForGroupFunctionERK7tN2kMsg
                0x0000000008007af2       0x26 ./Libs/NMEA2000/src/N2kGroupFunction.o
                0x0000000008007af2                tN2kGroupFunctionHandler::GetPGNForGroupFunction(tN2kMsg const&)
 .text._ZN24tN2kGroupFunctionHandler5ParseERK7tN2kMsgR21tN2kGroupFunctionCodeRm
                0x0000000008007b18       0x3c ./Libs/NMEA2000/src/N2kGroupFunction.o
                0x0000000008007b18                tN2kGroupFunctionHandler::Parse(tN2kMsg const&, tN2kGroupFunctionCode&, unsigned long&)
 .text._ZN24tN2kGroupFunctionHandler18ParseRequestParamsERK7tN2kMsgRmRtRh
                0x0000000008007b54       0x70 ./Libs/NMEA2000/src/N2kGroupFunction.o
                0x0000000008007b54                tN2kGroupFunctionHandler::ParseRequestParams(tN2kMsg const&, unsigned long&, unsigned short&, unsigned char&)
 .text._ZN24tN2kGroupFunctionHandler31StartParseRequestPairParametersERK7tN2kMsgRi
                0x0000000008007bc4       0x30 ./Libs/NMEA2000/src/N2kGroupFunction.o
                0x0000000008007bc4                tN2kGroupFunctionHandler::StartParseRequestPairParameters(tN2kMsg const&, int&)
 .text._ZN24tN2kGroupFunctionHandler18ParseCommandParamsERK7tN2kMsgRhS3_
                0x0000000008007bf4       0x54 ./Libs/NMEA2000/src/N2kGroupFunction.o
                0x0000000008007bf4                tN2kGroupFunctionHandler::ParseCommandParams(tN2kMsg const&, unsigned char&, unsigned char&)
 .text._ZN24tN2kGroupFunctionHandler31StartParseCommandPairParametersERK7tN2kMsgRi
                0x0000000008007c48       0x30 ./Libs/NMEA2000/src/N2kGroupFunction.o
                0x0000000008007c48                tN2kGroupFunctionHandler::StartParseCommandPairParameters(tN2kMsg const&, int&)
 .text._ZN24tN2kGroupFunctionHandler22ParseAcknowledgeParamsERK7tN2kMsgR29tN2kGroupFunctionPGNErrorCodeR48tN2kGroupFunctionTransmissionOrPriorityErrorCodeRh
                0x0000000008007c78       0x68 ./Libs/NMEA2000/src/N2kGroupFunction.o
                0x0000000008007c78                tN2kGroupFunctionHandler::ParseAcknowledgeParams(tN2kMsg const&, tN2kGroupFunctionPGNErrorCode&, tN2kGroupFunctionTransmissionOrPriorityErrorCode&, unsigned char&)
 .text._ZN24tN2kGroupFunctionHandler22ParseReadOrWriteParamsERK7tN2kMsgRtRhS4_S4_S4_b
                0x0000000008007ce0       0xac ./Libs/NMEA2000/src/N2kGroupFunction.o
                0x0000000008007ce0                tN2kGroupFunctionHandler::ParseReadOrWriteParams(tN2kMsg const&, unsigned short&, unsigned char&, unsigned char&, unsigned char&, unsigned char&, bool)
 .text._ZN24tN2kGroupFunctionHandler19SetStartAcknowledgeER7tN2kMsghm29tN2kGroupFunctionPGNErrorCode48tN2kGroupFunctionTransmissionOrPriorityErrorCodeh
                0x0000000008007d8c       0x74 ./Libs/NMEA2000/src/N2kGroupFunction.o
                0x0000000008007d8c                tN2kGroupFunctionHandler::SetStartAcknowledge(tN2kMsg&, unsigned char, unsigned long, tN2kGroupFunctionPGNErrorCode, tN2kGroupFunctionTransmissionOrPriorityErrorCode, unsigned char)
 .text._ZN24tN2kGroupFunctionHandler23AddAcknowledgeParameterER7tN2kMsgh35tN2kGroupFunctionParameterErrorCode
                0x0000000008007e00       0x6c ./Libs/NMEA2000/src/N2kGroupFunction.o
                0x0000000008007e00                tN2kGroupFunctionHandler::AddAcknowledgeParameter(tN2kMsg&, unsigned char, tN2kGroupFunctionParameterErrorCode)
 .text._ZN24tN2kGroupFunctionHandler15SendAcknowledgeEP9tNMEA2000him29tN2kGroupFunctionPGNErrorCode48tN2kGroupFunctionTransmissionOrPriorityErrorCodeh35tN2kGroupFunctionParameterErrorCode
                0x0000000008007e6c       0xc8 ./Libs/NMEA2000/src/N2kGroupFunction.o
                0x0000000008007e6c                tN2kGroupFunctionHandler::SendAcknowledge(tNMEA2000*, unsigned char, int, unsigned long, tN2kGroupFunctionPGNErrorCode, tN2kGroupFunctionTransmissionOrPriorityErrorCode, unsigned char, tN2kGroupFunctionParameterErrorCode)
 .text._ZNK7tN2kMsg11IsTPMessageEv
                0x0000000008007f34       0x18 ./Libs/NMEA2000/src/N2kGroupFunctionDefaultHandlers.o
                0x0000000008007f34                tN2kMsg::IsTPMessage() const
 .text._ZN24tN2kGroupFunctionHandler17MatchRequestFieldEPKcS1_RbR35tN2kGroupFunctionParameterErrorCode
                0x0000000008007f4c       0x52 ./Libs/NMEA2000/src/N2kGroupFunctionDefaultHandlers.o
                0x0000000008007f4c                tN2kGroupFunctionHandler::MatchRequestField(char const*, char const*, bool&, tN2kGroupFunctionParameterErrorCode&)
 .text._ZNK9tNMEA200018tDeviceInformation22GetDeviceInstanceLowerEv
                0x0000000008007f9e       0x1c ./Libs/NMEA2000/src/N2kGroupFunctionDefaultHandlers.o
                0x0000000008007f9e                tNMEA2000::tDeviceInformation::GetDeviceInstanceLower() const
 .text._ZNK9tNMEA200018tDeviceInformation22GetDeviceInstanceUpperEv
                0x0000000008007fba       0x1a ./Libs/NMEA2000/src/N2kGroupFunctionDefaultHandlers.o
                0x0000000008007fba                tNMEA2000::tDeviceInformation::GetDeviceInstanceUpper() const
 .text._ZNK9tNMEA200018tDeviceInformation17GetDeviceFunctionEv
                0x0000000008007fd4       0x16 ./Libs/NMEA2000/src/N2kGroupFunctionDefaultHandlers.o
                0x0000000008007fd4                tNMEA2000::tDeviceInformation::GetDeviceFunction() const
 .text._ZNK9tNMEA200018tDeviceInformation14GetDeviceClassEv
                0x0000000008007fea       0x1a ./Libs/NMEA2000/src/N2kGroupFunctionDefaultHandlers.o
                0x0000000008007fea                tNMEA2000::tDeviceInformation::GetDeviceClass() const
 .text._ZNK9tNMEA200018tDeviceInformation16GetIndustryGroupEv
                0x0000000008008004       0x20 ./Libs/NMEA2000/src/N2kGroupFunctionDefaultHandlers.o
                0x0000000008008004                tNMEA2000::tDeviceInformation::GetIndustryGroup() const
 .text._ZNK9tNMEA200018tDeviceInformation17GetSystemInstanceEv
                0x0000000008008024       0x1c ./Libs/NMEA2000/src/N2kGroupFunctionDefaultHandlers.o
                0x0000000008008024                tNMEA2000::tDeviceInformation::GetSystemInstance() const
 .text._ZN9tNMEA200020GetDeviceInformationEi
                0x0000000008008040       0x46 ./Libs/NMEA2000/src/N2kGroupFunctionDefaultHandlers.o
                0x0000000008008040                tNMEA2000::GetDeviceInformation(int)
 *fill*         0x0000000008008086        0x2 
 .text._ZN35tN2kGroupFunctionHandlerForPGN6092813HandleRequestERK7tN2kMsgmthi
                0x0000000008008088      0x518 ./Libs/NMEA2000/src/N2kGroupFunctionDefaultHandlers.o
                0x0000000008008088                tN2kGroupFunctionHandlerForPGN60928::HandleRequest(tN2kMsg const&, unsigned long, unsigned short, unsigned char, int)
 .text._ZN35tN2kGroupFunctionHandlerForPGN6092813HandleCommandERK7tN2kMsghhi
                0x00000000080085a0      0x1d6 ./Libs/NMEA2000/src/N2kGroupFunctionDefaultHandlers.o
                0x00000000080085a0                tN2kGroupFunctionHandlerForPGN60928::HandleCommand(tN2kMsg const&, unsigned char, unsigned char, int)
 .text._ZN36tN2kGroupFunctionHandlerForPGN12646413HandleRequestERK7tN2kMsgmthi
                0x0000000008008776      0x324 ./Libs/NMEA2000/src/N2kGroupFunctionDefaultHandlers.o
                0x0000000008008776                tN2kGroupFunctionHandlerForPGN126464::HandleRequest(tN2kMsg const&, unsigned long, unsigned short, unsigned char, int)
 *fill*         0x0000000008008a9a        0x2 
 .text._ZN36tN2kGroupFunctionHandlerForPGN12699613HandleRequestERK7tN2kMsgmthi
                0x0000000008008a9c      0x67c ./Libs/NMEA2000/src/N2kGroupFunctionDefaultHandlers.o
                0x0000000008008a9c                tN2kGroupFunctionHandlerForPGN126996::HandleRequest(tN2kMsg const&, unsigned long, unsigned short, unsigned char, int)
 .text._ZN36tN2kGroupFunctionHandlerForPGN12699813HandleRequestERK7tN2kMsgmthi
                0x0000000008009118      0x3e0 ./Libs/NMEA2000/src/N2kGroupFunctionDefaultHandlers.o
                0x0000000008009118                tN2kGroupFunctionHandlerForPGN126998::HandleRequest(tN2kMsg const&, unsigned long, unsigned short, unsigned char, int)
 .text._ZN36tN2kGroupFunctionHandlerForPGN12699813HandleCommandERK7tN2kMsghhi
                0x00000000080094f8      0x1de ./Libs/NMEA2000/src/N2kGroupFunctionDefaultHandlers.o
                0x00000000080094f8                tN2kGroupFunctionHandlerForPGN126998::HandleCommand(tN2kMsg const&, unsigned char, unsigned char, int)
 .text._ZN36tN2kGroupFunctionHandlerForPGN12699313HandleRequestERK7tN2kMsgmthi
                0x00000000080096d6      0x142 ./Libs/NMEA2000/src/N2kGroupFunctionDefaultHandlers.o
                0x00000000080096d6                tN2kGroupFunctionHandlerForPGN126993::HandleRequest(tN2kMsg const&, unsigned long, unsigned short, unsigned char, int)
 .text._ZN24tN2kGroupFunctionHandler17MatchRequestFieldImEEvT_S1_S1_RbR35tN2kGroupFunctionParameterErrorCode
                0x0000000008009818       0x38 ./Libs/NMEA2000/src/N2kGroupFunctionDefaultHandlers.o
                0x0000000008009818                void tN2kGroupFunctionHandler::MatchRequestField<unsigned long>(unsigned long, unsigned long, unsigned long, bool&, tN2kGroupFunctionParameterErrorCode&)
 .text._ZN24tN2kGroupFunctionHandler17MatchRequestFieldItEEvT_S1_S1_RbR35tN2kGroupFunctionParameterErrorCode
                0x0000000008009850       0x46 ./Libs/NMEA2000/src/N2kGroupFunctionDefaultHandlers.o
                0x0000000008009850                void tN2kGroupFunctionHandler::MatchRequestField<unsigned short>(unsigned short, unsigned short, unsigned short, bool&, tN2kGroupFunctionParameterErrorCode&)
 .text._ZN24tN2kGroupFunctionHandler17MatchRequestFieldIhEEvT_S1_S1_RbR35tN2kGroupFunctionParameterErrorCode
                0x0000000008009896       0x46 ./Libs/NMEA2000/src/N2kGroupFunctionDefaultHandlers.o
                0x0000000008009896                void tN2kGroupFunctionHandler::MatchRequestField<unsigned char>(unsigned char, unsigned char, unsigned char, bool&, tN2kGroupFunctionParameterErrorCode&)
 *fill*         0x00000000080098dc        0x4 
 .text._Z15SetN2kPGN127506R7tN2kMsghh10tN2kDCTypehhddd
                0x00000000080098e0       0xe0 ./Libs/NMEA2000/src/N2kMessages.o
                0x00000000080098e0                SetN2kPGN127506(tN2kMsg&, unsigned char, unsigned char, tN2kDCType, unsigned char, unsigned char, double, double, double)
 .text._Z15SetN2kPGN127508R7tN2kMsghdddh
                0x00000000080099c0       0xb4 ./Libs/NMEA2000/src/N2kMessages.o
                0x00000000080099c0                SetN2kPGN127508(tN2kMsg&, unsigned char, double, double, double, unsigned char)
 *fill*         0x0000000008009a74        0x4 
 .text._Z15SetN2kPGN127513R7tN2kMsgh11tN2kBatType16tN2kBatEqSupport14tN2kBatNomVolt11tN2kBatChemdada
                0x0000000008009a78      0x14c ./Libs/NMEA2000/src/N2kMessages.o
                0x0000000008009a78                SetN2kPGN127513(tN2kMsg&, unsigned char, tN2kBatType, tN2kBatEqSupport, tN2kBatNomVolt, tN2kBatChem, double, signed char, double, signed char)
 .text._ZNK7tN2kMsg7IsValidEv
                0x0000000008009bc4       0x28 ./Libs/NMEA2000/src/N2kMsg.o
                0x0000000008009bc4                tN2kMsg::IsValid() const
 .text.round    0x0000000008009bec       0x6c ./Libs/NMEA2000/src/N2kMsg.o
                0x0000000008009bec                round
 .text._ZN7tN2kMsgC2Ehhmi
                0x0000000008009c58       0x64 ./Libs/NMEA2000/src/N2kMsg.o
                0x0000000008009c58                tN2kMsg::tN2kMsg(unsigned char, unsigned char, unsigned long, int)
                0x0000000008009c58                tN2kMsg::tN2kMsg(unsigned char, unsigned char, unsigned long, int)
 .text._ZN7tN2kMsg6SetPGNEm
                0x0000000008009cbc       0x36 ./Libs/NMEA2000/src/N2kMsg.o
                0x0000000008009cbc                tN2kMsg::SetPGN(unsigned long)
 .text._ZN7tN2kMsg4InitEhmhh
                0x0000000008009cf2       0x4a ./Libs/NMEA2000/src/N2kMsg.o
                0x0000000008009cf2                tN2kMsg::Init(unsigned char, unsigned long, unsigned char, unsigned char)
 .text._ZN7tN2kMsg9ResetDataEv
                0x0000000008009d3c       0x2a ./Libs/NMEA2000/src/N2kMsg.o
                0x0000000008009d3c                tN2kMsg::ResetData()
 .text._ZN7tN2kMsg5ClearEv
                0x0000000008009d66       0x26 ./Libs/NMEA2000/src/N2kMsg.o
                0x0000000008009d66                tN2kMsg::Clear()
 .text._ZN7tN2kMsg14Add2ByteDoubleEddd
                0x0000000008009d8c       0x54 ./Libs/NMEA2000/src/N2kMsg.o
                0x0000000008009d8c                tN2kMsg::Add2ByteDouble(double, double, double)
 .text._ZN7tN2kMsg15Add2ByteUDoubleEddd
                0x0000000008009de0       0x54 ./Libs/NMEA2000/src/N2kMsg.o
                0x0000000008009de0                tN2kMsg::Add2ByteUDouble(double, double, double)
 .text._ZN7tN2kMsg15Add1ByteUDoubleEddd
                0x0000000008009e34       0x48 ./Libs/NMEA2000/src/N2kMsg.o
                0x0000000008009e34                tN2kMsg::Add1ByteUDouble(double, double, double)
 .text._ZN7tN2kMsg11Add2ByteIntEs
                0x0000000008009e7c       0x2a ./Libs/NMEA2000/src/N2kMsg.o
                0x0000000008009e7c                tN2kMsg::Add2ByteInt(short)
 .text._ZN7tN2kMsg12Add2ByteUIntEt
                0x0000000008009ea6       0x28 ./Libs/NMEA2000/src/N2kMsg.o
                0x0000000008009ea6                tN2kMsg::Add2ByteUInt(unsigned short)
 .text._ZN7tN2kMsg11Add3ByteIntEl
                0x0000000008009ece       0x24 ./Libs/NMEA2000/src/N2kMsg.o
                0x0000000008009ece                tN2kMsg::Add3ByteInt(long)
 .text._ZN7tN2kMsg12Add4ByteUIntEm
                0x0000000008009ef2       0x24 ./Libs/NMEA2000/src/N2kMsg.o
                0x0000000008009ef2                tN2kMsg::Add4ByteUInt(unsigned long)
 .text._ZN7tN2kMsg9AddUInt64Ey
                0x0000000008009f16       0x26 ./Libs/NMEA2000/src/N2kMsg.o
                0x0000000008009f16                tN2kMsg::AddUInt64(unsigned long long)
 .text._ZN7tN2kMsg7AddByteEh
                0x0000000008009f3c       0x2c ./Libs/NMEA2000/src/N2kMsg.o
                0x0000000008009f3c                tN2kMsg::AddByte(unsigned char)
 .text._ZN7tN2kMsg6AddStrEPKcib
                0x0000000008009f68       0x34 ./Libs/NMEA2000/src/N2kMsg.o
                0x0000000008009f68                tN2kMsg::AddStr(char const*, int, bool)
 .text._ZNK7tN2kMsg7GetByteERi
                0x0000000008009f9c       0x34 ./Libs/NMEA2000/src/N2kMsg.o
                0x0000000008009f9c                tN2kMsg::GetByte(int&) const
 .text._ZNK7tN2kMsg12Get2ByteUIntERit
                0x0000000008009fd0       0x36 ./Libs/NMEA2000/src/N2kMsg.o
                0x0000000008009fd0                tN2kMsg::Get2ByteUInt(int&, unsigned short) const
 .text._ZNK7tN2kMsg12Get3ByteUIntERim
                0x000000000800a006       0x34 ./Libs/NMEA2000/src/N2kMsg.o
                0x000000000800a006                tN2kMsg::Get3ByteUInt(int&, unsigned long) const
 .text._ZNK7tN2kMsg12Get4ByteUIntERim
                0x000000000800a03a       0x34 ./Libs/NMEA2000/src/N2kMsg.o
                0x000000000800a03a                tN2kMsg::Get4ByteUInt(int&, unsigned long) const
 .text._ZNK7tN2kMsg9GetUInt64ERiy
                0x000000000800a06e       0x3c ./Libs/NMEA2000/src/N2kMsg.o
                0x000000000800a06e                tN2kMsg::GetUInt64(int&, unsigned long long) const
 .text._ZNK7tN2kMsg6GetStrEjPcjhRi
                0x000000000800a0aa      0x100 ./Libs/NMEA2000/src/N2kMsg.o
                0x000000000800a0aa                tN2kMsg::GetStr(unsigned int, char*, unsigned int, unsigned char, int&) const
 .text._ZNK7tN2kMsg9GetVarStrERjPcRi
                0x000000000800a1aa       0x76 ./Libs/NMEA2000/src/N2kMsg.o
                0x000000000800a1aa                tN2kMsg::GetVarStr(unsigned int&, char*, int&) const
 .text._Z15GetBuf2ByteUIntRiPKh
                0x000000000800a220       0x1e ./Libs/NMEA2000/src/N2kMsg.o
                0x000000000800a220                GetBuf2ByteUInt(int&, unsigned char const*)
 .text._Z15GetBuf3ByteUIntRiPKh
                0x000000000800a23e       0x1e ./Libs/NMEA2000/src/N2kMsg.o
                0x000000000800a23e                GetBuf3ByteUInt(int&, unsigned char const*)
 .text._Z15GetBuf4ByteUIntRiPKh
                0x000000000800a25c       0x1e ./Libs/NMEA2000/src/N2kMsg.o
                0x000000000800a25c                GetBuf4ByteUInt(int&, unsigned char const*)
 .text._Z15GetBuf8ByteUIntRiPKh
                0x000000000800a27a       0x22 ./Libs/NMEA2000/src/N2kMsg.o
                0x000000000800a27a                GetBuf8ByteUInt(int&, unsigned char const*)
 *fill*         0x000000000800a29c        0x4 
 .text._Z17SetBuf2ByteDoubleddRiPh
                0x000000000800a2a0       0x8c ./Libs/NMEA2000/src/N2kMsg.o
                0x000000000800a2a0                SetBuf2ByteDouble(double, double, int&, unsigned char*)
 *fill*         0x000000000800a32c        0x4 
 .text._Z18SetBuf2ByteUDoubleddRiPh
                0x000000000800a330       0x88 ./Libs/NMEA2000/src/N2kMsg.o
                0x000000000800a330                SetBuf2ByteUDouble(double, double, int&, unsigned char*)
 .text._Z18SetBuf1ByteUDoubleddRiPh
                0x000000000800a3b8       0x88 ./Libs/NMEA2000/src/N2kMsg.o
                0x000000000800a3b8                SetBuf1ByteUDouble(double, double, int&, unsigned char*)
 .text._Z14SetBuf2ByteIntsRiPh
                0x000000000800a440       0x24 ./Libs/NMEA2000/src/N2kMsg.o
                0x000000000800a440                SetBuf2ByteInt(short, int&, unsigned char*)
 .text._Z15SetBuf2ByteUInttRiPh
                0x000000000800a464       0x22 ./Libs/NMEA2000/src/N2kMsg.o
                0x000000000800a464                SetBuf2ByteUInt(unsigned short, int&, unsigned char*)
 .text._Z14SetBuf3ByteIntlRiPh
                0x000000000800a486       0x20 ./Libs/NMEA2000/src/N2kMsg.o
                0x000000000800a486                SetBuf3ByteInt(long, int&, unsigned char*)
 .text._Z15SetBuf4ByteUIntmRiPh
                0x000000000800a4a6       0x20 ./Libs/NMEA2000/src/N2kMsg.o
                0x000000000800a4a6                SetBuf4ByteUInt(unsigned long, int&, unsigned char*)
 .text._Z12SetBufUInt64yRiPh
                0x000000000800a4c6       0x26 ./Libs/NMEA2000/src/N2kMsg.o
                0x000000000800a4c6                SetBufUInt64(unsigned long long, int&, unsigned char*)
 .text._Z9SetBufStrPKciRiPhbh
                0x000000000800a4ec       0xc2 ./Libs/NMEA2000/src/N2kMsg.o
                0x000000000800a4ec                SetBufStr(char const*, int, int&, unsigned char*, bool, unsigned char)
 *fill*         0x000000000800a5ae        0x2 
 .text._Z8PrintBufP9N2kStreamhPKhb
                0x000000000800a5b0       0x70 ./Libs/NMEA2000/src/N2kMsg.o
                0x000000000800a5b0                PrintBuf(N2kStream*, unsigned char, unsigned char const*, bool)
 .text._ZNK7tN2kMsg5PrintEP9N2kStreamb
                0x000000000800a620      0x110 ./Libs/NMEA2000/src/N2kMsg.o
                0x000000000800a620                tN2kMsg::Print(N2kStream*, bool) const
 .text._Z19AddByteEscapedToBufhRhPhRi
                0x000000000800a730       0x58 ./Libs/NMEA2000/src/N2kMsg.o
                0x000000000800a730                AddByteEscapedToBuf(unsigned char, unsigned char&, unsigned char*, int&)
 .text._ZNK7tN2kMsg21SendInActisenseFormatEP9N2kStream
                0x000000000800a788      0x340 ./Libs/NMEA2000/src/N2kMsg.o
                0x000000000800a788                tN2kMsg::SendInActisenseFormat(N2kStream*) const
 .text._Z6SetBufIlEvT_jRiPh
                0x000000000800aac8       0x3c ./Libs/NMEA2000/src/N2kMsg.o
                0x000000000800aac8                void SetBuf<long>(long, unsigned int, int&, unsigned char*)
 .text._Z6SetBufImEvT_jRiPh
                0x000000000800ab04       0x3c ./Libs/NMEA2000/src/N2kMsg.o
                0x000000000800ab04                void SetBuf<unsigned long>(unsigned long, unsigned int, int&, unsigned char*)
 .text._Z6GetBufItET_jRiPKh
                0x000000000800ab40       0x40 ./Libs/NMEA2000/src/N2kMsg.o
                0x000000000800ab40                unsigned short GetBuf<unsigned short>(unsigned int, int&, unsigned char const*)
 .text._Z6GetBufImET_jRiPKh
                0x000000000800ab80       0x40 ./Libs/NMEA2000/src/N2kMsg.o
                0x000000000800ab80                unsigned long GetBuf<unsigned long>(unsigned int, int&, unsigned char const*)
 .text._Z6GetBufIyET_jRiPKh
                0x000000000800abc0       0x4c ./Libs/NMEA2000/src/N2kMsg.o
                0x000000000800abc0                unsigned long long GetBuf<unsigned long long>(unsigned int, int&, unsigned char const*)
 .text._Z6SetBufIsEvT_jRiPh
                0x000000000800ac0c       0x3e ./Libs/NMEA2000/src/N2kMsg.o
                0x000000000800ac0c                void SetBuf<short>(short, unsigned int, int&, unsigned char*)
 .text._Z6SetBufItEvT_jRiPh
                0x000000000800ac4a       0x3e ./Libs/NMEA2000/src/N2kMsg.o
                0x000000000800ac4a                void SetBuf<unsigned short>(unsigned short, unsigned int, int&, unsigned char*)
 .text._Z6SetBufIhEvT_jRiPh
                0x000000000800ac88       0x3e ./Libs/NMEA2000/src/N2kMsg.o
                0x000000000800ac88                void SetBuf<unsigned char>(unsigned char, unsigned int, int&, unsigned char*)
 .text._Z6SetBufIyEvT_jRiPh
                0x000000000800acc6       0x3c ./Libs/NMEA2000/src/N2kMsg.o
                0x000000000800acc6                void SetBuf<unsigned long long>(unsigned long long, unsigned int, int&, unsigned char*)
 .text._ZN9N2kStream5printEPKc
                0x000000000800ad02       0x38 ./Libs/NMEA2000/src/N2kStream.o
                0x000000000800ad02                N2kStream::print(char const*)
 *fill*         0x000000000800ad3a        0x2 
 .text._ZN9N2kStream5printEih
                0x000000000800ad3c       0x80 ./Libs/NMEA2000/src/N2kStream.o
                0x000000000800ad3c                N2kStream::print(int, unsigned char)
 .text._ZN9N2kStream7printlnEPKc
                0x000000000800adbc       0x2c ./Libs/NMEA2000/src/N2kStream.o
                0x000000000800adbc                N2kStream::println(char const*)
 .text._ZN9N2kStream7printlnEih
                0x000000000800ade8       0x34 ./Libs/NMEA2000/src/N2kStream.o
                0x000000000800ade8                N2kStream::println(int, unsigned char)
 .text._Z9N2kMillisv
                0x000000000800ae1c        0xe ./Libs/NMEA2000/src/N2kTimer.o
                0x000000000800ae1c                N2kMillis()
 *fill*         0x000000000800ae2a        0x2 
 .text._Z11N2kMillis64v
                0x000000000800ae2c       0x68 ./Libs/NMEA2000/src/N2kTimer.o
                0x000000000800ae2c                N2kMillis64()
 .text._ZN13tN2kScheduler3NowEv
                0x000000000800ae94       0x16 ./Libs/NMEA2000/src/N2kTimer.o
                0x000000000800ae94                tN2kScheduler::Now()
 .text._ZN7tN2kMsg14SetIsTPMessageEb
                0x000000000800aeaa       0x1e ./Libs/NMEA2000/src/NMEA2000.o
                0x000000000800aeaa                tN2kMsg::SetIsTPMessage(bool)
 .text._ZNK7tN2kMsg11ForceSourceEh
                0x000000000800aec8       0x1c ./Libs/NMEA2000/src/NMEA2000.o
                0x000000000800aec8                tN2kMsg::ForceSource(unsigned char) const
 .text._ZNK7tN2kMsg16CheckDestinationEv
                0x000000000800aee4       0x22 ./Libs/NMEA2000/src/NMEA2000.o
                0x000000000800aee4                tN2kMsg::CheckDestination() const
 .text._ZN10tN2kCANMsgC2Ev
                0x000000000800af06       0x5a ./Libs/NMEA2000/src/NMEA2000.o
                0x000000000800af06                tN2kCANMsg::tN2kCANMsg()
                0x000000000800af06                tN2kCANMsg::tN2kCANMsg()
 .text._ZN10tN2kCANMsg11FreeMessageEv
                0x000000000800af60       0x46 ./Libs/NMEA2000/src/NMEA2000.o
                0x000000000800af60                tN2kCANMsg::FreeMessage()
 .text._Z15N2kIsTimeBeforemm
                0x000000000800afa6       0x28 ./Libs/NMEA2000/src/NMEA2000.o
                0x000000000800afa6                N2kIsTimeBefore(unsigned long, unsigned long)
 .text._ZN17tN2kSyncScheduler18SetPeriodAndOffsetEmm
                0x000000000800afce       0x34 ./Libs/NMEA2000/src/NMEA2000.o
                0x000000000800afce                tN2kSyncScheduler::SetPeriodAndOffset(unsigned long, unsigned long)
 .text._ZNK17tN2kSyncScheduler9GetOffsetEv
                0x000000000800b002       0x16 ./Libs/NMEA2000/src/NMEA2000.o
                0x000000000800b002                tN2kSyncScheduler::GetOffset() const
 .text._ZNK17tN2kSyncScheduler9GetPeriodEv
                0x000000000800b018       0x16 ./Libs/NMEA2000/src/NMEA2000.o
                0x000000000800b018                tN2kSyncScheduler::GetPeriod() const
 *fill*         0x000000000800b02e        0x2 
 .text._ZN17tN2kSyncScheduler13SetSyncOffsetEv
                0x000000000800b030       0x1c ./Libs/NMEA2000/src/NMEA2000.o
                0x000000000800b030                tN2kSyncScheduler::SetSyncOffset()
 .text._ZN13tN2kSchedulerC2Em
                0x000000000800b04c       0x1c ./Libs/NMEA2000/src/NMEA2000.o
                0x000000000800b04c                tN2kScheduler::tN2kScheduler(unsigned long)
                0x000000000800b04c                tN2kScheduler::tN2kScheduler(unsigned long)
 .text._ZN13tN2kScheduler7DisableEv
                0x000000000800b068       0x1a ./Libs/NMEA2000/src/NMEA2000.o
                0x000000000800b068                tN2kScheduler::Disable()
 .text._ZNK13tN2kScheduler10IsDisabledEv
                0x000000000800b082       0x22 ./Libs/NMEA2000/src/NMEA2000.o
                0x000000000800b082                tN2kScheduler::IsDisabled() const
 .text._ZNK13tN2kScheduler9IsEnabledEv
                0x000000000800b0a4       0x22 ./Libs/NMEA2000/src/NMEA2000.o
                0x000000000800b0a4                tN2kScheduler::IsEnabled() const
 .text._ZNK13tN2kScheduler6IsTimeEv
                0x000000000800b0c6       0x3c ./Libs/NMEA2000/src/NMEA2000.o
                0x000000000800b0c6                tN2kScheduler::IsTime() const
 .text._ZN13tN2kScheduler7FromNowEm
                0x000000000800b102       0x32 ./Libs/NMEA2000/src/NMEA2000.o
                0x000000000800b102                tN2kScheduler::FromNow(unsigned long)
 .text._ZN9tNMEA200018tDeviceInformation15SetUniqueNumberEm
                0x000000000800b134       0x28 ./Libs/NMEA2000/src/NMEA2000.o
                0x000000000800b134                tNMEA2000::tDeviceInformation::SetUniqueNumber(unsigned long)
 .text._ZN9tNMEA200018tDeviceInformation19SetManufacturerCodeEt
                0x000000000800b15c       0x28 ./Libs/NMEA2000/src/NMEA2000.o
                0x000000000800b15c                tNMEA2000::tDeviceInformation::SetManufacturerCode(unsigned short)
 .text._ZN9tNMEA200018tDeviceInformation17SetDeviceInstanceEh
                0x000000000800b184       0x1c ./Libs/NMEA2000/src/NMEA2000.o
                0x000000000800b184                tNMEA2000::tDeviceInformation::SetDeviceInstance(unsigned char)
 .text._ZNK9tNMEA200018tDeviceInformation17GetDeviceInstanceEv
                0x000000000800b1a0       0x16 ./Libs/NMEA2000/src/NMEA2000.o
                0x000000000800b1a0                tNMEA2000::tDeviceInformation::GetDeviceInstance() const
 .text._ZN9tNMEA200018tDeviceInformation17SetDeviceFunctionEh
                0x000000000800b1b6       0x1c ./Libs/NMEA2000/src/NMEA2000.o
                0x000000000800b1b6                tNMEA2000::tDeviceInformation::SetDeviceFunction(unsigned char)
 .text._ZN9tNMEA200018tDeviceInformation14SetDeviceClassEh
                0x000000000800b1d2       0x20 ./Libs/NMEA2000/src/NMEA2000.o
                0x000000000800b1d2                tNMEA2000::tDeviceInformation::SetDeviceClass(unsigned char)
 .text._ZN9tNMEA200018tDeviceInformation16SetIndustryGroupEh
                0x000000000800b1f2       0x38 ./Libs/NMEA2000/src/NMEA2000.o
                0x000000000800b1f2                tNMEA2000::tDeviceInformation::SetIndustryGroup(unsigned char)
 .text._ZN9tNMEA200018tDeviceInformation17SetSystemInstanceEh
                0x000000000800b22a       0x30 ./Libs/NMEA2000/src/NMEA2000.o
                0x000000000800b22a                tNMEA2000::tDeviceInformation::SetSystemInstance(unsigned char)
 .text._ZNK9tNMEA200011tMsgHandler6GetPGNEv
                0x000000000800b25a       0x16 ./Libs/NMEA2000/src/NMEA2000.o
                0x000000000800b25a                tNMEA2000::tMsgHandler::GetPGN() const
 .text._ZN9tNMEA200015tInternalDeviceC2Ev
                0x000000000800b270       0xd8 ./Libs/NMEA2000/src/NMEA2000.o
                0x000000000800b270                tNMEA2000::tInternalDevice::tInternalDevice()
                0x000000000800b270                tNMEA2000::tInternalDevice::tInternalDevice()
 .text._ZN9tNMEA200015tInternalDevice25SetPendingIsoAddressClaimEm
                0x000000000800b348       0x26 ./Libs/NMEA2000/src/NMEA2000.o
                0x000000000800b348                tNMEA2000::tInternalDevice::SetPendingIsoAddressClaim(unsigned long)
 .text._ZN9tNMEA200015tInternalDevice27QueryPendingIsoAddressClaimEv
                0x000000000800b36e       0x1c ./Libs/NMEA2000/src/NMEA2000.o
                0x000000000800b36e                tNMEA2000::tInternalDevice::QueryPendingIsoAddressClaim()
 .text._ZN9tNMEA200015tInternalDevice27ClearPendingIsoAddressClaimEv
                0x000000000800b38a       0x20 ./Libs/NMEA2000/src/NMEA2000.o
                0x000000000800b38a                tNMEA2000::tInternalDevice::ClearPendingIsoAddressClaim()
 .text._ZN9tNMEA200015tInternalDevice28SetPendingProductInformationEv
                0x000000000800b3aa       0x30 ./Libs/NMEA2000/src/NMEA2000.o
                0x000000000800b3aa                tNMEA2000::tInternalDevice::SetPendingProductInformation()
 .text._ZN9tNMEA200015tInternalDevice30ClearPendingProductInformationEv
                0x000000000800b3da       0x20 ./Libs/NMEA2000/src/NMEA2000.o
                0x000000000800b3da                tNMEA2000::tInternalDevice::ClearPendingProductInformation()
 .text._ZN9tNMEA200015tInternalDevice30QueryPendingProductInformationEv
                0x000000000800b3fa       0x1c ./Libs/NMEA2000/src/NMEA2000.o
                0x000000000800b3fa                tNMEA2000::tInternalDevice::QueryPendingProductInformation()
 .text._ZN9tNMEA200015tInternalDevice34SetPendingConfigurationInformationEv
                0x000000000800b416       0x38 ./Libs/NMEA2000/src/NMEA2000.o
                0x000000000800b416                tNMEA2000::tInternalDevice::SetPendingConfigurationInformation()
 .text._ZN9tNMEA200015tInternalDevice36ClearPendingConfigurationInformationEv
                0x000000000800b44e       0x20 ./Libs/NMEA2000/src/NMEA2000.o
                0x000000000800b44e                tNMEA2000::tInternalDevice::ClearPendingConfigurationInformation()
 .text._ZN9tNMEA200015tInternalDevice36QueryPendingConfigurationInformationEv
                0x000000000800b46e       0x1c ./Libs/NMEA2000/src/NMEA2000.o
                0x000000000800b46e                tNMEA2000::tInternalDevice::QueryPendingConfigurationInformation()
 .text._ZN9tNMEA200015tInternalDevice27UpdateAddressClaimEndSourceEv
                0x000000000800b48a       0x42 ./Libs/NMEA2000/src/NMEA2000.o
                0x000000000800b48a                tNMEA2000::tInternalDevice::UpdateAddressClaimEndSource()
 .text._ZN9tNMEA200015tInternalDevice27UpdateHasPendingInformationEv
                0x000000000800b4cc       0x60 ./Libs/NMEA2000/src/NMEA2000.o
                0x000000000800b4cc                tNMEA2000::tInternalDevice::UpdateHasPendingInformation()
 .text._ZN9tNMEA200013IsInitializedEv
                0x000000000800b52c       0x20 ./Libs/NMEA2000/src/NMEA2000.o
                0x000000000800b52c                tNMEA2000::IsInitialized()
 .text._ZNK9tNMEA200014ForwardEnabledEv
                0x000000000800b54c       0x2c ./Libs/NMEA2000/src/NMEA2000.o
                0x000000000800b54c                tNMEA2000::ForwardEnabled() const
 .text._ZNK9tNMEA200021ForwardSystemMessagesEv
                0x000000000800b578       0x24 ./Libs/NMEA2000/src/NMEA2000.o
                0x000000000800b578                tNMEA2000::ForwardSystemMessages() const
 .text._ZNK9tNMEA200024ForwardOnlyKnownMessagesEv
                0x000000000800b59c       0x24 ./Libs/NMEA2000/src/NMEA2000.o
                0x000000000800b59c                tNMEA2000::ForwardOnlyKnownMessages() const
 .text._ZNK9tNMEA200018ForwardOwnMessagesEv
                0x000000000800b5c0       0x24 ./Libs/NMEA2000/src/NMEA2000.o
                0x000000000800b5c0                tNMEA2000::ForwardOwnMessages() const
 .text._ZNK9tNMEA200023HandleOnlyKnownMessagesEv
                0x000000000800b5e4       0x24 ./Libs/NMEA2000/src/NMEA2000.o
                0x000000000800b5e4                tNMEA2000::HandleOnlyKnownMessages() const
 .text._ZN9tNMEA200012IsActiveNodeEv
                0x000000000800b608       0x28 ./Libs/NMEA2000/src/NMEA2000.o
                0x000000000800b608                tNMEA2000::IsActiveNode()
 .text._ZNK9tNMEA200013IsValidDeviceEi
                0x000000000800b630       0x2a ./Libs/NMEA2000/src/NMEA2000.o
                0x000000000800b630                tNMEA2000::IsValidDevice(int) const
 .text._ZNK9tNMEA200013IsReadyToSendEv
                0x000000000800b65a       0x40 ./Libs/NMEA2000/src/NMEA2000.o
                0x000000000800b65a                tNMEA2000::IsReadyToSend() const
 .text._ZN9tNMEA200025SetN2kCANSendFrameBufSizeEt
                0x000000000800b69a       0x2e ./Libs/NMEA2000/src/NMEA2000.o
                0x000000000800b69a                tNMEA2000::SetN2kCANSendFrameBufSize(unsigned short)
 .text._ZN9tNMEA200028SetN2kCANReceiveFrameBufSizeEt
                0x000000000800b6c8       0x2e ./Libs/NMEA2000/src/NMEA2000.o
                0x000000000800b6c8                tNMEA2000::SetN2kCANReceiveFrameBufSize(unsigned short)
 .text._ZN9tNMEA200013EnableForwardEb
                0x000000000800b6f6       0x36 ./Libs/NMEA2000/src/NMEA2000.o
                0x000000000800b6f6                tNMEA2000::EnableForward(bool)
 .text._ZN9tNMEA200024SetForwardSystemMessagesEb
                0x000000000800b72c       0x36 ./Libs/NMEA2000/src/NMEA2000.o
                0x000000000800b72c                tNMEA2000::SetForwardSystemMessages(bool)
 .text._ZN9tNMEA200021SetForwardOwnMessagesEb
                0x000000000800b762       0x36 ./Libs/NMEA2000/src/NMEA2000.o
                0x000000000800b762                tNMEA2000::SetForwardOwnMessages(bool)
 .text._Z27SetN2kPGNISOAcknowledgementR7tN2kMsghhm
                0x000000000800b798       0x26 ./Libs/NMEA2000/src/NMEA2000.o
                0x000000000800b798                SetN2kPGNISOAcknowledgement(tN2kMsg&, unsigned char, unsigned char, unsigned long)
 .text._Z21SetN2kISOAddressClaimR7tN2kMsgy
                0x000000000800b7be       0x1e ./Libs/NMEA2000/src/NMEA2000.o
                0x000000000800b7be                SetN2kISOAddressClaim(tN2kMsg&, unsigned long long)
 .text._Z24SetN2kProductInformationR7tN2kMsgjjPKcS2_S2_S2_hh
                0x000000000800b7dc       0x3a ./Libs/NMEA2000/src/NMEA2000.o
                0x000000000800b7dc                SetN2kProductInformation(tN2kMsg&, unsigned int, unsigned int, char const*, char const*, char const*, char const*, unsigned char, unsigned char)
 .text._Z30SetN2kConfigurationInformationR7tN2kMsgPKcS2_S2_b
                0x000000000800b816       0x26 ./Libs/NMEA2000/src/NMEA2000.o
                0x000000000800b816                SetN2kConfigurationInformation(tN2kMsg&, char const*, char const*, char const*, bool)
 .text._Z21ParseN2kPGNISORequestRK7tN2kMsgRm
                0x000000000800b83c       0x1c ./Libs/NMEA2000/src/NMEA2000.o
                0x000000000800b83c                ParseN2kPGNISORequest(tN2kMsg const&, unsigned long&)
 .text._Z12SetHeartbeatR7tN2kMsgmh
                0x000000000800b858       0x22 ./Libs/NMEA2000/src/NMEA2000.o
                0x000000000800b858                SetHeartbeat(tN2kMsg&, unsigned long, unsigned char)
 *fill*         0x000000000800b87a        0x2 
 .text._ZN35tN2kGroupFunctionHandlerForPGN60928C2EP9tNMEA2000
                0x000000000800b87c       0x2c ./Libs/NMEA2000/src/NMEA2000.o
                0x000000000800b87c                tN2kGroupFunctionHandlerForPGN60928::tN2kGroupFunctionHandlerForPGN60928(tNMEA2000*)
                0x000000000800b87c                tN2kGroupFunctionHandlerForPGN60928::tN2kGroupFunctionHandlerForPGN60928(tNMEA2000*)
 .text._ZN36tN2kGroupFunctionHandlerForPGN126464C2EP9tNMEA2000
                0x000000000800b8a8       0x2c ./Libs/NMEA2000/src/NMEA2000.o
                0x000000000800b8a8                tN2kGroupFunctionHandlerForPGN126464::tN2kGroupFunctionHandlerForPGN126464(tNMEA2000*)
                0x000000000800b8a8                tN2kGroupFunctionHandlerForPGN126464::tN2kGroupFunctionHandlerForPGN126464(tNMEA2000*)
 .text._ZN36tN2kGroupFunctionHandlerForPGN126993C2EP9tNMEA2000
                0x000000000800b8d4       0x30 ./Libs/NMEA2000/src/NMEA2000.o
                0x000000000800b8d4                tN2kGroupFunctionHandlerForPGN126993::tN2kGroupFunctionHandlerForPGN126993(tNMEA2000*)
                0x000000000800b8d4                tN2kGroupFunctionHandlerForPGN126993::tN2kGroupFunctionHandlerForPGN126993(tNMEA2000*)
 .text._ZN36tN2kGroupFunctionHandlerForPGN126996C2EP9tNMEA2000
                0x000000000800b904       0x30 ./Libs/NMEA2000/src/NMEA2000.o
                0x000000000800b904                tN2kGroupFunctionHandlerForPGN126996::tN2kGroupFunctionHandlerForPGN126996(tNMEA2000*)
                0x000000000800b904                tN2kGroupFunctionHandlerForPGN126996::tN2kGroupFunctionHandlerForPGN126996(tNMEA2000*)
 .text._ZN36tN2kGroupFunctionHandlerForPGN126998C2EP9tNMEA2000
                0x000000000800b934       0x30 ./Libs/NMEA2000/src/NMEA2000.o
                0x000000000800b934                tN2kGroupFunctionHandlerForPGN126998::tN2kGroupFunctionHandlerForPGN126998(tNMEA2000*)
                0x000000000800b934                tN2kGroupFunctionHandlerForPGN126998::tN2kGroupFunctionHandlerForPGN126998(tNMEA2000*)
 .text._Z26IsSingleFrameSystemMessagem
                0x000000000800b964       0x58 ./Libs/NMEA2000/src/NMEA2000.o
                0x000000000800b964                IsSingleFrameSystemMessage(unsigned long)
 .text._Z25IsFastPacketSystemMessagem
                0x000000000800b9bc       0x30 ./Libs/NMEA2000/src/NMEA2000.o
                0x000000000800b9bc                IsFastPacketSystemMessage(unsigned long)
 .text._Z27IsDefaultSingleFrameMessagem
                0x000000000800b9ec      0x198 ./Libs/NMEA2000/src/NMEA2000.o
                0x000000000800b9ec                IsDefaultSingleFrameMessage(unsigned long)
 .text._Z28IsMandatoryFastPacketMessagem
                0x000000000800bb84       0x40 ./Libs/NMEA2000/src/NMEA2000.o
                0x000000000800bb84                IsMandatoryFastPacketMessage(unsigned long)
 .text._Z26IsDefaultFastPacketMessagem
                0x000000000800bbc4      0x2b8 ./Libs/NMEA2000/src/NMEA2000.o
                0x000000000800bbc4                IsDefaultFastPacketMessage(unsigned long)
 .text._Z30IsProprietaryFastPacketMessagem
                0x000000000800be7c       0x38 ./Libs/NMEA2000/src/NMEA2000.o
                0x000000000800be7c                IsProprietaryFastPacketMessage(unsigned long)
 .text._ZN9tNMEA200020IsProprietaryMessageEm
                0x000000000800beb4       0x3a ./Libs/NMEA2000/src/NMEA2000.o
                0x000000000800beb4                tNMEA2000::IsProprietaryMessage(unsigned long)
 .text._ZN9tNMEA200010SetCharBufEPKcjPc
                0x000000000800beee       0x8a ./Libs/NMEA2000/src/NMEA2000.o
                0x000000000800beee                tNMEA2000::SetCharBuf(char const*, unsigned int, char*)
 .text._ZN9tNMEA2000C2Ev
                0x000000000800bf78      0x120 ./Libs/NMEA2000/src/NMEA2000.o
                0x000000000800bf78                tNMEA2000::tNMEA2000()
                0x000000000800bf78                tNMEA2000::tNMEA2000()
 .text._ZN9tNMEA200011InitDevicesEv
                0x000000000800c098       0xec ./Libs/NMEA2000/src/NMEA2000.o
                0x000000000800c098                tNMEA2000::InitDevices()
 .text._ZN9tNMEA200021SetProductInformationEPKNS_19tProductInformationEi
                0x000000000800c184       0xac ./Libs/NMEA2000/src/NMEA2000.o
                0x000000000800c184                tNMEA2000::SetProductInformation(tNMEA2000::tProductInformation const*, int)
 .text._ZN9tNMEA200027SetConfigurationInformationEPKcS1_S1_
                0x000000000800c230       0xf4 ./Libs/NMEA2000/src/NMEA2000.o
                0x000000000800c230                tNMEA2000::SetConfigurationInformation(char const*, char const*, char const*)
 .text._ZN9tNMEA200034SetProgmemConfigurationInformationEPKcS1_S1_
                0x000000000800c324       0x40 ./Libs/NMEA2000/src/NMEA2000.o
                0x000000000800c324                tNMEA2000::SetProgmemConfigurationInformation(char const*, char const*, char const*)
 .text._ZN9tNMEA200023GetFastPacketTxPGNCountEi
                0x000000000800c364       0xd0 ./Libs/NMEA2000/src/NMEA2000.o
                0x000000000800c364                tNMEA2000::GetFastPacketTxPGNCount(int)